当前日期: 2020/05/12 周二
当前时间: 17:15:27.06
主机名:           LAPTOP-MHITGFCH
OS 名称:          Microsoft Windows 10 家庭中文版
OS 版本:          10.0.18362 暂缺 Build 18362
OS 制造商:        Microsoft Corporation
OS 配置:          独立工作站
OS 构件类型:      Multiprocessor Free
注册的所有人:     Windows 用户
注册的组织:
产品 ID:          00342-30262-00002-AAOEM
初始安装日期:     2019/10/26, 0:49:30
系统启动时间:     2020/5/12, 10:00:07
系统制造商:       LENOVO
系统型号:         80WW
系统类型:         x64-based PC
处理器:           安装了 1 个处理器。
                  [01]: Intel64 Family 6 Model 158 Stepping 9 GenuineIntel ~1900 Mhz
BIOS 版本:        LENOVO 4KCN43WW, 2018/4/12
Windows 目录:     C:\WINDOWS
系统目录:         C:\WINDOWS\system32
启动设备:         \Device\HarddiskVolume5
系统区域设置:     zh-cn;中文(中国)
输入法区域设置:   zh-cn;中文(中国)
时区:             (UTC+08:00) 北京，重庆，香港特别行政区，乌鲁木齐
物理内存总量:     16,276 MB
可用的物理内存:   9,911 MB
虚拟内存: 最大值: 18,836 MB
虚拟内存: 可用:   11,031 MB
虚拟内存: 使用中: 7,805 MB
页面文件位置:     C:\pagefile.sys
域:               WORKGROUP
登录服务器:       \\LAPTOP-MHITGFCH
修补程序:         安装了 11 个修补程序。
                  [01]: KB4534132
                  [02]: KB4516115
                  [03]: KB4521863
                  [04]: KB4524569
                  [05]: KB4525419
                  [06]: KB4528759
                  [07]: KB4537759
                  [08]: KB4538674
                  [09]: KB4541338
                  [10]: KB4552152
                  [11]: KB4549951
网卡:             安装了 6 个 NIC。
                  [01]: VMware Virtual Ethernet Adapter for VMnet1
                      连接名:      VMware Network Adapter VMnet1
                      启用 DHCP:   是
                      DHCP 服务器: 192.168.207.254
                      IP 地址
                        [01]: 192.168.207.1
                        [02]: fe80::1985:e363:3fd9:f077
                  [02]: VMware Virtual Ethernet Adapter for VMnet8
                      连接名:      VMware Network Adapter VMnet8
                      启用 DHCP:   是
                      DHCP 服务器: 192.168.52.254
                      IP 地址
                        [01]: 192.168.52.1
                        [02]: fe80::69b3:67cb:a92c:c56a
                  [03]: Sangfor SSL VPN CS Support System VNIC
                      连接名:      以太网 2
                      状态:        媒体连接已中断
                  [04]: Realtek 8821AE Wireless LAN 802.11ac PCI-E NIC
                      连接名:      WLAN
                      启用 DHCP:   是
                      DHCP 服务器: 192.168.0.1
                      IP 地址
                        [01]: 192.168.0.103
                        [02]: fe80::44da:f36b:b0e7:3e49
                  [05]: Bluetooth Device (Personal Area Network)
                      连接名:      蓝牙网络连接
                      状态:        媒体连接已中断
                  [06]: Realtek PCIe GbE Family Controller
                      连接名:      以太网
                      状态:        媒体连接已中断
Hyper-V 要求:     虚拟机监视器模式扩展: 是
                  固件中已启用虚拟化: 是
                  二级地址转换: 是
                  数据执行保护可用: 是
 DiskExt v1.2 - Disk extent dumper
Copyright (C) 2001-2016 Mark Russinovich
Sysinternals - www.sysinternals.com

Volume: \\?\Volume{17c26b19-d137-483c-89f6-e8b27ab79aa8}\
   Mounted at: E:\
   Extent [1]:
       Disk:   0
       Offset: 135266304
       Length: 367001600000
Volume: \\?\Volume{8aa4abb4-7253-4810-907c-349bcf838209}\
   Mounted at: F:\
   Extent [1]:
       Disk:   0
       Offset: 367136866304
       Length: 314571751424
Volume: \\?\Volume{e3891216-e4b5-4919-9b6f-02c3845238dd}\
   Mounted at: G:\
   Extent [1]:
       Disk:   0
       Offset: 681709666304
       Length: 318493425664
Volume: \\?\Volume{ea8246c4-a565-47b9-89b6-4cfb9baac54f}\
   Mounted at: C:\
   Extent [1]:
       Disk:   1
       Offset: 290455552
       Length: 64424509440
Volume: \\?\Volume{8496c87c-08ad-4586-9fe1-88c8ea39f816}\
   Mounted at: D:\
   Extent [1]:
       Disk:   1
       Offset: 64714964992
       Length: 62270734336
Volume: \\?\Volume{ec327c67-36d4-4e21-8189-1e7b7d201036}\
   Mounted at: <unmounted>
   Extent [1]:
       Disk:   1
       Offset: 126986747904
       Length: 1048576000
Volume: \\?\Volume{55d03dc9-d72c-4cd6-93b1-04904a06219b}\
   Mounted at: <unmounted>
   Extent [1]:
       Disk:   1
       Offset: 1048576
       Length: 272629760
 Sysinternals Autoruns v13.96 - Autostart program viewer
Copyright (C) 2002-2019 Mark Russinovich
Sysinternals - www.sysinternals.com


HKLM\System\CurrentControlSet\Control\Terminal Server\Wds\rdpwd\StartupPrograms
   rdpclip
     rdpclip
     RDP 剪贴板监视程序
     Microsoft Corporation
     10.0.18362.752
     c:\windows\system32\rdpclip.exe
     1921/12/1 20:34

HKLM\SOFTWARE\Microsoft\Windows NT\CurrentVersion\Winlogon\Userinit
   C:\Windows\system32\userinit.exe
     C:\Windows\system32\userinit.exe
     Userinit 登录应用程序
     Microsoft Corporation
     10.0.18362.1
     c:\windows\system32\userinit.exe
     1940/8/17 19:07

HKLM\SOFTWARE\Microsoft\Windows NT\CurrentVersion\Winlogon\VmApplet
   SystemPropertiesPerformance.exe
     SystemPropertiesPerformance.exe
     更改计算机性能设置
     Microsoft Corporation
     10.0.18362.1
     c:\windows\system32\systempropertiesperformance.exe
     1969/7/2 16:26

HKLM\SOFTWARE\Microsoft\Windows NT\CurrentVersion\Winlogon\Shell
   explorer.exe
     explorer.exe
     Windows 资源管理器
     Microsoft Corporation
     10.0.18362.693
     c:\windows\explorer.exe
     2017/1/16 8:53

HKLM\SYSTEM\CurrentControlSet\Control\SafeBoot\AlternateShell
   cmd.exe
     cmd.exe
     Windows 命令处理程序
     Microsoft Corporation
     10.0.18362.449
     c:\windows\system32\cmd.exe
     1914/12/28 14:19

HKLM\SOFTWARE\Microsoft\Windows\CurrentVersion\Run
   SecurityHealth
     %windir%\system32\SecurityHealthSystray.exe
     Windows Security notification icon
     Microsoft Corporation
     10.0.18362.628
     c:\windows\system32\securityhealthsystray.exe
     2032/12/4 8:10
   RTHDVCPL
     "C:\Program Files\Realtek\Audio\HDA\RAVCpl64.exe" -s
     Realtek高清晰音频管理器
     Realtek Semiconductor
     1.0.0.1128
     c:\program files\realtek\audio\hda\ravcpl64.exe
     2018/9/28 15:10
   RtHDVBg_Dolby
     "C:\Program Files\Realtek\Audio\HDA\RAVBg64.exe" /FORPCEE4
     HD Audio Background Process
     Realtek Semiconductor
     1.0.0.295
     c:\program files\realtek\audio\hda\ravbg64.exe
     2018/10/12 15:32
   RtHDVBg_LENOVO_DOLBYDRAGON
     "C:\Program Files\Realtek\Audio\HDA\RAVBg64.exe" /LENOVO_DOLBYDRAGON
     HD Audio Background Process
     Realtek Semiconductor
     1.0.0.295
     c:\program files\realtek\audio\hda\ravbg64.exe
     2018/10/12 15:32
   DAX2_APP
     C:\Program Files\Dolby\Dolby DAX2\DAX2_APP\DolbyDAX2TrayIcon.exe -Hide
     0.7.2.62
     c:\program files\dolby\dolby dax2\dax2_app\dolbydax2trayicon.exe
     2016/6/24 16:30

HKLM\SOFTWARE\Wow6432Node\Microsoft\Windows\CurrentVersion\Run
   360Safetray
     "F:\360Safe\safemon\360tray.exe" /start
     360安全卫士 安全防护中心模块
     360.cn
     12.0.0.1221
     f:\360safe\safemon\360tray.exe
     2020/4/9 19:30
   vmware-tray.exe
     "G:\vmware-tray.exe"
     VMware Tray Process
     VMware, Inc.
     14.0.0.24051
     g:\vmware-tray.exe
     2017/9/18 21:33
   SunloginClient
     "E:\SunloginClient\SunloginClient.exe" --cmd=autorun
     向日葵客户端
     上海贝锐信息科技股份有限公司
     10.2.2.24908
     e:\sunloginclient\sunloginclient.exe
     2019/11/19 15:37

HKLM\SOFTWARE\Microsoft\Active Setup\Installed Components
   Microsoft Windows Media Player
     %SystemRoot%\system32\unregmp2.exe /ShowWMP
     Microsoft Windows Media Player 安装实用程序
     Microsoft Corporation
     12.0.18362.1
     c:\windows\system32\unregmp2.exe
     1905/1/19 16:25
   Themes Setup
     themeui.dll
     Windows 主题 API
     Microsoft Corporation
     10.0.18362.1
     c:\windows\system32\themeui.dll
     2004/6/4 0:28
   Microsoft Windows Media Player
     %SystemRoot%\system32\unregmp2.exe /FirstLogon
     Microsoft Windows Media Player 安装实用程序
     Microsoft Corporation
     12.0.18362.1
     c:\windows\system32\unregmp2.exe
     1905/1/19 16:25
   Windows Desktop Update
     shell32.dll
     Windows Shell 公用 DLL
     Microsoft Corporation
     10.0.18362.719
     c:\windows\system32\shell32.dll
     2021/3/19 19:01
   Web Platform Customizations
     C:\Windows\System32\ie4uinit.exe -UserConfig
     IE 每用户初始化工具
     Microsoft Corporation
     11.0.18362.628
     c:\windows\system32\ie4uinit.exe
     1912/12/24 7:59
   n/a
     C:\Windows\System32\Rundll32.exe C:\Windows\System32\mscories.dll,Install
     Microsoft .NET IE SECURITY REGISTRATION
     Microsoft Corporation
     2.0.50727.9136
     c:\windows\system32\mscories.dll
     2019/3/4 20:54

HKLM\SOFTWARE\Wow6432Node\Microsoft\Active Setup\Installed Components
   Microsoft Windows Media Player
     %SystemRoot%\system32\unregmp2.exe /ShowWMP
     Microsoft Windows Media Player Setup Utility
     Microsoft Corporation
     12.0.18362.1
     c:\windows\syswow64\unregmp2.exe
     1982/6/14 6:30
   Microsoft Windows Media Player
     %SystemRoot%\system32\unregmp2.exe /FirstLogon
     Microsoft Windows Media Player Setup Utility
     Microsoft Corporation
     12.0.18362.1
     c:\windows\syswow64\unregmp2.exe
     1982/6/14 6:30
   n/a
     C:\Windows\SysWOW64\Rundll32.exe C:\Windows\SysWOW64\mscories.dll,Install
     Microsoft .NET IE SECURITY REGISTRATION
     Microsoft Corporation
     2.0.50727.9136
     c:\windows\syswow64\mscories.dll
     2019/3/5 2:12

HKLM\Software\Microsoft\Windows NT\CurrentVersion\Windows\IconServiceLib
   IconCodecService.dll
     IconCodecService.dll
     Converts a PNG part of the icon to a legacy bmp icon
     Microsoft Corporation
     10.0.18362.1
     c:\windows\system32\iconcodecservice.dll
     1943/11/28 10:47

HKCU\SOFTWARE\Microsoft\Windows\CurrentVersion\Run
   ctfmon
     C:\WINDOWS\system32\ctfmon.exe
     CTF 加载程序
     Microsoft Corporation
     10.0.18362.1
     c:\windows\system32\ctfmon.exe
     2012/12/25 15:01
   Steam
     "E:\pubg\steam.exe" -silent
     Steam Client Bootstrapper
     Valve Corporation
     5.83.4.58
     e:\pubg\steam.exe
     2020/4/28 5:57

HKCU\SOFTWARE\Microsoft\Windows\CurrentVersion\Run
   ctfmon
     C:\WINDOWS\system32\ctfmon.exe
     CTF 加载程序
     Microsoft Corporation
     10.0.18362.1
     c:\windows\system32\ctfmon.exe
     2012/12/25 15:01
   Steam
     "E:\pubg\steam.exe" -silent
     Steam Client Bootstrapper
     Valve Corporation
     5.83.4.58
     e:\pubg\steam.exe
     2020/4/28 5:57
     \\LAPTOP-MHITGFCH 的用户帐户

-------------------------------------------------------------------------------
Administrator            DefaultAccount           Guest
lenovo                   WDAGUtilityAccount
命令成功完成。
Windows IP 配置


以太网适配器 以太网:

   媒体状态  . . . . . . . . . . . . : 媒体已断开连接
   连接特定的 DNS 后缀 . . . . . . . :

以太网适配器 以太网 2:

   媒体状态  . . . . . . . . . . . . : 媒体已断开连接
   连接特定的 DNS 后缀 . . . . . . . :

无线局域网适配器 本地连接* 1:

   媒体状态  . . . . . . . . . . . . : 媒体已断开连接
   连接特定的 DNS 后缀 . . . . . . . :

无线局域网适配器 本地连接* 2:

   媒体状态  . . . . . . . . . . . . : 媒体已断开连接
   连接特定的 DNS 后缀 . . . . . . . :

以太网适配器 VMware Network Adapter VMnet1:

   连接特定的 DNS 后缀 . . . . . . . :
   本地链接 IPv6 地址. . . . . . . . : fe80::1985:e363:3fd9:f077%22
   IPv4 地址 . . . . . . . . . . . . : 192.168.207.1
   子网掩码  . . . . . . . . . . . . : 255.255.255.0
   默认网关. . . . . . . . . . . . . :

以太网适配器 VMware Network Adapter VMnet8:

   连接特定的 DNS 后缀 . . . . . . . :
   本地链接 IPv6 地址. . . . . . . . : fe80::69b3:67cb:a92c:c56a%15
   IPv4 地址 . . . . . . . . . . . . : 192.168.52.1
   子网掩码  . . . . . . . . . . . . : 255.255.255.0
   默认网关. . . . . . . . . . . . . :

无线局域网适配器 WLAN:

   连接特定的 DNS 后缀 . . . . . . . :
   本地链接 IPv6 地址. . . . . . . . : fe80::44da:f36b:b0e7:3e49%8
   IPv4 地址 . . . . . . . . . . . . : 192.168.0.103
   子网掩码  . . . . . . . . . . . . : 255.255.255.0
   默认网关. . . . . . . . . . . . . : 192.168.0.1

以太网适配器 蓝牙网络连接:

   媒体状态  . . . . . . . . . . . . : 媒体已断开连接
   连接特定的 DNS 后缀 . . . . . . . :

G:\SEU\19-20-3\入侵检测与数字取证\SysinternalsSuite>ipconfig /all

Windows IP 配置

   主机名  . . . . . . . . . . . . . : LAPTOP-MHITGFCH
   主 DNS 后缀 . . . . . . . . . . . :
   节点类型  . . . . . . . . . . . . : 混合
   IP 路由已启用 . . . . . . . . . . : 否
   WINS 代理已启用 . . . . . . . . . : 否

以太网适配器 以太网:

   媒体状态  . . . . . . . . . . . . : 媒体已断开连接
   连接特定的 DNS 后缀 . . . . . . . :
   描述. . . . . . . . . . . . . . . : Realtek PCIe GbE Family Controller
   物理地址. . . . . . . . . . . . . : 54-E1-AD-72-CE-A4
   DHCP 已启用 . . . . . . . . . . . : 是
   自动配置已启用. . . . . . . . . . : 是

以太网适配器 以太网 2:

   媒体状态  . . . . . . . . . . . . : 媒体已断开连接
   连接特定的 DNS 后缀 . . . . . . . :
   描述. . . . . . . . . . . . . . . : Sangfor SSL VPN CS Support System VNIC
   物理地址. . . . . . . . . . . . . : 00-FF-CB-25-20-F3
   DHCP 已启用 . . . . . . . . . . . : 是
   自动配置已启用. . . . . . . . . . : 是

无线局域网适配器 本地连接* 1:

   媒体状态  . . . . . . . . . . . . : 媒体已断开连接
   连接特定的 DNS 后缀 . . . . . . . :
   描述. . . . . . . . . . . . . . . : Microsoft Wi-Fi Direct Virtual Adapter
   物理地址. . . . . . . . . . . . . : 60-14-B3-74-B1-79
   DHCP 已启用 . . . . . . . . . . . : 是
   自动配置已启用. . . . . . . . . . : 是

无线局域网适配器 本地连接* 2:

   媒体状态  . . . . . . . . . . . . : 媒体已断开连接
   连接特定的 DNS 后缀 . . . . . . . :
   描述. . . . . . . . . . . . . . . : Microsoft Wi-Fi Direct Virtual Adapter #2
   物理地址. . . . . . . . . . . . . : 62-14-B3-74-B1-79
   DHCP 已启用 . . . . . . . . . . . : 是
   自动配置已启用. . . . . . . . . . : 是

以太网适配器 VMware Network Adapter VMnet1:

   连接特定的 DNS 后缀 . . . . . . . :
   描述. . . . . . . . . . . . . . . : VMware Virtual Ethernet Adapter for VMnet1
   物理地址. . . . . . . . . . . . . : 00-50-56-C0-00-01
   DHCP 已启用 . . . . . . . . . . . : 是
   自动配置已启用. . . . . . . . . . : 是
   本地链接 IPv6 地址. . . . . . . . : fe80::1985:e363:3fd9:f077%22(首选)
   IPv4 地址 . . . . . . . . . . . . : 192.168.207.1(首选)
   子网掩码  . . . . . . . . . . . . : 255.255.255.0
   获得租约的时间  . . . . . . . . . : 2020年5月12日 16:37:07
   租约过期的时间  . . . . . . . . . : 2020年5月12日 17:37:07
   默认网关. . . . . . . . . . . . . :
   DHCP 服务器 . . . . . . . . . . . : 192.168.207.254
   DHCPv6 IAID . . . . . . . . . . . : 134238294
   DHCPv6 客户端 DUID  . . . . . . . : 00-01-00-01-21-2E-F0-AF-54-E1-AD-72-CE-A4
   DNS 服务器  . . . . . . . . . . . : fec0:0:0:ffff::1%1
                                       fec0:0:0:ffff::2%1
                                       fec0:0:0:ffff::3%1
   TCPIP 上的 NetBIOS  . . . . . . . : 已启用

以太网适配器 VMware Network Adapter VMnet8:

   连接特定的 DNS 后缀 . . . . . . . :
   描述. . . . . . . . . . . . . . . : VMware Virtual Ethernet Adapter for VMnet8
   物理地址. . . . . . . . . . . . . : 00-50-56-C0-00-08
   DHCP 已启用 . . . . . . . . . . . : 是
   自动配置已启用. . . . . . . . . . : 是
   本地链接 IPv6 地址. . . . . . . . : fe80::69b3:67cb:a92c:c56a%15(首选)
   IPv4 地址 . . . . . . . . . . . . : 192.168.52.1(首选)
   子网掩码  . . . . . . . . . . . . : 255.255.255.0
   获得租约的时间  . . . . . . . . . : 2020年5月12日 16:37:07
   租约过期的时间  . . . . . . . . . : 2020年5月12日 17:37:06
   默认网关. . . . . . . . . . . . . :
   DHCP 服务器 . . . . . . . . . . . : 192.168.52.254
   DHCPv6 IAID . . . . . . . . . . . : 335564886
   DHCPv6 客户端 DUID  . . . . . . . : 00-01-00-01-21-2E-F0-AF-54-E1-AD-72-CE-A4
   DNS 服务器  . . . . . . . . . . . : fec0:0:0:ffff::1%1
                                       fec0:0:0:ffff::2%1
                                       fec0:0:0:ffff::3%1
   主 WINS 服务器  . . . . . . . . . : 192.168.52.2
   TCPIP 上的 NetBIOS  . . . . . . . : 已启用

无线局域网适配器 WLAN:

   连接特定的 DNS 后缀 . . . . . . . :
   描述. . . . . . . . . . . . . . . : Realtek 8821AE Wireless LAN 802.11ac PCI-E NIC
   物理地址. . . . . . . . . . . . . : 60-14-B3-74-B1-79
   DHCP 已启用 . . . . . . . . . . . : 是
   自动配置已启用. . . . . . . . . . : 是
   本地链接 IPv6 地址. . . . . . . . : fe80::44da:f36b:b0e7:3e49%8(首选)
   IPv4 地址 . . . . . . . . . . . . : 192.168.0.103(首选)
   子网掩码  . . . . . . . . . . . . : 255.255.255.0
   获得租约的时间  . . . . . . . . . : 2020年5月12日 10:01:01
   租约过期的时间  . . . . . . . . . : 2020年5月12日 18:37:27
   默认网关. . . . . . . . . . . . . : 192.168.0.1
   DHCP 服务器 . . . . . . . . . . . : 192.168.0.1
   DHCPv6 IAID . . . . . . . . . . . : 56628403
   DHCPv6 客户端 DUID  . . . . . . . : 00-01-00-01-21-2E-F0-AF-54-E1-AD-72-CE-A4
   DNS 服务器  . . . . . . . . . . . : 218.2.2.2
                                       218.4.4.4
   TCPIP 上的 NetBIOS  . . . . . . . : 已启用

以太网适配器 蓝牙网络连接:

   媒体状态  . . . . . . . . . . . . : 媒体已断开连接
   连接特定的 DNS 后缀 . . . . . . . :
   描述. . . . . . . . . . . . . . . : Bluetooth Device (Personal Area Network)
   物理地址. . . . . . . . . . . . . : 60-14-B3-74-B1-7A
   DHCP 已启用 . . . . . . . . . . . : 是
   自动配置已启用. . . . . . . . . . : 是
   ===========================================================================
接口列表
 18...54 e1 ad 72 ce a4 ......Realtek PCIe GbE Family Controller
 20...00 ff cb 25 20 f3 ......Sangfor SSL VPN CS Support System VNIC
  5...60 14 b3 74 b1 79 ......Microsoft Wi-Fi Direct Virtual Adapter
 10...62 14 b3 74 b1 79 ......Microsoft Wi-Fi Direct Virtual Adapter #2
 22...00 50 56 c0 00 01 ......VMware Virtual Ethernet Adapter for VMnet1
 15...00 50 56 c0 00 08 ......VMware Virtual Ethernet Adapter for VMnet8
  8...60 14 b3 74 b1 79 ......Realtek 8821AE Wireless LAN 802.11ac PCI-E NIC
 21...60 14 b3 74 b1 7a ......Bluetooth Device (Personal Area Network)
  1...........................Software Loopback Interface 1
===========================================================================

IPv4 路由表
===========================================================================
活动路由:
网络目标        网络掩码          网关       接口   跃点数
          0.0.0.0          0.0.0.0      192.168.0.1    192.168.0.103     40
        127.0.0.0        255.0.0.0            在链路上         127.0.0.1    331
        127.0.0.1  255.255.255.255            在链路上         127.0.0.1    331
  127.255.255.255  255.255.255.255            在链路上         127.0.0.1    331
      192.168.0.0    255.255.255.0            在链路上     192.168.0.103    296
    192.168.0.103  255.255.255.255            在链路上     192.168.0.103    296
    192.168.0.255  255.255.255.255            在链路上     192.168.0.103    296
     192.168.52.0    255.255.255.0            在链路上      192.168.52.1    291
     192.168.52.1  255.255.255.255            在链路上      192.168.52.1    291
   192.168.52.255  255.255.255.255            在链路上      192.168.52.1    291
    192.168.207.0    255.255.255.0            在链路上     192.168.207.1    291
    192.168.207.1  255.255.255.255            在链路上     192.168.207.1    291
  192.168.207.255  255.255.255.255            在链路上     192.168.207.1    291
        224.0.0.0        240.0.0.0            在链路上         127.0.0.1    331
        224.0.0.0        240.0.0.0            在链路上     192.168.0.103    301
        224.0.0.0        240.0.0.0            在链路上      192.168.52.1    291
        224.0.0.0        240.0.0.0            在链路上     192.168.207.1    291
  255.255.255.255  255.255.255.255            在链路上         127.0.0.1    331
  255.255.255.255  255.255.255.255            在链路上     192.168.0.103    301
  255.255.255.255  255.255.255.255            在链路上      192.168.52.1    291
  255.255.255.255  255.255.255.255            在链路上     192.168.207.1    291
===========================================================================
永久路由:
  无

IPv6 路由表
===========================================================================
活动路由:
 接口跃点数网络目标                网关
  1    331 ::1/128                  在链路上
  8    301 fe80::/64                在链路上
 15    291 fe80::/64                在链路上
 22    291 fe80::/64                在链路上
 22    291 fe80::1985:e363:3fd9:f077/128
                                    在链路上
  8    301 fe80::44da:f36b:b0e7:3e49/128
                                    在链路上
 15    291 fe80::69b3:67cb:a92c:c56a/128
                                    在链路上
  1    331 ff00::/8                 在链路上
  8    301 ff00::/8                 在链路上
 15    291 ff00::/8                 在链路上
 22    291 ff00::/8                 在链路上
===========================================================================
永久路由:
  无
  活动连接

  协议  本地地址          外部地址        状态
  TCP    0.0.0.0:135            0.0.0.0:0              LISTENING
  RpcSs
 [svchost.exe]
  TCP    0.0.0.0:443            0.0.0.0:0              LISTENING
 [vmware-hostd.exe]
  TCP    0.0.0.0:445            0.0.0.0:0              LISTENING
 无法获取所有权信息
  TCP    0.0.0.0:903            0.0.0.0:0              LISTENING
 [vmware-authd.exe]
  TCP    0.0.0.0:913            0.0.0.0:0              LISTENING
 [vmware-authd.exe]
  TCP    0.0.0.0:5040           0.0.0.0:0              LISTENING
  CDPSvc
 [svchost.exe]
  TCP    0.0.0.0:49664          0.0.0.0:0              LISTENING
 [lsass.exe]
  TCP    0.0.0.0:49665          0.0.0.0:0              LISTENING
 无法获取所有权信息
  TCP    0.0.0.0:49666          0.0.0.0:0              LISTENING
  EventLog
 [svchost.exe]
  TCP    0.0.0.0:49667          0.0.0.0:0              LISTENING
  Schedule
 [svchost.exe]
  TCP    0.0.0.0:49668          0.0.0.0:0              LISTENING
 [spoolsv.exe]
  TCP    0.0.0.0:49861          0.0.0.0:0              LISTENING
 无法获取所有权信息
  TCP    0.0.0.0:50199          0.0.0.0:0              LISTENING
 [QQ.exe]
  TCP    127.0.0.1:4301         0.0.0.0:0              LISTENING
 [QQ.exe]
  TCP    127.0.0.1:8307         0.0.0.0:0              LISTENING
 [vmware-hostd.exe]
  TCP    127.0.0.1:10000        0.0.0.0:0              LISTENING
 [SangforPromoteService.exe]
  TCP    127.0.0.1:21440        0.0.0.0:0              LISTENING
 [FlashHelperService.exe]
  TCP    127.0.0.1:21441        0.0.0.0:0              LISTENING
 [FlashHelperService.exe]
  TCP    127.0.0.1:49669        127.0.0.1:49670        ESTABLISHED
 [IntelTechnologyAccessService.exe]
  TCP    127.0.0.1:49670        127.0.0.1:49669        ESTABLISHED
 [IntelTechnologyAccessService.exe]
  TCP    127.0.0.1:49671        127.0.0.1:49672        ESTABLISHED
 [IntelTechnologyAccessService.exe]
  TCP    127.0.0.1:49672        127.0.0.1:49671        ESTABLISHED
 [IntelTechnologyAccessService.exe]
  TCP    127.0.0.1:49673        127.0.0.1:49674        ESTABLISHED
 [IntelTechnologyAccessService.exe]
  TCP    127.0.0.1:49674        127.0.0.1:49673        ESTABLISHED
 [IntelTechnologyAccessService.exe]
  TCP    127.0.0.1:49675        127.0.0.1:49676        ESTABLISHED
 [IntelTechnologyAccessService.exe]
  TCP    127.0.0.1:49676        127.0.0.1:49675        ESTABLISHED
 [IntelTechnologyAccessService.exe]
  TCP    127.0.0.1:49677        127.0.0.1:49678        ESTABLISHED
 [IntelTechnologyAccessService.exe]
  TCP    127.0.0.1:49678        127.0.0.1:49677        ESTABLISHED
 [IntelTechnologyAccessService.exe]
  TCP    127.0.0.1:49681        127.0.0.1:49682        ESTABLISHED
 [IntelTechnologyAccessService.exe]
  TCP    127.0.0.1:49682        127.0.0.1:49681        ESTABLISHED
 [IntelTechnologyAccessService.exe]
  TCP    127.0.0.1:49683        127.0.0.1:49684        ESTABLISHED
 [IntelTechnologyAccessService.exe]
  TCP    127.0.0.1:49684        127.0.0.1:49683        ESTABLISHED
 [IntelTechnologyAccessService.exe]
  TCP    127.0.0.1:49685        127.0.0.1:49686        ESTABLISHED
 [IntelTechnologyAccessService.exe]
  TCP    127.0.0.1:49686        127.0.0.1:49685        ESTABLISHED
 [IntelTechnologyAccessService.exe]
  TCP    127.0.0.1:49687        127.0.0.1:49688        ESTABLISHED
 [IntelTechnologyAccessService.exe]
  TCP    127.0.0.1:49688        127.0.0.1:49687        ESTABLISHED
 [IntelTechnologyAccessService.exe]
  TCP    127.0.0.1:49689        127.0.0.1:49692        ESTABLISHED
 [LegacyCsLoaderService.exe]
  TCP    127.0.0.1:49692        127.0.0.1:49689        ESTABLISHED
 [LegacyCsLoaderService.exe]
  TCP    127.0.0.1:49693        127.0.0.1:49694        ESTABLISHED
 [IntelTechnologyAccessService.exe]
  TCP    127.0.0.1:49694        127.0.0.1:49693        ESTABLISHED
 [IntelTechnologyAccessService.exe]
  TCP    127.0.0.1:49695        127.0.0.1:49696        ESTABLISHED
 [LegacyCsLoaderService.exe]
  TCP    127.0.0.1:49696        127.0.0.1:49695        ESTABLISHED
 [LegacyCsLoaderService.exe]
  TCP    127.0.0.1:49697        127.0.0.1:49698        ESTABLISHED
 [IntelTechnologyAccessService.exe]
  TCP    127.0.0.1:49698        127.0.0.1:49697        ESTABLISHED
 [IntelTechnologyAccessService.exe]
  TCP    127.0.0.1:49699        127.0.0.1:49700        ESTABLISHED
 [LegacyCsLoaderService.exe]
  TCP    127.0.0.1:49700        127.0.0.1:49699        ESTABLISHED
 [LegacyCsLoaderService.exe]
  TCP    127.0.0.1:49701        127.0.0.1:49703        ESTABLISHED
 [LegacyCsLoaderService.exe]
  TCP    127.0.0.1:49702        127.0.0.1:49704        ESTABLISHED
 [IntelTechnologyAccessService.exe]
  TCP    127.0.0.1:49703        127.0.0.1:49701        ESTABLISHED
 [LegacyCsLoaderService.exe]
  TCP    127.0.0.1:49704        127.0.0.1:49702        ESTABLISHED
 [IntelTechnologyAccessService.exe]
  TCP    127.0.0.1:49705        127.0.0.1:49706        ESTABLISHED
 [IntelTechnologyAccessService.exe]
  TCP    127.0.0.1:49706        127.0.0.1:49705        ESTABLISHED
 [IntelTechnologyAccessService.exe]
  TCP    127.0.0.1:49707        127.0.0.1:49708        ESTABLISHED
 [IntelTechnologyAccessService.exe]
  TCP    127.0.0.1:49708        127.0.0.1:49707        ESTABLISHED
 [IntelTechnologyAccessService.exe]
  TCP    127.0.0.1:49709        127.0.0.1:49710        ESTABLISHED
 [IntelTechnologyAccessService.exe]
  TCP    127.0.0.1:49710        127.0.0.1:49709        ESTABLISHED
 [IntelTechnologyAccessService.exe]
  TCP    127.0.0.1:49711        127.0.0.1:49712        ESTABLISHED
 [IntelTechnologyAccessService.exe]
  TCP    127.0.0.1:49712        127.0.0.1:49711        ESTABLISHED
 [IntelTechnologyAccessService.exe]
  TCP    127.0.0.1:49713        127.0.0.1:49714        ESTABLISHED
 [IntelTechnologyAccessService.exe]
  TCP    127.0.0.1:49714        127.0.0.1:49713        ESTABLISHED
 [IntelTechnologyAccessService.exe]
  TCP    127.0.0.1:49715        127.0.0.1:49716        ESTABLISHED
 [IntelTechnologyAccessService.exe]
  TCP    127.0.0.1:49716        127.0.0.1:49715        ESTABLISHED
 [IntelTechnologyAccessService.exe]
  TCP    127.0.0.1:49717        127.0.0.1:49718        ESTABLISHED
 [IntelTechnologyAccessService.exe]
  TCP    127.0.0.1:49718        127.0.0.1:49717        ESTABLISHED
 [IntelTechnologyAccessService.exe]
  TCP    127.0.0.1:49719        127.0.0.1:49720        ESTABLISHED
 [IntelTechnologyAccessService.exe]
  TCP    127.0.0.1:49720        127.0.0.1:49719        ESTABLISHED
 [IntelTechnologyAccessService.exe]
  TCP    127.0.0.1:49721        127.0.0.1:49722        ESTABLISHED
 [IntelTechnologyAccessService.exe]
  TCP    127.0.0.1:49722        127.0.0.1:49721        ESTABLISHED
 [IntelTechnologyAccessService.exe]
  TCP    127.0.0.1:49723        127.0.0.1:49724        ESTABLISHED
 [IntelTechnologyAccessService.exe]
  TCP    127.0.0.1:49724        127.0.0.1:49723        ESTABLISHED
 [IntelTechnologyAccessService.exe]
  TCP    127.0.0.1:49725        127.0.0.1:49726        ESTABLISHED
 [IntelTechnologyAccessService.exe]
  TCP    127.0.0.1:49726        127.0.0.1:49725        ESTABLISHED
 [IntelTechnologyAccessService.exe]
  TCP    127.0.0.1:49727        127.0.0.1:49728        ESTABLISHED
 [IntelTechnologyAccessService.exe]
  TCP    127.0.0.1:49728        127.0.0.1:49727        ESTABLISHED
 [IntelTechnologyAccessService.exe]
  TCP    127.0.0.1:49729        127.0.0.1:49730        ESTABLISHED
 [IntelTechnologyAccessService.exe]
  TCP    127.0.0.1:49730        127.0.0.1:49729        ESTABLISHED
 [IntelTechnologyAccessService.exe]
  TCP    127.0.0.1:49731        127.0.0.1:49732        ESTABLISHED
 [IntelTechnologyAccessService.exe]
  TCP    127.0.0.1:49732        127.0.0.1:49731        ESTABLISHED
 [IntelTechnologyAccessService.exe]
  TCP    127.0.0.1:49733        127.0.0.1:49734        ESTABLISHED
 [IntelTechnologyAccessService.exe]
  TCP    127.0.0.1:49734        127.0.0.1:49733        ESTABLISHED
 [IntelTechnologyAccessService.exe]
  TCP    127.0.0.1:49735        127.0.0.1:49736        ESTABLISHED
 [IntelTechnologyAccessService.exe]
  TCP    127.0.0.1:49736        127.0.0.1:49735        ESTABLISHED
 [IntelTechnologyAccessService.exe]
  TCP    127.0.0.1:49737        127.0.0.1:49738        ESTABLISHED
 [IntelTechnologyAccessService.exe]
  TCP    127.0.0.1:49738        127.0.0.1:49737        ESTABLISHED
 [IntelTechnologyAccessService.exe]
  TCP    127.0.0.1:49739        127.0.0.1:49740        ESTABLISHED
 [IntelTechnologyAccessService.exe]
  TCP    127.0.0.1:49740        127.0.0.1:49739        ESTABLISHED
 [IntelTechnologyAccessService.exe]
  TCP    127.0.0.1:49741        127.0.0.1:49742        ESTABLISHED
 [IntelTechnologyAccessService.exe]
  TCP    127.0.0.1:49742        127.0.0.1:49741        ESTABLISHED
 [IntelTechnologyAccessService.exe]
  TCP    127.0.0.1:49743        127.0.0.1:49744        ESTABLISHED
 [IntelTechnologyAccessService.exe]
  TCP    127.0.0.1:49744        127.0.0.1:49743        ESTABLISHED
 [IntelTechnologyAccessService.exe]
  TCP    127.0.0.1:49747        127.0.0.1:49748        ESTABLISHED
 [IntelTechnologyAccessService.exe]
  TCP    127.0.0.1:49748        127.0.0.1:49747        ESTABLISHED
 [IntelTechnologyAccessService.exe]
  TCP    127.0.0.1:49749        127.0.0.1:49750        ESTABLISHED
 [IntelTechnologyAccessService.exe]
  TCP    127.0.0.1:49750        127.0.0.1:49749        ESTABLISHED
 [IntelTechnologyAccessService.exe]
  TCP    127.0.0.1:49751        127.0.0.1:49752        ESTABLISHED
 [IntelTechnologyAccessService.exe]
  TCP    127.0.0.1:49752        127.0.0.1:49751        ESTABLISHED
 [IntelTechnologyAccessService.exe]
  TCP    127.0.0.1:49753        127.0.0.1:49754        ESTABLISHED
 [IntelTechnologyAccessService.exe]
  TCP    127.0.0.1:49754        127.0.0.1:49753        ESTABLISHED
 [IntelTechnologyAccessService.exe]
  TCP    127.0.0.1:49755        127.0.0.1:49756        ESTABLISHED
 [IntelTechnologyAccessService.exe]
  TCP    127.0.0.1:49756        127.0.0.1:49755        ESTABLISHED
 [IntelTechnologyAccessService.exe]
  TCP    127.0.0.1:49757        127.0.0.1:49758        ESTABLISHED
 [IntelTechnologyAccessService.exe]
  TCP    127.0.0.1:49758        127.0.0.1:49757        ESTABLISHED
 [IntelTechnologyAccessService.exe]
  TCP    127.0.0.1:49759        127.0.0.1:49760        ESTABLISHED
 [IntelTechnologyAccessService.exe]
  TCP    127.0.0.1:49760        127.0.0.1:49759        ESTABLISHED
 [IntelTechnologyAccessService.exe]
  TCP    127.0.0.1:49761        127.0.0.1:49762        ESTABLISHED
 [IntelTechnologyAccessService.exe]
  TCP    127.0.0.1:49762        127.0.0.1:49761        ESTABLISHED
 [IntelTechnologyAccessService.exe]
  TCP    127.0.0.1:49763        127.0.0.1:49764        ESTABLISHED
 [IntelTechnologyAccessService.exe]
  TCP    127.0.0.1:49764        127.0.0.1:49763        ESTABLISHED
 [IntelTechnologyAccessService.exe]
  TCP    127.0.0.1:49765        127.0.0.1:49766        ESTABLISHED
 [IntelTechnologyAccessService.exe]
  TCP    127.0.0.1:49766        127.0.0.1:49765        ESTABLISHED
 [IntelTechnologyAccessService.exe]
  TCP    127.0.0.1:49767        127.0.0.1:49768        ESTABLISHED
 [IntelTechnologyAccessService.exe]
  TCP    127.0.0.1:49768        127.0.0.1:49767        ESTABLISHED
 [IntelTechnologyAccessService.exe]
  TCP    127.0.0.1:49769        127.0.0.1:49770        ESTABLISHED
 [IntelTechnologyAccessService.exe]
  TCP    127.0.0.1:49770        127.0.0.1:49769        ESTABLISHED
 [IntelTechnologyAccessService.exe]
  TCP    127.0.0.1:49771        127.0.0.1:49772        ESTABLISHED
 [IntelTechnologyAccessService.exe]
  TCP    127.0.0.1:49772        127.0.0.1:49771        ESTABLISHED
 [IntelTechnologyAccessService.exe]
  TCP    127.0.0.1:49773        127.0.0.1:49774        ESTABLISHED
 [IntelTechnologyAccessService.exe]
  TCP    127.0.0.1:49774        127.0.0.1:49773        ESTABLISHED
 [IntelTechnologyAccessService.exe]
  TCP    127.0.0.1:49775        127.0.0.1:49776        ESTABLISHED
 [IntelTechnologyAccessService.exe]
  TCP    127.0.0.1:49776        127.0.0.1:49775        ESTABLISHED
 [IntelTechnologyAccessService.exe]
  TCP    127.0.0.1:49777        127.0.0.1:49778        ESTABLISHED
 [IntelTechnologyAccessService.exe]
  TCP    127.0.0.1:49778        127.0.0.1:49777        ESTABLISHED
 [IntelTechnologyAccessService.exe]
  TCP    127.0.0.1:49779        127.0.0.1:49780        ESTABLISHED
 [IntelTechnologyAccessService.exe]
  TCP    127.0.0.1:49780        127.0.0.1:49779        ESTABLISHED
 [IntelTechnologyAccessService.exe]
  TCP    127.0.0.1:49781        127.0.0.1:49782        ESTABLISHED
 [IntelTechnologyAccessService.exe]
  TCP    127.0.0.1:49782        127.0.0.1:49781        ESTABLISHED
 [IntelTechnologyAccessService.exe]
  TCP    127.0.0.1:49783        127.0.0.1:49784        ESTABLISHED
 [IntelTechnologyAccessService.exe]
  TCP    127.0.0.1:49784        127.0.0.1:49783        ESTABLISHED
 [IntelTechnologyAccessService.exe]
  TCP    127.0.0.1:49785        127.0.0.1:49786        ESTABLISHED
 [IntelTechnologyAccessService.exe]
  TCP    127.0.0.1:49786        127.0.0.1:49785        ESTABLISHED
 [IntelTechnologyAccessService.exe]
  TCP    127.0.0.1:49787        127.0.0.1:49788        ESTABLISHED
 [IntelTechnologyAccessService.exe]
  TCP    127.0.0.1:49788        127.0.0.1:49787        ESTABLISHED
 [IntelTechnologyAccessService.exe]
  TCP    127.0.0.1:49789        127.0.0.1:49790        ESTABLISHED
 [IntelTechnologyAccessService.exe]
  TCP    127.0.0.1:49790        127.0.0.1:49789        ESTABLISHED
 [IntelTechnologyAccessService.exe]
  TCP    127.0.0.1:49791        127.0.0.1:49792        ESTABLISHED
 [IntelTechnologyAccessService.exe]
  TCP    127.0.0.1:49792        127.0.0.1:49791        ESTABLISHED
 [IntelTechnologyAccessService.exe]
  TCP    127.0.0.1:49793        127.0.0.1:49794        ESTABLISHED
 [IntelTechnologyAccessService.exe]
  TCP    127.0.0.1:49794        127.0.0.1:49793        ESTABLISHED
 [IntelTechnologyAccessService.exe]
  TCP    127.0.0.1:49795        127.0.0.1:49796        ESTABLISHED
 [IntelTechnologyAccessService.exe]
  TCP    127.0.0.1:49796        127.0.0.1:49795        ESTABLISHED
 [IntelTechnologyAccessService.exe]
  TCP    127.0.0.1:49797        127.0.0.1:49798        ESTABLISHED
 [IntelTechnologyAccessService.exe]
  TCP    127.0.0.1:49798        127.0.0.1:49797        ESTABLISHED
 [IntelTechnologyAccessService.exe]
  TCP    127.0.0.1:49799        127.0.0.1:49800        ESTABLISHED
 [IntelTechnologyAccessService.exe]
  TCP    127.0.0.1:49800        127.0.0.1:49799        ESTABLISHED
 [IntelTechnologyAccessService.exe]
  TCP    127.0.0.1:49801        127.0.0.1:49802        ESTABLISHED
 [IntelTechnologyAccessService.exe]
  TCP    127.0.0.1:49802        127.0.0.1:49801        ESTABLISHED
 [IntelTechnologyAccessService.exe]
  TCP    127.0.0.1:49803        127.0.0.1:49804        ESTABLISHED
 [IntelTechnologyAccessService.exe]
  TCP    127.0.0.1:49804        127.0.0.1:49803        ESTABLISHED
 [IntelTechnologyAccessService.exe]
  TCP    127.0.0.1:49805        127.0.0.1:49806        ESTABLISHED
 [IntelTechnologyAccessService.exe]
  TCP    127.0.0.1:49806        127.0.0.1:49805        ESTABLISHED
 [IntelTechnologyAccessService.exe]
  TCP    127.0.0.1:49807        127.0.0.1:49808        ESTABLISHED
 [IntelTechnologyAccessService.exe]
  TCP    127.0.0.1:49808        127.0.0.1:49807        ESTABLISHED
 [IntelTechnologyAccessService.exe]
  TCP    127.0.0.1:49809        127.0.0.1:49810        ESTABLISHED
 [IntelTechnologyAccessService.exe]
  TCP    127.0.0.1:49810        127.0.0.1:49809        ESTABLISHED
 [IntelTechnologyAccessService.exe]
  TCP    127.0.0.1:49811        127.0.0.1:49812        ESTABLISHED
 [IntelTechnologyAccessService.exe]
  TCP    127.0.0.1:49812        127.0.0.1:49811        ESTABLISHED
 [IntelTechnologyAccessService.exe]
  TCP    127.0.0.1:49813        127.0.0.1:49814        ESTABLISHED
 [IntelTechnologyAccessService.exe]
  TCP    127.0.0.1:49814        127.0.0.1:49813        ESTABLISHED
 [IntelTechnologyAccessService.exe]
  TCP    127.0.0.1:49815        127.0.0.1:49816        ESTABLISHED
 [IntelTechnologyAccessService.exe]
  TCP    127.0.0.1:49816        127.0.0.1:49815        ESTABLISHED
 [IntelTechnologyAccessService.exe]
  TCP    127.0.0.1:49817        127.0.0.1:49818        ESTABLISHED
 [IntelTechnologyAccessService.exe]
  TCP    127.0.0.1:49818        127.0.0.1:49817        ESTABLISHED
 [IntelTechnologyAccessService.exe]
  TCP    127.0.0.1:49819        127.0.0.1:49820        ESTABLISHED
 [IntelTechnologyAccessService.exe]
  TCP    127.0.0.1:49820        127.0.0.1:49819        ESTABLISHED
 [IntelTechnologyAccessService.exe]
  TCP    127.0.0.1:49821        127.0.0.1:49822        ESTABLISHED
 [IntelTechnologyAccessService.exe]
  TCP    127.0.0.1:49822        127.0.0.1:49821        ESTABLISHED
 [IntelTechnologyAccessService.exe]
  TCP    127.0.0.1:49823        127.0.0.1:49824        ESTABLISHED
 [IntelTechnologyAccessService.exe]
  TCP    127.0.0.1:49824        127.0.0.1:49823        ESTABLISHED
 [IntelTechnologyAccessService.exe]
  TCP    127.0.0.1:49829        127.0.0.1:49830        ESTABLISHED
 [IntelTechnologyAccessService.exe]
  TCP    127.0.0.1:49830        127.0.0.1:49829        ESTABLISHED
 [IntelTechnologyAccessService.exe]
  TCP    127.0.0.1:49831        127.0.0.1:49832        ESTABLISHED
 [IntelTechnologyAccessService.exe]
  TCP    127.0.0.1:49832        127.0.0.1:49831        ESTABLISHED
 [IntelTechnologyAccessService.exe]
  TCP    127.0.0.1:49833        127.0.0.1:49834        ESTABLISHED
 [IntelTechnologyAccessService.exe]
  TCP    127.0.0.1:49834        127.0.0.1:49833        ESTABLISHED
 [IntelTechnologyAccessService.exe]
  TCP    127.0.0.1:49835        127.0.0.1:49836        ESTABLISHED
 [IntelTechnologyAccessService.exe]
  TCP    127.0.0.1:49836        127.0.0.1:49835        ESTABLISHED
 [IntelTechnologyAccessService.exe]
  TCP    127.0.0.1:49839        127.0.0.1:49840        ESTABLISHED
 [IntelTechnologyAccessService.exe]
  TCP    127.0.0.1:49840        127.0.0.1:49839        ESTABLISHED
 [IntelTechnologyAccessService.exe]
  TCP    127.0.0.1:49841        127.0.0.1:49842        ESTABLISHED
 [IntelTechnologyAccessService.exe]
  TCP    127.0.0.1:49842        127.0.0.1:49841        ESTABLISHED
 [IntelTechnologyAccessService.exe]
  TCP    127.0.0.1:49843        127.0.0.1:49844        ESTABLISHED
 [IntelTechnologyAccessService.exe]
  TCP    127.0.0.1:49844        127.0.0.1:49843        ESTABLISHED
 [IntelTechnologyAccessService.exe]
  TCP    127.0.0.1:49845        127.0.0.1:49846        ESTABLISHED
 [IntelTechnologyAccessService.exe]
  TCP    127.0.0.1:49846        127.0.0.1:49845        ESTABLISHED
 [IntelTechnologyAccessService.exe]
  TCP    127.0.0.1:49849        127.0.0.1:49850        ESTABLISHED
 [IntelTechnologyAccessService.exe]
  TCP    127.0.0.1:49850        127.0.0.1:49849        ESTABLISHED
 [IntelTechnologyAccessService.exe]
  TCP    127.0.0.1:49851        127.0.0.1:49852        ESTABLISHED
 [IntelTechnologyAccessService.exe]
  TCP    127.0.0.1:49852        127.0.0.1:49851        ESTABLISHED
 [IntelTechnologyAccessService.exe]
  TCP    127.0.0.1:49853        127.0.0.1:49854        ESTABLISHED
 [IntelTechnologyAccessService.exe]
  TCP    127.0.0.1:49854        127.0.0.1:49853        ESTABLISHED
 [IntelTechnologyAccessService.exe]
  TCP    127.0.0.1:49855        127.0.0.1:49856        ESTABLISHED
 [IntelTechnologyAccessService.exe]
  TCP    127.0.0.1:49856        127.0.0.1:49855        ESTABLISHED
 [IntelTechnologyAccessService.exe]
  TCP    127.0.0.1:49872        0.0.0.0:0              LISTENING
 [NVIDIA Web Helper.exe]
  TCP    127.0.0.1:53129        0.0.0.0:0              LISTENING
 [WeChatApp.exe]
  TCP    127.0.0.1:54283        127.0.0.1:65001        ESTABLISHED
 [nvcontainer.exe]
  TCP    127.0.0.1:54360        0.0.0.0:0              LISTENING
 [360tray.exe]
  TCP    127.0.0.1:54530        0.0.0.0:0              LISTENING
 [ECAgent.exe]
  TCP    127.0.0.1:54530        127.0.0.1:56566        ESTABLISHED
 [ECAgent.exe]
  TCP    127.0.0.1:56566        127.0.0.1:54530        ESTABLISHED
 [SangforPromoteService.exe]
  TCP    127.0.0.1:56567        127.0.0.1:56568        ESTABLISHED
 [ECAgent.exe]
  TCP    127.0.0.1:56568        127.0.0.1:56567        ESTABLISHED
 [ECAgent.exe]
  TCP    127.0.0.1:65001        0.0.0.0:0              LISTENING
 [nvcontainer.exe]
  TCP    127.0.0.1:65001        127.0.0.1:54283        ESTABLISHED
 [nvcontainer.exe]
  TCP    192.168.0.103:139      0.0.0.0:0              LISTENING
 无法获取所有权信息
  TCP    192.168.0.103:52399    101.226.211.170:443    CLOSE_WAIT
 [QQ.exe]
  TCP    192.168.0.103:52413    61.129.7.12:443        CLOSE_WAIT
 [QQ.exe]
  TCP    192.168.0.103:52549    118.180.31.229:443     CLOSE_WAIT
 [QQ.exe]
  TCP    192.168.0.103:54367    40.119.211.203:443     ESTABLISHED
  WpnService
 [svchost.exe]
  TCP    192.168.0.103:54440    183.3.224.146:443      ESTABLISHED
 [WeChat.exe]
  TCP    192.168.0.103:54572    101.226.211.170:443    CLOSE_WAIT
 [QQ.exe]
  TCP    192.168.0.103:54888    118.112.236.196:17053  ESTABLISHED
 [chrome.exe]
  TCP    192.168.0.103:54900    39.106.67.186:6673     ESTABLISHED
 [chrome.exe]
  TCP    192.168.0.103:54920    222.187.0.84:8506      ESTABLISHED
 [chrome.exe]
  TCP    192.168.0.103:54976    180.163.25.202:443     CLOSE_WAIT
 [QQ.exe]
  TCP    192.168.0.103:55013    39.105.57.13:10443     ESTABLISHED
 [chrome.exe]
  TCP    192.168.0.103:55328    180.163.220.134:80     ESTABLISHED
 [360tray.exe]
  TCP    192.168.0.103:55878    221.228.67.148:443     CLOSE_WAIT
 [QQ.exe]
  TCP    192.168.0.103:56408    180.96.0.13:443        CLOSE_WAIT
 [QQ.exe]
  TCP    192.168.0.103:56509    180.163.32.196:443     ESTABLISHED
 [chrome.exe]
  TCP    192.168.0.103:56559    180.163.32.196:443     ESTABLISHED
 [chrome.exe]
  TCP    192.168.0.103:56571    123.151.190.163:443    LAST_ACK
 [QQ.exe]
  TCP    192.168.0.103:56573    221.228.67.158:80      TIME_WAIT
  TCP    192.168.0.103:56576    125.78.252.162:80      CLOSE_WAIT
 [QQ.exe]
  TCP    192.168.0.103:56577    58.216.87.172:443      ESTABLISHED
 [chrome.exe]
  TCP    192.168.52.1:139       0.0.0.0:0              LISTENING
 无法获取所有权信息
  TCP    192.168.207.1:139      0.0.0.0:0              LISTENING
 无法获取所有权信息
  TCP    [::]:135               [::]:0                 LISTENING
  RpcSs
 [svchost.exe]
  TCP    [::]:443               [::]:0                 LISTENING
 [vmware-hostd.exe]
  TCP    [::]:445               [::]:0                 LISTENING
 无法获取所有权信息
  TCP    [::]:49664             [::]:0                 LISTENING
 [lsass.exe]
  TCP    [::]:49665             [::]:0                 LISTENING
 无法获取所有权信息
  TCP    [::]:49666             [::]:0                 LISTENING
  EventLog
 [svchost.exe]
  TCP    [::]:49667             [::]:0                 LISTENING
  Schedule
 [svchost.exe]
  TCP    [::]:49668             [::]:0                 LISTENING
 [spoolsv.exe]
  TCP    [::]:49861             [::]:0                 LISTENING
 无法获取所有权信息
  TCP    [::1]:8307             [::]:0                 LISTENING
 [vmware-hostd.exe]
  UDP    0.0.0.0:3600           *:*
 [360tray.exe]
  UDP    0.0.0.0:4019           *:*
 [QQ.exe]
  UDP    0.0.0.0:5050           *:*
  CDPSvc
 [svchost.exe]
  UDP    0.0.0.0:5353           *:*
 [chrome.exe]
  UDP    0.0.0.0:5353           *:*
 [chrome.exe]
  UDP    0.0.0.0:5353           *:*
 [chrome.exe]
  UDP    0.0.0.0:5353           *:*
 [chrome.exe]
  UDP    0.0.0.0:5353           *:*
 [chrome.exe]
  UDP    0.0.0.0:5353           *:*
 [chrome.exe]
  UDP    0.0.0.0:5353           *:*
 [chrome.exe]
  UDP    0.0.0.0:5353           *:*
 [chrome.exe]
  UDP    0.0.0.0:5353           *:*
 [chrome.exe]
  UDP    0.0.0.0:5353           *:*
 [chrome.exe]
  UDP    0.0.0.0:5353           *:*
 [chrome.exe]
  UDP    0.0.0.0:5353           *:*
 [chrome.exe]
  UDP    0.0.0.0:5353           *:*
 [chrome.exe]
  UDP    0.0.0.0:5353           *:*
  Dnscache
 [svchost.exe]
  UDP    0.0.0.0:5353           *:*
 [chrome.exe]
  UDP    0.0.0.0:5353           *:*
 [chrome.exe]
  UDP    0.0.0.0:5353           *:*
 [chrome.exe]
  UDP    0.0.0.0:5353           *:*
 [chrome.exe]
  UDP    0.0.0.0:5353           *:*
 [chrome.exe]
  UDP    0.0.0.0:5355           *:*
  Dnscache
 [svchost.exe]
  UDP    0.0.0.0:49386          *:*
 [chrome.exe]
  UDP    0.0.0.0:49387          *:*
 [chrome.exe]
  UDP    0.0.0.0:49399          *:*
 [chrome.exe]
  UDP    0.0.0.0:49400          *:*
 [chrome.exe]
  UDP    0.0.0.0:49418          *:*
 [chrome.exe]
  UDP    0.0.0.0:49419          *:*
 [chrome.exe]
  UDP    0.0.0.0:49452          *:*
 [chrome.exe]
  UDP    0.0.0.0:49453          *:*
 [chrome.exe]
  UDP    0.0.0.0:49566          *:*
 [chrome.exe]
  UDP    0.0.0.0:49567          *:*
 [chrome.exe]
  UDP    0.0.0.0:50468          *:*
 [chrome.exe]
  UDP    0.0.0.0:50469          *:*
 [chrome.exe]
  UDP    0.0.0.0:50474          *:*
 [chrome.exe]
  UDP    0.0.0.0:50475          *:*
 [chrome.exe]
  UDP    0.0.0.0:51192          *:*
 [360tray.exe]
  UDP    0.0.0.0:51193          *:*
 [360tray.exe]
  UDP    0.0.0.0:52331          *:*
 [chrome.exe]
  UDP    0.0.0.0:52332          *:*
 [chrome.exe]
  UDP    0.0.0.0:52458          *:*
 [chrome.exe]
  UDP    0.0.0.0:52459          *:*
 [chrome.exe]
  UDP    0.0.0.0:52535          *:*
 [chrome.exe]
  UDP    0.0.0.0:52536          *:*
 [chrome.exe]
  UDP    0.0.0.0:53036          *:*
 [360tray.exe]
  UDP    0.0.0.0:53559          *:*
 [chrome.exe]
  UDP    0.0.0.0:53560          *:*
 [chrome.exe]
  UDP    0.0.0.0:53575          *:*
 [chrome.exe]
  UDP    0.0.0.0:53576          *:*
 [chrome.exe]
  UDP    0.0.0.0:53711          *:*
 [chrome.exe]
  UDP    0.0.0.0:53712          *:*
 [chrome.exe]
  UDP    0.0.0.0:54254          *:*
 [chrome.exe]
  UDP    0.0.0.0:54255          *:*
 [chrome.exe]
  UDP    0.0.0.0:54623          *:*
 [chrome.exe]
  UDP    0.0.0.0:54624          *:*
 [chrome.exe]
  UDP    0.0.0.0:55008          *:*
 [chrome.exe]
  UDP    0.0.0.0:55009          *:*
 [chrome.exe]
  UDP    0.0.0.0:55227          *:*
 [chrome.exe]
  UDP    0.0.0.0:55228          *:*
 [chrome.exe]
  UDP    0.0.0.0:55239          *:*
 [chrome.exe]
  UDP    0.0.0.0:55240          *:*
 [chrome.exe]
  UDP    0.0.0.0:55251          *:*
 [chrome.exe]
  UDP    0.0.0.0:55252          *:*
 [chrome.exe]
  UDP    0.0.0.0:55316          *:*
 [QQProtect.exe]
  UDP    0.0.0.0:55433          *:*
 [QQProtect.exe]
  UDP    0.0.0.0:55517          *:*
 [chrome.exe]
  UDP    0.0.0.0:55518          *:*
 [chrome.exe]
  UDP    0.0.0.0:55884          *:*
 [chrome.exe]
  UDP    0.0.0.0:55885          *:*
 [chrome.exe]
  UDP    0.0.0.0:55978          *:*
 [chrome.exe]
  UDP    0.0.0.0:55979          *:*
 [chrome.exe]
  UDP    0.0.0.0:56756          *:*
 [chrome.exe]
  UDP    0.0.0.0:56757          *:*
 [chrome.exe]
  UDP    0.0.0.0:56810          *:*
 [chrome.exe]
  UDP    0.0.0.0:56811          *:*
 [chrome.exe]
  UDP    0.0.0.0:56823          *:*
 [chrome.exe]
  UDP    0.0.0.0:56824          *:*
 [chrome.exe]
  UDP    0.0.0.0:57045          *:*
 [chrome.exe]
  UDP    0.0.0.0:57046          *:*
 [chrome.exe]
  UDP    0.0.0.0:57048          *:*
 [chrome.exe]
  UDP    0.0.0.0:57049          *:*
 [chrome.exe]
  UDP    0.0.0.0:57339          *:*
 [chrome.exe]
  UDP    0.0.0.0:57340          *:*
 [chrome.exe]
  UDP    0.0.0.0:57355          *:*
 [chrome.exe]
  UDP    0.0.0.0:57356          *:*
 [chrome.exe]
  UDP    0.0.0.0:58199          *:*
 [chrome.exe]
  UDP    0.0.0.0:58200          *:*
 [chrome.exe]
  UDP    0.0.0.0:58214          *:*
 [chrome.exe]
  UDP    0.0.0.0:58215          *:*
 [chrome.exe]
  UDP    0.0.0.0:58313          *:*
 [chrome.exe]
  UDP    0.0.0.0:58314          *:*
 [chrome.exe]
  UDP    0.0.0.0:58838          *:*
 [chrome.exe]
  UDP    0.0.0.0:58839          *:*
 [chrome.exe]
  UDP    0.0.0.0:58904          *:*
 [chrome.exe]
  UDP    0.0.0.0:58905          *:*
 [chrome.exe]
  UDP    0.0.0.0:58953          *:*
 [chrome.exe]
  UDP    0.0.0.0:58954          *:*
 [chrome.exe]
  UDP    0.0.0.0:59740          *:*
 [chrome.exe]
  UDP    0.0.0.0:59741          *:*
 [chrome.exe]
  UDP    0.0.0.0:59742          *:*
 [chrome.exe]
  UDP    0.0.0.0:59743          *:*
 [chrome.exe]
  UDP    0.0.0.0:59747          *:*
 [chrome.exe]
  UDP    0.0.0.0:59748          *:*
 [chrome.exe]
  UDP    0.0.0.0:59752          *:*
 [chrome.exe]
  UDP    0.0.0.0:59753          *:*
 [chrome.exe]
  UDP    0.0.0.0:59760          *:*
 [chrome.exe]
  UDP    0.0.0.0:59761          *:*
 [chrome.exe]
  UDP    0.0.0.0:59989          *:*
 [chrome.exe]
  UDP    0.0.0.0:59990          *:*
 [chrome.exe]
  UDP    0.0.0.0:60519          *:*
 [chrome.exe]
  UDP    0.0.0.0:60520          *:*
 [chrome.exe]
  UDP    0.0.0.0:61400          *:*
 [QQ.exe]
  UDP    0.0.0.0:62606          *:*
 [chrome.exe]
  UDP    0.0.0.0:62607          *:*
 [chrome.exe]
  UDP    0.0.0.0:62616          *:*
 [chrome.exe]
  UDP    0.0.0.0:62617          *:*
 [chrome.exe]
  UDP    0.0.0.0:62977          *:*
 [chrome.exe]
  UDP    0.0.0.0:62978          *:*
 [chrome.exe]
  UDP    0.0.0.0:63160          *:*
 [chrome.exe]
  UDP    0.0.0.0:63161          *:*
 [chrome.exe]
  UDP    0.0.0.0:63165          *:*
 [chrome.exe]
  UDP    0.0.0.0:63166          *:*
 [chrome.exe]
  UDP    0.0.0.0:63395          *:*
 [chrome.exe]
  UDP    0.0.0.0:63396          *:*
 [chrome.exe]
  UDP    0.0.0.0:63402          *:*
 [chrome.exe]
  UDP    0.0.0.0:63403          *:*
 [chrome.exe]
  UDP    0.0.0.0:63595          *:*
 [chrome.exe]
  UDP    0.0.0.0:63596          *:*
 [chrome.exe]
  UDP    0.0.0.0:63650          *:*
 [nvcontainer.exe]
  UDP    0.0.0.0:63942          *:*
 [chrome.exe]
  UDP    0.0.0.0:63943          *:*
 [chrome.exe]
  UDP    0.0.0.0:63947          *:*
 [chrome.exe]
  UDP    0.0.0.0:63948          *:*
 [chrome.exe]
  UDP    0.0.0.0:64289          *:*
 [chrome.exe]
  UDP    0.0.0.0:64290          *:*
 [chrome.exe]
  UDP    0.0.0.0:64296          *:*
 [chrome.exe]
  UDP    0.0.0.0:64297          *:*
 [chrome.exe]
  UDP    0.0.0.0:64541          *:*
 [chrome.exe]
  UDP    0.0.0.0:64542          *:*
 [chrome.exe]
  UDP    0.0.0.0:64543          *:*
 [chrome.exe]
  UDP    0.0.0.0:64544          *:*
 [chrome.exe]
  UDP    0.0.0.0:64545          *:*
 [chrome.exe]
  UDP    0.0.0.0:64546          *:*
 [chrome.exe]
  UDP    0.0.0.0:64547          *:*
 [chrome.exe]
  UDP    0.0.0.0:64548          *:*
 [chrome.exe]
  UDP    0.0.0.0:64759          *:*
 [chrome.exe]
  UDP    0.0.0.0:64760          *:*
 [chrome.exe]
  UDP    0.0.0.0:64991          *:*
 [chrome.exe]
  UDP    0.0.0.0:64992          *:*
 [chrome.exe]
  UDP    127.0.0.1:10010        *:*
 [NVIDIA Web Helper.exe]
  UDP    127.0.0.1:40000        *:*
 [SangforPromoteService.exe]
  UDP    127.0.0.1:51385        *:*
 [QQ.exe]
  UDP    127.0.0.1:51386        *:*
 [QQ.exe]
  UDP    127.0.0.1:51387        *:*
 [QQ.exe]
  UDP    127.0.0.1:51388        *:*
 [QQ.exe]
  UDP    127.0.0.1:51389        *:*
 [QQ.exe]
  UDP    127.0.0.1:51390        *:*
 [QQ.exe]
  UDP    127.0.0.1:55315        *:*
  iphlpsvc
 [svchost.exe]
  UDP    127.0.0.1:57949        *:*
 [QQ.exe]
  UDP    127.0.0.1:57950        *:*
 [QQ.exe]
  UDP    127.0.0.1:57951        *:*
 [QQ.exe]
  UDP    127.0.0.1:57952        *:*
 [QQ.exe]
  UDP    127.0.0.1:59891        *:*
 [QQ.exe]
  UDP    127.0.0.1:59892        *:*
 [QQ.exe]
  UDP    127.0.0.1:59893        *:*
 [QQ.exe]
  UDP    127.0.0.1:59894        *:*
 [QQ.exe]
  UDP    127.0.0.1:64391        *:*
 [nvcontainer.exe]
  UDP    127.0.0.1:64870        *:*
 [QQ.exe]
  UDP    127.0.0.1:64871        *:*
 [QQ.exe]
  UDP    127.0.0.1:64872        *:*
 [QQ.exe]
  UDP    127.0.0.1:64873        *:*
 [QQ.exe]
  UDP    127.0.0.1:64882        *:*
 [QQ.exe]
  UDP    127.0.0.1:64883        *:*
 [QQ.exe]
  UDP    127.0.0.1:64884        *:*
 [QQ.exe]
  UDP    127.0.0.1:64885        *:*
 [QQ.exe]
  UDP    192.168.0.103:137      *:*
 无法获取所有权信息
  UDP    192.168.0.103:138      *:*
 无法获取所有权信息
  UDP    192.168.0.103:5353     *:*
 [nvcontainer.exe]
  UDP    192.168.52.1:137       *:*
 无法获取所有权信息
  UDP    192.168.52.1:138       *:*
 无法获取所有权信息
  UDP    192.168.52.1:5353      *:*
 [nvcontainer.exe]
  UDP    192.168.207.1:137      *:*
 无法获取所有权信息
  UDP    192.168.207.1:138      *:*
 无法获取所有权信息
  UDP    192.168.207.1:5353     *:*
 [nvcontainer.exe]
  UDP    [::]:5353              *:*
 [chrome.exe]
  UDP    [::]:5353              *:*
 [chrome.exe]
  UDP    [::]:5353              *:*
 [chrome.exe]
  UDP    [::]:5353              *:*
 [chrome.exe]
  UDP    [::]:5353              *:*
 [chrome.exe]
  UDP    [::]:5353              *:*
 [chrome.exe]
  UDP    [::]:5353              *:*
 [chrome.exe]
  UDP    [::]:5353              *:*
 [chrome.exe]
  UDP    [::]:5353              *:*
 [chrome.exe]
  UDP    [::]:5353              *:*
  Dnscache
 [svchost.exe]
  UDP    [::]:5355              *:*
  Dnscache
 [svchost.exe]
  UDP    [::]:49387             *:*
 [chrome.exe]
  UDP    [::]:49400             *:*
 [chrome.exe]
  UDP    [::]:49419             *:*
 [chrome.exe]
  UDP    [::]:49453             *:*
 [chrome.exe]
  UDP    [::]:49567             *:*
 [chrome.exe]
  UDP    [::]:50469             *:*
 [chrome.exe]
  UDP    [::]:50475             *:*
 [chrome.exe]
  UDP    [::]:52332             *:*
 [chrome.exe]
  UDP    [::]:52459             *:*
 [chrome.exe]
  UDP    [::]:52536             *:*
 [chrome.exe]
  UDP    [::]:53560             *:*
 [chrome.exe]
  UDP    [::]:53576             *:*
 [chrome.exe]
  UDP    [::]:53712             *:*
 [chrome.exe]
  UDP    [::]:54255             *:*
 [chrome.exe]
  UDP    [::]:54624             *:*
 [chrome.exe]
  UDP    [::]:55009             *:*
 [chrome.exe]
  UDP    [::]:55228             *:*
 [chrome.exe]
  UDP    [::]:55240             *:*
 [chrome.exe]
  UDP    [::]:55252             *:*
 [chrome.exe]
  UDP    [::]:55518             *:*
 [chrome.exe]
  UDP    [::]:55885             *:*
 [chrome.exe]
  UDP    [::]:55979             *:*
 [chrome.exe]
  UDP    [::]:56757             *:*
 [chrome.exe]
  UDP    [::]:56811             *:*
 [chrome.exe]
  UDP    [::]:56824             *:*
 [chrome.exe]
  UDP    [::]:57046             *:*
 [chrome.exe]
  UDP    [::]:57049             *:*
 [chrome.exe]
  UDP    [::]:57340             *:*
 [chrome.exe]
  UDP    [::]:57356             *:*
 [chrome.exe]
  UDP    [::]:58200             *:*
 [chrome.exe]
  UDP    [::]:58215             *:*
 [chrome.exe]
  UDP    [::]:58314             *:*
 [chrome.exe]
  UDP    [::]:58839             *:*
 [chrome.exe]
  UDP    [::]:58905             *:*
 [chrome.exe]
  UDP    [::]:58954             *:*
 [chrome.exe]
  UDP    [::]:59741             *:*
 [chrome.exe]
  UDP    [::]:59743             *:*
 [chrome.exe]
  UDP    [::]:59748             *:*
 [chrome.exe]
  UDP    [::]:59753             *:*
 [chrome.exe]
  UDP    [::]:59761             *:*
 [chrome.exe]
  UDP    [::]:59990             *:*
 [chrome.exe]
  UDP    [::]:60520             *:*
 [chrome.exe]
  UDP    [::]:62607             *:*
 [chrome.exe]
  UDP    [::]:62617             *:*
 [chrome.exe]
  UDP    [::]:62978             *:*
 [chrome.exe]
  UDP    [::]:63161             *:*
 [chrome.exe]
  UDP    [::]:63166             *:*
 [chrome.exe]
  UDP    [::]:63396             *:*
 [chrome.exe]
  UDP    [::]:63403             *:*
 [chrome.exe]
  UDP    [::]:63596             *:*
 [chrome.exe]
  UDP    [::]:63651             *:*
 [nvcontainer.exe]
  UDP    [::]:63943             *:*
 [chrome.exe]
  UDP    [::]:63948             *:*
 [chrome.exe]
  UDP    [::]:64290             *:*
 [chrome.exe]
  UDP    [::]:64297             *:*
 [chrome.exe]
  UDP    [::]:64542             *:*
 [chrome.exe]
  UDP    [::]:64544             *:*
 [chrome.exe]
  UDP    [::]:64546             *:*
 [chrome.exe]
  UDP    [::]:64548             *:*
 [chrome.exe]
  UDP    [::]:64760             *:*
 [chrome.exe]
  UDP    [::]:64992             *:*
 [chrome.exe]
  UDP    [::1]:5353             *:*
 [nvcontainer.exe]
 Nthandle v4.22 - Handle viewer
Copyright (C) 1997-2019 Mark Russinovich
Sysinternals - www.sysinternals.com

------------------------------------------------------------------------------
System pid: 4 \<unable to open process>
  16C: File  (R--)   G:\$Extend\$RmMetadata\$TxfLog\$TxfLogContainer00000000000000000002
  1B8: File  (R--)   C:\Windows\System32\config\TxR\{a67fb4c0-5462-11ea-b1bb-806e6f6e6963}.TMContainer00000000000000000001.regtrans-ms
  2C8: File  (R-D)   C:\Windows\System32\drivers\zh-CN\ntfs.sys.mui
  2D0: File  (R--)   C:\$Extend\$RmMetadata\$TxfLog\$TxfLog.blf
  2D4: File  (R--)   C:\$Extend\$RmMetadata\$TxfLog\$TxfLogContainer00000000000000000004
  2D8: File  (RWD)   \clfs
  2DC: File  (R--)   C:\$Extend\$RmMetadata\$TxfLog\$TxfLogContainer00000000000000000006
  2E0: File  (RWD)   \clfs
  2E4: File  (R--)   \clfs
  2E8: File  (RWD)   C:\$Extend\$RmMetadata\$Txf
  2EC: File  (RWD)   \clfs
  2F0: File  (RW-)   \clfs
  3F8: File  (R--)   E:\$Extend\$RmMetadata\$TxfLog\$TxfLogContainer00000000000000000005
  798: File  (R--)   E:\$Extend\$RmMetadata\$TxfLog\$TxfLog.blf
  7AC: File  (R--)   G:\$Extend\$RmMetadata\$TxfLog\$TxfLog.blf
  7B4: File  (R--)   F:\$Extend\$RmMetadata\$TxfLog\$TxfLog.blf
  7B8: File  (R--)   G:\$Extend\$RmMetadata\$TxfLog\$TxfLogContainer00000000000000000001
  7BC: File  (R--)   E:\$Extend\$RmMetadata\$TxfLog\$TxfLogContainer00000000000000000001
  7C0: File  (R--)   F:\$Extend\$RmMetadata\$TxfLog\$TxfLogContainer00000000000000000001
  7C4: File  (R--)   F:\$Extend\$RmMetadata\$TxfLog\$TxfLogContainer00000000000000000002
  7C8: File  (RWD)   \clfs
  7CC: File  (R--)   \clfs
  7D0: File  (RWD)   F:\$Extend\$RmMetadata\$Txf
  7D4: File  (RWD)   \clfs
  7D8: File  (RWD)   \clfs
  7DC: File  (RW-)   \clfs
  7E8: File  (RWD)   \clfs
  7EC: File  (R--)   \clfs
  7F0: File  (RWD)   G:\$Extend\$RmMetadata\$Txf
  7F4: File  (RWD)   \clfs
  7F8: File  (RWD)   \clfs
  7FC: File  (RW-)   \clfs
  808: File  (RWD)   \clfs
  80C: File  (R--)   \clfs
  810: File  (RWD)   E:\$Extend\$RmMetadata\$Txf
  814: File  (RWD)   \clfs
  818: File  (RWD)   \clfs
  81C: File  (RW-)   \clfs
  82C: File  (R-D)   C:\Windows\System32\winevt\Logs\DebugChannel.etl
  834: File  (RWD)   \clfs
  83C: File  (R-D)   C:\Windows\System32\LogFiles\WMI\RtBackup\EtwRTEventLog-Lenovo-Sif-Companion-Operational.etl
  850: File  (R--)   D:\$Extend\$RmMetadata\$TxfLog\$TxfLogContainer00000000000000000002
  858: File  (R--)   D:\$Extend\$RmMetadata\$TxfLog\$TxfLogContainer00000000000000000001
  85C: File  (R--)   D:\$Extend\$RmMetadata\$TxfLog\$TxfLog.blf
  860: File  (---)   C:\Windows\System32\config\SOFTWARE
  864: File  (R--)   \clfs
  86C: File  (RWD)   D:\$Extend\$RmMetadata\$Txf
  874: File  (RWD)   \clfs
  878: File  (RWD)   \clfs
  87C: File  (RW-)   \clfs
  8AC: File  (RWD)   \clfs
  8B0: File  (R--)   \clfs
  8B8: File  (RWD)   \clfs
  8BC: File  (RWD)   \clfs
  8C0: File  (RW-)   \clfs
  910: File  (R-D)   C:\Windows\System32\LogFiles\WMI\NtfsLog.etl
  918: File  (R-D)   C:\Windows\System32\LogFiles\WMI\Wifi.etl
  91C: File  (R--)   C:\Windows\System32\config\TxR\{a67fb4c0-5462-11ea-b1bb-806e6f6e6963}.TMContainer00000000000000000002.regtrans-ms
  920: File  (R-D)   C:\Windows\System32\LogFiles\WMI\RtBackup\EtwRTEventLog-System.etl
  924: File  (R-D)   C:\Windows\System32\LogFiles\WMI\RtBackup\EtwRTEventlog-Security.etl
  928: File  (---)   C:\Windows\System32\config\SOFTWARE.LOG2
  92C: File  (R-D)   C:\Windows\System32\LogFiles\WMI\RtBackup\EtwRTEventLog-Lenovo-Sif-Core-Operational.etl
  930: File  (---)   C:\Windows\System32\config\SYSTEM
  934: File  (R-D)   C:\Windows\System32\WDI\LogFiles\WdiContextLog.etl.002
  93C: File  (---)   C:\Windows\System32\config\SOFTWARE.LOG1
  940: File  (R-D)   C:\Windows\System32\LogFiles\WMI\RadioMgr.etl
  944: File  (R-D)   C:\Windows\System32\winevt\Logs\AirSpaceChannel.etl
  948: File  (---)   C:\Windows\System32\config\SYSTEM.LOG1
  958: File  (---)   C:\Windows\System32\config\SYSTEM.LOG2
  95C: File  (R-D)   C:\Windows\System32\LogFiles\WMI\Microsoft-Windows-Rdp-Graphics-RdpIdd-Trace.etl
  960: File  (R-D)   C:\Windows\System32\LogFiles\WMI\NetCore.etl
  964: File  (R-D)   C:\Windows\System32\LogFiles\WMI\RtBackup\EtwRTEventLog-Lenovo-Sif-Settings-Operational.etl
  968: File  (R-D)   C:\Windows\System32\LogFiles\WMI\LwtNetLog.etl
  96C: File  (R-D)   C:\Windows\System32\LogFiles\WMI\RtBackup\EtwRTEventLog-Application.etl
  970: File  (R-D)   C:\Windows\System32\LogFiles\WMI\RtBackup\EtwRTEventLog-Lenovo-Sif-Device-Operational.etl
  974: File  (R-D)   C:\Windows\System32\LogFiles\WMI\RtBackup\EtwRTUBPM.etl
  97C: File  (R-D)   C:\Windows\System32\LogFiles\WMI\RtBackup\EtwRTDiagLog.etl
  980: File  (R--)   C:\Windows\System32\config\TxR\{a67fb4c0-5462-11ea-b1bb-806e6f6e6963}.TM.blf
  988: File  (---)   C:\Windows\System32\config\SAM
  990: File  (RWD)   \clfs
  994: File  (RW-)   \clfs
  9A0: File  (---)   C:\Windows\System32\config\DEFAULT
  A30: File  (R-D)   C:\Windows\Logs\WindowsUpdate\WindowsUpdate.20200512.172117.726.1.etl
  B54: File  (---)   C:\Windows\System32\config\SECURITY
  B5C: File  (R--)   C:\Windows\bootstat.dat
  B6C: File  (R--)   C:\360SANDBOX\360SandBox.sav{adfc5776-1de7-11e9-af09-6014b374b17a}.TM.blf
  B78: File  (---)   C:\Windows\System32\config\SAM.LOG1
  B7C: File  (---)   C:\Windows\System32\config\SAM.LOG2
  B80: File  (---)   C:\Windows\System32\config\DEFAULT.LOG1
  B84: File  (---)   C:\Windows\System32\config\DEFAULT.LOG2
  B90: Section       \Win32kCrossSessionGlobals
  BA4: File  (R-D)   C:\Windows\System32\zh-CN\win32kbase.sys.mui
  BA8: File  (---)   C:\Windows\System32\config\SECURITY.LOG1
  BAC: File  (---)   C:\Windows\System32\config\SECURITY.LOG2
  BC0: File  (-W-)   C:\pagefile.sys
  BCC: File  (---)   C:\360SANDBOX\360SandBox.sav
  BD8: File  (R--)   C:\360SANDBOX\360SandBox.sav{adfc5776-1de7-11e9-af09-6014b374b17a}.TMContainer00000000000000000002.regtrans-ms
  BDC: File  (R--)   C:\360SANDBOX\360SandBox.sav{adfc5776-1de7-11e9-af09-6014b374b17a}.TMContainer00000000000000000001.regtrans-ms
  BE0: File  (-W-)   C:\swapfile.sys
  BE8: File  (---)   C:\360SANDBOX\360SandBox.sav.LOG1
  BEC: File  (---)   C:\360SANDBOX\360SandBox.sav.LOG2
  BF4: File  (RWD)   \clfs
  BF8: File  (RW-)   \clfs
  C10: File  (RW-)   C:\Windows\System32\GfxValDisplayLog.bin
 1CC4: File  (RWD)   \clfs
 1F48: File  (---)   C:\Windows\ServiceProfiles\NetworkService\NTUSER.DAT.LOG1
 1F5C: File  (---)   C:\Windows\ServiceProfiles\LocalService\NTUSER.DAT.LOG1
 1F7C: File  (RWD)   \clfs
 1F84: File  (RW-)   \clfs
 1F94: File  (---)   C:\Windows\ServiceProfiles\LocalService\NTUSER.DAT.LOG2
 1FA8: File  (R--)   C:\Windows\ServiceProfiles\LocalService\NTUSER.DAT{113712e2-f745-11e9-8883-f688e796369e}.TM.blf
 1FAC: File  (---)   C:\Windows\ServiceProfiles\LocalService\NTUSER.DAT
 1FB0: File  (R--)   C:\Windows\ServiceProfiles\LocalService\NTUSER.DAT{113712e2-f745-11e9-8883-f688e796369e}.TMContainer00000000000000000002.regtrans-ms
 1FB4: File  (R--)   C:\Windows\ServiceProfiles\LocalService\NTUSER.DAT{113712e2-f745-11e9-8883-f688e796369e}.TMContainer00000000000000000001.regtrans-ms
 1FD8: File  (R--)   C:\Windows\ServiceProfiles\NetworkService\NTUSER.DAT{fd9a35db-49fe-11e9-aa2c-248a07783950}.TM.blf
 1FF8: File  (---)   C:\Windows\ServiceProfiles\NetworkService\NTUSER.DAT.LOG2
 2024: File  (RW-)   \clfs
 2048: File  (R-D)   C:\Windows\System32\SleepStudy\UserNotPresentSession.etl
 204C: File  (---)   C:\Windows\ServiceProfiles\NetworkService\NTUSER.DAT
 2054: File  (R--)   C:\Windows\ServiceProfiles\NetworkService\NTUSER.DAT{fd9a35db-49fe-11e9-aa2c-248a07783950}.TMContainer00000000000000000002.regtrans-ms
 2058: File  (R--)   C:\Windows\ServiceProfiles\NetworkService\NTUSER.DAT{fd9a35db-49fe-11e9-aa2c-248a07783950}.TMContainer00000000000000000001.regtrans-ms
 2078: File  (---)   C:\Users\lenovo\AppData\Local\Packages\Microsoft.Windows.Photos_8wekyb3d8bbwe\Settings\settings.dat.LOG2
 2150: File  (---)   C:\Users\lenovo\AppData\Local\Packages\Microsoft.LockApp_cw5n1h2txyewy\Settings\settings.dat.LOG1
 2154: File  (---)   C:\Windows\System32\config\BBI
 2160: File  (---)   C:\Windows\System32\config\BBI.LOG1
 2174: File  (---)   C:\Windows\System32\config\BBI.LOG2
 2770: File  (RWD)   \clfs
 2778: File  (---)   C:\Users\lenovo\NTUSER.DAT
 2790: File  (R--)   C:\Users\lenovo\NTUSER.DAT{1137144a-f745-11e9-8883-005056c00008}.TM.blf
 2794: File  (---)   C:\Users\lenovo\ntuser.dat.LOG1
 2798: File  (---)   C:\Users\lenovo\ntuser.dat.LOG2
 27B8: File  (R--)   C:\Users\lenovo\NTUSER.DAT{1137144a-f745-11e9-8883-005056c00008}.TMContainer00000000000000000001.regtrans-ms
 27BC: File  (R--)   C:\Users\lenovo\NTUSER.DAT{1137144a-f745-11e9-8883-005056c00008}.TMContainer00000000000000000002.regtrans-ms
 27C4: File  (RW-)   \clfs
 27D4: File  (R--)   C:\ProgramData\Microsoft\Windows\AppRepository\Packages\Microsoft.LockApp_10.0.18362.449_neutral__cw5n1h2txyewy\ActivationStore.dat
 2A2C: File  (---)   C:\Users\lenovo\AppData\Local\Microsoft\Windows\UsrClass.dat
 2A34: File  (R--)   C:\Users\lenovo\AppData\Local\Microsoft\Windows\UsrClass.dat{113714fb-f745-11e9-8883-005056c00008}.TMContainer00000000000000000002.regtrans-ms
 2A44: File  (R--)   C:\Users\lenovo\AppData\Local\Microsoft\Windows\UsrClass.dat{113714fb-f745-11e9-8883-005056c00008}.TMContainer00000000000000000001.regtrans-ms
 2A60: File  (R--)   C:\Users\lenovo\AppData\Local\Microsoft\Windows\UsrClass.dat{113714fb-f745-11e9-8883-005056c00008}.TM.blf
 2A64: File  (---)   C:\Users\lenovo\AppData\Local\Microsoft\Windows\UsrClass.dat.LOG1
 2A68: File  (RW-)   \clfs
 2A6C: File  (---)   C:\Users\lenovo\AppData\Local\Microsoft\Windows\UsrClass.dat.LOG2
 2A88: File  (RWD)   \clfs
 2AF8: File  (R--)   C:\Windows\System32\config\TxR\{a67fb4bf-5462-11ea-b1bb-806e6f6e6963}.TxR.1.regtrans-ms
 2B18: File  (R--)   C:\Windows\System32\config\TxR\{a67fb4bf-5462-11ea-b1bb-806e6f6e6963}.TxR.2.regtrans-ms
 2B24: File  (R--)   C:\Windows\System32\config\TxR\{a67fb4bf-5462-11ea-b1bb-806e6f6e6963}.TxR.0.regtrans-ms
 2B28: File  (---)   \clfs
 2B2C: File  (R--)   C:\Windows\System32\config\TxR\{a67fb4bf-5462-11ea-b1bb-806e6f6e6963}.TxR.blf
 2B38: File  (---)   \Device\Mup
 2B44: File  (---)   \Device\Mup
 2C38: File  (R--)   C:\ProgramData\Microsoft\Windows\AppRepository\Packages\Microsoft.UI.Xaml.2.1_2.11906.6001.0_x64__8wekyb3d8bbwe\ActivationStore.dat.LOG1
 2EF4: File  (R-D)   C:\ProgramData\Microsoft\Windows\wfp\wfpdiag.etl
 2F0C: File  (R-D)   C:\Windows\System32\LogFiles\WMI\RtBackup\EtwRTWFP-IPsec Diagnostics.etl
 2F90: File  (R--)   F:\360Safe\ipc\filecache\FileCache.dat{786aae1c-9350-11ea-b214-54e1ad72cea4}.TMContainer00000000000000000001.regtrans-ms
 3514: File  (R-D)   C:\Windows\System32\LogFiles\WMI\RtBackup\EtwRT360 Kernel Logger.etl
 3814: File  (R--)   C:\ProgramData\Microsoft\Windows\AppRepository\Packages\Microsoft.YourPhone_1.20041.88.0_x64__8wekyb3d8bbwe\ActivationStore.dat.LOG1
 3B70: File  (---)   C:\Users\lenovo\AppData\Local\Packages\Microsoft.YourPhone_8wekyb3d8bbwe\Settings\settings.dat.LOG1
 3B94: File  (R--)   C:\ProgramData\Microsoft\Windows\AppRepository\Packages\Microsoft.UI.Xaml.2.3_2.32002.13001.0_x64__8wekyb3d8bbwe\ActivationStore.dat
 3C10: File  (R--)   C:\ProgramData\Microsoft\Windows\AppRepository\Packages\InputApp_1000.18362.449.0_neutral_neutral_cw5n1h2txyewy\ActivationStore.dat
 3D6C: File  (R-D)   C:\Users\lenovo\AppData\LocalLow\SogouPY\EUDC\SGPYEUDC_1.TTE
 3E88: File  (---)   C:\Users\lenovo\AppData\Local\Packages\Microsoft.Windows.Photos_8wekyb3d8bbwe\Settings\settings.dat.LOG1
 3EA8: File  (R-D)   C:\Windows\System32\LogFiles\WMI\RtBackup\EtwRTAdmin_PS_Provider.etl
 3FDC: File  (---)   C:\Users\lenovo\AppData\Local\Packages\Microsoft.Windows.Photos_8wekyb3d8bbwe\Settings\settings.dat
 3FE4: File  (R--)   C:\ProgramData\Microsoft\Windows\AppRepository\Packages\Microsoft.Windows.Cortana_1.13.0.18362_neutral_neutral_cw5n1h2txyewy\ActivationStore.dat
 4014: File  (R--)   C:\ProgramData\Microsoft\Windows\AppRepository\Packages\Microsoft.Windows.StartMenuExperienceHost_10.0.18362.449_neutral_neutral_cw5n1h2txyewy\ActivationStore.dat
 4020: File  (---)   C:\Users\lenovo\AppData\Local\Packages\Microsoft.Windows.StartMenuExperienceHost_cw5n1h2txyewy\Settings\settings.dat.LOG1
 4114: File  (---)   C:\Users\lenovo\AppData\Local\Packages\Microsoft.Windows.Cortana_cw5n1h2txyewy\Settings\settings.dat
 415C: File  (R-D)   C:\Windows\Logs\NetSetup\service.0.etl
 4170: File  (R--)   C:\ProgramData\Microsoft\Windows\AppRepository\Packages\Microsoft.Windows.StartMenuExperienceHost_10.0.18362.449_neutral_neutral_cw5n1h2txyewy\ActivationStore.dat.LOG2
 4190: File  (---)   C:\Users\lenovo\AppData\Local\Packages\Microsoft.LockApp_cw5n1h2txyewy\Settings\settings.dat.LOG2
 41AC: File  (R--)   C:\ProgramData\Microsoft\Windows\AppRepository\Packages\Microsoft.Windows.StartMenuExperienceHost_10.0.18362.449_neutral_neutral_cw5n1h2txyewy\ActivationStore.dat.LOG1
 420C: File  (---)   C:\Users\lenovo\AppData\Local\Packages\Microsoft.Windows.StartMenuExperienceHost_cw5n1h2txyewy\Settings\settings.dat.LOG2
 4238: File  (---)   C:\Users\lenovo\AppData\Local\Packages\Microsoft.Windows.StartMenuExperienceHost_cw5n1h2txyewy\Settings\settings.dat
 441C: File  (---)   C:\Users\lenovo\AppData\Local\Packages\Microsoft.Windows.Cortana_cw5n1h2txyewy\Settings\settings.dat.LOG2
 4438: File  (---)   C:\Users\lenovo\AppData\Local\Packages\Microsoft.Windows.Cortana_cw5n1h2txyewy\Settings\settings.dat.LOG1
 4470: File  (R--)   C:\ProgramData\Microsoft\Windows\AppRepository\Packages\Microsoft.Windows.Cortana_1.13.0.18362_neutral_neutral_cw5n1h2txyewy\ActivationStore.dat.LOG1
 4488: File  (R--)   C:\ProgramData\Microsoft\Windows\AppRepository\Packages\Microsoft.Windows.Cortana_1.13.0.18362_neutral_neutral_cw5n1h2txyewy\ActivationStore.dat.LOG2
 471C: File  (R--)   C:\ProgramData\Microsoft\Windows\AppRepository\Packages\Microsoft.LockApp_10.0.18362.449_neutral__cw5n1h2txyewy\ActivationStore.dat.LOG1
 4734: File  (---)   F:\360Safe\ipc\filecache\FileCache.dat.LOG2
 4768: File  (---)   F:\360Safe\ipc\filecache\FileCache.dat.LOG1
 4948: File  (R--)   C:\ProgramData\Microsoft\Windows\AppRepository\Packages\Microsoft.UI.Xaml.2.3_2.32002.13001.0_x64__8wekyb3d8bbwe\ActivationStore.dat.LOG1
 4958: File  (---)   C:\Users\lenovo\AppData\Local\Packages\InputApp_cw5n1h2txyewy\Settings\settings.dat.LOG2
 4964: File  (---)   C:\Users\lenovo\AppData\Local\Packages\InputApp_cw5n1h2txyewy\Settings\settings.dat
 4984: File  (R--)   C:\ProgramData\Microsoft\Windows\AppRepository\Packages\InputApp_1000.18362.449.0_neutral_neutral_cw5n1h2txyewy\ActivationStore.dat.LOG2
 49B4: File  (---)   C:\Users\lenovo\AppData\Local\Packages\InputApp_cw5n1h2txyewy\Settings\settings.dat.LOG1
 4A78: File  (R-D)   C:\Windows\System32\SleepStudy\ScreenOn\ScreenOnPowerStudyTraceSession-2020-05-12-16-37-06.etl
 4AAC: File  (R--)   C:\ProgramData\Microsoft\Windows\AppRepository\Packages\InputApp_1000.18362.449.0_neutral_neutral_cw5n1h2txyewy\ActivationStore.dat.LOG1
 4AC8: File  (R--)   C:\ProgramData\Microsoft\Windows\AppRepository\Packages\Microsoft.Windows.Photos_2020.19111.24110.0_x64__8wekyb3d8bbwe\ActivationStore.dat
 4D64: File  (R--)   F:\360Safe\ipc\filecache\FileCache.dat{786aae1c-9350-11ea-b214-54e1ad72cea4}.TM.blf
 4DC0: File  (R-D)   C:\Windows\System32\LogFiles\WMI\RtBackup\EtwRTJSQ.A278F348-E30F-4dd4-94F1-EDC9DC19C630.etl
 4EC4: File  (---)   C:\Users\lenovo\AppData\Local\Packages\Microsoft.MicrosoftEdge_8wekyb3d8bbwe\Settings\settings.dat.LOG1
 50B4: File  (---)   C:\Windows\System32\config\DRIVERS.LOG1
 51FC: File  (RW-)   \clfs
 5384: File  (---)   C:\Windows\System32\config\DRIVERS
 5398: File  (R--)   F:\360Safe\ipc\filecache\FileCache.dat{786aae1c-9350-11ea-b214-54e1ad72cea4}.TMContainer00000000000000000002.regtrans-ms
 5468: File  (RW-)   \clfs
 583C: File  (---)   C:\Windows\System32\config\DRIVERS.LOG2
 58E4: File  (RWD)   \clfs
 5910: File  (---)   F:\360Safe\ipc\filecache\FileCache.dat
 5974: File  (R--)   C:\ProgramData\Microsoft\Windows\AppRepository\Packages\Microsoft.UI.Xaml.2.1_2.11906.6001.0_x64__8wekyb3d8bbwe\ActivationStore.dat.LOG2
 5A4C: File  (---)   C:\Users\lenovo\AppData\Local\Packages\Microsoft.YourPhone_8wekyb3d8bbwe\Settings\settings.dat.LOG2
 5B94: File  (R--)   C:\ProgramData\Microsoft\Windows\AppRepository\Packages\Microsoft.LockApp_10.0.18362.449_neutral__cw5n1h2txyewy\ActivationStore.dat.LOG2
 5C0C: File  (R--)   C:\Windows\System32\config\DRIVERS{fd9a35cb-49fe-11e9-aa2c-248a07783950}.TM.blf
 5D2C: File  (R--)   C:\ProgramData\Microsoft\Windows\AppRepository\Packages\Microsoft.YourPhone_1.20041.88.0_x64__8wekyb3d8bbwe\ActivationStore.dat.LOG2
 5D94: File  (---)   C:\Users\lenovo\AppData\Local\Packages\Microsoft.YourPhone_8wekyb3d8bbwe\Settings\settings.dat
 5E44: File  (R--)   C:\ProgramData\Microsoft\Windows\AppRepository\Packages\Microsoft.YourPhone_1.20041.88.0_x64__8wekyb3d8bbwe\ActivationStore.dat
 5F7C: File  (R--)   C:\ProgramData\Microsoft\Windows\AppRepository\Packages\Microsoft.UI.Xaml.2.3_2.32002.13001.0_x64__8wekyb3d8bbwe\ActivationStore.dat.LOG2
 60B0: File  (R--)   C:\ProgramData\Microsoft\Windows\AppRepository\Packages\Microsoft.Windows.Photos_2020.19111.24110.0_x64__8wekyb3d8bbwe\ActivationStore.dat.LOG1
 6160: File  (---)   C:\Users\lenovo\AppData\Local\Packages\Microsoft.LockApp_cw5n1h2txyewy\Settings\settings.dat
 6194: File  (R--)   C:\ProgramData\Microsoft\Windows\AppRepository\Packages\Microsoft.Windows.Photos_2020.19111.24110.0_x64__8wekyb3d8bbwe\ActivationStore.dat.LOG2
 6320: File  (R--)   C:\ProgramData\Microsoft\Windows\AppRepository\Packages\Microsoft.UI.Xaml.2.1_2.11906.6001.0_x64__8wekyb3d8bbwe\ActivationStore.dat
 632C: File  (R--)   C:\ProgramData\Microsoft\Windows\AppRepository\Packages\Microsoft.MicrosoftEdge_44.18362.449.0_neutral__8wekyb3d8bbwe\ActivationStore.dat
 63E4: File  (RWD)   \clfs
 66B0: File  (---)   C:\Users\lenovo\AppData\Local\Packages\Microsoft.MicrosoftEdge_8wekyb3d8bbwe\Settings\settings.dat.LOG2
 6A44: File  (---)   C:\Users\lenovo\AppData\Local\Packages\Microsoft.MicrosoftEdge_8wekyb3d8bbwe\Settings\settings.dat
 6A48: File  (R--)   C:\Windows\System32\config\DRIVERS{fd9a35cb-49fe-11e9-aa2c-248a07783950}.TMContainer00000000000000000001.regtrans-ms
 6E88: File  (R--)   C:\Windows\System32\config\DRIVERS{fd9a35cb-49fe-11e9-aa2c-248a07783950}.TMContainer00000000000000000002.regtrans-ms
 6F70: File  (R--)   C:\ProgramData\Microsoft\Windows\AppRepository\Packages\Microsoft.MicrosoftEdge_44.18362.449.0_neutral__8wekyb3d8bbwe\ActivationStore.dat.LOG1
 6FC4: File  (R--)   C:\ProgramData\Microsoft\Windows\AppRepository\Packages\Microsoft.MicrosoftEdge_44.18362.449.0_neutral__8wekyb3d8bbwe\ActivationStore.dat.LOG2
------------------------------------------------------------------------------
smss.exe pid: 616 \<unable to open process>
   3C: File  (RW-)   C:\Windows
------------------------------------------------------------------------------
csrss.exe pid: 728 \<unable to open process>
   40: File  (RW-)   C:\Windows\System32
   88: Section       \Windows\SharedSection
   C0: File  (R-D)   C:\Program Files\WindowsApps\Microsoft.LanguageExperiencePackzh-CN_18362.24.72.0_neutral__8wekyb3d8bbwe\Windows\System32\zh-CN\csrss.exe.mui
  168: File  (R-D)   C:\Program Files\WindowsApps\Microsoft.LanguageExperiencePackzh-CN_18362.24.72.0_neutral__8wekyb3d8bbwe\Windows\System32\zh-CN\winsrv.dll.mui
------------------------------------------------------------------------------
wininit.exe pid: 832 \<unable to open process>
   40: File  (RW-)   C:\Windows\System32
  11C: File  (R-D)   C:\Program Files\WindowsApps\Microsoft.LanguageExperiencePackzh-CN_18362.24.72.0_neutral__8wekyb3d8bbwe\Windows\System32\zh-CN\user32.dll.mui
------------------------------------------------------------------------------
csrss.exe pid: 844 \<unable to open process>
   40: File  (RW-)   C:\Windows\System32
   84: Section       \Sessions\1\Windows\SharedSection
  2F8: File  (R-D)   C:\Program Files\WindowsApps\Microsoft.LanguageExperiencePackzh-CN_18362.24.72.0_neutral__8wekyb3d8bbwe\Windows\System32\zh-CN\winsrv.dll.mui
  C9C: File  (R-D)   C:\Windows\Fonts\StaticCache.dat
------------------------------------------------------------------------------
services.exe pid: 904 \<unable to open process>
   44: File  (RW-)   C:\Windows\System32
   78: File  (---)   \FileSystem\Filters\FltMgrMsg
  23C: File  (R-D)   C:\Program Files\WindowsApps\Microsoft.LanguageExperiencePackzh-CN_18362.24.72.0_neutral__8wekyb3d8bbwe\Windows\System32\zh-CN\services.exe.mui
  B4C: File  (---)   \FileSystem\Filters\FltMgrMsg
------------------------------------------------------------------------------
lsass.exe pid: 912 NT AUTHORITY\SYSTEM
   40: File  (RW-)   C:\Windows\System32
  10C: Section       \LsaPerformance
  1E8: File  (R-D)   C:\Program Files\WindowsApps\Microsoft.LanguageExperiencePackzh-CN_18362.24.72.0_neutral__8wekyb3d8bbwe\Windows\System32\zh-CN\lsasrv.dll.mui
  310: Section       \BaseNamedObjects\Debug.Trace.Memory.390
  440: File  (RW-)   C:\Windows\debug\PASSWD.LOG
 1150: File  (R-D)   C:\Program Files\WindowsApps\Microsoft.LanguageExperiencePackzh-CN_18362.24.72.0_neutral__8wekyb3d8bbwe\Windows\System32\zh-CN\crypt32.dll.mui
 1460: File  (RWD)   C:\Users\lenovo\AppData\Local\Microsoft\Credentials
 153C: File  (RWD)   C:\Users\lenovo\AppData\Roaming\Microsoft\Credentials
 15AC: File  (R-D)   C:\Program Files\WindowsApps\Microsoft.LanguageExperiencePackzh-CN_18362.24.72.0_neutral__8wekyb3d8bbwe\Windows\System32\zh-CN\vaultsvc.dll.mui
------------------------------------------------------------------------------
winlogon.exe pid: 980 NT AUTHORITY\SYSTEM
   40: File  (RW-)   C:\Windows\System32
  298: Section       \Sessions\1\Windows\ThemeSection
  2BC: Section       \Sessions\1\Windows\Theme3897123807
  2C4: Section       \Windows\Theme2514694826
  30C: File  (R-D)   C:\Program Files\WindowsApps\Microsoft.LanguageExperiencePackzh-CN_18362.24.72.0_neutral__8wekyb3d8bbwe\Windows\System32\zh-CN\user32.dll.mui
  488: File  (R-D)   C:\Program Files\WindowsApps\Microsoft.LanguageExperiencePackzh-CN_18362.24.72.0_neutral__8wekyb3d8bbwe\Windows\System32\zh-CN\winlogon.exe.mui
------------------------------------------------------------------------------
svchost.exe pid: 672 NT AUTHORITY\SYSTEM
   48: File  (RW-)   C:\Windows\System32
------------------------------------------------------------------------------
fontdrvhost.exe pid: 680 Font Driver Host\UMFD-1
   40: File  (RW-)   C:\Windows\System32
------------------------------------------------------------------------------
fontdrvhost.exe pid: 676 Font Driver Host\UMFD-0
   40: File  (RW-)   C:\Windows\System32
------------------------------------------------------------------------------
svchost.exe pid: 924 NT AUTHORITY\SYSTEM
   48: File  (RW-)   C:\Windows\System32
  16C: Section       \BaseNamedObjects\windows_shell_global_counters
  1B4: File  (R-D)   C:\Program Files\WindowsApps\Microsoft.LanguageExperiencePackzh-CN_18362.24.72.0_neutral__8wekyb3d8bbwe\Windows\System32\zh-CN\svchost.exe.mui
  370: Section       \BaseNamedObjects\__ComCatalogCache__
  398: Section       \BaseNamedObjects\RotHintTable
  3A0: Section       \BaseNamedObjects\{A64C7F33-DA35-459b-96CA-63B51FB0CDB9}
  4BC: Section       \BaseNamedObjects\__ComCatalogCache__
  70C: Section       \BaseNamedObjects\__ComCatalogCache__
  75C: File  (R--)   C:\Windows\Registration\R00000000000d.clb
  7A0: Section       \BaseNamedObjects\__ComCatalogCache__
  AEC: File  (R-D)   C:\Program Files\WindowsApps\Microsoft.LanguageExperiencePackzh-CN_18362.24.72.0_neutral__8wekyb3d8bbwe\Windows\System32\zh-CN\KernelBase.dll.mui
  D18: Section       \BaseNamedObjects\RotHintTable
------------------------------------------------------------------------------
WUDFHost.exe pid: 1032 NT AUTHORITY\LOCAL SERVICE
   40: File  (RW-)   C:\Windows\System32
------------------------------------------------------------------------------
svchost.exe pid: 1124 NT AUTHORITY\NETWORK SERVICE
   48: File  (RW-)   C:\Windows\System32
  2A4: File  (R-D)   C:\Program Files\WindowsApps\Microsoft.LanguageExperiencePackzh-CN_18362.24.72.0_neutral__8wekyb3d8bbwe\Windows\System32\zh-CN\mswsock.dll.mui
  33C: Section       \BaseNamedObjects\__ComCatalogCache__
  348: Section       \BaseNamedObjects\__ComCatalogCache__
  34C: File  (R--)   C:\Windows\Registration\R00000000000d.clb
  620: File  (R-D)   C:\Program Files\WindowsApps\Microsoft.LanguageExperiencePackzh-CN_18362.24.72.0_neutral__8wekyb3d8bbwe\Windows\System32\zh-CN\svchost.exe.mui
  7A0: File  (R-D)   C:\Program Files\WindowsApps\Microsoft.LanguageExperiencePackzh-CN_18362.24.72.0_neutral__8wekyb3d8bbwe\Windows\System32\zh-CN\KernelBase.dll.mui
 103C: File  (R-D)   C:\Program Files\WindowsApps\Microsoft.LanguageExperiencePackzh-CN_18362.24.72.0_neutral__8wekyb3d8bbwe\Windows\System32\zh-CN\combase.dll.mui
------------------------------------------------------------------------------
svchost.exe pid: 1172 NT AUTHORITY\SYSTEM
   48: File  (RW-)   C:\Windows\System32
  140: File  (R-D)   C:\Program Files\WindowsApps\Microsoft.LanguageExperiencePackzh-CN_18362.24.72.0_neutral__8wekyb3d8bbwe\Windows\System32\zh-CN\svchost.exe.mui
  490: File  (R-D)   C:\Program Files\WindowsApps\Microsoft.LanguageExperiencePackzh-CN_18362.24.72.0_neutral__8wekyb3d8bbwe\Windows\System32\zh-CN\lsm.dll.mui
------------------------------------------------------------------------------
dwm.exe pid: 1236 Window Manager\DWM-1
   40: File  (RW-)   C:\Windows\System32
   F4: File  (R-D)   C:\Program Files\WindowsApps\Microsoft.LanguageExperiencePackzh-CN_18362.24.72.0_neutral__8wekyb3d8bbwe\Windows\System32\zh-CN\dwm.exe.mui
  4B0: Section       \Windows\Theme2514694826
  514: Section       \BaseNamedObjects\__ComCatalogCache__
  5A8: File  (R--)   C:\Windows\Registration\R00000000000d.clb
  5AC: Section       \BaseNamedObjects\__ComCatalogCache__
  85C: File  (R-D)   C:\Program Files\WindowsApps\Microsoft.LanguageExperiencePackzh-CN_18362.24.72.0_neutral__8wekyb3d8bbwe\Windows\System32\zh-CN\KernelBase.dll.mui
  990: File  (R--)   C:\ProgramData\Intel\ShaderCache\dwm_1
  9A0: File  (R-D)   C:\Program Files\WindowsApps\Microsoft.LanguageExperiencePackzh-CN_18362.24.72.0_neutral__8wekyb3d8bbwe\Windows\System32\zh-CN\d2d1.dll.mui
  9F0: Section       \Sessions\1\Windows\Theme3897123807
  BA0: File  (R-D)   C:\Windows\Fonts\StaticCache.dat
------------------------------------------------------------------------------
svchost.exe pid: 1364 NT AUTHORITY\LOCAL SERVICE
   48: File  (RW-)   C:\Windows\System32
  128: File  (R-D)   C:\Program Files\WindowsApps\Microsoft.LanguageExperiencePackzh-CN_18362.24.72.0_neutral__8wekyb3d8bbwe\Windows\System32\zh-CN\svchost.exe.mui
------------------------------------------------------------------------------
svchost.exe pid: 1424 NT AUTHORITY\LOCAL SERVICE
   48: File  (RW-)   C:\Windows\System32
  128: File  (R-D)   C:\Program Files\WindowsApps\Microsoft.LanguageExperiencePackzh-CN_18362.24.72.0_neutral__8wekyb3d8bbwe\Windows\System32\zh-CN\svchost.exe.mui
  290: Section       \BaseNamedObjects\__ComCatalogCache__
------------------------------------------------------------------------------
svchost.exe pid: 1440 NT AUTHORITY\LOCAL SERVICE
   48: File  (RW-)   C:\Windows\System32
  128: File  (R-D)   C:\Program Files\WindowsApps\Microsoft.LanguageExperiencePackzh-CN_18362.24.72.0_neutral__8wekyb3d8bbwe\Windows\System32\zh-CN\svchost.exe.mui
  250: Section       \BaseNamedObjects\__ComCatalogCache__
  270: Section       \BaseNamedObjects\__ComCatalogCache__
  274: File  (R--)   C:\Windows\Registration\R00000000000d.clb
------------------------------------------------------------------------------
svchost.exe pid: 1464 NT AUTHORITY\LOCAL SERVICE
   48: File  (RW-)   C:\Windows\System32
  128: File  (R-D)   C:\Program Files\WindowsApps\Microsoft.LanguageExperiencePackzh-CN_18362.24.72.0_neutral__8wekyb3d8bbwe\Windows\System32\zh-CN\svchost.exe.mui
  280: Section       \BaseNamedObjects\__ComCatalogCache__
  2D4: Section       \BaseNamedObjects\__ComCatalogCache__
  2DC: File  (R--)   C:\Windows\Registration\R00000000000d.clb
  40C: Section       \BaseNamedObjects\RotHintTable
------------------------------------------------------------------------------
svchost.exe pid: 1556 NT AUTHORITY\LOCAL SERVICE
   48: File  (RW-)   C:\Windows\System32
  130: File  (R-D)   C:\Program Files\WindowsApps\Microsoft.LanguageExperiencePackzh-CN_18362.24.72.0_neutral__8wekyb3d8bbwe\Windows\System32\zh-CN\svchost.exe.mui
  22C: Section       \BaseNamedObjects\__ComCatalogCache__
  23C: Section       \BaseNamedObjects\__ComCatalogCache__
  240: File  (R--)   C:\Windows\Registration\R00000000000d.clb
  294: Section       \BaseNamedObjects\RotHintTable
------------------------------------------------------------------------------
svchost.exe pid: 1564 NT AUTHORITY\SYSTEM
   48: File  (RW-)   C:\Windows\System32
  144: File  (R-D)   C:\Program Files\WindowsApps\Microsoft.LanguageExperiencePackzh-CN_18362.24.72.0_neutral__8wekyb3d8bbwe\Windows\System32\zh-CN\svchost.exe.mui
  238: Section       \BaseNamedObjects\__ComCatalogCache__
  250: Section       \BaseNamedObjects\__ComCatalogCache__
  254: File  (R--)   C:\Windows\Registration\R00000000000d.clb
  3A4: Section       \BaseNamedObjects\RotHintTable
  41C: File  (R-D)   C:\Program Files\WindowsApps\Microsoft.LanguageExperiencePackzh-CN_18362.24.72.0_neutral__8wekyb3d8bbwe\Windows\System32\zh-CN\mswsock.dll.mui
------------------------------------------------------------------------------
svchost.exe pid: 1704 NT AUTHORITY\SYSTEM
   48: File  (RW-)   C:\Windows\System32
  134: File  (R-D)   C:\Program Files\WindowsApps\Microsoft.LanguageExperiencePackzh-CN_18362.24.72.0_neutral__8wekyb3d8bbwe\Windows\System32\zh-CN\svchost.exe.mui
  2D4: File  (RW-)   C:\Windows\Tasks
  644: File  (R-D)   C:\Program Files\WindowsApps\Microsoft.LanguageExperiencePackzh-CN_18362.24.72.0_neutral__8wekyb3d8bbwe\Windows\System32\zh-CN\crypt32.dll.mui
------------------------------------------------------------------------------
svchost.exe pid: 1748 NT AUTHORITY\SYSTEM
   48: File  (RW-)   C:\Windows\System32
  144: File  (R-D)   C:\Program Files\WindowsApps\Microsoft.LanguageExperiencePackzh-CN_18362.24.72.0_neutral__8wekyb3d8bbwe\Windows\System32\zh-CN\svchost.exe.mui
  280: Section       \BaseNamedObjects\__ComCatalogCache__
  35C: Section       \BaseNamedObjects\windows_shell_global_counters
  37C: Section       \BaseNamedObjects\__ComCatalogCache__
  388: File  (R--)   C:\Windows\Registration\R00000000000d.clb
  3BC: File  (R-D)   C:\Program Files\WindowsApps\Microsoft.LanguageExperiencePackzh-CN_18362.24.72.0_neutral__8wekyb3d8bbwe\Windows\System32\zh-CN\KernelBase.dll.mui
------------------------------------------------------------------------------
svchost.exe pid: 1832 NT AUTHORITY\SYSTEM
   10: File  (RW-)   C:\Windows\System32
  144: File  (R-D)   C:\Program Files\WindowsApps\Microsoft.LanguageExperiencePackzh-CN_18362.24.72.0_neutral__8wekyb3d8bbwe\Windows\System32\zh-CN\svchost.exe.mui
  218: File  (R-D)   C:\Program Files\WindowsApps\Microsoft.LanguageExperiencePackzh-CN_18362.24.72.0_neutral__8wekyb3d8bbwe\Windows\System32\zh-CN\KernelBase.dll.mui
  238: Section       \BaseNamedObjects\__ComCatalogCache__
------------------------------------------------------------------------------
svchost.exe pid: 1892 NT AUTHORITY\SYSTEM
   48: File  (RW-)   C:\Windows\System32
  13C: File  (R-D)   C:\Program Files\WindowsApps\Microsoft.LanguageExperiencePackzh-CN_18362.24.72.0_neutral__8wekyb3d8bbwe\Windows\System32\zh-CN\svchost.exe.mui
------------------------------------------------------------------------------
svchost.exe pid: 1904 NT AUTHORITY\LOCAL SERVICE
   4C: File  (RW-)   C:\Windows\System32
  128: File  (R-D)   C:\Program Files\WindowsApps\Microsoft.LanguageExperiencePackzh-CN_18362.24.72.0_neutral__8wekyb3d8bbwe\Windows\System32\zh-CN\svchost.exe.mui
  158: Section       \BaseNamedObjects\__ComCatalogCache__
  1EC: Section       \BaseNamedObjects\__ComCatalogCache__
  204: File  (R--)   C:\Windows\Registration\R00000000000d.clb
------------------------------------------------------------------------------
svchost.exe pid: 1936 NT AUTHORITY\LOCAL SERVICE
   4C: File  (RW-)   C:\Windows\System32
  12C: File  (R-D)   C:\Program Files\WindowsApps\Microsoft.LanguageExperiencePackzh-CN_18362.24.72.0_neutral__8wekyb3d8bbwe\Windows\System32\zh-CN\svchost.exe.mui
  1D8: Section       \BaseNamedObjects\__ComCatalogCache__
  23C: Section       \BaseNamedObjects\__ComCatalogCache__
  240: File  (R--)   C:\Windows\Registration\R00000000000d.clb
  248: File  (R-D)   C:\Windows\System32\es.dll
  28C: File  (R-D)   C:\Windows\System32\stdole2.tlb
------------------------------------------------------------------------------
svchost.exe pid: 1972 NT AUTHORITY\LOCAL SERVICE
   48: File  (RW-)   C:\Windows\System32
  12C: File  (R-D)   C:\Program Files\WindowsApps\Microsoft.LanguageExperiencePackzh-CN_18362.24.72.0_neutral__8wekyb3d8bbwe\Windows\System32\zh-CN\svchost.exe.mui
  160: File  (R--)   C:\Windows\System32\winevt\Logs\Microsoft-Windows-Ntfs%4WHC.evtx
  1CC: File  (R--)   C:\Windows\System32\winevt\Logs\Microsoft-Windows-PushNotification-Platform%4Admin.evtx
  200: File  (R-D)   C:\Windows\SystemResources\crypt32.dll.mun
  204: File  (R--)   C:\Windows\System32\winevt\Logs\Microsoft-Windows-SMBServer%4Security.evtx
  250: File  (R--)   C:\Windows\System32\winevt\Logs\Microsoft-Windows-Kernel-ShimEngine%4Operational.evtx
  260: File  (R--)   C:\Windows\System32\winevt\Logs\Microsoft-Windows-TerminalServices-LocalSessionManager%4Admin.evtx
  28C: File  (R--)   C:\Windows\System32\winevt\Logs\Microsoft-Windows-Application-Experience%4Program-Compatibility-Troubleshooter.evtx
  2A4: File  (R--)   C:\Windows\System32\winevt\Logs\Microsoft-Windows-Kernel-Power%4Thermal-Operational.evtx
  2AC: File  (R--)   C:\Windows\System32\winevt\Logs\System.evtx
  2BC: File  (R--)   C:\Windows\System32\winevt\Logs\Microsoft-Windows-Application-Experience%4Program-Inventory.evtx
  2E0: File  (R--)   C:\Windows\System32\winevt\Logs\Application.evtx
  2F0: File  (R--)   C:\Windows\System32\winevt\Logs\Lenovo-Sif-Companion%4Operational.evtx
  314: File  (R--)   C:\Windows\System32\winevt\Logs\Lenovo-Sif-Device%4Operational.evtx
  320: File  (R--)   C:\Windows\System32\winevt\Logs\Microsoft-Windows-SMBClient%4Operational.evtx
  328: File  (R--)   C:\Windows\System32\winevt\Logs\Microsoft-Windows-Shell-Core%4LogonTasksChannel.evtx
  32C: File  (R--)   C:\Windows\System32\winevt\Logs\Microsoft-Windows-Kernel-PnP%4Configuration.evtx
  330: File  (R--)   C:\Windows\System32\winevt\Logs\Lenovo-Sif-Core%4Operational.evtx
  344: File  (R--)   C:\Windows\System32\winevt\Logs\Microsoft-Windows-Shell-Core%4ActionCenter.evtx
  348: File  (R--)   C:\Windows\System32\winevt\Logs\Lenovo-Sif-Settings%4Operational.evtx
  354: File  (R--)   C:\Windows\System32\winevt\Logs\Microsoft-Windows-SmbClient%4Connectivity.evtx
  360: File  (R--)   C:\Windows\System32\winevt\Logs\Key Management Service.evtx
  36C: File  (R--)   C:\Windows\System32\winevt\Logs\Security.evtx
  37C: File  (R--)   C:\Windows\System32\winevt\Logs\Microsoft-Windows-Diagnosis-PCW%4Operational.evtx
  380: File  (R--)   C:\Windows\System32\winevt\Logs\Microsoft-Windows-SmbClient%4Security.evtx
  388: File  (R--)   C:\Windows\System32\winevt\Logs\HardwareEvents.evtx
  38C: File  (R--)   C:\Windows\System32\winevt\Logs\Microsoft-Windows-Wcmsvc%4Operational.evtx
  390: File  (R--)   C:\Windows\System32\winevt\Logs\Microsoft-Windows-Windows Firewall With Advanced Security%4Firewall.evtx
  394: File  (R--)   C:\Windows\System32\winevt\Logs\Windows PowerShell.evtx
  398: File  (R--)   C:\Windows\System32\winevt\Logs\Microsoft-Windows-SmbClient%4Audit.evtx
  39C: File  (R--)   C:\Windows\System32\winevt\Logs\Internet Explorer.evtx
  3A0: File  (R--)   C:\Windows\System32\winevt\Logs\IOCAgentLog.evtx
  3A4: File  (R--)   C:\Windows\System32\winevt\Logs\Microsoft-Windows-AppModel-Runtime%4Admin.evtx
  3A8: File  (R--)   C:\Windows\System32\winevt\Logs\Microsoft-Windows-PushNotification-Platform%4Operational.evtx
  3AC: File  (R--)   C:\Windows\System32\winevt\Logs\Microsoft-Windows-Kernel-Boot%4Operational.evtx
  3B0: File  (R--)   C:\Windows\System32\winevt\Logs\Microsoft-Windows-Windows Firewall With Advanced Security%4FirewallDiagnostics.evtx
  3B4: File  (R--)   C:\Windows\System32\winevt\Logs\OAlerts.evtx
  3B8: File  (R--)   C:\Windows\System32\winevt\Logs\Microsoft-Windows-Ntfs%4Operational.evtx
  3BC: File  (R--)   C:\Windows\System32\winevt\Logs\Microsoft-WindowsPhone-Connectivity-WiFiConnSvc-Channel.evtx
  3C4: File  (R--)   C:\Windows\System32\winevt\Logs\Microsoft-Windows-Kernel-WHEA%4Errors.evtx
  3C8: File  (R--)   C:\Windows\System32\winevt\Logs\Microsoft-Windows-SMBServer%4Operational.evtx
  3CC: File  (R--)   C:\Windows\System32\winevt\Logs\Microsoft-Windows-SMBServer%4Connectivity.evtx
  3D0: File  (R--)   C:\Windows\System32\winevt\Logs\Microsoft-Windows-NCSI%4Operational.evtx
  3D4: File  (R--)   C:\Windows\System32\winevt\Logs\Microsoft-Windows-GroupPolicy%4Operational.evtx
  3D8: File  (R--)   C:\Windows\System32\winevt\Logs\Microsoft-Windows-SMBServer%4Audit.evtx
  3DC: File  (R--)   C:\Windows\System32\winevt\Logs\Microsoft-Windows-NetworkProfile%4Operational.evtx
  3E0: File  (R--)   C:\Windows\System32\winevt\Logs\Microsoft-Windows-TerminalServices-LocalSessionManager%4Operational.evtx
  3E4: File  (R--)   C:\Windows\System32\winevt\Logs\Microsoft-Windows-Kernel-WHEA%4Operational.evtx
  3EC: File  (R--)   C:\Windows\System32\winevt\Logs\Microsoft-Windows-Windows Firewall With Advanced Security%4ConnectionSecurity.evtx
  3F0: File  (R--)   C:\Windows\System32\winevt\Logs\Microsoft-Windows-Application-Experience%4Program-Compatibility-Assistant.evtx
  3F4: File  (R--)   C:\Windows\System32\winevt\Logs\Microsoft-Windows-WLAN-AutoConfig%4Operational.evtx
  3F8: File  (R--)   C:\Windows\System32\winevt\Logs\Microsoft-Windows-Program-Compatibility-Assistant%4CompatAfterUpgrade.evtx
  3FC: File  (R--)   C:\Windows\System32\winevt\Logs\Microsoft-Windows-WebAuthN%4Operational.evtx
  404: File  (R--)   C:\Windows\System32\winevt\Logs\Microsoft-Windows-Winlogon%4Operational.evtx
  408: File  (R--)   C:\Windows\System32\winevt\Logs\Microsoft-Windows-Partition%4Diagnostic.evtx
  40C: File  (R--)   C:\Windows\System32\winevt\Logs\Microsoft-Windows-ReadyBoost%4Operational.evtx
  414: File  (R--)   C:\Windows\System32\winevt\Logs\Microsoft-Windows-CodeIntegrity%4Operational.evtx
  418: File  (R--)   C:\Windows\System32\winevt\Logs\Microsoft-Windows-Application-Experience%4Steps-Recorder.evtx
  41C: File  (R--)   C:\Windows\System32\winevt\Logs\Microsoft-Windows-VolumeSnapshot-Driver%4Operational.evtx
  424: File  (R--)   C:\Windows\System32\winevt\Logs\Microsoft-Windows-User Profile Service%4Operational.evtx
  428: File  (R--)   C:\Windows\System32\winevt\Logs\Microsoft-Windows-Diagnosis-Scheduled%4Operational.evtx
  434: File  (R--)   C:\Windows\System32\winevt\Logs\Microsoft-Windows-Containers-Wcifs%4Operational.evtx
  438: File  (R--)   C:\Windows\System32\winevt\Logs\Microsoft-Windows-Provisioning-Diagnostics-Provider%4ManagementService.evtx
  440: File  (R--)   C:\Windows\System32\winevt\Logs\State.evtx
  444: File  (R--)   C:\Windows\System32\winevt\Logs\Microsoft-Windows-Dhcpv6-Client%4Admin.evtx
  454: File  (R--)   C:\Windows\System32\winevt\Logs\Microsoft-Windows-Dhcp-Client%4Admin.evtx
  45C: File  (R--)   C:\Windows\System32\winevt\Logs\Microsoft-Windows-Crypto-DPAPI%4Operational.evtx
  478: File  (R--)   C:\Windows\System32\winevt\Logs\Microsoft-Windows-Crypto-DPAPI%4BackUpKeySvc.evtx
  4C4: File  (R--)   C:\Windows\System32\winevt\Logs\Microsoft-Windows-WinINet-Config%4ProxyConfigChanged.evtx
  4CC: File  (R--)   C:\Windows\System32\winevt\Logs\Microsoft-Windows-HotspotAuth%4Operational.evtx
  4D8: File  (R--)   C:\Windows\System32\winevt\Logs\Microsoft-Windows-User Device Registration%4Admin.evtx
  4FC: File  (R--)   C:\Windows\System32\winevt\Logs\Microsoft-Windows-Store%4Operational.evtx
  500: File  (R--)   C:\Windows\System32\winevt\Logs\Microsoft-Windows-StateRepository%4Restricted.evtx
  50C: File  (R--)   C:\Windows\System32\winevt\Logs\Microsoft-Windows-StateRepository%4Operational.evtx
  51C: File  (R--)   C:\Windows\System32\winevt\Logs\Microsoft-Windows-Storage-Storport%4Health.evtx
  520: File  (R--)   C:\Windows\System32\winevt\Logs\Microsoft-Windows-DeviceManagement-Enterprise-Diagnostics-Provider%4Admin.evtx
  538: File  (R--)   C:\Windows\System32\winevt\Logs\Microsoft-Windows-DeviceSetupManager%4Operational.evtx
  57C: File  (R--)   C:\Windows\System32\winevt\Logs\Microsoft-Windows-BackgroundTaskInfrastructure%4Operational.evtx
  590: File  (R--)   C:\Windows\System32\winevt\Logs\Microsoft-Windows-WFP%4Operational.evtx
  5A4: File  (R--)   C:\Windows\System32\winevt\Logs\Microsoft-Windows-CloudStore%4Operational.evtx
  5AC: File  (R--)   C:\Windows\System32\winevt\Logs\Microsoft-Windows-SettingSync%4Operational.evtx
  5B0: File  (R--)   C:\Windows\System32\winevt\Logs\Microsoft-Windows-SettingSync%4Debug.evtx
  5D4: File  (R--)   C:\Windows\System32\winevt\Logs\Microsoft-Windows-Kernel-StoreMgr%4Operational.evtx
  5E0: File  (R--)   C:\Windows\System32\winevt\Logs\Microsoft-Windows-AppXDeployment%4Operational.evtx
  5EC: File  (R--)   C:\Windows\System32\winevt\Logs\Microsoft-Windows-IKE%4Operational.evtx
  5F0: File  (R--)   C:\Windows\System32\winevt\Logs\Microsoft-Windows-AppXDeploymentServer%4Operational.evtx
  5F4: File  (R--)   C:\Windows\System32\winevt\Logs\Microsoft-Windows-AppXDeploymentServer%4Restricted.evtx
  604: File  (R--)   C:\Windows\System32\winevt\Logs\Microsoft-Windows-WindowsUpdateClient%4Operational.evtx
  608: File  (R--)   C:\Windows\System32\winevt\Logs\Microsoft-Windows-Diagnosis-DPS%4Operational.evtx
  60C: File  (R--)   C:\Windows\System32\winevt\Logs\Microsoft-Windows-DeviceManagement-Enterprise-Diagnostics-Provider%4Operational.evtx
  63C: File  (R--)   C:\Windows\System32\winevt\Logs\Microsoft-Windows-AppxPackaging%4Operational.evtx
  644: File  (R--)   C:\Windows\System32\winevt\Logs\Parameters.evtx
  650: File  (R--)   C:\Windows\System32\winevt\Logs\Microsoft-Windows-Windows Defender%4WHC.evtx
  65C: File  (R--)   C:\Windows\System32\winevt\Logs\Microsoft-Windows-Resource-Exhaustion-Detector%4Operational.evtx
  664: File  (R--)   C:\Windows\System32\winevt\Logs\Microsoft-Windows-ShellCommon-StartLayoutPopulation%4Operational.evtx
  67C: File  (R--)   C:\Windows\System32\winevt\Logs\Microsoft-Windows-LiveId%4Operational.evtx
  680: File  (R--)   C:\Windows\System32\winevt\Logs\Microsoft-Windows-Storage-ClassPnP%4Operational.evtx
  6A0: File  (R--)   C:\Windows\System32\winevt\Logs\Microsoft-Windows-WMI-Activity%4Operational.evtx
  6A8: File  (R--)   C:\Windows\System32\winevt\Logs\Microsoft-Windows-VPN%4Operational.evtx
  6AC: File  (R--)   C:\Windows\System32\winevt\Logs\Microsoft-Client-Licensing-Platform%4Admin.evtx
  6B8: File  (R--)   C:\Windows\System32\winevt\Logs\Microsoft-Windows-Provisioning-Diagnostics-Provider%4AutoPilot.evtx
  6BC: File  (R--)   C:\Windows\System32\winevt\Logs\Microsoft-Windows-HelloForBusiness%4Operational.evtx
  6C4: File  (R--)   C:\Windows\System32\winevt\Logs\Microsoft-Windows-Shell-Core%4AppDefaults.evtx
  6D0: File  (R--)   C:\Windows\System32\winevt\Logs\Microsoft-Windows-Shell-Core%4Operational.evtx
  6E8: File  (R--)   C:\Windows\System32\winevt\Logs\Microsoft-Windows-UAC-FileVirtualization%4Operational.evtx
  700: File  (R--)   C:\Windows\System32\winevt\Logs\Microsoft-Windows-Provisioning-Diagnostics-Provider%4Admin.evtx
  704: File  (R--)   C:\Windows\System32\winevt\Logs\Microsoft-Windows-Diagnostics-Performance%4Operational.evtx
  70C: File  (R--)   C:\Windows\System32\winevt\Logs\Microsoft-Windows-Bits-Client%4Operational.evtx
  71C: File  (R--)   C:\Windows\System32\winevt\Logs\Microsoft-Windows-Application-Experience%4Program-Telemetry.evtx
  730: File  (R--)   C:\Windows\System32\winevt\Logs\Microsoft-Windows-WinRM%4Operational.evtx
  738: File  (R--)   C:\Windows\System32\winevt\Logs\Microsoft-Windows-WindowsBackup%4ActionCenter.evtx
  744: File  (R--)   C:\Windows\System32\winevt\Logs\Microsoft-Windows-TaskScheduler%4Maintenance.evtx
  748: File  (R--)   C:\Windows\System32\winevt\Logs\Microsoft-Windows-FileHistory-Core%4WHC.evtx
  758: File  (R--)   C:\Windows\System32\winevt\Logs\Microsoft-Windows-Shell-ConnectedAccountState%4ActionCenter.evtx
  770: File  (R--)   C:\Windows\System32\winevt\Logs\Microsoft-Windows-UserPnp%4ActionCenter.evtx
  784: File  (R--)   C:\Windows\System32\winevt\Logs\Microsoft-Windows-WorkFolders%4WHC.evtx
  78C: File  (R--)   C:\Windows\System32\winevt\Logs\Microsoft-Windows-StorageSpaces-ManagementAgent%4WHC.evtx
  7A4: File  (R--)   C:\Windows\System32\winevt\Logs\Microsoft-Windows-WER-PayloadHealth%4Operational.evtx
  7B0: File  (R--)   C:\Windows\System32\winevt\Logs\Microsoft-Windows-Fault-Tolerant-Heap%4Operational.evtx
  7C0: File  (R--)   C:\Windows\System32\winevt\Logs\Microsoft-Windows-Biometrics%4Operational.evtx
  7C4: File  (R--)   C:\Windows\System32\winevt\Logs\Microsoft-Windows-Known Folders API Service.evtx
  7C8: File  (R--)   C:\Windows\System32\winevt\Logs\Microsoft-Windows-Containers-BindFlt%4Operational.evtx
  7CC: File  (R--)   C:\Windows\System32\winevt\Logs\Microsoft-Windows-Security-Mitigations%4UserMode.evtx
  7D0: File  (R--)   C:\Windows\System32\winevt\Logs\Microsoft-Windows-Security-Mitigations%4KernelMode.evtx
  7DC: File  (R--)   C:\Windows\System32\winevt\Logs\Microsoft-Windows-Storage-Storport%4Operational.evtx
  7E0: File  (R--)   C:\Windows\System32\winevt\Logs\Microsoft-Windows-CoreSystem-SmsRouter-Events%4Operational.evtx
  7EC: File  (R--)   C:\Windows\System32\winevt\Logs\Microsoft-Windows-Kernel-EventTracing%4Admin.evtx
------------------------------------------------------------------------------
svchost.exe pid: 1984 NT AUTHORITY\SYSTEM
   4C: File  (RW-)   C:\Windows\System32
  148: File  (R-D)   C:\Program Files\WindowsApps\Microsoft.LanguageExperiencePackzh-CN_18362.24.72.0_neutral__8wekyb3d8bbwe\Windows\System32\zh-CN\svchost.exe.mui
  254: Section       \BaseNamedObjects\__ComCatalogCache__
  2E8: Section       \BaseNamedObjects\__ComCatalogCache__
  2EC: File  (R--)   C:\Windows\Registration\R00000000000d.clb
------------------------------------------------------------------------------
svchost.exe pid: 2148 NT AUTHORITY\LOCAL SERVICE
   4C: File  (RW-)   C:\Windows\System32
  130: File  (R-D)   C:\Program Files\WindowsApps\Microsoft.LanguageExperiencePackzh-CN_18362.24.72.0_neutral__8wekyb3d8bbwe\Windows\System32\zh-CN\svchost.exe.mui
------------------------------------------------------------------------------
svchost.exe pid: 2172 NT AUTHORITY\SYSTEM
   4C: File  (RW-)   C:\Windows\System32
  150: File  (R-D)   C:\Program Files\WindowsApps\Microsoft.LanguageExperiencePackzh-CN_18362.24.72.0_neutral__8wekyb3d8bbwe\Windows\System32\zh-CN\svchost.exe.mui
  1B0: Section       \BaseNamedObjects\SENS Information Cache
  21C: Section       \BaseNamedObjects\__ComCatalogCache__
  228: Section       \BaseNamedObjects\__ComCatalogCache__
  22C: File  (R--)   C:\Windows\Registration\R00000000000d.clb
------------------------------------------------------------------------------
svchost.exe pid: 2192 NT AUTHORITY\SYSTEM
   48: File  (RW-)   C:\Windows\System32
  138: File  (R-D)   C:\Program Files\WindowsApps\Microsoft.LanguageExperiencePackzh-CN_18362.24.72.0_neutral__8wekyb3d8bbwe\Windows\System32\zh-CN\svchost.exe.mui
------------------------------------------------------------------------------
svchost.exe pid: 2312 NT AUTHORITY\SYSTEM
   48: File  (RW-)   C:\Windows\System32
  14C: File  (R-D)   C:\Program Files\WindowsApps\Microsoft.LanguageExperiencePackzh-CN_18362.24.72.0_neutral__8wekyb3d8bbwe\Windows\System32\zh-CN\svchost.exe.mui
  1DC: File  (RW-)   C:\ProgramData\Microsoft\Windows\AppRepository\StateRepository-Machine.srd
  1E8: File  (RW-)   C:\ProgramData\Microsoft\Windows\AppRepository\StateRepository-Deployment.srd-shm
  224: File  (RW-)   C:\ProgramData\Microsoft\Windows\AppRepository\StateRepository-Machine.srd-shm
  234: File  (R-D)   C:\Program Files\WindowsApps\Microsoft.LanguageExperiencePackzh-CN_18362.24.72.0_neutral__8wekyb3d8bbwe\Windows\System32\zh-CN\KernelBase.dll.mui
  280: File  (RW-)   C:\ProgramData\Microsoft\Windows\AppRepository\StateRepository-Deployment.srd
  288: Section       \BaseNamedObjects\__ComCatalogCache__
  2D0: File  (RW-)   C:\ProgramData\Microsoft\Windows\AppRepository\StateRepository-Deployment.srd-wal
  2D4: File  (RW-)   C:\ProgramData\Microsoft\Windows\AppRepository\StateRepository-Machine.srd-wal
  2D8: File  (R--)   C:\Windows\Registration\R00000000000d.clb
  318: File  (RW-)   C:\ProgramData\Microsoft\Windows\AppRepository\StateRepository-Machine.srd
  3A0: File  (RW-)   C:\ProgramData\Microsoft\Windows\AppRepository\StateRepository-Machine.srd-wal
  3D8: Section       \BaseNamedObjects\__ComCatalogCache__
------------------------------------------------------------------------------
svchost.exe pid: 2380 NT AUTHORITY\LOCAL SERVICE
   48: File  (RW-)   C:\Windows\System32
  128: File  (R-D)   C:\Program Files\WindowsApps\Microsoft.LanguageExperiencePackzh-CN_18362.24.72.0_neutral__8wekyb3d8bbwe\Windows\System32\zh-CN\svchost.exe.mui
------------------------------------------------------------------------------
igfxCUIService.exe pid: 2396 NT AUTHORITY\SYSTEM
   40: File  (RW-)   C:\Windows\System32
  208: Section       \BaseNamedObjects\__ComCatalogCache__
  260: Section       \BaseNamedObjects\__ComCatalogCache__
  264: File  (R--)   C:\Windows\Registration\R00000000000d.clb
------------------------------------------------------------------------------
NVDisplay.Container.exe pid: 2452 NT AUTHORITY\SYSTEM
   44: File  (RW-)   C:\Windows\System32
  1A0: File  (R--)   C:\ProgramData\NVIDIA\NVDisplay.ContainerLocalSystem.log
  270: File  (R-D)   C:\Program Files\WindowsApps\Microsoft.LanguageExperiencePackzh-CN_18362.24.72.0_neutral__8wekyb3d8bbwe\Windows\System32\zh-CN\crypt32.dll.mui
  448: File  (R--)   C:\ProgramData\NVIDIA\NVDisplayContainerWatchdog.log
  490: Section       \BaseNamedObjects\windows_shell_global_counters
  4DC: Section       \BaseNamedObjects\__ComCatalogCache__
  4FC: File  (RWD)   C:\Program Files (x86)\NVIDIA Corporation\3D Vision
  52C: File  (RWD)   C:\Program Files\NVIDIA Corporation\Display.NvContainer\plugins\LocalSystem
  538: File  (RWD)   C:\Program Files\NVIDIA Corporation\Display.NvContainer\plugins\Session
  614: Section       \BaseNamedObjects\__ComCatalogCache__
  618: File  (R--)   C:\Windows\Registration\R00000000000d.clb
------------------------------------------------------------------------------
svchost.exe pid: 2480 NT AUTHORITY\SYSTEM
   48: File  (RW-)   C:\Windows\System32
  134: File  (R-D)   C:\Program Files\WindowsApps\Microsoft.LanguageExperiencePackzh-CN_18362.24.72.0_neutral__8wekyb3d8bbwe\Windows\System32\zh-CN\svchost.exe.mui
  1E4: Section       \BaseNamedObjects\__ComCatalogCache__
  1F0: Section       \BaseNamedObjects\__ComCatalogCache__
  1F4: File  (R--)   C:\Windows\Registration\R00000000000d.clb
  248: Section       \BaseNamedObjects\RotHintTable
------------------------------------------------------------------------------
svchost.exe pid: 2560 NT AUTHORITY\SYSTEM
   48: File  (RW-)   C:\Windows\System32
   8C: File  (R-D)   C:\Program Files\WindowsApps\Microsoft.LanguageExperiencePackzh-CN_18362.24.72.0_neutral__8wekyb3d8bbwe\Windows\System32\zh-CN\svchost.exe.mui
  1DC: Section       \Windows\Theme2514694826
------------------------------------------------------------------------------
svchost.exe pid: 2568 NT AUTHORITY\SYSTEM
   48: File  (RW-)   C:\Windows\System32
  134: File  (R-D)   C:\Program Files\WindowsApps\Microsoft.LanguageExperiencePackzh-CN_18362.24.72.0_neutral__8wekyb3d8bbwe\Windows\System32\zh-CN\svchost.exe.mui
  2BC: Section       \BaseNamedObjects\__ComCatalogCache__
  2CC: Section       \BaseNamedObjects\__ComCatalogCache__
  2D0: File  (R--)   C:\Windows\Registration\R00000000000d.clb
  34C: Section       \BaseNamedObjects\RotHintTable
------------------------------------------------------------------------------
svchost.exe pid: 2652 NT AUTHORITY\NETWORK SERVICE
   4C: File  (RW-)   C:\Windows\System32
  12C: File  (R-D)   C:\Program Files\WindowsApps\Microsoft.LanguageExperiencePackzh-CN_18362.24.72.0_neutral__8wekyb3d8bbwe\Windows\System32\zh-CN\svchost.exe.mui
  65C: File  (R-D)   C:\Program Files\WindowsApps\Microsoft.LanguageExperiencePackzh-CN_18362.24.72.0_neutral__8wekyb3d8bbwe\Windows\System32\zh-CN\winnlsres.dll.mui
  6A0: File  (R-D)   C:\Program Files\WindowsApps\Microsoft.LanguageExperiencePackzh-CN_18362.24.72.0_neutral__8wekyb3d8bbwe\Windows\System32\zh-CN\mswsock.dll.mui
  70C: File  (R-D)   C:\Program Files\WindowsApps\Microsoft.LanguageExperiencePackzh-CN_18362.24.72.0_neutral__8wekyb3d8bbwe\Windows\System32\zh-CN\wshqos.dll.mui
------------------------------------------------------------------------------
svchost.exe pid: 2660 NT AUTHORITY\LOCAL SERVICE
   4C: File  (RW-)   C:\Windows\System32
  128: File  (R-D)   C:\Program Files\WindowsApps\Microsoft.LanguageExperiencePackzh-CN_18362.24.72.0_neutral__8wekyb3d8bbwe\Windows\System32\zh-CN\svchost.exe.mui
  1D8: File  (R-D)   C:\Windows\ServiceProfiles\LocalService\AppData\Local\FontCache\~FontCache-System.dat
  1E8: File  (R-D)   C:\Windows\ServiceProfiles\LocalService\AppData\Local\FontCache\~FontCache-FontFace.dat
  1F4: File  (RWD)   C:\Windows\Fonts
  268: File  (R-D)   C:\Windows\ServiceProfiles\LocalService\AppData\Local\FontCache\~FontCache-S-1-5-21-1347350027-276978489-4274093279-1001.dat
  280: File  (R-D)   C:\Windows\ServiceProfiles\LocalService\AppData\Local\FontCache\~FontCache-FontSet-S-1-5-21-1347350027-276978489-4274093279-1001.dat
------------------------------------------------------------------------------
svchost.exe pid: 2676 NT AUTHORITY\SYSTEM
   48: File  (RW-)   C:\Windows\System32
  140: File  (R-D)   C:\Program Files\WindowsApps\Microsoft.LanguageExperiencePackzh-CN_18362.24.72.0_neutral__8wekyb3d8bbwe\Windows\System32\zh-CN\svchost.exe.mui
  1E0: Section       \BaseNamedObjects\__ComCatalogCache__
  1EC: Section       \BaseNamedObjects\__ComCatalogCache__
  1F0: File  (R--)   C:\Windows\Registration\R00000000000d.clb
  2E0: File  (R-D)   C:\Program Files\WindowsApps\Microsoft.LanguageExperiencePackzh-CN_18362.24.72.0_neutral__8wekyb3d8bbwe\Windows\System32\zh-CN\MMDevAPI.dll.mui
  330: File  (R-D)   C:\Program Files\WindowsApps\Microsoft.LanguageExperiencePackzh-CN_18362.24.72.0_neutral__8wekyb3d8bbwe\Windows\System32\zh-CN\AudioEndpointBuilder.dll.mui
------------------------------------------------------------------------------
svchost.exe pid: 2728 NT AUTHORITY\NETWORK SERVICE
   48: File  (RW-)   C:\Windows\System32
  130: File  (R-D)   C:\Program Files\WindowsApps\Microsoft.LanguageExperiencePackzh-CN_18362.24.72.0_neutral__8wekyb3d8bbwe\Windows\System32\zh-CN\svchost.exe.mui
  22C: File  (RWD)   C:\Windows\System32\drivers\etc
------------------------------------------------------------------------------
svchost.exe pid: 2872 NT AUTHORITY\LOCAL SERVICE
   48: File  (RW-)   C:\Windows\System32
  128: File  (R-D)   C:\Program Files\WindowsApps\Microsoft.LanguageExperiencePackzh-CN_18362.24.72.0_neutral__8wekyb3d8bbwe\Windows\System32\zh-CN\svchost.exe.mui
  290: Section       \BaseNamedObjects\__ComCatalogCache__
  29C: Section       \BaseNamedObjects\__ComCatalogCache__
  2A0: File  (R--)   C:\Windows\Registration\R00000000000d.clb
  2E8: Section       \BaseNamedObjects\windows_shell_global_counters
  3B4: Section       \BaseNamedObjects\RotHintTable
------------------------------------------------------------------------------
svchost.exe pid: 2980 NT AUTHORITY\LOCAL SERVICE
   48: File  (RW-)   C:\Windows\System32
  128: File  (R-D)   C:\Program Files\WindowsApps\Microsoft.LanguageExperiencePackzh-CN_18362.24.72.0_neutral__8wekyb3d8bbwe\Windows\System32\zh-CN\svchost.exe.mui
  1CC: File  (R-D)   C:\Windows\System32\zh-CN\netprofmsvc.dll.mui
  21C: Section       \BaseNamedObjects\__ComCatalogCache__
  30C: Section       \BaseNamedObjects\__ComCatalogCache__
  31C: File  (R--)   C:\Windows\Registration\R00000000000d.clb
------------------------------------------------------------------------------
svchost.exe pid: 1216 NT AUTHORITY\LOCAL SERVICE
   48: File  (RW-)   C:\Windows\System32
  138: File  (R-D)   C:\Program Files\WindowsApps\Microsoft.LanguageExperiencePackzh-CN_18362.24.72.0_neutral__8wekyb3d8bbwe\Windows\System32\zh-CN\svchost.exe.mui
  1BC: Section       \BaseNamedObjects\F932B6C7-3A20-46A0-B8A0-8894AA421973
  3EC: File  (R-D)   C:\Program Files\WindowsApps\Microsoft.LanguageExperiencePackzh-CN_18362.24.72.0_neutral__8wekyb3d8bbwe\Windows\System32\zh-CN\winnlsres.dll.mui
------------------------------------------------------------------------------
NVDisplay.Container.exe pid: 3076 NT AUTHORITY\SYSTEM
   44: File  (RW-)   C:\Windows\System32
  1A0: File  (R--)   C:\ProgramData\NVIDIA\DisplaySessionContainer1.log
  234: File  (R-D)   C:\Program Files\WindowsApps\Microsoft.LanguageExperiencePackzh-CN_18362.24.72.0_neutral__8wekyb3d8bbwe\Windows\System32\zh-CN\crypt32.dll.mui
  454: File  (RWD)   C:\Program Files\NVIDIA Corporation\Display.NvContainer\plugins\Session
  49C: Section       \Sessions\1\BaseNamedObjects\CDekUqhH8D6EmB31yE0c0
  528: Section       \Sessions\1\BaseNamedObjects\CDekUqhH8D6EmB31yE0c1
  550: Section       \BaseNamedObjects\__ComCatalogCache__
  554: Section       \Sessions\1\BaseNamedObjects\CDekUqhH8D6EmB31yE0c2
  55C: Section       \Sessions\1\BaseNamedObjects\CDekUqhH8D6EmB31yE0c3
  5C0: Section       \BaseNamedObjects\__ComCatalogCache__
  5C4: File  (R--)   C:\Windows\Registration\R00000000000d.clb
  654: File  (RW-)   C:\Windows\WinSxS\amd64_microsoft.windows.gdiplus_6595b64144ccf1df_1.1.18362.778_none_17b1aa466d9fc986
  658: File  (RW-)   C:\Windows\WinSxS\amd64_microsoft.windows.common-controls_6595b64144ccf1df_5.82.18362.778_none_2a29d4a64667eb69
  80C: File  (RW-)   C:\Windows\WinSxS\amd64_microsoft.windows.common-controls_6595b64144ccf1df_6.0.18362.778_none_e6c6b761130d4fb8
  914: Section       \Sessions\1\BaseNamedObjects\windows_shell_global_counters
  944: Section       \Sessions\1\Windows\Theme3897123807
  9C0: Section       \Windows\Theme2514694826
  9F8: File  (R-D)   C:\Program Files\WindowsApps\Microsoft.LanguageExperiencePackzh-CN_18362.24.72.0_neutral__8wekyb3d8bbwe\Windows\System32\zh-CN\user32.dll.mui
  AC8: File  (R-D)   C:\Program Files\WindowsApps\Microsoft.LanguageExperiencePackzh-CN_18362.24.72.0_neutral__8wekyb3d8bbwe\Windows\System32\zh-CN\ddraw.dll.mui
------------------------------------------------------------------------------
svchost.exe pid: 3124 NT AUTHORITY\LOCAL SERVICE
   48: File  (RW-)   C:\Windows\System32
  128: File  (R-D)   C:\Program Files\WindowsApps\Microsoft.LanguageExperiencePackzh-CN_18362.24.72.0_neutral__8wekyb3d8bbwe\Windows\System32\zh-CN\svchost.exe.mui
  1F0: Section       \BaseNamedObjects\__ComCatalogCache__
  204: Section       \BaseNamedObjects\__ComCatalogCache__
  208: File  (R--)   C:\Windows\Registration\R00000000000d.clb
  2F4: Section       \BaseNamedObjects\mmGlobalPnpInfo
  3B0: File  (R-D)   C:\Program Files\WindowsApps\Microsoft.LanguageExperiencePackzh-CN_18362.24.72.0_neutral__8wekyb3d8bbwe\Windows\System32\zh-CN\AudioSrv.dll.mui
------------------------------------------------------------------------------
RtkAudioService64.exe pid: 3200 NT AUTHORITY\SYSTEM
   40: File  (RW-)   C:\Windows\System32
  254: Section       \BaseNamedObjects\windows_shell_global_counters
------------------------------------------------------------------------------
svchost.exe pid: 3400 NT AUTHORITY\LOCAL SERVICE
   48: File  (RW-)   C:\Windows\System32
  128: File  (R-D)   C:\Program Files\WindowsApps\Microsoft.LanguageExperiencePackzh-CN_18362.24.72.0_neutral__8wekyb3d8bbwe\Windows\System32\zh-CN\svchost.exe.mui
------------------------------------------------------------------------------
svchost.exe pid: 3408 NT AUTHORITY\LOCAL SERVICE
   48: File  (RW-)   C:\Windows\System32
  128: File  (R-D)   C:\Program Files\WindowsApps\Microsoft.LanguageExperiencePackzh-CN_18362.24.72.0_neutral__8wekyb3d8bbwe\Windows\System32\zh-CN\svchost.exe.mui
  320: Section       \BaseNamedObjects\__ComCatalogCache__
  330: Section       \BaseNamedObjects\__ComCatalogCache__
  334: File  (R--)   C:\Windows\Registration\R00000000000d.clb
  34C: File  (R-D)   C:\Program Files\WindowsApps\Microsoft.LanguageExperiencePackzh-CN_18362.24.72.0_neutral__8wekyb3d8bbwe\Windows\System32\zh-CN\KernelBase.dll.mui
------------------------------------------------------------------------------
ZhuDongFangYu.exe pid: 3528 \<unable to open process>
------------------------------------------------------------------------------
svchost.exe pid: 3576 NT AUTHORITY\SYSTEM
   48: File  (RW-)   C:\Windows\System32
  134: File  (R-D)   C:\Program Files\WindowsApps\Microsoft.LanguageExperiencePackzh-CN_18362.24.72.0_neutral__8wekyb3d8bbwe\Windows\System32\zh-CN\svchost.exe.mui
  284: Section       \BaseNamedObjects\__ComCatalogCache__
  290: Section       \BaseNamedObjects\__ComCatalogCache__
  294: File  (R--)   C:\Windows\Registration\R00000000000d.clb
  2B0: File  (R-D)   C:\Program Files\WindowsApps\Microsoft.LanguageExperiencePackzh-CN_18362.24.72.0_neutral__8wekyb3d8bbwe\Windows\System32\zh-CN\KernelBase.dll.mui
  610: Section       \BaseNamedObjects\windows_shell_global_counters
  7C8: File  (R-D)   C:\Program Files\WindowsApps\Microsoft.LanguageExperiencePackzh-CN_18362.24.72.0_neutral__8wekyb3d8bbwe\Windows\System32\zh-CN\wlansvc.dll.mui
------------------------------------------------------------------------------
svchost.exe pid: 3676 NT AUTHORITY\SYSTEM
   48: File  (RW-)   C:\Windows\System32
  134: File  (R-D)   C:\Program Files\WindowsApps\Microsoft.LanguageExperiencePackzh-CN_18362.24.72.0_neutral__8wekyb3d8bbwe\Windows\System32\zh-CN\svchost.exe.mui
  204: Section       \BaseNamedObjects\__ComCatalogCache__
  360: Section       \BaseNamedObjects\RotHintTable
  364: Section       \BaseNamedObjects\__ComCatalogCache__
  368: File  (R--)   C:\Windows\Registration\R00000000000d.clb
------------------------------------------------------------------------------
spoolsv.exe pid: 3828 NT AUTHORITY\SYSTEM
   48: File  (RW-)   C:\Windows\System32
   A4: File  (R-D)   C:\Program Files\WindowsApps\Microsoft.LanguageExperiencePackzh-CN_18362.24.72.0_neutral__8wekyb3d8bbwe\Windows\System32\zh-CN\spoolsv.exe.mui
  270: File  (RWD)   C:\Windows\System32\spool\drivers\W32X86\PCC
  3B0: File  (R-D)   C:\Program Files\WindowsApps\Microsoft.LanguageExperiencePackzh-CN_18362.24.72.0_neutral__8wekyb3d8bbwe\Windows\System32\zh-CN\localspl.dll.mui
  56C: File  (R-D)   C:\Program Files\WindowsApps\Microsoft.LanguageExperiencePackzh-CN_18362.24.72.0_neutral__8wekyb3d8bbwe\Windows\System32\zh-CN\APMon.dll.mui
  57C: Section       \BaseNamedObjects\__ComCatalogCache__
  58C: Section       \BaseNamedObjects\__ComCatalogCache__
  590: File  (R--)   C:\Windows\Registration\R00000000000d.clb
  5AC: File  (R-D)   C:\Program Files\WindowsApps\Microsoft.LanguageExperiencePackzh-CN_18362.24.72.0_neutral__8wekyb3d8bbwe\Windows\System32\zh-CN\KernelBase.dll.mui
  668: File  (R-D)   C:\Program Files\WindowsApps\Microsoft.LanguageExperiencePackzh-CN_18362.24.72.0_neutral__8wekyb3d8bbwe\Windows\System32\zh-CN\win32spl.dll.mui
  67C: File  (RWD)   C:\Windows\System32\spool\drivers\x64\PCC
  694: File  (RWD)   C:\Windows\System32\spool\drivers\W32X86\PCC
  698: File  (R-D)   C:\Program Files\WindowsApps\Microsoft.LanguageExperiencePackzh-CN_18362.24.72.0_neutral__8wekyb3d8bbwe\Windows\System32\zh-CN\inetpp.dll.mui
  77C: File  (RWD)   C:\Windows\System32\spool\drivers\x64\PCC
  780: File  (RWD)   C:\Windows\System32\spool\drivers\x64\PCC
  78C: File  (RWD)   C:\Windows\System32\spool\drivers\x64\PCC
  79C: File  (RWD)   C:\Windows\System32\spool\drivers\x64\PCC
------------------------------------------------------------------------------
RAVBg64.exe pid: 3896 NT AUTHORITY\SYSTEM
   40: File  (RW-)   C:\Windows\System32
   78: File  (RW-)   C:\Windows\WinSxS\amd64_microsoft.windows.gdiplus_6595b64144ccf1df_1.1.18362.778_none_17b1aa466d9fc986
   90: File  (RW-)   C:\Windows\WinSxS\amd64_microsoft.windows.common-controls_6595b64144ccf1df_6.0.18362.778_none_e6c6b761130d4fb8
  3B8: Section       \BaseNamedObjects\__ComCatalogCache__
  3C4: Section       \BaseNamedObjects\__ComCatalogCache__
  3C8: File  (R--)   C:\Windows\Registration\R00000000000d.clb
  488: Section       \Windows\Theme2514694826
  48C: Section       \Sessions\1\Windows\Theme3897123807
------------------------------------------------------------------------------
svchost.exe pid: 3904 NT AUTHORITY\LOCAL SERVICE
   48: File  (RW-)   C:\Windows\System32
  13C: File  (R-D)   C:\Program Files\WindowsApps\Microsoft.LanguageExperiencePackzh-CN_18362.24.72.0_neutral__8wekyb3d8bbwe\Windows\System32\zh-CN\svchost.exe.mui
  1C8: File  (R-D)   C:\Program Files\WindowsApps\Microsoft.LanguageExperiencePackzh-CN_18362.24.72.0_neutral__8wekyb3d8bbwe\Windows\System32\zh-CN\bfe.dll.mui
  2FC: File  (R-D)   C:\Program Files\WindowsApps\Microsoft.LanguageExperiencePackzh-CN_18362.24.72.0_neutral__8wekyb3d8bbwe\Windows\System32\zh-CN\FirewallAPI.dll.mui
  670: Section       \BaseNamedObjects\__ComCatalogCache__
  6C8: File  (R--)   C:\Windows\Registration\R00000000000d.clb
  73C: Section       \BaseNamedObjects\__ComCatalogCache__
------------------------------------------------------------------------------
svchost.exe pid: 3960 NT AUTHORITY\NETWORK SERVICE
   48: File  (RW-)   C:\Windows\System32
  128: File  (R-D)   C:\Program Files\WindowsApps\Microsoft.LanguageExperiencePackzh-CN_18362.24.72.0_neutral__8wekyb3d8bbwe\Windows\System32\zh-CN\svchost.exe.mui
  1D4: File  (---)   \Device\Mup
  1FC: File  (---)   \Device\Mup
  2F0: Section       \BaseNamedObjects\__ComCatalogCache__
  2FC: Section       \BaseNamedObjects\__ComCatalogCache__
  300: File  (R--)   C:\Windows\Registration\R00000000000d.clb
------------------------------------------------------------------------------
sihost.exe pid: 4036 LAPTOP-MHITGFCH\lenovo
   40: File  (RW-)   C:\Windows\System32
  194: Section       \BaseNamedObjects\__ComCatalogCache__
  1BC: Section       \BaseNamedObjects\__ComCatalogCache__
  1C0: File  (R--)   C:\Windows\Registration\R00000000000d.clb
  5AC: Section       \Sessions\1\BaseNamedObjects\windows_shell_global_counters
  6CC: File  (R-D)   C:\Program Files\WindowsApps\Microsoft.LanguageExperiencePackzh-CN_18362.24.72.0_neutral__8wekyb3d8bbwe\Windows\System32\zh-CN\KernelBase.dll.mui
------------------------------------------------------------------------------
svchost.exe pid: 3152 LAPTOP-MHITGFCH\lenovo
   4C: File  (RW-)   C:\Windows\System32
  144: File  (R-D)   C:\Program Files\WindowsApps\Microsoft.LanguageExperiencePackzh-CN_18362.24.72.0_neutral__8wekyb3d8bbwe\Windows\System32\zh-CN\svchost.exe.mui
  1E8: Section       \BaseNamedObjects\__ComCatalogCache__
  2A0: Section       \BaseNamedObjects\__ComCatalogCache__
  2A4: File  (R--)   C:\Windows\Registration\R00000000000d.clb
  35C: File  (R-D)   C:\Program Files\WindowsApps\Microsoft.LanguageExperiencePackzh-CN_18362.24.72.0_neutral__8wekyb3d8bbwe\Windows\System32\zh-CN\crypt32.dll.mui
  390: Section       \Sessions\1\BaseNamedObjects\windows_shell_global_counters
  3DC: File  (RW-)   C:\Users\lenovo\AppData\Local\ConnectedDevicesPlatform\L.lenovo\ActivitiesCache.db
  4E0: File  (RW-)   C:\Users\lenovo\AppData\Local\ConnectedDevicesPlatform\L.lenovo\ActivitiesCache.db-wal
  4E4: File  (RW-)   C:\Users\lenovo\AppData\Local\ConnectedDevicesPlatform\L.lenovo\ActivitiesCache.db-shm
------------------------------------------------------------------------------
PresentationFontCache.exe pid: 3536 NT AUTHORITY\LOCAL SERVICE
   40: File  (RW-)   C:\Windows\System32
  140: File  (RW-)   C:\Windows\WinSxS\amd64_microsoft.vc80.crt_1fc8b3b9a1e18e3b_8.0.50727.9659_none_88dfc6bf2faefcc6
  144: Section       \BaseNamedObjects\Cor_Private_IPCBlock_3536
  15C: Section       \BaseNamedObjects\Cor_Public_IPCBlock_3536
  218: Section       \BaseNamedObjects\windows_shell_global_counters
  278: File  (R--)   C:\Windows\assembly\NativeImages_v2.0.50727_64\index8c.dat
  2A8: File  (R--)   C:\Windows\assembly\pubpol208.dat
  2AC: Section       \BaseNamedObjects\NLS_CodePage_936_3_2_0_0
  2F0: File  (RW-)   C:\Windows\WinSxS\amd64_microsoft.vc80.crt_1fc8b3b9a1e18e3b_8.0.50727.9659_none_88dfc6bf2faefcc6
  304: File  (RW-)   C:\Windows\WinSxS\amd64_microsoft.vc80.crt_1fc8b3b9a1e18e3b_8.0.50727.9659_none_88dfc6bf2faefcc6
  39C: Section       \BaseNamedObjects\Font Cache Mapping 825d9a57-0981-4ef2-9b27-528a6abcd8c9
  3A4: File  (R-D)   C:\Windows\assembly\GAC_64\mscorlib\2.0.0.0__b77a5c561934e089\sorttbls.nlp
  3AC: File  (R-D)   C:\Windows\assembly\GAC_64\mscorlib\2.0.0.0__b77a5c561934e089\prcp.nlp
  3B4: Section       \BaseNamedObjects\NLS_00000804_Exception_Table_3_2
  3B8: File  (R-D)   C:\Windows\assembly\GAC_64\mscorlib\2.0.0.0__b77a5c561934e089\sortkey.nlp
  3C4: File  (R-D)   C:\Windows\assembly\GAC_MSIL\System.ServiceProcess.Resources\2.0.0.0_zh-CHS_b03f5f7f11d50a3a\System.ServiceProcess.Resources.dll
------------------------------------------------------------------------------
svchost.exe pid: 3720 LAPTOP-MHITGFCH\lenovo
   48: File  (RW-)   C:\Windows\System32
  130: File  (R-D)   C:\Program Files\WindowsApps\Microsoft.LanguageExperiencePackzh-CN_18362.24.72.0_neutral__8wekyb3d8bbwe\Windows\System32\zh-CN\svchost.exe.mui
  1FC: Section       \BaseNamedObjects\__ComCatalogCache__
  208: Section       \BaseNamedObjects\__ComCatalogCache__
  20C: File  (R--)   C:\Windows\Registration\R00000000000d.clb
  2E8: Section       \Sessions\1\BaseNamedObjects\windows_shell_global_counters
  310: File  (RW-)   C:\Users\lenovo\AppData\Local\Microsoft\Windows\Notifications\wpndatabase.db-wal
  314: File  (RW-)   C:\Users\lenovo\AppData\Local\Microsoft\Windows\Notifications\wpndatabase.db
  318: File  (RW-)   C:\Users\lenovo\AppData\Local\Microsoft\Windows\Notifications\wpndatabase.db-shm
  3F8: File  (R-D)   C:\Program Files\WindowsApps\Microsoft.LanguageExperiencePackzh-CN_18362.24.72.0_neutral__8wekyb3d8bbwe\Windows\System32\zh-CN\KernelBase.dll.mui
  52C: File  (R-D)   C:\Program Files\WindowsApps\Microsoft.LanguageExperiencePackzh-CN_18362.24.72.0_neutral__8wekyb3d8bbwe\Windows\System32\zh-CN\QuietHours.dll.mui
  5CC: File  (R-D)   C:\Windows\System32\en-US\netmsg.dll.mui
  5D4: File  (R-D)   C:\Windows\System32\zh-CN\netmsg.dll.mui
  638: Section       \Sessions\1\BaseNamedObjects\C:*Users*lenovo*AppData*Local*Microsoft*Windows*Caches*cversions.3.ro
  6C4: Section       \Sessions\1\BaseNamedObjects\C:*Users*lenovo*AppData*Local*Microsoft*Windows*Caches*{3DA71D5A-20CC-432F-A115-DFE92379E91F}.3.ver0x0000000000000462.db
  700: File  (R-D)   C:\Program Files\WindowsApps\Microsoft.LanguageExperiencePackzh-CN_18362.24.72.0_neutral__8wekyb3d8bbwe\Windows\System32\zh-CN\NotificationController.dll.mui
  734: File  (R-D)   C:\Program Files\WindowsApps\Microsoft.LanguageExperiencePackzh-CN_18362.24.72.0_neutral__8wekyb3d8bbwe\Windows\System32\zh-CN\winnlsres.dll.mui
  7A4: File  (R-D)   C:\Program Files\WindowsApps\Microsoft.LanguageExperiencePackzh-CN_18362.24.72.0_neutral__8wekyb3d8bbwe\Windows\System32\zh-CN\mswsock.dll.mui
  8C0: File  (R-D)   C:\Program Files\WindowsApps\Microsoft.LanguageExperiencePackzh-CN_18362.24.72.0_neutral__8wekyb3d8bbwe\Windows\System32\zh-CN\crypt32.dll.mui
------------------------------------------------------------------------------
taskhostw.exe pid: 4216 LAPTOP-MHITGFCH\lenovo
   40: File  (RW-)   C:\Windows\System32
  10C: File  (R-D)   C:\Program Files\WindowsApps\Microsoft.LanguageExperiencePackzh-CN_18362.24.72.0_neutral__8wekyb3d8bbwe\Windows\System32\zh-CN\taskhostw.exe.mui
  180: Section       \Windows\Theme2514694826
  184: Section       \Sessions\1\Windows\Theme3897123807
  1A4: Section       \BaseNamedObjects\__ComCatalogCache__
  1B4: Section       \BaseNamedObjects\__ComCatalogCache__
  1B8: File  (R--)   C:\Windows\Registration\R00000000000d.clb
  1F4: File  (R-D)   C:\Windows\System32\en-US\MsCtfMonitor.dll.mui
  250: File  (---)   C:\Users\lenovo\AppData\Local\Microsoft\Windows\WebCache\WebCacheV01.jfm
  27C: File  (R-D)   C:\Windows\System32\zh-CN\ESENT.dll.mui
  2C0: Section       \Sessions\1\BaseNamedObjects\windows_shell_global_counters
  304: File  (R-D)   C:\Program Files\WindowsApps\Microsoft.LanguageExperiencePackzh-CN_18362.24.72.0_neutral__8wekyb3d8bbwe\Windows\System32\zh-CN\winmm.dll.mui
  348: File  (---)   C:\Users\lenovo\AppData\Local\Microsoft\Windows\WebCache\WebCacheV01.dat
  36C: File  (---)   C:\Users\lenovo\AppData\Local\Microsoft\Windows\WebCacheLock.dat
  3B8: Section       \Sessions\1\BaseNamedObjects\windows_webcache_counters_{9B6AB5B3-91BC-4097-835C-EA2DEC95E9CC}_S-1-5-21-1347350027-276978489-4274093279-1001
  494: File  (---)   C:\Users\lenovo\AppData\Local\Microsoft\Windows\WebCache\V01.log
  728: File  (---)   C:\Users\lenovo\AppData\Local\Microsoft\Windows\WebCache\V01tmp.log
------------------------------------------------------------------------------
svchost.exe pid: 4224 NT AUTHORITY\SYSTEM
   4C: File  (RW-)   C:\Windows\System32
  140: File  (R-D)   C:\Program Files\WindowsApps\Microsoft.LanguageExperiencePackzh-CN_18362.24.72.0_neutral__8wekyb3d8bbwe\Windows\System32\zh-CN\svchost.exe.mui
  214: Section       \BaseNamedObjects\__ComCatalogCache__
  258: Section       \BaseNamedObjects\__ComCatalogCache__
  25C: File  (R--)   C:\Windows\Registration\R00000000000d.clb
  594: File  (R-D)   C:\Program Files\WindowsApps\Microsoft.LanguageExperiencePackzh-CN_18362.24.72.0_neutral__8wekyb3d8bbwe\Windows\System32\zh-CN\combase.dll.mui
  598: File  (R-D)   C:\Program Files\WindowsApps\Microsoft.LanguageExperiencePackzh-CN_18362.24.72.0_neutral__8wekyb3d8bbwe\Windows\System32\zh-CN\KernelBase.dll.mui
------------------------------------------------------------------------------
LenovoNerveCenterUpdateAgent.exe pid: 4260 LAPTOP-MHITGFCH\lenovo
   40: File  (RW-)   C:\Windows\System32
  1C0: File  (R--)   C:\Windows\Registration\R00000000000d.clb
  1F0: Section       \Sessions\1\BaseNamedObjects\windows_webcache_counters_{9B6AB5B3-91BC-4097-835C-EA2DEC95E9CC}_S-1-5-21-1347350027-276978489-4274093279-1001
  1FC: Section       \BaseNamedObjects\__ComCatalogCache__
  2A0: Section       \Sessions\1\BaseNamedObjects\windows_shell_global_counters
  3D0: Section       \BaseNamedObjects\F932B6C7-3A20-46A0-B8A0-8894AA421973
  420: File  (R-D)   C:\Program Files\WindowsApps\Microsoft.LanguageExperiencePackzh-CN_18362.24.72.0_neutral__8wekyb3d8bbwe\Windows\System32\zh-CN\mswsock.dll.mui
  48C: File  (R-D)   C:\Program Files\WindowsApps\Microsoft.LanguageExperiencePackzh-CN_18362.24.72.0_neutral__8wekyb3d8bbwe\Windows\System32\zh-CN\winnlsres.dll.mui
  590: File  (R-D)   C:\Program Files\WindowsApps\Microsoft.LanguageExperiencePackzh-CN_18362.24.72.0_neutral__8wekyb3d8bbwe\Windows\System32\zh-CN\crypt32.dll.mui
  5F4: Section       \BaseNamedObjects\Cor_Private_IPCBlock_v4_4260
  5FC: Section       \...\Cor_SxSPublic_IPCBlock
  694: File  (R-D)   C:\Program Files\Lenovo\Nerve Center\bin\x64\Xmlparser.dll
  6A4: File  (R--)   C:\Windows\assembly\pubpol208.dat
------------------------------------------------------------------------------
svchost.exe pid: 4404 NT AUTHORITY\SYSTEM
   48: File  (RW-)   C:\Windows\System32
  134: File  (R-D)   C:\Program Files\WindowsApps\Microsoft.LanguageExperiencePackzh-CN_18362.24.72.0_neutral__8wekyb3d8bbwe\Windows\System32\zh-CN\svchost.exe.mui
  27C: Section       \BaseNamedObjects\__ComCatalogCache__
  28C: Section       \BaseNamedObjects\__ComCatalogCache__
  290: File  (R--)   C:\Windows\Registration\R00000000000d.clb
------------------------------------------------------------------------------
ctfmon.exe pid: 4484 LAPTOP-MHITGFCH\lenovo
   40: File  (RW-)   C:\Windows\System32
  110: File  (R-D)   C:\Program Files\WindowsApps\Microsoft.LanguageExperiencePackzh-CN_18362.24.72.0_neutral__8wekyb3d8bbwe\Windows\System32\zh-CN\ctfmon.exe.mui
  2B8: Section       \Windows\Theme2514694826
  2BC: Section       \Sessions\1\Windows\Theme3897123807
  36C: Section       \Sessions\1\BaseNamedObjects\AsyncKeyStateTrackerSharedMemory
  3B0: Section       \BaseNamedObjects\__ComCatalogCache__
  3B4: File  (R--)   C:\Windows\Registration\R00000000000d.clb
  3B8: Section       \BaseNamedObjects\__ComCatalogCache__
  578: File  (R--)   C:\Windows\InputMethod\CHS\ChsPinyinFamilyName.lex
  57C: File  (R--)   C:\Windows\InputMethod\CHS\ChsPinyin.lex
  590: File  (R--)   C:\Windows\InputMethod\CHS\ChsLearningModel.lex
  5A8: File  (R--)   C:\Windows\InputMethod\CHS\ChsPinyinDM45.lex
  5AC: File  (R--)   C:\Windows\InputMethod\CHS\ChsPinyinDM42.lex
  5B8: File  (R--)   C:\Windows\InputMethod\CHS\ChsExtra.lex
  5C4: File  (R--)   C:\Windows\InputMethod\CHS\ChsPinyinStx.lex
  614: Section       \Sessions\1\BaseNamedObjects\windows_shell_global_counters
  618: File  (R--)   C:\Windows\InputMethod\CHS\ChsPinyinDM41.lex
  624: File  (R--)   C:\Windows\InputMethod\CHS\ChsPinyinDM49.lex
  628: File  (R--)   C:\Windows\InputMethod\CHS\ChsPinyinDM48.lex
  630: File  (R--)   C:\Windows\InputMethod\CHS\ChsPinyinDM36.lex
  638: File  (R--)   C:\Windows\InputMethod\CHS\ChsPinyinDM47.lex
  644: File  (R--)   C:\Windows\InputMethod\CHS\ChsPinyinDM46.lex
  650: File  (R--)   C:\Windows\InputMethod\CHS\ChsPinyinDM44.lex
  658: File  (R--)   C:\Windows\InputMethod\CHS\ChsPinyinDM43.lex
  660: File  (R--)   C:\Windows\InputMethod\CHS\ChsPinyinDM40.lex
  668: File  (R--)   C:\Windows\InputMethod\CHS\ChsPinyinDM39.lex
  670: File  (R--)   C:\Windows\InputMethod\CHS\ChsPinyinDM38.lex
  678: File  (R--)   C:\Windows\InputMethod\CHS\ChsPinyinDM37.lex
  680: File  (R--)   C:\Windows\InputMethod\CHS\ChsPinyinDM35.lex
  688: File  (R--)   C:\Windows\InputMethod\CHS\ChsPinyinDM34.lex
  690: File  (R--)   C:\Windows\InputMethod\CHS\ChsPinyinDM33.lex
  698: File  (R--)   C:\Windows\InputMethod\CHS\ChsPinyinDM32.lex
  6A0: File  (R--)   C:\Windows\InputMethod\CHS\ChsPinyinDM31.lex
  6A8: File  (R--)   C:\Windows\InputMethod\CHS\ChsPinyinDM30.lex
  6B0: File  (R--)   C:\Windows\InputMethod\CHS\ChsPinyinDM29.lex
  6B8: File  (R--)   C:\Windows\InputMethod\CHS\ChsPinyinDM28.lex
  6C0: File  (R--)   C:\Windows\InputMethod\CHS\ChsPinyinDM27.lex
  6C8: File  (R--)   C:\Windows\InputMethod\CHS\ChsPinyinDM26.lex
  6D0: File  (R--)   C:\Windows\InputMethod\CHS\ChsPinyinDM25.lex
  6D8: File  (R--)   C:\Windows\InputMethod\CHS\ChsPinyinDM24.lex
  6E0: File  (R--)   C:\Windows\InputMethod\CHS\ChsPinyinDM23.lex
  6E8: File  (R--)   C:\Windows\InputMethod\CHS\ChsPinyinDM22.lex
  6F0: File  (R--)   C:\Windows\InputMethod\CHS\ChsPinyinDM21.lex
  6F8: File  (R--)   C:\Windows\InputMethod\CHS\ChsPinyinDM20.lex
  700: File  (R--)   C:\Windows\InputMethod\CHS\ChsPinyinDM19.lex
  708: File  (R--)   C:\Windows\InputMethod\CHS\ChsPinyinDM18.lex
  710: File  (R--)   C:\Windows\InputMethod\CHS\ChsPinyinDM17.lex
  718: File  (R--)   C:\Windows\InputMethod\CHS\ChsPinyinDM16.lex
  720: File  (R--)   C:\Windows\InputMethod\CHS\ChsPinyinDM15.lex
  728: File  (R--)   C:\Windows\InputMethod\CHS\ChsPinyinDM14.lex
  730: File  (R--)   C:\Windows\InputMethod\CHS\ChsPinyinDM13.lex
  738: File  (R--)   C:\Windows\InputMethod\CHS\ChsPinyinDM12.lex
  740: File  (R--)   C:\Windows\InputMethod\CHS\ChsPinyinDM11.lex
  748: File  (R--)   C:\Windows\InputMethod\CHS\ChsPinyinDM10.lex
  750: File  (R--)   C:\Windows\InputMethod\CHS\ChsPinyinDM09.lex
  758: File  (R--)   C:\Windows\InputMethod\CHS\ChsPinyinDM08.lex
  760: File  (R--)   C:\Windows\InputMethod\CHS\ChsPinyinDM07.lex
  768: File  (R--)   C:\Windows\InputMethod\CHS\ChsPinyinDM06.lex
  770: File  (R--)   C:\Windows\InputMethod\CHS\ChsPinyinDM05.lex
  778: File  (R--)   C:\Windows\InputMethod\CHS\ChsPinyinDM04.lex
  780: File  (R--)   C:\Windows\InputMethod\CHS\ChsPinyinDM03.lex
  788: File  (R--)   C:\Windows\InputMethod\CHS\ChsPinyinDM02.lex
  790: File  (R--)   C:\Windows\InputMethod\CHS\ChsPinyinDM01.lex
  808: File  (R--)   C:\Windows\InputMethod\CHS\ChsPinyin.lm
  814: File  (R--)   C:\Windows\InputMethod\CHS\ChsPinyinFirstName.lex
  820: Section       \Sessions\1\BaseNamedObjects\Taihang/FileMap/C:/Users/lenovo/AppData/Roaming/microsoft/InputMethod/Chs/ChsPinyinIH_Beta.dat
  844: Section       \Sessions\1\BaseNamedObjects\CTF.AsmListCache.FMPDefault1
  8C8: File  (R--)   C:\Windows\InputMethod\CHS\ChsPinyinUDP.lex
  8CC: Section       \Sessions\1\BaseNamedObjects\C:/WINDOWS/InputMethod/Chs/ChsPinyinUDP.lex
  8D0: File  (R--)   C:\Windows\InputMethod\CHS\ChsDoublePinyinUDP.lex
  8D4: Section       \Sessions\1\BaseNamedObjects\C:/WINDOWS/InputMethod/Chs/ChsDoublePinyinUDP.lex
------------------------------------------------------------------------------
svchost.exe pid: 4636 NT AUTHORITY\LOCAL SERVICE
   4C: File  (RW-)   C:\Windows\System32
  128: File  (R-D)   C:\Program Files\WindowsApps\Microsoft.LanguageExperiencePackzh-CN_18362.24.72.0_neutral__8wekyb3d8bbwe\Windows\System32\zh-CN\svchost.exe.mui
  250: Section       \BaseNamedObjects\__ComCatalogCache__
  288: File  (R-D)   C:\Program Files\WindowsApps\Microsoft.LanguageExperiencePackzh-CN_18362.24.72.0_neutral__8wekyb3d8bbwe\Windows\System32\zh-CN\crypt32.dll.mui
  294: Section       \BaseNamedObjects\__ComCatalogCache__
  2BC: File  (R--)   C:\Windows\Registration\R00000000000d.clb
  448: Section       \BaseNamedObjects\RotHintTable
  644: File  (R-D)   C:\Program Files\WindowsApps\Microsoft.LanguageExperiencePackzh-CN_18362.24.72.0_neutral__8wekyb3d8bbwe\Windows\System32\zh-CN\mswsock.dll.mui
  790: File  (R-D)   C:\Program Files\WindowsApps\Microsoft.LanguageExperiencePackzh-CN_18362.24.72.0_neutral__8wekyb3d8bbwe\Windows\System32\zh-CN\KernelBase.dll.mui
------------------------------------------------------------------------------
igfxEM.exe pid: 4836 LAPTOP-MHITGFCH\lenovo
   44: File  (RW-)   C:\Windows\System32
  23C: Section       \BaseNamedObjects\__ComCatalogCache__
  240: File  (R--)   C:\Windows\Registration\R00000000000d.clb
  248: File  (RW-)   C:\Windows\WinSxS\amd64_microsoft.windows.common-controls_6595b64144ccf1df_6.0.18362.778_none_e6c6b761130d4fb8
  268: Section       \Windows\Theme2514694826
  270: Section       \Sessions\1\Windows\Theme3897123807
  290: File  (R-D)   C:\Program Files\WindowsApps\Microsoft.LanguageExperiencePackzh-CN_18362.24.72.0_neutral__8wekyb3d8bbwe\Windows\System32\zh-CN\user32.dll.mui
  308: Section       \BaseNamedObjects\__ComCatalogCache__
  3C8: Section       \Sessions\1\BaseNamedObjects\windows_shell_global_counters
  3F4: Section       \BaseNamedObjects\windows_shell_global_counters
  408: Section       \Sessions\1\BaseNamedObjects\C:*ProgramData*Microsoft*Windows*Caches*cversions.2.ro
  410: Section       \Sessions\1\BaseNamedObjects\C:*ProgramData*Microsoft*Windows*Caches*{DDF571F2-BE98-426D-8288-1A9A39C3FDA2}.2.ver0x0000000000000001.db
  41C: Section       \Sessions\1\BaseNamedObjects\C:*ProgramData*Microsoft*Windows*Caches*{6AF0698E-D558-4F6E-9B3C-3716689AF493}.2.ver0x0000000000000001.db
  420: Section       \Sessions\1\BaseNamedObjects\C:*ProgramData*Microsoft*Windows*Caches*cversions.2.ro
  4D8: File  (RW-)   C:\Windows\WinSxS\amd64_microsoft.windows.common-controls_6595b64144ccf1df_6.0.18362.778_none_e6c6b761130d4fb8
  58C: File  (R-D)   C:\Program Files\WindowsApps\Microsoft.LanguageExperiencePackzh-CN_18362.24.72.0_neutral__8wekyb3d8bbwe\Windows\System32\zh-CN\mpr.dll.mui
  604: Section       \Sessions\1\BaseNamedObjects\windows_webcache_counters_{9B6AB5B3-91BC-4097-835C-EA2DEC95E9CC}_S-1-5-21-1347350027-276978489-4274093279-1001
  738: Section       \BaseNamedObjects\F932B6C7-3A20-46A0-B8A0-8894AA421973
  7B8: Section       \Sessions\1\BaseNamedObjects\UrlZonesSM_lenovo
  7FC: File  (R-D)   C:\Program Files\WindowsApps\Microsoft.LanguageExperiencePackzh-CN_18362.24.72.0_neutral__8wekyb3d8bbwe\Windows\System32\zh-CN\mswsock.dll.mui
  87C: File  (R-D)   C:\Program Files\WindowsApps\Microsoft.LanguageExperiencePackzh-CN_18362.24.72.0_neutral__8wekyb3d8bbwe\Windows\System32\zh-CN\crypt32.dll.mui
  928: Section       \Sessions\1\BaseNamedObjects\C:*ProgramData*Microsoft*Windows*Caches*cversions.2.ro
------------------------------------------------------------------------------
IntelCpHDCPSvc.exe pid: 4844 NT AUTHORITY\SYSTEM
   40: File  (RW-)   C:\Windows\System32
  220: Section       \BaseNamedObjects\__ComCatalogCache__
  22C: Section       \BaseNamedObjects\__ComCatalogCache__
  230: File  (R--)   C:\Windows\Registration\R00000000000d.clb
------------------------------------------------------------------------------
DolbyDAX2API.exe pid: 4868 NT AUTHORITY\SYSTEM
   40: File  (RW-)   C:\Windows\System32
  1A4: Section       \BaseNamedObjects\__ComCatalogCache__
  1F0: Section       \BaseNamedObjects\__ComCatalogCache__
  1F4: File  (R--)   C:\Windows\Registration\R00000000000d.clb
  220: File  (R-D)   C:\Program Files\WindowsApps\Microsoft.LanguageExperiencePackzh-CN_18362.24.72.0_neutral__8wekyb3d8bbwe\Windows\System32\zh-CN\KernelBase.dll.mui
  264: Section       \BaseNamedObjects\Cor_Private_IPCBlock_v4_4868
  26C: Section       \...\Cor_SxSPublic_IPCBlock
  340: File  (R--)   C:\Windows\assembly\pubpol208.dat
------------------------------------------------------------------------------
svchost.exe pid: 4884 NT AUTHORITY\SYSTEM
   48: File  (RW-)   C:\Windows
   94: File  (RW-)   C:\Windows\SysWOW64
  138: File  (R-D)   C:\Program Files\WindowsApps\Microsoft.LanguageExperiencePackzh-CN_18362.24.72.0_neutral__8wekyb3d8bbwe\Windows\System32\zh-CN\svchost.exe.mui
  3FC: File  (R-D)   C:\Program Files\WindowsApps\Microsoft.LanguageExperiencePackzh-CN_18362.24.72.0_neutral__8wekyb3d8bbwe\Windows\System32\zh-CN\crypt32.dll.mui
------------------------------------------------------------------------------
FlashHelperService.exe pid: 4896 NT AUTHORITY\SYSTEM
   44: File  (RW-)   C:\Windows
   90: File  (RW-)   C:\Windows\SysWOW64
   B0: File  (RW-)   C:\Windows\WinSxS\x86_microsoft.windows.gdiplus_6595b64144ccf1df_1.1.18362.778_none_5f5ee11d821bf28c
   C0: File  (RW-)   C:\Windows\WinSxS\x86_microsoft.windows.common-controls_6595b64144ccf1df_5.82.18362.778_none_71d70b7d5ae4146f
  2EC: Section       \BaseNamedObjects\C:*ProgramData*Microsoft*Windows*Caches*{DDF571F2-BE98-426D-8288-1A9A39C3FDA2}.2.ver0x0000000000000001.db
  30C: File  (R-D)   C:\Program Files\WindowsApps\Microsoft.LanguageExperiencePackzh-CN_18362.24.72.0_neutral__8wekyb3d8bbwe\Windows\System32\zh-CN\user32.dll.mui
  DBC: Section       \BaseNamedObjects\windows_shell_global_counters
  E20: Section       \BaseNamedObjects\windows_shell_global_counters
  E44: Section       \BaseNamedObjects\F932B6C7-3A20-46A0-B8A0-8894AA421973
  F88: Section       \BaseNamedObjects\__ComCatalogCache__
  F94: Section       \BaseNamedObjects\__ComCatalogCache__
  F98: File  (R--)   C:\Windows\Registration\R00000000000d.clb
  FC0: File  (R-D)   C:\Program Files\WindowsApps\Microsoft.LanguageExperiencePackzh-CN_18362.24.72.0_neutral__8wekyb3d8bbwe\Windows\System32\zh-CN\propsys.dll.mui
  FF4: Section       \BaseNamedObjects\C:*ProgramData*Microsoft*Windows*Caches*cversions.2.ro
  FF8: Section       \BaseNamedObjects\C:*ProgramData*Microsoft*Windows*Caches*{6AF0698E-D558-4F6E-9B3C-3716689AF493}.2.ver0x0000000000000001.db
  FFC: Section       \BaseNamedObjects\C:*ProgramData*Microsoft*Windows*Caches*cversions.2.ro
 107C: Section       \BaseNamedObjects\UrlZonesSM_LAPTOP-MHITGFCH$
------------------------------------------------------------------------------
ETDService.exe pid: 4920 NT AUTHORITY\SYSTEM
   44: File  (RW-)   C:\Windows\System32
------------------------------------------------------------------------------
svchost.exe pid: 4904 NT AUTHORITY\NETWORK SERVICE
   4C: File  (RW-)   C:\Windows\System32
  128: File  (R-D)   C:\Program Files\WindowsApps\Microsoft.LanguageExperiencePackzh-CN_18362.24.72.0_neutral__8wekyb3d8bbwe\Windows\System32\zh-CN\svchost.exe.mui
  1E4: File  (RWD)   C:\Windows\System32\CatRoot
  228: File  (R-D)   C:\Program Files\WindowsApps\Microsoft.LanguageExperiencePackzh-CN_18362.24.72.0_neutral__8wekyb3d8bbwe\Windows\System32\zh-CN\vsstrace.dll.mui
  24C: Section       \BaseNamedObjects\__ComCatalogCache__
  258: Section       \BaseNamedObjects\__ComCatalogCache__
  25C: File  (R--)   C:\Windows\Registration\R00000000000d.clb
  29C: File  (RWD)   C:\Users\lenovo\AppData\LocalLow\Microsoft\CryptnetUrlCache\MetaData
  2D8: File  (---)   C:\Windows\System32\catroot2\{127D0A1D-4EF2-11D1-8608-00C04FC295EE}\catdb.jfm
  2DC: File  (R-D)   C:\Windows\System32\zh-CN\ESENT.dll.mui
  30C: File  (---)   C:\Windows\System32\catroot2\{F750E6C3-38EE-11D1-85E5-00C04FC295EE}\catdb.jfm
  328: File  (---)   C:\Windows\System32\catroot2\{F750E6C3-38EE-11D1-85E5-00C04FC295EE}\catdb
  354: File  (RWD)   C:\Windows\System32\config\systemprofile\AppData\LocalLow\Microsoft\CryptnetUrlCache\MetaData
  448: File  (---)   C:\Windows\System32\catroot2\{127D0A1D-4EF2-11D1-8608-00C04FC295EE}\catdb
  47C: File  (RWD)   C:\Users\lenovo\AppData\Local\Packages\Microsoft.MicrosoftEdge_8wekyb3d8bbwe\AC\#!001\Microsoft\CryptnetUrlCache\MetaData
  480: File  (R-D)   C:\Program Files\WindowsApps\Microsoft.LanguageExperiencePackzh-CN_18362.24.72.0_neutral__8wekyb3d8bbwe\Windows\System32\zh-CN\winnlsres.dll.mui
  484: File  (RWD)   C:\Users\lenovo\AppData\Local\Packages\Microsoft.Windows.Photos_8wekyb3d8bbwe\AC\Microsoft\CryptnetUrlCache\MetaData
  4E0: File  (R-D)   C:\Program Files\WindowsApps\Microsoft.LanguageExperiencePackzh-CN_18362.24.72.0_neutral__8wekyb3d8bbwe\Windows\System32\zh-CN\crypt32.dll.mui
  570: File  (R-D)   C:\Program Files\WindowsApps\Microsoft.LanguageExperiencePackzh-CN_18362.24.72.0_neutral__8wekyb3d8bbwe\Windows\System32\zh-CN\mswsock.dll.mui
  590: File  (R-D)   C:\Program Files\WindowsApps\Microsoft.LanguageExperiencePackzh-CN_18362.24.72.0_neutral__8wekyb3d8bbwe\Windows\System32\zh-CN\dnsapi.dll.mui
  670: File  (RWD)   C:\Users\lenovo\AppData\Local\Packages\Microsoft.Windows.Cortana_cw5n1h2txyewy\AC\Microsoft\CryptnetUrlCache\MetaData
  6B8: File  (RWD)   C:\Users\lenovo\AppData\Local\Packages\Microsoft.MicrosoftEdge_8wekyb3d8bbwe\AC\Microsoft\CryptnetUrlCache\MetaData
  6D4: File  (---)   C:\Windows\System32\catroot2\edb.log
------------------------------------------------------------------------------
Lenovo.Modern.ImController.exe pid: 4912 NT AUTHORITY\SYSTEM
   40: File  (RW-)   C:\Windows
   44: File  (RW-)   C:\Windows\SysWOW64
  1A8: Section       \BaseNamedObjects\Cor_Private_IPCBlock_v4_4912
  1C8: Section       \...\Cor_SxSPublic_IPCBlock
  2E8: File  (R-D)   C:\Windows\Lenovo\ImController\Service\Lenovo.Modern.Utilities.dll
  2EC: File  (R-D)   C:\Windows\Microsoft.NET\assembly\GAC_MSIL\System.ServiceProcess\v4.0_4.0.0.0__b03f5f7f11d50a3a\System.ServiceProcess.dll
  2FC: File  (R--)   C:\Windows\assembly\pubpol208.dat
  304: File  (R-D)   C:\Windows\Lenovo\ImController\Service\Lenovo.Modern.ImController.ImClient.dll
  338: File  (R-D)   C:\Windows\Lenovo\ImController\Service\Lenovo.Modern.ImController.Shared.dll
  3A0: Section       \BaseNamedObjects\windows_shell_global_counters
  428: Section       \BaseNamedObjects\__ComCatalogCache__
  4A8: File  (R-D)   C:\Windows\Lenovo\ImController\Service\Lenovo.ImController.EventLogging.dll
  4AC: File  (R-D)   C:\Windows\Microsoft.NET\assembly\GAC_MSIL\System.ServiceProcess.Resources\v4.0_4.0.0.0_zh-HANS_b03f5f7f11d50a3a\System.ServiceProcess.resources.dll
  50C: File  (R-D)   C:\Windows\Lenovo\ImController\Service\Lenovo.Modern.CoreTypes.dll
  570: File  (R-D)   C:\Program Files\WindowsApps\Microsoft.LanguageExperiencePackzh-CN_18362.24.72.0_neutral__8wekyb3d8bbwe\Windows\System32\zh-CN\KernelBase.dll.mui
  580: File  (R-D)   C:\Windows\Lenovo\ImController\Service\Lenovo.Modern.ImController.PluginManager.dll
  5A4: File  (R-D)   C:\Windows\Lenovo\ImController\Service\Lenovo.Modern.ImController.EventManager.dll
  648: File  (R-D)   C:\Windows\Lenovo\ImController\Service\Lenovo.Modern.ImController.UpdateManager.dll
  6C4: File  (R-D)   C:\Windows\Lenovo\ImController\Service\Lenovo.Modern.ImController.ContractBroker.dll
  720: File  (RW-)   C:\Windows\WinSxS\x86_microsoft.windows.common-controls_6595b64144ccf1df_5.82.18362.778_none_71d70b7d5ae4146f
  7AC: File  (R-D)   C:\Program Files\WindowsApps\Microsoft.LanguageExperiencePackzh-CN_18362.24.72.0_neutral__8wekyb3d8bbwe\Windows\System32\zh-CN\crypt32.dll.mui
  7EC: Section       \BaseNamedObjects\UrlZonesSM_LAPTOP-MHITGFCH$
  954: File  (R-D)   C:\Windows\Microsoft.NET\assembly\GAC_MSIL\System.Xml.Resources\v4.0_4.0.0.0_zh-HANS_b77a5c561934e089\System.xml.resources.dll
  9D8: File  (R-D)   C:\Program Files\WindowsApps\Microsoft.LanguageExperiencePackzh-CN_18362.24.72.0_neutral__8wekyb3d8bbwe\Windows\System32\zh-CN\winnlsres.dll.mui
  9E8: File  (R-D)   C:\Windows\Microsoft.NET\assembly\GAC_MSIL\mscorlib.Resources\v4.0_4.0.0.0_zh-HANS_b77a5c561934e089\mscorlib.resources.dll
  A18: File  (R-D)   C:\Windows\Lenovo\ImController\Service\ClientBrokerAgent.Net.dll
  B2C: Section       \BaseNamedObjects\__ComCatalogCache__
  B34: File  (R-D)   C:\Windows\System32\WinMetadata\Windows.ApplicationModel.winmd
  B40: File  (R--)   C:\Windows\Registration\R00000000000d.clb
  BC4: File  (R-D)   C:\Windows\Microsoft.NET\assembly\GAC_MSIL\System.Core.Resources\v4.0_4.0.0.0_zh-HANS_b77a5c561934e089\System.Core.resources.dll
  C34: File  (R-D)   C:\Windows\System32\WinMetadata\Windows.Management.winmd
  C58: File  (R-D)   C:\Windows\System32\WinMetadata\Windows.System.winmd
  C94: File  (R-D)   C:\Windows\System32\WinMetadata\Windows.Foundation.winmd
  E78: Section       \BaseNamedObjects\NLS_CodePage_936_3_2_0_0
 107C: File  (R-D)   C:\Windows\Microsoft.NET\assembly\GAC_MSIL\System.Resources\v4.0_4.0.0.0_zh-HANS_b77a5c561934e089\System.resources.dll
 1100: Section       \BaseNamedObjects\C:*ProgramData*Microsoft*Windows*Caches*cversions.2.ro
 1104: Section       \BaseNamedObjects\C:*ProgramData*Microsoft*Windows*Caches*{6AF0698E-D558-4F6E-9B3C-3716689AF493}.2.ver0x0000000000000001.db
 1108: Section       \BaseNamedObjects\C:*ProgramData*Microsoft*Windows*Caches*cversions.2.ro
 110C: Section       \BaseNamedObjects\C:*ProgramData*Microsoft*Windows*Caches*{DDF571F2-BE98-426D-8288-1A9A39C3FDA2}.2.ver0x0000000000000001.db
 1110: File  (R-D)   C:\Program Files\WindowsApps\Microsoft.LanguageExperiencePackzh-CN_18362.24.72.0_neutral__8wekyb3d8bbwe\Windows\System32\zh-CN\propsys.dll.mui
 1118: Section       \BaseNamedObjects\windows_shell_global_counters
 114C: File  (R-D)   C:\Windows\Lenovo\ImController\Service\Microsoft.Win32.TaskScheduler.dll
 1164: File  (R-D)   C:\Windows\Microsoft.NET\assembly\GAC_32\CustomMarshalers\v4.0_4.0.0.0__b03f5f7f11d50a3a\CustomMarshalers.dll
 11B0: Section       \BaseNamedObjects\F932B6C7-3A20-46A0-B8A0-8894AA421973
 12F0: Section       \BaseNamedObjects\C:*ProgramData*Microsoft*Windows*Caches*cversions.2.ro
------------------------------------------------------------------------------
svchost.exe pid: 4936 NT AUTHORITY\LOCAL SERVICE
   48: File  (RW-)   C:\Windows\System32
  138: File  (R-D)   C:\Program Files\WindowsApps\Microsoft.LanguageExperiencePackzh-CN_18362.24.72.0_neutral__8wekyb3d8bbwe\Windows\System32\zh-CN\svchost.exe.mui
  1A0: Section       \BaseNamedObjects\__ComCatalogCache__
  1AC: Section       \BaseNamedObjects\__ComCatalogCache__
  1B0: File  (R--)   C:\Windows\Registration\R00000000000d.clb
  2E4: File  (R-D)   C:\Windows\System32\zh-CN\ESENT.dll.mui
  37C: File  (---)   \Device\Mup
------------------------------------------------------------------------------
LegacyCsLoaderService.exe pid: 4968 NT AUTHORITY\SYSTEM
  20C: Section       \BaseNamedObjects\windows_shell_global_counters
  264: File  (RW-)   C:\Program Files\Intel\Intel(R) Online Connect Access
  268: File  (RW-)   C:\ProgramData\Intel\Intel(R) Online Connect Access\Logs\Intel(R)TechnologyAccessLegacyLoader.log
  26C: File  (RWD)   C:\Program Files\Intel\Intel(R) Online Connect Access\Plugins
  310: File  (R-D)   C:\Program Files\WindowsApps\Microsoft.LanguageExperiencePackzh-CN_18362.24.72.0_neutral__8wekyb3d8bbwe\Windows\System32\zh-CN\crypt32.dll.mui
------------------------------------------------------------------------------
IntelTechnologyAccessService.exe pid: 5036 NT AUTHORITY\SYSTEM
  264: Section       \BaseNamedObjects\windows_shell_global_counters
  26C: File  (RW-)   C:\ProgramData\Intel\Intel(R) Online Connect Access\Logs\Intel(R)TechnologyAccess.log
  274: File  (RW-)   C:\Program Files\Intel\Intel(R) Online Connect Access
  744: File  (R-D)   C:\Program Files\WindowsApps\Microsoft.LanguageExperiencePackzh-CN_18362.24.72.0_neutral__8wekyb3d8bbwe\Windows\System32\zh-CN\crypt32.dll.mui
  A60: File  (RW-)   C:\Windows\Temp\a67cb766-88a3-4911-84ef-a1001ad03cf5.LAPTOP-MHITGFCH.LAPTOP-MHITGFCH$.log.WARNING..log
  B0C: Section       \BaseNamedObjects\__ComCatalogCache__
  B14: File  (RW-)   C:\Windows\Temp\a67cb766-88a3-4911-84ef-a1001ad03cf5.LAPTOP-MHITGFCH.LAPTOP-MHITGFCH$.log.ERROR..log
  B34: Section       \BaseNamedObjects\__ComCatalogCache__
  B6C: File  (R--)   C:\Windows\Registration\R00000000000d.clb
 11F4: File  (RW-)   C:\Windows\WinSxS\amd64_microsoft.vc90.crt_1fc8b3b9a1e18e3b_9.0.30729.9619_none_08e065a3a84109b0
------------------------------------------------------------------------------
IpOverUsbSvc.exe pid: 5048 NT AUTHORITY\SYSTEM
   3C: File  (RW-)   C:\Windows
   8C: File  (RW-)   C:\Windows\SysWOW64
  1CC: Section       \BaseNamedObjects\Cor_Private_IPCBlock_v4_5048
  1D0: Section       \...\Cor_SxSPublic_IPCBlock
  27C: File  (R-D)   C:\Windows\Microsoft.NET\assembly\GAC_MSIL\System.ServiceProcess\v4.0_4.0.0.0__b03f5f7f11d50a3a\System.ServiceProcess.dll
  314: File  (R--)   C:\Windows\assembly\pubpol208.dat
  418: Section       \BaseNamedObjects\__ComCatalogCache__
  424: Section       \BaseNamedObjects\__ComCatalogCache__
  428: File  (R--)   C:\Windows\Registration\R00000000000d.clb
  4D8: File  (R-D)   C:\Windows\Microsoft.NET\assembly\GAC_MSIL\System.ServiceProcess.Resources\v4.0_4.0.0.0_zh-HANS_b03f5f7f11d50a3a\System.ServiceProcess.resources.dll
------------------------------------------------------------------------------
svchost.exe pid: 5060 NT AUTHORITY\SYSTEM
   48: File  (RW-)   C:\Windows\System32
  134: File  (R-D)   C:\Program Files\WindowsApps\Microsoft.LanguageExperiencePackzh-CN_18362.24.72.0_neutral__8wekyb3d8bbwe\Windows\System32\zh-CN\svchost.exe.mui
  1D0: File  (RWD)   C:\Windows\System32\wbem\MOF
  20C: Section       \BaseNamedObjects\__ComCatalogCache__
  26C: Section       \BaseNamedObjects\__ComCatalogCache__
  270: File  (R--)   C:\Windows\Registration\R00000000000d.clb
  28C: File  (R-D)   C:\Program Files\WindowsApps\Microsoft.LanguageExperiencePackzh-CN_18362.24.72.0_neutral__8wekyb3d8bbwe\Windows\System32\zh-CN\vsstrace.dll.mui
  33C: Section       \BaseNamedObjects\Wmi Provider Sub System Counters
  358: File  (R--)   C:\Windows\System32\wbem\Repository\MAPPING1.MAP
  35C: File  (R--)   C:\Windows\System32\wbem\Repository\MAPPING2.MAP
  360: File  (R--)   C:\Windows\System32\wbem\Repository\MAPPING3.MAP
  364: File  (R--)   C:\Windows\System32\wbem\Repository\OBJECTS.DATA
  368: File  (R--)   C:\Windows\System32\wbem\Repository\INDEX.BTR
  910: File  (R-D)   C:\Program Files\WindowsApps\Microsoft.LanguageExperiencePackzh-CN_18362.24.72.0_neutral__8wekyb3d8bbwe\Windows\System32\zh-CN\KernelBase.dll.mui
------------------------------------------------------------------------------
lsmain.exe pid: 4672 NT AUTHORITY\SYSTEM
   40: File  (RW-)   C:\Windows
   8C: File  (RW-)   C:\Windows\SysWOW64
   B4: File  (RW-)   C:\Windows\WinSxS\x86_microsoft.windows.gdiplus_6595b64144ccf1df_1.1.18362.778_none_5f5ee11d821bf28c
  230: File  (R--)   C:\ProgramData\lLockscreen\lLockscreen.normal.txt
  23C: Section       \BaseNamedObjects\windows_shell_global_counters
  328: File  (RW-)   C:\Users\lenovo\AppData\Roaming\Lenovo\Ludp\36573TYLDOR0_0B48F8A95CEEA14555A3B85DE398A502.log
  348: File  (RW-)   C:\Users\lenovo\AppData\Roaming\Lenovo\Ludp\36573TYLDOR0_0B48F8A95CEEA14555A3B85DE398A502.db
  34C: File  (RW-)   C:\Users\lenovo\AppData\Roaming\Lenovo\Ludp\36573TYLDOR0_0B48F8A95CEEA14555A3B85DE398A502.db-wal
  350: File  (RW-)   C:\Users\lenovo\AppData\Roaming\Lenovo\Ludp\36573TYLDOR0_0B48F8A95CEEA14555A3B85DE398A502.db-shm
  370: Section       \BaseNamedObjects\__ComCatalogCache__
  3A4: Section       \BaseNamedObjects\__ComCatalogCache__
  3A8: File  (R--)   C:\Windows\Registration\R00000000000d.clb
  4FC: File  (R-D)   C:\Program Files\WindowsApps\Microsoft.LanguageExperiencePackzh-CN_18362.24.72.0_neutral__8wekyb3d8bbwe\Windows\System32\zh-CN\winnlsres.dll.mui
  588: File  (R-D)   C:\Program Files\WindowsApps\Microsoft.LanguageExperiencePackzh-CN_18362.24.72.0_neutral__8wekyb3d8bbwe\Windows\System32\zh-CN\mswsock.dll.mui
  608: File  (R-D)   C:\Program Files\WindowsApps\Microsoft.LanguageExperiencePackzh-CN_18362.24.72.0_neutral__8wekyb3d8bbwe\Windows\System32\zh-CN\crypt32.dll.mui
  6EC: Section       \BaseNamedObjects\windows_shell_global_counters
  6F4: Section       \BaseNamedObjects\C:*ProgramData*Microsoft*Windows*Caches*{6AF0698E-D558-4F6E-9B3C-3716689AF493}.2.ver0x0000000000000001.db
  6FC: Section       \BaseNamedObjects\C:*ProgramData*Microsoft*Windows*Caches*cversions.2.ro
  700: Section       \BaseNamedObjects\C:*ProgramData*Microsoft*Windows*Caches*cversions.2.ro
  704: Section       \BaseNamedObjects\C:*ProgramData*Microsoft*Windows*Caches*{DDF571F2-BE98-426D-8288-1A9A39C3FDA2}.2.ver0x0000000000000001.db
  708: File  (R-D)   C:\Program Files\WindowsApps\Microsoft.LanguageExperiencePackzh-CN_18362.24.72.0_neutral__8wekyb3d8bbwe\Windows\System32\zh-CN\propsys.dll.mui
  7D8: Section       \BaseNamedObjects\UrlZonesSM_LAPTOP-MHITGFCH$
  8C0: File  (R-D)   C:\Program Files\WindowsApps\Microsoft.LanguageExperiencePackzh-CN_18362.24.72.0_neutral__8wekyb3d8bbwe\Windows\System32\zh-CN\KernelBase.dll.mui
  8C4: Section       \BaseNamedObjects\C:*ProgramData*Microsoft*Windows*Caches*cversions.2.ro
  A18: File  (RW-)   C:\Windows\WinSxS\x86_microsoft.windows.common-controls_6595b64144ccf1df_6.0.18362.778_none_2e73ee38278978be
  B68: Section       \BaseNamedObjects\F932B6C7-3A20-46A0-B8A0-8894AA421973
------------------------------------------------------------------------------
nvcontainer.exe pid: 8 NT AUTHORITY\SYSTEM
   40: File  (RW-)   C:\Windows\System32
  1A8: File  (R--)   C:\ProgramData\NVIDIA\NvContainerLocalSystem.log
  1C4: File  (R-D)   C:\Program Files\WindowsApps\Microsoft.LanguageExperiencePackzh-CN_18362.24.72.0_neutral__8wekyb3d8bbwe\Windows\System32\zh-CN\kernel32.dll.mui
  1C8: Section       \BaseNamedObjects\windows_shell_global_counters
  1FC: File  (R-D)   C:\Program Files\WindowsApps\Microsoft.LanguageExperiencePackzh-CN_18362.24.72.0_neutral__8wekyb3d8bbwe\Windows\System32\zh-CN\crypt32.dll.mui
  43C: File  (RWD)   C:\Program Files\NVIDIA Corporation\NvContainer\plugins\LocalSystem
  518: Section       \BaseNamedObjects\RXInputCurrentState_0_33b0
  520: Section       \BaseNamedObjects\RxDiagSharedFifoFile_0
  54C: File  (R--)   C:\ProgramData\NVIDIA\NvMessageBusBroadcastPlugin.log
  550: File  (RWD)   C:\Program Files\NVIDIA Corporation\NvStreamSrv\Plugins\LocalSystem
  554: File  (RWD)   C:\Program Files\NVIDIA Corporation\NvTelemetry\plugin
  558: File  (RWD)   C:\Program Files\NVIDIA Corporation\ShadowPlay\Plugins\LocalSystem
  55C: File  (RWD)   C:\Program Files\NVIDIA Corporation\NvAb\NvAbHub
  560: File  (RWD)   C:\Program Files\NVIDIA Corporation\SHIELD Wireless Controller\SWCPlugin
  564: File  (RWD)   C:\Program Files\NVIDIA Corporation\NvContainer\Watchdog
  58C: File  (R--)   C:\ProgramData\NVIDIA\MessageBusBroadcast.log
  59C: File  (R--)   C:\ProgramData\NVIDIA\NvPluginNvapiMonitor.log
  5A0: File  (RWD)   C:\Windows\System32
  5A4: File  (RWD)   C:\Windows\SysWOW64
  5D8: File  (RW-)   C:\ProgramData\NVIDIA Corporation\nvstreamsvc\SSASCurrent.log
  5E8: File  (R--)   C:\ProgramData\NVIDIA\MessageBus_8_0x23BCECC0630.log
  688: File  (RWD)   C:\ProgramData\NVIDIA Corporation\ShadowPlay\CaptureCore.log
  718: File  (RWD)   C:\Windows\System32
  71C: File  (RWD)   C:\ProgramData\NVIDIA Corporation\ShadowPlay\CaptureCore.log
  728: File  (R--)   C:\ProgramData\NVIDIA\MessageBus_8_0x23BCEE99890.log
  804: File  (RWD)   C:\Program Files\NVIDIA Corporation\NvContainer\plugins\Session
  838: File  (RW-)   C:\ProgramData\NVIDIA Corporation\NvTelemetry\NvTelemetry.log
  870: Section       \BaseNamedObjects\__ComCatalogCache__
  874: File  (R--)   C:\Windows\Registration\R00000000000d.clb
  8BC: File  (RW-)   C:\ProgramData\NVIDIA Corporation\NvTelemetry\events.dat-wal
  8C4: File  (RW-)   C:\ProgramData\NVIDIA Corporation\NvTelemetry\events.dat
  8E4: File  (R--)   C:\ProgramData\NVIDIA\NvContainerWatchdog.log
  91C: File  (RW-)   C:\ProgramData\NVIDIA Corporation\NvTelemetry\events.dat-shm
  920: File  (RWD)   C:\Program Files (x86)\NVIDIA Corporation\NvContainer\plugins\User
  924: File  (R-D)   C:\Program Files\WindowsApps\Microsoft.LanguageExperiencePackzh-CN_18362.24.72.0_neutral__8wekyb3d8bbwe\Windows\System32\zh-CN\winhttp.dll.mui
  934: File  (RW-)   C:\ProgramData\NVIDIA Corporation\NvAbHub\NvAbHub.log
  93C: Section       \BaseNamedObjects\7E5BCDB6-E78F-45E9-8801-2FD6E2CA9C4C
  96C: File  (RWD)   C:\Program Files\NVIDIA Corporation\NvContainer\plugins\User
  970: File  (RWD)   C:\Program Files\NVIDIA Corporation\NvBackend\plugins\User
  9B0: File  (RW-)   C:\Windows\WinSxS\amd64_microsoft.windows.common-controls_6595b64144ccf1df_6.0.18362.778_none_e6c6b761130d4fb8
  9DC: Section       \BaseNamedObjects\RXInputCurrentState_0_33b0
  9FC: File  (RWD)   C:\Program Files\NVIDIA Corporation\NvContainer\plugins\SPUser
  A38: File  (RWD)   C:\ProgramData\NVIDIA Corporation\ShadowPlay\CaptureCore.log
  A58: File  (R--)   C:\ProgramData\NVIDIA\MessageBus_8_0x23BCEE98940.log
  AA8: Section       \BaseNamedObjects\RXInputCurrentState_0_33b0
  B8C: File  (R-D)   C:\Program Files\WindowsApps\Microsoft.LanguageExperiencePackzh-CN_18362.24.72.0_neutral__8wekyb3d8bbwe\Windows\System32\zh-CN\winnlsres.dll.mui
  BFC: File  (R-D)   C:\Program Files\WindowsApps\Microsoft.LanguageExperiencePackzh-CN_18362.24.72.0_neutral__8wekyb3d8bbwe\Windows\System32\zh-CN\mswsock.dll.mui
------------------------------------------------------------------------------
RstMwService.exe pid: 5220 NT AUTHORITY\SYSTEM
   40: File  (RW-)   C:\Windows\System32
  220: File  (R-D)   C:\Program Files\WindowsApps\Microsoft.LanguageExperiencePackzh-CN_18362.24.72.0_neutral__8wekyb3d8bbwe\Windows\System32\zh-CN\KernelBase.dll.mui
------------------------------------------------------------------------------
QQProtect.exe pid: 5228 NT AUTHORITY\SYSTEM
   40: File  (RW-)   C:\Windows
   8C: File  (RW-)   C:\Windows\SysWOW64
  270: File  (RW-)   C:\Windows\WinSxS\x86_microsoft.windows.common-controls_6595b64144ccf1df_5.82.18362.778_none_71d70b7d5ae4146f
  274: File  (R-D)   C:\Program Files\WindowsApps\Microsoft.LanguageExperiencePackzh-CN_18362.24.72.0_neutral__8wekyb3d8bbwe\Windows\System32\zh-CN\avicap32.dll.mui
  2B0: File  (R-D)   C:\Program Files\WindowsApps\Microsoft.LanguageExperiencePackzh-CN_18362.24.72.0_neutral__8wekyb3d8bbwe\Windows\System32\zh-CN\msvfw32.dll.mui
  328: Section       \BaseNamedObjects\windows_shell_global_counters
  4C8: Section       \BaseNamedObjects\FF60526E-BED4-4D02-82C7-60B345466326
  51C: File  (R-D)   C:\Program Files\WindowsApps\Microsoft.LanguageExperiencePackzh-CN_18362.24.72.0_neutral__8wekyb3d8bbwe\Windows\System32\zh-CN\crypt32.dll.mui
  6F4: Section       \BaseNamedObjects\{a0e96b4a8710a4300d8cab606c3cb32e}SHM
  754: Section       \BaseNamedObjects\UrlZonesSM_LAPTOP-MHITGFCH$
  82C: Section       \BaseNamedObjects\F932B6C7-3A20-46A0-B8A0-8894AA421973
  9C0: File  (R--)   C:\Windows\SysWOW64\config\systemprofile\AppData\Roaming\Tencent\QQ\QQProtect\QPInfo.db
------------------------------------------------------------------------------
RtkBtManServ.exe pid: 5236 NT AUTHORITY\SYSTEM
   44: File  (RW-)   C:\Windows\System32
  1D8: Section       \BaseNamedObjects\windows_shell_global_counters
------------------------------------------------------------------------------
svchost.exe pid: 5256 NT AUTHORITY\SYSTEM
   48: File  (RW-)   C:\Windows\System32
  13C: File  (R-D)   C:\Program Files\WindowsApps\Microsoft.LanguageExperiencePackzh-CN_18362.24.72.0_neutral__8wekyb3d8bbwe\Windows\System32\zh-CN\svchost.exe.mui
  39C: Section       \BaseNamedObjects\__ComCatalogCache__
  3A8: Section       \BaseNamedObjects\__ComCatalogCache__
  3AC: File  (R--)   C:\Windows\Registration\R00000000000d.clb
------------------------------------------------------------------------------
svchost.exe pid: 5272 NT AUTHORITY\LOCAL SERVICE
   48: File  (RW-)   C:\Windows\System32
  138: File  (R-D)   C:\Program Files\WindowsApps\Microsoft.LanguageExperiencePackzh-CN_18362.24.72.0_neutral__8wekyb3d8bbwe\Windows\System32\zh-CN\svchost.exe.mui
------------------------------------------------------------------------------
SangforPromoteService.exe pid: 5304 NT AUTHORITY\SYSTEM
   38: File  (RW-)   C:\Windows
   84: File  (RW-)   C:\Windows\SysWOW64
  274: Section       \BaseNamedObjects\__ComCatalogCache__
  280: Section       \BaseNamedObjects\__ComCatalogCache__
  284: File  (R--)   C:\Windows\Registration\R00000000000d.clb
  328: File  (R-D)   C:\Program Files\WindowsApps\Microsoft.LanguageExperiencePackzh-CN_18362.24.72.0_neutral__8wekyb3d8bbwe\Windows\System32\zh-CN\crypt32.dll.mui
  334: Section       \BaseNamedObjects\sangfor_ssl_file_mapping_ecagent_share_config
  428: File  (R-D)   C:\Program Files\WindowsApps\Microsoft.LanguageExperiencePackzh-CN_18362.24.72.0_neutral__8wekyb3d8bbwe\Windows\System32\zh-CN\winnlsres.dll.mui
  454: File  (R-D)   C:\Program Files\WindowsApps\Microsoft.LanguageExperiencePackzh-CN_18362.24.72.0_neutral__8wekyb3d8bbwe\Windows\System32\zh-CN\mswsock.dll.mui
------------------------------------------------------------------------------
svchost.exe pid: 5320 NT AUTHORITY\SYSTEM
   4C: File  (RW-)   C:\Windows
   90: File  (RW-)   C:\Windows\SysWOW64
  194: File  (R-D)   C:\Program Files\WindowsApps\Microsoft.LanguageExperiencePackzh-CN_18362.24.72.0_neutral__8wekyb3d8bbwe\Windows\System32\zh-CN\svchost.exe.mui
------------------------------------------------------------------------------
svchost.exe pid: 5368 NT AUTHORITY\SYSTEM
   48: File  (RW-)   C:\Windows\System32
  144: File  (R-D)   C:\Program Files\WindowsApps\Microsoft.LanguageExperiencePackzh-CN_18362.24.72.0_neutral__8wekyb3d8bbwe\Windows\System32\zh-CN\svchost.exe.mui
  1F8: File  (RWD)   E:\$Extend\$ObjId:$O:$INDEX_ALLOCATION
  234: File  (RWD)   C:\$Extend\$ObjId:$O:$INDEX_ALLOCATION
  23C: File  (RWD)   D:\$Extend\$ObjId:$O:$INDEX_ALLOCATION
  248: File  (R--)   C:\System Volume Information\tracking.log
  260: File  (R--)   D:\System Volume Information\tracking.log
  274: File  (R--)   F:\System Volume Information\tracking.log
  288: File  (R--)   E:\System Volume Information\tracking.log
  290: File  (RWD)   F:\$Extend\$ObjId:$O:$INDEX_ALLOCATION
  298: File  (RWD)   G:\$Extend\$ObjId:$O:$INDEX_ALLOCATION
  2A0: File  (R--)   G:\System Volume Information\tracking.log
------------------------------------------------------------------------------
vmnetdhcp.exe pid: 5424 NT AUTHORITY\SYSTEM
   40: File  (RW-)   C:\Windows
   84: File  (RW-)   C:\Windows\SysWOW64
  148: File  (RW-)   C:\ProgramData\VMware\vmnetdhcp.leases
------------------------------------------------------------------------------
vmware-usbarbitrator64.exe pid: 5480 NT AUTHORITY\SYSTEM
   40: File  (RW-)   C:\Windows\System32
  200: Section       \BaseNamedObjects\windows_shell_global_counters
  204: File  (R-D)   C:\Windows\System32\en-US\KernelBase.dll.mui
  25C: File  (RW-)   C:\Windows\Temp\vmware-SYSTEM\vmware-usbarb-5480.log
  2D0: Section       \BaseNamedObjects\__ComCatalogCache__
  2DC: Section       \BaseNamedObjects\__ComCatalogCache__
  2E0: File  (R--)   C:\Windows\Registration\R00000000000d.clb
  368: File  (RW-)   C:\Windows\WinSxS\amd64_microsoft.windows.common-controls_6595b64144ccf1df_6.0.18362.778_none_e6c6b761130d4fb8
------------------------------------------------------------------------------
svchost.exe pid: 5496 NT AUTHORITY\SYSTEM
   48: File  (RW-)   C:\Windows\System32
  13C: File  (R-D)   C:\Program Files\WindowsApps\Microsoft.LanguageExperiencePackzh-CN_18362.24.72.0_neutral__8wekyb3d8bbwe\Windows\System32\zh-CN\svchost.exe.mui
  1DC: Section       \BaseNamedObjects\__ComCatalogCache__
  1FC: Section       \BaseNamedObjects\__ComCatalogCache__
  200: File  (R--)   C:\Windows\Registration\R00000000000d.clb
  31C: File  (RW-)   C:\Windows\System32\config\systemprofile\AppData\Local\Microsoft\Windows\Notifications\wpndatabase.db
  320: File  (RW-)   C:\Windows\System32\config\systemprofile\AppData\Local\Microsoft\Windows\Notifications\wpndatabase.db-wal
  324: File  (RW-)   C:\Windows\System32\config\systemprofile\AppData\Local\Microsoft\Windows\Notifications\wpndatabase.db-shm
------------------------------------------------------------------------------
svchost.exe pid: 5508 NT AUTHORITY\SYSTEM
   4C: File  (RW-)   C:\Windows\System32
  14C: File  (R-D)   C:\Program Files\WindowsApps\Microsoft.LanguageExperiencePackzh-CN_18362.24.72.0_neutral__8wekyb3d8bbwe\Windows\System32\zh-CN\svchost.exe.mui
  398: Section       \BaseNamedObjects\__ComCatalogCache__
  3A4: Section       \BaseNamedObjects\__ComCatalogCache__
  3A8: File  (R--)   C:\Windows\Registration\R00000000000d.clb
  4F4: File  (R-D)   C:\Program Files\WindowsApps\Microsoft.LanguageExperiencePackzh-CN_18362.24.72.0_neutral__8wekyb3d8bbwe\Windows\System32\zh-CN\iphlpsvc.dll.mui
  580: File  (R-D)   C:\Program Files\WindowsApps\Microsoft.LanguageExperiencePackzh-CN_18362.24.72.0_neutral__8wekyb3d8bbwe\Windows\System32\zh-CN\wldap32.dll.mui
------------------------------------------------------------------------------
ETDCtrl.exe pid: 5560 LAPTOP-MHITGFCH\lenovo
   40: File  (RW-)   C:\Users\lenovo
   70: File  (RW-)   C:\Windows\WinSxS\amd64_microsoft.windows.common-controls_6595b64144ccf1df_6.0.18362.778_none_e6c6b761130d4fb8
   74: File  (RW-)   C:\Windows\WinSxS\amd64_microsoft.windows.gdiplus_6595b64144ccf1df_1.1.18362.778_none_17b1aa466d9fc986
  240: Section       \Windows\Theme2514694826
  244: Section       \Sessions\1\Windows\Theme3897123807
  640: Section       \Sessions\1\BaseNamedObjects\windows_shell_global_counters
  664: Section       \BaseNamedObjects\__ComCatalogCache__
  674: Section       \BaseNamedObjects\__ComCatalogCache__
  678: File  (R--)   C:\Windows\Registration\R00000000000d.clb
  694: Section       \Sessions\1\BaseNamedObjects\C:*ProgramData*Microsoft*Windows*Caches*cversions.2.ro
  698: Section       \Sessions\1\BaseNamedObjects\C:*ProgramData*Microsoft*Windows*Caches*cversions.2.ro
  69C: Section       \Sessions\1\BaseNamedObjects\C:*ProgramData*Microsoft*Windows*Caches*{6AF0698E-D558-4F6E-9B3C-3716689AF493}.2.ver0x0000000000000001.db
  6A0: File  (R-D)   C:\Program Files\WindowsApps\Microsoft.LanguageExperiencePackzh-CN_18362.24.72.0_neutral__8wekyb3d8bbwe\Windows\System32\zh-CN\propsys.dll.mui
  6A4: Section       \Sessions\1\BaseNamedObjects\C:*ProgramData*Microsoft*Windows*Caches*{DDF571F2-BE98-426D-8288-1A9A39C3FDA2}.2.ver0x0000000000000001.db
  6C4: Section       \BaseNamedObjects\windows_shell_global_counters
  704: File  (R-D)   C:\Program Files\WindowsApps\Microsoft.LanguageExperiencePackzh-CN_18362.24.72.0_neutral__8wekyb3d8bbwe\Windows\System32\zh-CN\shell32.dll.mui
  7D8: File  (R-D)   C:\Program Files\WindowsApps\Microsoft.LanguageExperiencePackzh-CN_18362.24.72.0_neutral__8wekyb3d8bbwe\Windows\System32\zh-CN\windows.storage.dll.mui
  888: Section       \Sessions\1\BaseNamedObjects\UrlZonesSM_lenovo
------------------------------------------------------------------------------
IntelCpHeciSvc.exe pid: 5604 NT AUTHORITY\SYSTEM
   38: File  (RW-)   C:\Windows\System32
  120: File  (RW-)   C:\Intel\Logs\IntelCPHS.log
  1D0: Section       \BaseNamedObjects\__ComCatalogCache__
  224: Section       \BaseNamedObjects\__ComCatalogCache__
  228: File  (R--)   C:\Windows\Registration\R00000000000d.clb
------------------------------------------------------------------------------
vmnat.exe pid: 5696 NT AUTHORITY\SYSTEM
   40: File  (RW-)   C:\Windows
   8C: File  (RW-)   C:\Windows\SysWOW64
------------------------------------------------------------------------------
vmware-authd.exe pid: 5784 NT AUTHORITY\SYSTEM
   40: File  (RW-)   C:\Windows
   84: File  (RW-)   C:\Windows\SysWOW64
  290: File  (R-D)   C:\Windows\System32\en-US\KernelBase.dll.mui
  2A0: Section       \BaseNamedObjects\windows_shell_global_counters
  324: File  (RW-)   C:\Windows\Temp\vmware-SYSTEM\vmauthd.log
------------------------------------------------------------------------------
svchost.exe pid: 5956 NT AUTHORITY\SYSTEM
   48: File  (RW-)   C:\Windows\System32
  134: File  (R-D)   C:\Program Files\WindowsApps\Microsoft.LanguageExperiencePackzh-CN_18362.24.72.0_neutral__8wekyb3d8bbwe\Windows\System32\zh-CN\svchost.exe.mui
  590: Section       \BaseNamedObjects\__ComCatalogCache__
  59C: Section       \BaseNamedObjects\__ComCatalogCache__
  5A0: File  (R--)   C:\Windows\Registration\R00000000000d.clb
------------------------------------------------------------------------------
ChsIME.exe pid: 6044 LAPTOP-MHITGFCH\lenovo
   40: File  (RW-)   C:\Windows\System32
  1D0: Section       \BaseNamedObjects\__ComCatalogCache__
  258: Section       \BaseNamedObjects\__ComCatalogCache__
  25C: File  (R--)   C:\Windows\Registration\R00000000000d.clb
------------------------------------------------------------------------------
svchost.exe pid: 6236 NT AUTHORITY\LOCAL SERVICE
   48: File  (RW-)   C:\Windows\System32
  128: File  (R-D)   C:\Program Files\WindowsApps\Microsoft.LanguageExperiencePackzh-CN_18362.24.72.0_neutral__8wekyb3d8bbwe\Windows\System32\zh-CN\svchost.exe.mui
------------------------------------------------------------------------------
rundll32.exe pid: 6284 LAPTOP-MHITGFCH\lenovo
   48: File  (RW-)   C:\Windows\System32
  128: File  (R-D)   C:\Program Files\WindowsApps\Microsoft.LanguageExperiencePackzh-CN_18362.24.72.0_neutral__8wekyb3d8bbwe\Windows\System32\zh-CN\rundll32.exe.mui
  1B8: Section       \Windows\Theme2514694826
  1C4: Section       \Sessions\1\Windows\Theme3897123807
  1DC: Section       \BaseNamedObjects\__ComCatalogCache__
  268: Section       \BaseNamedObjects\__ComCatalogCache__
  26C: File  (R--)   C:\Windows\Registration\R00000000000d.clb
  278: Section       \Sessions\1\BaseNamedObjects\windows_shell_global_counters
------------------------------------------------------------------------------
rundll32.exe pid: 6564 NT AUTHORITY\SYSTEM
   48: File  (RW-)   C:\Windows\System32
  130: File  (R-D)   C:\Program Files\WindowsApps\Microsoft.LanguageExperiencePackzh-CN_18362.24.72.0_neutral__8wekyb3d8bbwe\Windows\System32\zh-CN\rundll32.exe.mui
  1C0: Section       \Sessions\1\BaseNamedObjects\windows_shell_global_counters
  1C4: File  (RWD)   C:\ProgramData\NVIDIA Corporation\RX
  1D8: Section       \Windows\Theme2514694826
  1DC: Section       \Sessions\1\Windows\Theme3897123807
  1EC: Section       \BaseNamedObjects\RXInputCurrentState_0_33b0
  200: File  (R-D)   C:\Program Files\WindowsApps\Microsoft.LanguageExperiencePackzh-CN_18362.24.72.0_neutral__8wekyb3d8bbwe\Windows\System32\zh-CN\user32.dll.mui
  23C: Section       \BaseNamedObjects\RxDiagSharedFifoFile_0
------------------------------------------------------------------------------
ECAgent.exe pid: 6600 LAPTOP-MHITGFCH\lenovo
   40: File  (RW-)   C:\Windows
   84: File  (RW-)   C:\Windows\SysWOW64
  244: File  (R--)   C:\Users\lenovo\AppData\Roaming\Sangfor\SSL\Log\ECAgent_20200512.log
  270: Section       \BaseNamedObjects\sangfor_ssl_file_mapping_ecagent_share_config
  278: File  (RW-)   C:\Windows\WinSxS\x86_microsoft.windows.gdiplus_6595b64144ccf1df_1.1.18362.778_none_5f5ee11d821bf28c
  280: File  (RW-)   C:\Windows\WinSxS\x86_microsoft.windows.common-controls_6595b64144ccf1df_5.82.18362.778_none_71d70b7d5ae4146f
------------------------------------------------------------------------------
WmiPrvSE.exe pid: 7596 NT AUTHORITY\SYSTEM
   40: File  (RW-)   C:\Windows\System32
  16C: File  (R-D)   C:\Program Files\WindowsApps\Microsoft.LanguageExperiencePackzh-CN_18362.24.72.0_neutral__8wekyb3d8bbwe\Windows\System32\zh-CN\user32.dll.mui
  1A8: Section       \BaseNamedObjects\Wmi Provider Sub System Counters
  1D4: Section       \BaseNamedObjects\__ComCatalogCache__
  1E0: Section       \BaseNamedObjects\__ComCatalogCache__
  1E4: File  (R--)   C:\Windows\Registration\R00000000000d.clb
  2E0: File  (R-D)   C:\Program Files\WindowsApps\Microsoft.LanguageExperiencePackzh-CN_18362.24.72.0_neutral__8wekyb3d8bbwe\Windows\System32\zh-CN\KernelBase.dll.mui
  2F8: File  (R-D)   C:\Program Files\WindowsApps\Microsoft.LanguageExperiencePackzh-CN_18362.24.72.0_neutral__8wekyb3d8bbwe\Windows\System32\zh-CN\combase.dll.mui
  350: Section       \...\Cor_SxSPublic_IPCBlock
  3FC: Section       \...\Cor_SxSPublic_IPCBlock
  424: Section       \BaseNamedObjects\Cor_Public_IPCBlock_3536
  428: Section       \...\Cor_SxSPublic_IPCBlock
  430: Section       \...\Cor_SxSPublic_IPCBlock
  4E4: Section       \...\Cor_SxSPublic_IPCBlock
  5E4: Section       \BaseNamedObjects\VMware_Perfmon_1_VMware_perf
  684: Section       \...\Cor_SxSPublic_IPCBlock
  6DC: Section       \...\Cor_SxSPublic_IPCBlock
  700: Section       \...\Cor_SxSPublic_IPCBlock
  754: Section       \...\Cor_SxSPublic_IPCBlock
  758: Section       \...\Cor_SxSPublic_IPCBlock
------------------------------------------------------------------------------
vmware-hostd.exe pid: 7860 NT AUTHORITY\SYSTEM
   40: File  (RW-)   C:\Windows
  284: File  (R-D)   C:\Program Files\WindowsApps\Microsoft.LanguageExperiencePackzh-CN_18362.24.72.0_neutral__8wekyb3d8bbwe\Windows\System32\zh-CN\newdev.dll.mui
  2D8: File  (RW-)   C:\ProgramData\VMware\hostd\hostd-253.log
  33C: File  (RW-)   C:\ProgramData\VMware\hostd
  340: File  (R-D)   C:\Program Files\WindowsApps\Microsoft.LanguageExperiencePackzh-CN_18362.24.72.0_neutral__8wekyb3d8bbwe\Windows\System32\zh-CN\KernelBase.dll.mui
  3A8: File  (RWD)   C:\ProgramData\VMware
  3D4: Section       \BaseNamedObjects\__ComCatalogCache__
  3E4: Section       \BaseNamedObjects\__ComCatalogCache__
  3E8: File  (R--)   C:\Windows\Registration\R00000000000d.clb
  4D8: File  (R-D)   C:\Program Files\WindowsApps\Microsoft.LanguageExperiencePackzh-CN_18362.24.72.0_neutral__8wekyb3d8bbwe\Windows\System32\zh-CN\wdmaud.drv.mui
  4E8: Section       \BaseNamedObjects\windows_shell_global_counters
  4EC: File  (R-D)   C:\Windows\System32\en-US\KernelBase.dll.mui
  538: File  (R-D)   C:\Program Files\WindowsApps\Microsoft.LanguageExperiencePackzh-CN_18362.24.72.0_neutral__8wekyb3d8bbwe\Windows\System32\zh-CN\MMDevAPI.dll.mui
------------------------------------------------------------------------------
svchost.exe pid: 7988 NT AUTHORITY\SYSTEM
   48: File  (RW-)   C:\Windows\System32
  134: File  (R-D)   C:\Program Files\WindowsApps\Microsoft.LanguageExperiencePackzh-CN_18362.24.72.0_neutral__8wekyb3d8bbwe\Windows\System32\zh-CN\svchost.exe.mui
  30C: Section       \BaseNamedObjects\windows_shell_global_counters
------------------------------------------------------------------------------
explorer.exe pid: 8080 LAPTOP-MHITGFCH\lenovo
   48: File  (RW-)   C:\Windows\System32
   7C: File  (R-D)   C:\Program Files\WindowsApps\Microsoft.LanguageExperiencePackzh-CN_18362.24.72.0_neutral__8wekyb3d8bbwe\Windows\zh-CN\explorer.exe.mui
  2AC: File  (RW-)   C:\Windows\WinSxS\amd64_microsoft.windows.common-controls_6595b64144ccf1df_6.0.18362.778_none_e6c6b761130d4fb8
  2B0: Section       \Sessions\1\BaseNamedObjects\OpenKillMsgMapping
  2C4: Section       \Sessions\1\BaseNamedObjects\windows_shell_global_counters
  2D0: File  (R-D)   C:\Program Files\WindowsApps\Microsoft.LanguageExperiencePackzh-CN_18362.24.72.0_neutral__8wekyb3d8bbwe\Windows\System32\zh-CN\shell32.dll.mui
  314: Section       \Sessions\1\BaseNamedObjects\SessionImmersiveColorPreference
  320: Section       \BaseNamedObjects\__ComCatalogCache__
  32C: Section       \BaseNamedObjects\__ComCatalogCache__
  330: File  (R--)   C:\Windows\Registration\R00000000000d.clb
  374: Section       \BaseNamedObjects\windows_shell_global_counters
  3D4: File  (R-D)   C:\Windows\SystemResources\imageres.dll.mun
  438: File  (RWD)   G:\SEU\19-20-3\????
  468: File  (RWD)   G:\SEU\19-20-3\????
  4AC: Section       \Sessions\1\BaseNamedObjects\C:*Users*lenovo*AppData*Local*Microsoft*Windows*Caches*cversions.3.ro
  4E0: File  (R-D)   C:\Windows\SystemResources\ExplorerFrame.dll.mun
  500: File  (RW-)   C:\Windows\WinSxS\amd64_microsoft.windows.common-controls_6595b64144ccf1df_6.0.18362.778_none_e6c6b761130d4fb8
  548: Section       \Sessions\1\BaseNamedObjects\SogouImeActiveMap904fa97
  60C: File  (R-D)   C:\Windows\Fonts\StaticCache.dat
  61C: Section       \Sessions\1\BaseNamedObjects\1f90HWNDInterface:101ea
  624: File  (RWD)   C:\Users\lenovo\AppData\Local\Microsoft\Windows\Explorer\iconcache_16.db
  628: File  (R-D)   C:\Program Files\WindowsApps\Microsoft.LanguageExperiencePackzh-CN_18362.24.72.0_neutral__8wekyb3d8bbwe\Windows\System32\zh-CN\oleaccrc.dll.mui
  630: Section       \Windows\Theme2514694826
  634: Section       \Sessions\1\Windows\Theme3897123807
  658: Section       \Sessions\1\BaseNamedObjects\1f90HWNDInterface:101ea
  680: File  (RW-)   C:\Windows\WinSxS\amd64_microsoft.windows.common-controls_6595b64144ccf1df_6.0.18362.778_none_e6c6b761130d4fb8
  6EC: Section       \Sessions\1\BaseNamedObjects\SessionImmersiveColorPreference
  700: Section       \Sessions\1\BaseNamedObjects\C:*ProgramData*Microsoft*Windows*Caches*cversions.2.ro
  704: Section       \Sessions\1\BaseNamedObjects\C:*ProgramData*Microsoft*Windows*Caches*{6AF0698E-D558-4F6E-9B3C-3716689AF493}.2.ver0x0000000000000001.db
  708: Section       \Sessions\1\BaseNamedObjects\C:*ProgramData*Microsoft*Windows*Caches*cversions.2.ro
  70C: Section       \Sessions\1\BaseNamedObjects\C:*ProgramData*Microsoft*Windows*Caches*{DDF571F2-BE98-426D-8288-1A9A39C3FDA2}.2.ver0x0000000000000001.db
  71C: File  (RWD)   C:\Users\lenovo\AppData\Local\Microsoft\Windows\Explorer\thumbcache_1280.db
  754: Section       \Sessions\1\BaseNamedObjects\1f90HWNDInterface:10202
  758: Section       \Sessions\1\BaseNamedObjects\1f90HWNDInterface:10202
  778: File  (---)   \FileSystem\Filters\FltMgrMsg
  790: File  (RW-)   C:\Windows\WinSxS\amd64_microsoft.windows.common-controls_6595b64144ccf1df_6.0.18362.778_none_e6c6b761130d4fb8
  798: File  (R-D)   C:\Program Files\WindowsApps\Microsoft.LanguageExperiencePackzh-CN_18362.24.72.0_neutral__8wekyb3d8bbwe\Windows\System32\zh-CN\propsys.dll.mui
  824: Section       \Sessions\1\BaseNamedObjects\1f90HWNDInterface:10208
  828: Section       \Sessions\1\BaseNamedObjects\1f90HWNDInterface:10208
  87C: File  (RW-)   C:\Windows\WinSxS\amd64_microsoft.windows.common-controls_6595b64144ccf1df_6.0.18362.778_none_e6c6b761130d4fb8
  8C4: File  (RWD)   C:\Users\lenovo\AppData\Local\Microsoft\Windows\Explorer\iconcache_48.db
  8E4: Section       \Sessions\1\BaseNamedObjects\1f90HWNDInterface:101f2
  8E8: Section       \Sessions\1\BaseNamedObjects\1f90HWNDInterface:101f2
  A58: File  (RW-)   C:\Windows\WinSxS\amd64_microsoft.windows.common-controls_6595b64144ccf1df_6.0.18362.778_none_e6c6b761130d4fb8
  A8C: File  (R-D)   C:\Program Files\WindowsApps\Microsoft.LanguageExperiencePackzh-CN_18362.24.72.0_neutral__8wekyb3d8bbwe\Windows\System32\zh-CN\twinui.pcshell.dll.mui
  AB0: Section       \Sessions\1\BaseNamedObjects\1f90HWNDInterface:2020e
  AB4: Section       \Sessions\1\BaseNamedObjects\1f90HWNDInterface:2020e
  ACC: File  (R-D)   C:\Windows\apppatch\DirectXApps.sdb
  B3C: File  (RWD)   C:\ProgramData\Microsoft\Windows\Start Menu
  B88: File  (R-D)   C:\Program Files\WindowsApps\Microsoft.LanguageExperiencePackzh-CN_18362.24.72.0_neutral__8wekyb3d8bbwe\Windows\System32\zh-CN\windows.storage.dll.mui
  D68: File  (RWD)   C:\Users\lenovo\AppData\Roaming\Microsoft\Windows\Network Shortcuts
  D80: Section       \Sessions\1\BaseNamedObjects\1f90HWNDInterface:10252
  D88: Section       \Sessions\1\BaseNamedObjects\C:*ProgramData*Microsoft*Windows*Caches*cversions.2.ro
  D8C: Section       \Sessions\1\BaseNamedObjects\1f90HWNDInterface:10254
  D90: Section       \Sessions\1\BaseNamedObjects\1f90HWNDInterface:10254
  D94: Section       \Sessions\1\BaseNamedObjects\1f90HWNDInterface:10252
  DB0: Section       \Sessions\1\BaseNamedObjects\1f90HWNDInterface:10256
  DB4: Section       \Sessions\1\BaseNamedObjects\1f90HWNDInterface:10256
  DBC: Section       \Sessions\1\BaseNamedObjects\1f90HWNDInterface:10258
  DC0: Section       \Sessions\1\BaseNamedObjects\1f90HWNDInterface:10258
  DC4: Section       \Sessions\1\BaseNamedObjects\1f90HWNDInterface:1025a
  DC8: Section       \Sessions\1\BaseNamedObjects\1f90HWNDInterface:1025a
  DCC: Section       \Sessions\1\BaseNamedObjects\1f90HWNDInterface:1025c
  DD0: Section       \Sessions\1\BaseNamedObjects\1f90HWNDInterface:1025c
  DD4: Section       \Sessions\1\BaseNamedObjects\1f90HWNDInterface:1025e
  DD8: Section       \Sessions\1\BaseNamedObjects\1f90HWNDInterface:1025e
  DE0: Section       \Sessions\1\BaseNamedObjects\C:*ProgramData*Microsoft*Windows*Caches*{E4CBEACD-DE3C-4E31-BD99-83EF3D6850B2}.2.ver0x0000000000000001.db
  DE4: Section       \Sessions\1\BaseNamedObjects\1f90HWNDInterface:10260
  DE8: Section       \Sessions\1\BaseNamedObjects\1f90HWNDInterface:10260
  DEC: Section       \Sessions\1\BaseNamedObjects\1f90HWNDInterface:10262
  DF0: Section       \Sessions\1\BaseNamedObjects\1f90HWNDInterface:10262
  DF4: Section       \Sessions\1\BaseNamedObjects\C:*ProgramData*Microsoft*Windows*Caches*cversions.2.ro
  DFC: Section       \Sessions\1\BaseNamedObjects\C:*ProgramData*Microsoft*Windows*Caches*{74695C59-2CC6-4AD7-B095-F7DAB0A2265D}.2.ver0x0000000000000001.db
  E58: File  (RW-)   C:\Windows\WinSxS\amd64_microsoft.windows.common-controls_6595b64144ccf1df_6.0.18362.778_none_e6c6b761130d4fb8
  E88: File  (RW-)   C:\Windows\WinSxS\amd64_microsoft.windows.common-controls_6595b64144ccf1df_6.0.18362.778_none_e6c6b761130d4fb8
  EB8: Section       \Sessions\1\BaseNamedObjects\windows_ie_global_counters
  FF8: File  (R--)   C:\ProgramData\Intel\ShaderCache\Explorer_1
 1050: Section       \Sessions\1\BaseNamedObjects\C:*ProgramData*Microsoft*Windows*Caches*cversions.2.ro
 1090: File  (RWD)   C:\ProgramData\Microsoft\Windows\WER\ReportArchive
 10CC: File  (RWD)   C:\Users\lenovo\Videos
 1128: Section       \Sessions\1\BaseNamedObjects\windows_webcache_counters_{9B6AB5B3-91BC-4097-835C-EA2DEC95E9CC}_S-1-5-21-1347350027-276978489-4274093279-1001
 115C: File  (R-D)   C:\Program Files\WindowsApps\Microsoft.LanguageExperiencePackzh-CN_18362.24.72.0_neutral__8wekyb3d8bbwe\Windows\System32\zh-CN\dsreg.dll.mui
 116C: File  (R-D)   C:\Program Files\WindowsApps\Microsoft.LanguageExperiencePackzh-CN_18362.24.72.0_neutral__8wekyb3d8bbwe\Windows\System32\zh-CN\dui70.dll.mui
 1194: File  (RWD)   C:\Users\lenovo\AppData\Local\Microsoft\Windows\WER\ERC
 1198: File  (R-D)   C:\Program Files\WindowsApps\Microsoft.LanguageExperiencePackzh-CN_18362.24.72.0_neutral__8wekyb3d8bbwe\Windows\System32\zh-CN\mpr.dll.mui
 11A4: Section       \Sessions\1\BaseNamedObjects\mem_dictex.filemap.sogouime904fa97
 11B4: File  (RWD)   C:\Users\lenovo\Pictures
 11C8: File  (R-D)   C:\Program Files\WindowsApps\Microsoft.LanguageExperiencePackzh-CN_18362.24.72.0_neutral__8wekyb3d8bbwe\Windows\System32\zh-CN\wscui.cpl.mui
 1218: File  (R-D)   C:\Program Files\WindowsApps\Microsoft.LanguageExperiencePackzh-CN_18362.24.72.0_neutral__8wekyb3d8bbwe\Windows\System32\zh-CN\hcproviders.dll.mui
 124C: File  (RWD)   C:\Program Files\WindowsApps\Microsoft.XboxGameOverlay_1.52.3001.0_x64__8wekyb3d8bbwe
 1274: File  (RWD)   C:\Program Files\WindowsApps\Microsoft.XboxGameOverlay_1.52.3001.0_x64__8wekyb3d8bbwe
 1324: File  (RWD)   G:\SEU\19-20-3\????
 1344: Section       \Sessions\1\BaseNamedObjects\SE_UID
 13A0: File  (RWD)   C:\Users\lenovo\AppData\Local\Microsoft\Windows\Explorer\iconcache_32.db
 1414: File  (R-D)   C:\Program Files\WindowsApps\Microsoft.LanguageExperiencePackzh-CN_18362.24.72.0_neutral__8wekyb3d8bbwe\Windows\System32\zh-CN\batmeter.dll.mui
 1428: File  (RW-)   C:\Windows\WinSxS\amd64_microsoft.windows.common-controls_6595b64144ccf1df_6.0.18362.778_none_e6c6b761130d4fb8
 1450: File  (RW-)   C:\Windows\WinSxS\amd64_microsoft.vc90.atl_1fc8b3b9a1e18e3b_9.0.30729.6161_none_0a1fd3a3a768b895
 145C: File  (RW-)   C:\Windows\WinSxS\amd64_microsoft.vc90.crt_1fc8b3b9a1e18e3b_9.0.30729.9619_none_08e065a3a84109b0
 1480: File  (RW-)   C:\Windows\WinSxS\amd64_microsoft.windows.common-controls_6595b64144ccf1df_6.0.18362.778_none_e6c6b761130d4fb8
 14DC: File  (R-D)   C:\Program Files\WindowsApps\Microsoft.LanguageExperiencePackzh-CN_18362.24.72.0_neutral__8wekyb3d8bbwe\Windows\System32\zh-CN\ActionCenter.dll.mui
 1504: Section       \Sessions\1\BaseNamedObjects\1f90HWNDInterface:407fa
 1524: File  (RWD)   G:\
 154C: File  (RWD)   C:\Windows\bcastdvr
 1554: File  (R--)   C:\Users\lenovo\AppData\Local\Microsoft\GameDVR\KnownGameList.bin
 15D0: File  (R-D)   C:\Program Files\WindowsApps\Microsoft.LanguageExperiencePackzh-CN_18362.24.72.0_neutral__8wekyb3d8bbwe\Windows\System32\zh-CN\winnlsres.dll.mui
 15F8: File  (RWD)   C:\Users\lenovo\AppData\Local\Microsoft\GameDVR
 1600: File  (RWD)   C:\Users\lenovo\AppData\Local\Packages\Microsoft.XboxGamingOverlay_8wekyb3d8bbwe\LocalCache
 1604: File  (RWD)   C:\Program Files\WindowsApps\Microsoft.XboxGameOverlay_1.52.3001.0_x64__8wekyb3d8bbwe
 1620: File  (R-D)   C:\Windows\SystemResources\SndVolSSO.dll.mun
 1668: File  (R-D)   C:\Program Files\WindowsApps\Microsoft.LanguageExperiencePackzh-CN_18362.24.72.0_neutral__8wekyb3d8bbwe\Windows\System32\zh-CN\ntshrui.dll.mui
 16B0: File  (RWD)   C:\Users\lenovo\AppData\Roaming\Microsoft\Windows\Printer Shortcuts
 16F0: File  (R-D)   C:\Windows\SystemResources\stobject.dll.mun
 16F4: File  (R-D)   C:\Program Files\WindowsApps\Microsoft.LanguageExperiencePackzh-CN_18362.24.72.0_neutral__8wekyb3d8bbwe\Windows\System32\zh-CN\stobject.dll.mui
 16F8: File  (RW-)   C:\Windows\WinSxS\amd64_microsoft.windows.common-controls_6595b64144ccf1df_6.0.18362.778_none_e6c6b761130d4fb8
 1708: File  (R-D)   C:\Windows\SystemResources\batmeter.dll.mun
 1714: File  (RW-)   C:\Windows\WinSxS\amd64_microsoft.windows.common-controls_6595b64144ccf1df_6.0.18362.778_none_e6c6b761130d4fb8
 1758: File  (R-D)   C:\Program Files\WindowsApps\Microsoft.LanguageExperiencePackzh-CN_18362.24.72.0_neutral__8wekyb3d8bbwe\Windows\System32\zh-CN\InputSwitch.dll.mui
 17BC: File  (R-D)   C:\Program Files\WindowsApps\Microsoft.LanguageExperiencePackzh-CN_18362.24.72.0_neutral__8wekyb3d8bbwe\Windows\System32\zh-CN\sndvolsso.dll.mui
 1824: File  (R-D)   C:\Program Files\WindowsApps\Microsoft.LanguageExperiencePackzh-CN_18362.24.72.0_neutral__8wekyb3d8bbwe\Windows\System32\zh-CN\combase.dll.mui
 1828: File  (R-D)   C:\Program Files\WindowsApps\Microsoft.LanguageExperiencePackzh-CN_18362.24.72.0_neutral__8wekyb3d8bbwe\Windows\System32\zh-CN\KernelBase.dll.mui
 1838: File  (RW-)   C:\Windows\WinSxS\amd64_microsoft.windows.common-controls_6595b64144ccf1df_6.0.18362.778_none_e6c6b761130d4fb8
 1910: Section       \Sessions\1\BaseNamedObjects\Groove:FileWatermark:2NvrMe7eq/0jTRXSwhvs8oFD05U=
 1914: File  (R-D)   C:\Program Files\WindowsApps\Microsoft.LanguageExperiencePackzh-CN_18362.24.72.0_neutral__8wekyb3d8bbwe\Windows\System32\zh-CN\DeviceSetupManagerApi.dll.mui
 1930: File  (RWD)   C:\Users\lenovo\AppData\Local\Microsoft\Windows\Explorer\thumbcache_768.db
 1954: Section       \Sessions\1\BaseNamedObjects\1f90HWNDInterface:404de
 1958: File  (RW-)   C:\Windows\WinSxS\amd64_microsoft.windows.common-controls_6595b64144ccf1df_6.0.18362.778_none_e6c6b761130d4fb8
 1964: Section       \Sessions\1\BaseNamedObjects\1f90HWNDInterface:150610
 1974: File  (RWD)   C:\Users\lenovo\AppData\Roaming\Microsoft\Internet Explorer\Quick Launch\User Pinned
 19A4: File  (RWD)   C:\Users\lenovo\Downloads
 19A8: Section       \Sessions\1\BaseNamedObjects\1f90HWNDInterface:407fa
 19BC: Section       \Sessions\1\BaseNamedObjects\local.sogou.oidmm
 19F4: Section       \Sessions\1\BaseNamedObjects\sgime_env_fm1.v2.filemap.sogouime904fa97
 1A6C: Section       \Sessions\1\BaseNamedObjects\1f90HWNDInterface:404de
 1B48: Section       \Sessions\1\BaseNamedObjects\1f90HWNDInterface:101aa
 1B50: Section       \Sessions\1\BaseNamedObjects\1f90HWNDInterface:101aa
 1B64: File  (R-D)   C:\Program Files\WindowsApps\Microsoft.LanguageExperiencePackzh-CN_18362.24.72.0_neutral__8wekyb3d8bbwe\Windows\System32\zh-CN\pnidui.dll.mui
 1B7C: File  (R-D)   C:\Windows\SystemResources\shell32.dll.mun
 1B80: Section       \Sessions\1\BaseNamedObjects\SogouIme_DictWriteManager_3__FileMap_u904fa97
 1C18: File  (RW-)   C:\Windows\WinSxS\amd64_microsoft.windows.common-controls_6595b64144ccf1df_6.0.18362.778_none_e6c6b761130d4fb8
 1C2C: Section       \Sessions\1\BaseNamedObjects\sgime_psglog.filemap3612904fa97
 1C44: Section       \Sessions\1\BaseNamedObjects\Filemap_VersionReg904fa97
 1C5C: File  (RW-)   C:\Windows\WinSxS\amd64_microsoft.windows.common-controls_6595b64144ccf1df_6.0.18362.778_none_e6c6b761130d4fb8
 1CBC: File  (R-D)   C:\Program Files\WindowsApps\Microsoft.LanguageExperiencePackzh-CN_18362.24.72.0_neutral__8wekyb3d8bbwe\Windows\System32\zh-CN\kernel32.dll.mui
 1CC0: Section       \Sessions\1\BaseNamedObjects\Filemap_VersionReg904fa97
 1CC4: Section       \Sessions\1\BaseNamedObjects\M533209721679d14084ecb748c667a686dec0807658
 1CC8: Section       \Sessions\1\BaseNamedObjects\SogouIme_VersionManagerSharedTable__FileMap_u904fa97
 1CE4: Section       \Sessions\1\BaseNamedObjects\SGPY_GlobalConfig_Filemap_v0_u904fa97
 1D00: Section       \Sessions\1\BaseNamedObjects\SGPY_sgim_quick_bin9.6.0.3612_Filemap_v1_u904fa97
 1D04: Section       \Sessions\1\BaseNamedObjects\SGPY_SupportCharDict9.6.0.3612_Filemap_v1_u904fa97
 1D10: Section       \Sessions\1\BaseNamedObjects\SGPY_PunctureDict9.6.0.3612_Filemap_v1_u904fa97
 1D1C: Section       \Sessions\1\BaseNamedObjects\SGPY_RpaDict9.6.0.3612_Filemap_v1_u904fa97
 1D24: Section       \Sessions\1\BaseNamedObjects\SGPY_FixFirstDict_Filemap_v3_u904fa97
 1D2C: Section       \Sessions\1\BaseNamedObjects\SGPY_AbbrUsrDict_Filemap_v1_u904fa97
 1D38: Section       \Sessions\1\BaseNamedObjects\fimemap_for_sogou_cloud3612904fa97
 1D68: File  (RW-)   C:\Windows\WinSxS\amd64_microsoft.windows.common-controls_6595b64144ccf1df_6.0.18362.778_none_e6c6b761130d4fb8
 1D78: Section       \Sessions\1\BaseNamedObjects\SGPY__ProcessRrecord_Filemap_v1
 1DDC: File  (R-D)   C:\Program Files\WindowsApps\Microsoft.LanguageExperiencePackzh-CN_18362.24.72.0_neutral__8wekyb3d8bbwe\Windows\System32\zh-CN\crypt32.dll.mui
 1E30: File  (RW-)   C:\Windows\WinSxS\amd64_microsoft.windows.gdiplus_6595b64144ccf1df_1.1.18362.778_none_17b1aa466d9fc986
 1E3C: File  (RWD)   C:\Users\lenovo\AppData\Local\Microsoft\Windows\Explorer\iconcache_idx.db
 1E58: File  (RWD)   G:\SEU\19-20-3\?????????
 1E94: File  (R-D)   C:\Program Files\WindowsApps\Microsoft.LanguageExperiencePackzh-CN_18362.24.72.0_neutral__8wekyb3d8bbwe\Windows\System32\zh-CN\UIAutomationCore.dll.mui
 1EEC: File  (RWD)   C:\Users\lenovo\AppData\Local\Microsoft\Windows\Explorer\iconcache_idx.db
 1F18: File  (RWD)   C:\Users\lenovo\AppData\Local\Microsoft\Windows\Explorer\thumbcache_idx.db
 1FF0: File  (RW-)   C:\Windows\WinSxS\amd64_microsoft.windows.common-controls_6595b64144ccf1df_6.0.18362.778_none_e6c6b761130d4fb8
 2014: Section       \Sessions\1\BaseNamedObjects\SogouImeActiveMap904fa97
 2038: Section       \Sessions\1\BaseNamedObjects\UrlZonesSM_lenovo
 205C: Section       \Sessions\1\BaseNamedObjects\SGPY_sgim_adjcache_bin9.6.0.3612_Filemap_v1_u904fa97
 2070: Section       \Sessions\1\BaseNamedObjects\SGPY_CloudCachecDict9.6.0.3612_Filemap_v1_u904fa97
 2088: File  (R-D)   C:\Program Files\WindowsApps\Microsoft.LanguageExperiencePackzh-CN_18362.24.72.0_neutral__8wekyb3d8bbwe\Windows\System32\zh-CN\msctf.dll.mui
 208C: File  (RW-)   C:\Windows\WinSxS\amd64_microsoft.windows.common-controls_6595b64144ccf1df_6.0.18362.778_none_e6c6b761130d4fb8
 2098: Section       \Sessions\1\BaseNamedObjects\SogouImeActiveMap904fa97
 20A8: File  (R-D)   C:\Program Files\WindowsApps\Microsoft.LanguageExperiencePackzh-CN_18362.24.72.0_neutral__8wekyb3d8bbwe\Windows\System32\zh-CN\bthprops.cpl.mui
 20B4: Section       \Sessions\1\BaseNamedObjects\Filemap_VersionComReg904fa97
 20BC: File  (RWD)   C:\Users\lenovo\AppData\Local\Microsoft\Windows\Explorer\iconcache_256.db
 2124: Section       \Sessions\1\BaseNamedObjects\1f90HWNDInterface:202cc
 212C: Section       \Sessions\1\BaseNamedObjects\SGPY_CloudCachecDictLongWord9.6.0.3612_Filemap_v1_u904fa97
 2138: Section       \Sessions\1\BaseNamedObjects\SGPY_CloudCachecDictGrayWord9.6.0.3612_Filemap_v1_u904fa97
 2144: Section       \Sessions\1\BaseNamedObjects\SGPY_sgim_simtra_bin9.6.0.3612_Filemap_v1_u904fa97
 214C: Section       \Sessions\1\BaseNamedObjects\SGPY_sgim_eng_pre_bin9.6.0.3612_Filemap_v1_u904fa97
 2158: Section       \Sessions\1\BaseNamedObjects\SGPY_PyTipDict9.6.0.3612_Filemap_v1_u904fa97
 2160: Section       \Sessions\1\BaseNamedObjects\SGPY_sgim_url_bin9.6.0.3612_Filemap_v1_u904fa97
 2164: Section       \Sessions\1\BaseNamedObjects\SGPY_UrlGuideDict9.6.0.3612_Filemap_v1_u904fa97
 216C: Section       \Sessions\1\BaseNamedObjects\SGPY_NumFreqAdjustDict_Filemapv1_v1_u904fa97
 2174: Section       \Sessions\1\BaseNamedObjects\SGPY_infokeyict9.6.0.3612_Filemap_v1_u904fa97
 217C: Section       \Sessions\1\BaseNamedObjects\SGPY_infoblackict9.6.0.3612_Filemap_v1_u904fa97
 2184: Section       \Sessions\1\BaseNamedObjects\SGPY_smartinfo9.6.0.3612_Filemap_v1_u904fa97
 218C: Section       \Sessions\1\BaseNamedObjects\SGPY_ExtDict_Filemap_v1_u904fa97
 2194: Section       \Sessions\1\BaseNamedObjects\SGPY_UsrExtDict_Filemap_v3_u904fa97
 219C: Section       \Sessions\1\BaseNamedObjects\SGPY_UserSpellModelDict_Filemap_v1_u904fa97
 21A4: Section       \Sessions\1\BaseNamedObjects\SGPY_PrivilegeDict9.6.0.3612_Filemap_v1_u904fa97
 21AC: Section       \Sessions\1\BaseNamedObjects\SGPY_EngUsrDict_Filemap_v1_u904fa97
 21B8: Section       \Sessions\1\BaseNamedObjects\SGPY_UrlUsrDict_Filemap_v3_u904fa97
 21C0: Section       \Sessions\1\BaseNamedObjects\SGPY_ClipBoardDict_Filemap_v1_u904fa97
 21C4: Section       \Sessions\1\BaseNamedObjects\1f90HWNDInterface:103a8
 21C8: Section       \Sessions\1\BaseNamedObjects\1f90HWNDInterface:103a8
 22A8: File  (R-D)   C:\Program Files\WindowsApps\Microsoft.LanguageExperiencePackzh-CN_18362.24.72.0_neutral__8wekyb3d8bbwe\Windows\System32\zh-CN\ApplicationFrame.dll.mui
 22E0: Section       \Sessions\1\BaseNamedObjects\1f90HWNDInterface:10372
 22E4: Section       \Sessions\1\BaseNamedObjects\1f90HWNDInterface:10372
 22EC: Section       \Sessions\1\BaseNamedObjects\1f90HWNDInterface:10372
 23AC: Section       \Sessions\1\BaseNamedObjects\1f90HWNDInterface:20374
 23B0: Section       \Sessions\1\BaseNamedObjects\1f90HWNDInterface:20374
 23B8: Section       \Sessions\1\BaseNamedObjects\1f90HWNDInterface:20374
 2404: Section       \Sessions\1\BaseNamedObjects\1f90HWNDInterface:103a8
 2434: Section       \Sessions\1\BaseNamedObjects\FileMap_For_Sogou_Picface_Peri_12
 2438: Section       \Sessions\1\BaseNamedObjects\mem_picface_cloudkey.v1.filemap.sogouime904fa97
 2440: Section       \Sessions\1\BaseNamedObjects\picFaceIndexVersion.versionsData.sogouCom904fa97
 244C: Section       \Sessions\1\BaseNamedObjects\picFaceMergedCellVersion.versionsData.sogouCom904fa97
 2458: Section       \Sessions\1\BaseNamedObjects\mem_picface_cloud.v1.filemap.sogouime904fa97
 245C: Section       \Sessions\1\BaseNamedObjects\mem_picface_sugg.v1.filemap.sogouime_u1904fa97
 2464: Section       \Sessions\1\BaseNamedObjects\picFaceMergedCellVersion.15.0.1.sogouComData904fa97
 2468: Section       \Sessions\1\BaseNamedObjects\picFaceIndexVersion.15.0.1.sogouComData904fa97
 24C4: File  (R-D)   C:\Windows\SystemResources\imageres.dll.mun
 24DC: File  (R-D)   C:\Program Files\WindowsApps\Microsoft.LanguageExperiencePackzh-CN_18362.24.72.0_neutral__8wekyb3d8bbwe\Windows\System32\zh-CN\user32.dll.mui
 24E8: File  (RW-)   C:\Windows\WinSxS\amd64_microsoft.windows.common-controls_6595b64144ccf1df_6.0.18362.778_none_e6c6b761130d4fb8
 2584: Section       \Sessions\1\BaseNamedObjects\1f90HWNDInterface:404de
 25CC: Section       \Sessions\1\BaseNamedObjects\1f90HWNDInterface:202cc
 2644: File  (R-D)   C:\Program Files\WindowsApps\Microsoft.LanguageExperiencePackzh-CN_18362.24.72.0_neutral__8wekyb3d8bbwe\Windows\System32\zh-CN\ieframe.dll.mui
 2698: File  (RWD)   C:\Windows\Fonts\segoeui.ttf
 26A4: Section       \Sessions\1\BaseNamedObjects\SogouImeActiveMap904fa97
 26D8: File  (R-D)   C:\Program Files\WindowsApps\Microsoft.LanguageExperiencePackzh-CN_18362.24.72.0_neutral__8wekyb3d8bbwe\Windows\System32\zh-CN\explorerframe.dll.mui
 2708: Section       \Sessions\1\BaseNamedObjects\3943fbf33e1e581969d5a1c69b122181
 27AC: File  (RWD)   C:\Users\lenovo\Desktop
 2808: File  (RWD)   C:\Users\Public\Desktop
 282C: File  (RWD)   C:\Users\lenovo\AppData\Local\Microsoft\Windows\Explorer\thumbcache_32.db
 2838: Section       \Sessions\1\BaseNamedObjects\1f90HWNDInterface:100856
 28BC: File  (RWD)   C:\Users\lenovo\Music
 28C4: File  (RWD)   G:\SEU\19-20-3\????
 28D0: File  (R-D)   C:\Windows\SystemResources\imageres.dll.mun
 28D4: File  (RWD)   C:\Users\lenovo\AppData\Roaming\Microsoft\Windows\Start Menu\Programs
 28E8: Section       \Sessions\1\BaseNamedObjects\1f90HWNDInterface:420634
 28F0: File  (R-D)   C:\Windows\WinSxS\amd64_microsoft.windows.c..-controls.resources_6595b64144ccf1df_6.0.18362.778_zh-cn_5c586ab426d55bb7\comctl32.dll.mui
 2900: File  (R-D)   C:\Windows\System32\WinMetadata\Windows.UI.winmd
 293C: File  (RWD)   C:\Users\lenovo\AppData\Roaming\Microsoft\Windows\Start Menu
 2960: File  (RWD)   C:\Users\lenovo\AppData\Local\Microsoft\Windows\Explorer\thumbcache_256.db
 2984: Section       \Sessions\1\BaseNamedObjects\Groove:FileWatermark:JCK/uCS80be1iTgWf5O7jMmD9TM=
 2988: File  (RWD)   F:\
 29A8: File  (RWD)   C:\Users\lenovo\3D Objects
 29AC: Section       \Sessions\1\BaseNamedObjects\1f90HWNDInterface:50912
 29D0: File  (RWD)   C:\Users\lenovo\Downloads
 29D8: File  (RWD)   G:\SEU\19-20-3\????
 29F8: Section       \Sessions\1\BaseNamedObjects\1f90HWNDInterface:30844
 2A00: Section       \Sessions\1\BaseNamedObjects\1f90HWNDInterface:150610
 2A08: File  (RWD)   C:\Users\lenovo\AppData\Local\Microsoft\Windows\Explorer\iconcache_16.db
 2A40: File  (RWD)   D:\
 2A48: File  (RWD)   C:\Users\lenovo\AppData\Roaming\Microsoft\Windows\Start Menu\Programs
 2A74: File  (RWD)   C:\Users\lenovo\3D Objects
 2AF0: File  (RWD)   F:\360MoveData\Users\lenovo\Documents
 2AF8: File  (RWD)   C:\Users\lenovo\AppData\Roaming\Microsoft\Windows\Start Menu
 2B18: File  (RWD)   C:\Users\lenovo\AppData\Roaming\Microsoft\Windows\Network Shortcuts
 2B24: File  (RWD)   C:\Users\lenovo\AppData\Roaming\Microsoft\Windows\Libraries
 2B3C: File  (R-D)   C:\Program Files\WindowsApps\Microsoft.LanguageExperiencePackzh-CN_18362.24.72.0_neutral__8wekyb3d8bbwe\Windows\System32\zh-CN\UIRibbon.dll.mui
 2B8C: File  (RWD)   C:\Users\lenovo\AppData\Roaming\Microsoft\Windows\Libraries
 2B98: File  (RWD)   C:\Users\lenovo\Music
 2BDC: File  (RW-)   C:\Windows\WinSxS\amd64_microsoft.windows.c..-controls.resources_6595b64144ccf1df_6.0.18362.778_zh-cn_5c586ab426d55bb7
 2BE0: Section       \Sessions\1\BaseNamedObjects\SogouImeActiveMap904fa97
 2C08: Section       \Sessions\1\BaseNamedObjects\1f90HWNDInterface:2301fa
 2C28: File  (RWD)   F:\360MoveData\Users\lenovo\Documents
 2C80: File  (RWD)   C:\Users\lenovo\AppData\Local\Microsoft\Windows\Explorer\iconcache_32.db
 2CA0: File  (RWD)   C:\
 2CCC: File  (RWD)   C:\Users\lenovo\Desktop
 2D14: File  (RWD)   C:\Users\lenovo\AppData\Local\Microsoft\Windows\Explorer\thumbcache_96.db
 2D3C: File  (RWD)   G:\
 2D50: File  (RWD)   G:\SEU\19-20-3\????
 2D54: File  (RWD)   C:\Users\lenovo\OneDrive
 2D58: Section       \Sessions\1\BaseNamedObjects\C:*Users*lenovo*AppData*Local*Microsoft*Windows*Caches*{3DA71D5A-20CC-432F-A115-DFE92379E91F}.3.ver0x0000000000000462.db
 2D64: File  (RWD)   C:\Users\lenovo\AppData\Local\Microsoft\Windows\Explorer\iconcache_32.db
 2D90: Section       \Sessions\1\BaseNamedObjects\1f90HWNDInterface:30844
 2ED8: File  (RWD)   F:\
 2F50: File  (RWD)   G:\SEU\19-20-3\?????????\SysinternalsSuite
 2F68: File  (RW-)   C:\Windows\WinSxS\amd64_microsoft.windows.common-controls_6595b64144ccf1df_6.0.18362.778_none_e6c6b761130d4fb8
 2FA4: File  (RWD)   C:\Users\lenovo\AppData\Roaming\Microsoft\Windows\Printer Shortcuts
 2FD8: File  (RWD)   G:\SEU\19-20-3\?????????
 2FDC: File  (RWD)   C:\ProgramData\Microsoft\Windows\Start Menu\Programs
 3004: Section       \Sessions\1\BaseNamedObjects\1f90HWNDInterface:50912
 3008: File  (RWD)   D:\
 3034: File  (RWD)   C:\Users\lenovo\Pictures
 308C: File  (RW-)   C:\Windows\System32
 30E0: File  (RWD)   C:\Users\lenovo\AppData\Local\Microsoft\Windows\Burn
 30F4: File  (RWD)   C:\Users\lenovo\AppData\Roaming\Microsoft\Internet Explorer\Quick Launch\User Pinned
 3100: File  (RWD)   C:\Users\Public\Desktop
 312C: Section       \Sessions\1\BaseNamedObjects\1f90HWNDInterface:420634
 3180: Section       \Sessions\1\BaseNamedObjects\1f90HWNDInterface:100856
 3194: File  (RWD)   G:\SEU\19-20-3\?????????\SysinternalsSuite
 3218: File  (R-D)   C:\Program Files\WindowsApps\Microsoft.LanguageExperiencePackzh-CN_18362.24.72.0_neutral__8wekyb3d8bbwe\Windows\System32\zh-CN\ole32.dll.mui
 3254: File  (RWD)   C:\Users\lenovo\AppData\Local\Microsoft\Windows\Explorer\iconcache_idx.db
 329C: Section       \Sessions\1\BaseNamedObjects\1f90HWNDInterface:2301fa
 32AC: File  (RWD)   C:\ProgramData\Microsoft\Windows\Start Menu
 32DC: File  (RWD)   C:\Users\lenovo\OneDrive
 32E8: File  (RWD)   C:\Users\lenovo\AppData\Local\Microsoft\Windows\Explorer\thumbcache_idx.db
 3308: Section       \Sessions\1\BaseNamedObjects\sgime_skin.Dpi120.v3.filemap.sogouime3612904fa97
 332C: File  (RWD)   C:\ProgramData\Microsoft\Windows\Start Menu\Programs
 3338: File  (RWD)   E:\
 3364: Section       \Sessions\1\BaseNamedObjects\SE_UID
 3374: File  (RWD)   C:\
 339C: File  (RWD)   C:\Users\lenovo\AppData\Local\Microsoft\Windows\Burn
 33A0: File  (RWD)   E:\
 33A8: File  (RWD)   C:\Users\lenovo\Videos
 33BC: File  (RW-)   C:\Windows\WinSxS\amd64_microsoft.windows.gdiplus_6595b64144ccf1df_1.1.18362.778_none_17b1aa466d9fc986
 33E8: Section       \Sessions\1\BaseNamedObjects\1f90HWNDInterface:407fa
------------------------------------------------------------------------------
ioc.exe pid: 8156 NT AUTHORITY\SYSTEM
   40: File  (RW-)   C:\Windows\System32
  174: Section       \BaseNamedObjects\Cor_Private_IPCBlock_v4_8156
  178: Section       \...\Cor_SxSPublic_IPCBlock
  2A0: File  (R--)   C:\Windows\assembly\pubpol208.dat
  2A4: File  (R-D)   C:\Program Files\Intel\Intel(R) Online Connect\log4net.dll
  328: File  (R-D)   C:\Program Files\Intel\Intel(R) Online Connect\FidoManager.dll
  390: Section       \BaseNamedObjects\windows_shell_global_counters
  3B8: File  (RWD)   C:\Program Files\Intel\Intel(R) Online Connect
  3CC: File  (R-D)   C:\Program Files\Intel\Intel(R) Online Connect\SecurePayManager.dll
  3D0: File  (R-D)   C:\Program Files\Intel\Intel(R) Online Connect\SecurePayWBFBridge.dll
  3E0: File  (R-D)   C:\Program Files\Intel\Intel(R) Online Connect\Provisioner.dll
  3E8: File  (R-D)   C:\Program Files\Intel\Intel(R) Online Connect\ItaService.dll
  3F4: File  (R-D)   C:\Program Files\Intel\Intel(R) Online Connect\CSLibWrapper.dll
  448: File  (R-D)   C:\Program Files\Intel\Intel(R) Online Connect\BCAXInterface.dll
  4E4: File  (RW-)   C:\Program Files\Intel\Intel(R) Online Connect\logs\BCAEvents.log
  528: File  (R-D)   C:\Program Files\WindowsApps\Microsoft.LanguageExperiencePackzh-CN_18362.24.72.0_neutral__8wekyb3d8bbwe\Windows\System32\zh-CN\KernelBase.dll.mui
  52C: File  (R-D)   C:\Windows\System32\zh-CN\netmsg.dll.mui
  53C: File  (R-D)   C:\Windows\System32\en-US\netmsg.dll.mui
  5A0: File  (R-D)   C:\Program Files\WindowsApps\Microsoft.LanguageExperiencePackzh-CN_18362.24.72.0_neutral__8wekyb3d8bbwe\Windows\System32\zh-CN\crypt32.dll.mui
  830: File  (R-D)   C:\Program Files\WindowsApps\Microsoft.LanguageExperiencePackzh-CN_18362.24.72.0_neutral__8wekyb3d8bbwe\Windows\System32\zh-CN\winnlsres.dll.mui
  838: File  (R-D)   C:\Program Files\WindowsApps\Microsoft.LanguageExperiencePackzh-CN_18362.24.72.0_neutral__8wekyb3d8bbwe\Windows\System32\zh-CN\winhttp.dll.mui
------------------------------------------------------------------------------
PluginLoaderSvc.exe pid: 8288 NT AUTHORITY\SYSTEM
   40: File  (RW-)   C:\Windows\System32
  2A8: Section       \BaseNamedObjects\__ComCatalogCache__
  2F0: Section       \BaseNamedObjects\__ComCatalogCache__
  2F4: File  (R--)   C:\Windows\Registration\R00000000000d.clb
  444: File  (R-D)   C:\Program Files\WindowsApps\Microsoft.LanguageExperiencePackzh-CN_18362.24.72.0_neutral__8wekyb3d8bbwe\Windows\System32\zh-CN\crypt32.dll.mui
  6D8: File  (R-D)   C:\Program Files\WindowsApps\Microsoft.LanguageExperiencePackzh-CN_18362.24.72.0_neutral__8wekyb3d8bbwe\Windows\System32\zh-CN\KernelBase.dll.mui
------------------------------------------------------------------------------
ETDCtrlHelper.exe pid: 8428 LAPTOP-MHITGFCH\lenovo
   40: File  (RW-)   C:\Users\lenovo
   74: File  (RW-)   C:\Windows\WinSxS\amd64_microsoft.windows.common-controls_6595b64144ccf1df_6.0.18362.778_none_e6c6b761130d4fb8
   78: File  (RW-)   C:\Windows\WinSxS\amd64_microsoft.windows.gdiplus_6595b64144ccf1df_1.1.18362.778_none_17b1aa466d9fc986
  214: Section       \Windows\Theme2514694826
  218: Section       \Sessions\1\Windows\Theme3897123807
------------------------------------------------------------------------------
ETDIntelligent.exe pid: 8484 LAPTOP-MHITGFCH\lenovo
   40: File  (RW-)   C:\Users\lenovo
   70: File  (RW-)   C:\Windows\WinSxS\amd64_microsoft.windows.gdiplus_6595b64144ccf1df_1.1.18362.778_none_17b1aa466d9fc986
   74: File  (RW-)   C:\Windows\WinSxS\amd64_microsoft.windows.common-controls_6595b64144ccf1df_5.82.18362.778_none_2a29d4a64667eb69
   BC: Section       \Windows\Theme2514694826
  230: Section       \Sessions\1\Windows\Theme3897123807
------------------------------------------------------------------------------
svchost.exe pid: 8620 NT AUTHORITY\NETWORK SERVICE
   48: File  (RW-)   C:\Windows\System32
  228: Section       \BaseNamedObjects\__ComCatalogCache__
  22C: File  (R--)   C:\Windows\Registration\R00000000000d.clb
------------------------------------------------------------------------------
nvcontainer.exe pid: 8816 LAPTOP-MHITGFCH\lenovo
   40: File  (RW-)   C:\Windows\System32
  1BC: File  (R--)   C:\ProgramData\NVIDIA\NvContainerUser1.log
  1D0: File  (R-D)   C:\Program Files\WindowsApps\Microsoft.LanguageExperiencePackzh-CN_18362.24.72.0_neutral__8wekyb3d8bbwe\Windows\System32\zh-CN\kernel32.dll.mui
  1D8: Section       \Sessions\1\BaseNamedObjects\windows_shell_global_counters
  20C: File  (R-D)   C:\Program Files\WindowsApps\Microsoft.LanguageExperiencePackzh-CN_18362.24.72.0_neutral__8wekyb3d8bbwe\Windows\System32\zh-CN\crypt32.dll.mui
  430: File  (RWD)   C:\Program Files\NVIDIA Corporation\NvContainer\plugins\User
  47C: File  (RWD)   C:\Program Files\NVIDIA Corporation\NvBackend\plugins\User
  4A8: Section       \Windows\Theme2514694826
  4AC: File  (RW-)   C:\Users\lenovo\AppData\Local\NVIDIA\NvBackend\backend.log
  4D0: File  (---)   C:\Users\lenovo\AppData\Local\NVIDIA\NvBackend\journalBS.jour.dat
  4D8: File  (---)   C:\Users\lenovo\AppData\Local\NVIDIA\NvBackend\VRDevicesInfo.data
  4FC: Section       \Sessions\1\Windows\Theme3897123807
  5B8: Section       \Sessions\1\BaseNamedObjects\{AA45D379-DBB1-4AF4-833B-39E697EDCCA4}
  5C0: File  (RWD)   C:\ProgramData\NVIDIA Corporation\CrashDumps
  644: Section       \BaseNamedObjects\__ComCatalogCache__
  648: File  (R--)   C:\Windows\Registration\R00000000000d.clb
  7D8: File  (R-D)   C:\Program Files\WindowsApps\Microsoft.LanguageExperiencePackzh-CN_18362.24.72.0_neutral__8wekyb3d8bbwe\Windows\System32\zh-CN\winnlsres.dll.mui
  804: File  (RW-)   C:\Windows\WinSxS\amd64_microsoft.windows.gdiplus_6595b64144ccf1df_1.1.18362.778_none_17b1aa466d9fc986
  81C: File  (RW-)   C:\Windows\WinSxS\amd64_microsoft.windows.common-controls_6595b64144ccf1df_6.0.18362.778_none_e6c6b761130d4fb8
  A08: File  (R-D)   C:\Program Files\WindowsApps\Microsoft.LanguageExperiencePackzh-CN_18362.24.72.0_neutral__8wekyb3d8bbwe\Windows\System32\zh-CN\KernelBase.dll.mui
  A70: File  (R-D)   C:\Program Files\WindowsApps\Microsoft.LanguageExperiencePackzh-CN_18362.24.72.0_neutral__8wekyb3d8bbwe\Windows\System32\zh-CN\mswsock.dll.mui
------------------------------------------------------------------------------
svchost.exe pid: 9188 LAPTOP-MHITGFCH\lenovo
   48: File  (RW-)   C:\Windows\System32
  130: File  (R-D)   C:\Program Files\WindowsApps\Microsoft.LanguageExperiencePackzh-CN_18362.24.72.0_neutral__8wekyb3d8bbwe\Windows\System32\zh-CN\svchost.exe.mui
  144: Section       \Sessions\1\BaseNamedObjects\C:*ProgramData*Microsoft*Windows*Caches*cversions.2.ro
  1FC: Section       \BaseNamedObjects\__ComCatalogCache__
  224: File  (R-D)   C:\Program Files\WindowsApps\Microsoft.LanguageExperiencePackzh-CN_18362.24.72.0_neutral__8wekyb3d8bbwe\Windows\System32\zh-CN\ole32.dll.mui
  228: Section       \BaseNamedObjects\__ComCatalogCache__
  22C: File  (R--)   C:\Windows\Registration\R00000000000d.clb
  434: File  (R-D)   C:\Program Files\WindowsApps\Microsoft.LanguageExperiencePackzh-CN_18362.24.72.0_neutral__8wekyb3d8bbwe\Windows\System32\zh-CN\KernelBase.dll.mui
  43C: File  (R-D)   C:\Program Files\WindowsApps\Microsoft.LanguageExperiencePackzh-CN_18362.24.72.0_neutral__8wekyb3d8bbwe\Windows\System32\zh-CN\windows.applicationmodel.datatransfer.dll.mui
  4B0: Section       \Sessions\1\BaseNamedObjects\windows_shell_global_counters
  4F8: File  (R-D)   C:\Program Files\WindowsApps\Microsoft.LanguageExperiencePackzh-CN_18362.24.72.0_neutral__8wekyb3d8bbwe\Windows\System32\zh-CN\propsys.dll.mui
  530: Section       \Sessions\1\BaseNamedObjects\C:*ProgramData*Microsoft*Windows*Caches*{6AF0698E-D558-4F6E-9B3C-3716689AF493}.2.ver0x0000000000000001.db
  53C: Section       \Sessions\1\BaseNamedObjects\C:*ProgramData*Microsoft*Windows*Caches*cversions.2.ro
  540: Section       \Sessions\1\BaseNamedObjects\C:*ProgramData*Microsoft*Windows*Caches*{DDF571F2-BE98-426D-8288-1A9A39C3FDA2}.2.ver0x0000000000000001.db
  574: Section       \BaseNamedObjects\windows_shell_global_counters
  578: Section       \Sessions\1\BaseNamedObjects\C:*ProgramData*Microsoft*Windows*Caches*cversions.2.ro
------------------------------------------------------------------------------
NVIDIA Web Helper.exe pid: 7024 LAPTOP-MHITGFCH\lenovo
   40: File  (RW-)   C:\Windows
   8C: File  (RW-)   C:\Program Files (x86)\NVIDIA Corporation\NvNode
  2E4: File  (R-D)   C:\Program Files\WindowsApps\Microsoft.LanguageExperiencePackzh-CN_18362.24.72.0_neutral__8wekyb3d8bbwe\Windows\System32\zh-CN\mswsock.dll.mui
  32C: Section       \Sessions\1\BaseNamedObjects\windows_shell_global_counters
  36C: Section       \Sessions\1\BaseNamedObjects\node-debug-handler-7024
  3B8: File  (R--)   C:\Users\lenovo\AppData\Local\NVIDIA Corporation\NvNode\nvnode.log
  41C: File  (R-D)   C:\Program Files\WindowsApps\Microsoft.LanguageExperiencePackzh-CN_18362.24.72.0_neutral__8wekyb3d8bbwe\Windows\System32\zh-CN\crypt32.dll.mui
  694: File  (R--)   C:\ProgramData\NVIDIA\MessageBus_7024_0x53FA740.log
  6E0: File  (RW-)   C:\Windows\WinSxS\x86_microsoft.windows.gdiplus_6595b64144ccf1df_1.1.18362.778_none_5f5ee11d821bf28c
  708: File  (RW-)   C:\ProgramData\NVIDIA Corporation\GfeBridges\NvGameShareCurrent.log
  780: File  (RW-)   C:\ProgramData\NVIDIA Corporation\GfeBridges\NvGfeServiceBridgeCurrent.log
  814: File  (R--)   C:\ProgramData\NVIDIA\MessageBus_7024_0xABFBEE0.log
  850: Section       \Sessions\1\Windows\Theme3897123807
  854: Section       \Sessions\1\BaseNamedObjects\{1ABAC973-1361-4C7B-B9CE-6A084DB70189}_v2
  920: File  (RWD)   C:\ProgramData\NVIDIA Corporation\ShadowPlay\CaptureCore.log
  924: File  (R--)   C:\ProgramData\NVIDIA\MessageBus_7024_0x53FA8A8.log
  928: File  (RWD)   C:\ProgramData\NVIDIA Corporation\ShadowPlay\CaptureCore.log
  93C: File  (RW-)   C:\Users\lenovo\AppData\Local\NVIDIA Corporation\NvAbHub\NVIDIA Web HelperAbHubClient.log.1
  980: Section       \Sessions\1\BaseNamedObjects\{8BA1E16C-FC54-4595-9782-E370A5FBE8DA}
  9EC: File  (R--)   C:\ProgramData\NVIDIA\MessageBus_7024_0x53FAFB0.log
  BA4: Section       \Windows\Theme2514694826
------------------------------------------------------------------------------
conhost.exe pid: 7060 LAPTOP-MHITGFCH\lenovo
   44: File  (RW-)   C:\Windows
  148: File  (R-D)   C:\Program Files\WindowsApps\Microsoft.LanguageExperiencePackzh-CN_18362.24.72.0_neutral__8wekyb3d8bbwe\Windows\System32\zh-CN\Conhost.exe.mui
------------------------------------------------------------------------------
StartMenuExperienceHost.exe pid: 9228 LAPTOP-MHITGFCH\lenovo
   44: File  (RW-)   C:\Windows\SystemApps\Microsoft.Windows.StartMenuExperienceHost_cw5n1h2txyewy
  120: Section       \BaseNamedObjects\__ComCatalogCache__
  3A0: Section       \Sessions\1\AppContainerNamedObjects\S-1-15-2-515815643-2845804217-1874292103-218650560-777617685-4287762684-137415000\SessionImmersiveColorPreference
  414: File  (R-D)   C:\Windows\apppatch\DirectXApps.sdb
  41C: Section       \Sessions\1\AppContainerNamedObjects\S-1-15-2-515815643-2845804217-1874292103-218650560-777617685-4287762684-137415000\windows_shell_global_counters
  4E4: Section       \Sessions\1\AppContainerNamedObjects\S-1-15-2-515815643-2845804217-1874292103-218650560-777617685-4287762684-137415000\ApplicationService:240c1d6280122735da7
  4F0: File  (RWD)   C:\Windows\Fonts\segoeui.ttf
  530: Section       \Sessions\1\AppContainerNamedObjects\S-1-15-2-515815643-2845804217-1874292103-218650560-777617685-4287762684-137415000\240cHWNDInterface:10298
  534: Section       \Sessions\1\AppContainerNamedObjects\S-1-15-2-515815643-2845804217-1874292103-218650560-777617685-4287762684-137415000\240cHWNDInterface:10298
  588: Section       \Sessions\1\AppContainerNamedObjects\S-1-15-2-515815643-2845804217-1874292103-218650560-777617685-4287762684-137415000\240cHWNDInterface:10298
  5C8: Section       \Sessions\1\AppContainerNamedObjects\S-1-15-2-515815643-2845804217-1874292103-218650560-777617685-4287762684-137415000\240cHWNDInterface:10298
  5CC: Section       \Sessions\1\AppContainerNamedObjects\S-1-15-2-515815643-2845804217-1874292103-218650560-777617685-4287762684-137415000\240cHWNDInterface:10298
  5F8: File  (R--)   C:\Users\lenovo\AppData\Local\Packages\Microsoft.Windows.StartMenuExperienceHost_cw5n1h2txyewy\TempState\TileCache_125_0_Header.bin
  64C: File  (R-D)   C:\Program Files\WindowsApps\Microsoft.LanguageExperiencePackzh-CN_18362.24.72.0_neutral__8wekyb3d8bbwe\Windows\System32\zh-CN\KernelBase.dll.mui
  6C0: File  (R-D)   C:\Program Files\WindowsApps\Microsoft.LanguageExperiencePackzh-CN_18362.24.72.0_neutral__8wekyb3d8bbwe\Windows\System32\zh-CN\windows.storage.dll.mui
  7B4: Section       \Sessions\1\AppContainerNamedObjects\S-1-15-2-515815643-2845804217-1874292103-218650560-777617685-4287762684-137415000\240cHWNDInterface:10298
  7F4: Section       \Sessions\1\BaseNamedObjects\C:*Users*lenovo*AppData*Local*Microsoft*Windows*Caches*{3DA71D5A-20CC-432F-A115-DFE92379E91F}.3.ver0x0000000000000462.db
  840: Section       \Sessions\1\AppContainerNamedObjects\S-1-15-2-515815643-2845804217-1874292103-218650560-777617685-4287762684-137415000\240cHWNDInterface:10298
  8E0: Section       \Sessions\1\AppContainerNamedObjects\S-1-15-2-515815643-2845804217-1874292103-218650560-777617685-4287762684-137415000\240cHWNDInterface:10298
  8F4: Section       \Sessions\1\AppContainerNamedObjects\S-1-15-2-515815643-2845804217-1874292103-218650560-777617685-4287762684-137415000\240cHWNDInterface:10298
  8F8: Section       \Sessions\1\AppContainerNamedObjects\S-1-15-2-515815643-2845804217-1874292103-218650560-777617685-4287762684-137415000\240cHWNDInterface:10298
  9B8: File  (R--)   C:\Users\lenovo\AppData\Local\Packages\Microsoft.Windows.StartMenuExperienceHost_cw5n1h2txyewy\TempState\TileCache_125_0_Data.bin
  9C8: File  (R-D)   C:\Program Files\WindowsApps\Microsoft.LanguageExperiencePackzh-CN_18362.24.72.0_neutral__8wekyb3d8bbwe\Windows\System32\zh-CN\windows.ui.xaml.dll.mui
  AEC: File  (R-D)   C:\Windows\System32\en-US\Windows.Globalization.dll.mui
  B4C: Section       \Sessions\1\AppContainerNamedObjects\S-1-15-2-515815643-2845804217-1874292103-218650560-777617685-4287762684-137415000\240cHWNDInterface:504cc
  B5C: Section       \Sessions\1\AppContainerNamedObjects\S-1-15-2-515815643-2845804217-1874292103-218650560-777617685-4287762684-137415000\240cHWNDInterface:504cc
  B7C: File  (RWD)   C:\Windows\Fonts\msyh.ttc
  B84: Section       \Sessions\1\BaseNamedObjects\C:*Users*lenovo*AppData*Local*Microsoft*Windows*Caches*cversions.3.ro
  B98: Section       \Sessions\1\AppContainerNamedObjects\S-1-15-2-515815643-2845804217-1874292103-218650560-777617685-4287762684-137415000\240cHWNDInterface:10298
  BB8: Section       \Sessions\1\AppContainerNamedObjects\S-1-15-2-515815643-2845804217-1874292103-218650560-777617685-4287762684-137415000\240cHWNDInterface:504cc
------------------------------------------------------------------------------
dllhost.exe pid: 9304 LAPTOP-MHITGFCH\lenovo
   48: File  (RW-)   C:\Windows\System32
  124: Section       \BaseNamedObjects\__ComCatalogCache__
  130: Section       \BaseNamedObjects\__ComCatalogCache__
  134: File  (R--)   C:\Windows\Registration\R00000000000d.clb
  2AC: Section       \Sessions\1\BaseNamedObjects\windows_shell_global_counters
  33C: Section       \BaseNamedObjects\windows_shell_global_counters
  424: File  (R-D)   C:\Program Files\WindowsApps\Microsoft.LanguageExperiencePackzh-CN_18362.24.72.0_neutral__8wekyb3d8bbwe\Windows\System32\zh-CN\KernelBase.dll.mui
  508: File  (RW-)   C:\Windows\WinSxS\amd64_microsoft.windows.gdiplus_6595b64144ccf1df_1.1.18362.778_none_17b1aa466d9fc986
  50C: Section       \Sessions\1\BaseNamedObjects\C:*ProgramData*Microsoft*Windows*Caches*{DDF571F2-BE98-426D-8288-1A9A39C3FDA2}.2.ver0x0000000000000001.db
  574: Section       \Sessions\1\BaseNamedObjects\C:*ProgramData*Microsoft*Windows*Caches*cversions.2.ro
  578: Section       \Sessions\1\BaseNamedObjects\C:*ProgramData*Microsoft*Windows*Caches*{6AF0698E-D558-4F6E-9B3C-3716689AF493}.2.ver0x0000000000000001.db
  57C: Section       \Sessions\1\BaseNamedObjects\C:*ProgramData*Microsoft*Windows*Caches*cversions.2.ro
  5EC: Section       \Sessions\1\BaseNamedObjects\C:*ProgramData*Microsoft*Windows*Caches*cversions.2.ro
  65C: File  (R-D)   C:\Windows\System32\zh-CN\netmsg.dll.mui
  660: File  (R-D)   C:\Windows\System32\en-US\netmsg.dll.mui
  668: File  (R-D)   C:\Program Files\WindowsApps\Microsoft.LanguageExperiencePackzh-CN_18362.24.72.0_neutral__8wekyb3d8bbwe\Windows\System32\zh-CN\mferror.dll.mui
------------------------------------------------------------------------------
RuntimeBroker.exe pid: 9420 LAPTOP-MHITGFCH\lenovo
   48: File  (RW-)   C:\Windows\System32
  16C: Section       \BaseNamedObjects\__ComCatalogCache__
  258: File  (R--)   C:\Windows\Registration\R00000000000d.clb
  25C: Section       \BaseNamedObjects\__ComCatalogCache__
  270: Section       \Sessions\1\BaseNamedObjects\windows_shell_global_counters
  28C: File  (R-D)   C:\Program Files\WindowsApps\Microsoft.LanguageExperiencePackzh-CN_18362.24.72.0_neutral__8wekyb3d8bbwe\Windows\System32\zh-CN\combase.dll.mui
  29C: File  (R-D)   C:\Program Files\WindowsApps\Microsoft.LanguageExperiencePackzh-CN_18362.24.72.0_neutral__8wekyb3d8bbwe\Windows\System32\zh-CN\KernelBase.dll.mui
  450: Section       \BaseNamedObjects\windows_shell_global_counters
  474: Section       \Sessions\1\BaseNamedObjects\C:*ProgramData*Microsoft*Windows*Caches*cversions.2.ro
  478: Section       \Sessions\1\BaseNamedObjects\C:*ProgramData*Microsoft*Windows*Caches*{6AF0698E-D558-4F6E-9B3C-3716689AF493}.2.ver0x0000000000000001.db
  47C: Section       \Sessions\1\BaseNamedObjects\C:*ProgramData*Microsoft*Windows*Caches*cversions.2.ro
  480: Section       \Sessions\1\BaseNamedObjects\C:*ProgramData*Microsoft*Windows*Caches*{DDF571F2-BE98-426D-8288-1A9A39C3FDA2}.2.ver0x0000000000000001.db
  4D8: File  (R-D)   C:\Program Files\WindowsApps\Microsoft.LanguageExperiencePackzh-CN_18362.24.72.0_neutral__8wekyb3d8bbwe\Windows\System32\zh-CN\windows.storage.dll.mui
  4F4: File  (R-D)   C:\Program Files\WindowsApps\Microsoft.LanguageExperiencePackzh-CN_18362.24.72.0_neutral__8wekyb3d8bbwe\Windows\System32\zh-CN\propsys.dll.mui
  52C: File  (RW-)   C:\Windows\WinSxS\amd64_microsoft.windows.common-controls_6595b64144ccf1df_6.0.18362.778_none_e6c6b761130d4fb8
  600: Section       \Sessions\1\BaseNamedObjects\C:*ProgramData*Microsoft*Windows*Caches*cversions.2.ro
  704: File  (R-D)   C:\Program Files\WindowsApps\Microsoft.LanguageExperiencePackzh-CN_18362.24.72.0_neutral__8wekyb3d8bbwe\Windows\System32\zh-CN\ShutdownUX.dll.mui
------------------------------------------------------------------------------
Locator.exe pid: 9576 NT AUTHORITY\NETWORK SERVICE
   40: File  (RW-)   C:\Windows\System32
------------------------------------------------------------------------------
SearchIndexer.exe pid: 9696 NT AUTHORITY\SYSTEM
   44: File  (RW-)   C:\Windows\System32
  154: File  (R-D)   C:\Program Files\WindowsApps\Microsoft.LanguageExperiencePackzh-CN_18362.24.72.0_neutral__8wekyb3d8bbwe\Windows\System32\zh-CN\SearchIndexer.exe.mui
  1A8: Section       \BaseNamedObjects\windows_shell_global_counters
  290: Section       \BaseNamedObjects\UGATHERER
  294: Section       \BaseNamedObjects\UGathererObj
  2C4: Section       \BaseNamedObjects\UGTHRSVC
  2C8: Section       \BaseNamedObjects\UGthrSvcObj
  2CC: Section       \BaseNamedObjects\__ComCatalogCache__
  2DC: Section       \BaseNamedObjects\__ComCatalogCache__
  2E0: File  (R--)   C:\Windows\Registration\R00000000000d.clb
  414: Section       \BaseNamedObjects\GDA:  ESENT Performance Data Schema Version 293
  41C: Section       \BaseNamedObjects\IDA0:  ESENT Performance Data Schema Version 293
  434: File  (R-D)   C:\Windows\System32\zh-CN\ESENT.dll.mui
  43C: File  (---)   C:\ProgramData\Microsoft\Search\Data\Applications\Windows\edb.jtx
  450: File  (---)   C:\ProgramData\Microsoft\Search\Data\Applications\Windows\Windows.jfm
  458: File  (---)   C:\ProgramData\Microsoft\Search\Data\Applications\Windows\Windows.edb
  520: File  (RW-)   C:\ProgramData\Microsoft\Search\Data\Applications\Windows\Projects\SystemIndex\PropMap\CiPT0000.000
  530: Section       \BaseNamedObjects\C:*ProgramData*Microsoft*Windows*Caches*cversions.2.ro
  534: Section       \BaseNamedObjects\C:*ProgramData*Microsoft*Windows*Caches*cversions.2.ro
  538: Section       \BaseNamedObjects\C:*ProgramData*Microsoft*Windows*Caches*{6AF0698E-D558-4F6E-9B3C-3716689AF493}.2.ver0x0000000000000001.db
  53C: Section       \BaseNamedObjects\C:*ProgramData*Microsoft*Windows*Caches*cversions.2.ro
  540: Section       \BaseNamedObjects\C:*ProgramData*Microsoft*Windows*Caches*{DDF571F2-BE98-426D-8288-1A9A39C3FDA2}.2.ver0x0000000000000001.db
  544: Section       \BaseNamedObjects\C:*ProgramData*Microsoft*Windows*Caches*cversions.2.ro
  548: Section       \BaseNamedObjects\C:*ProgramData*Microsoft*Windows*Caches*{E4CBEACD-DE3C-4E31-BD99-83EF3D6850B2}.2.ver0x0000000000000001.db
  550: Section       \BaseNamedObjects\C:*ProgramData*Microsoft*Windows*Caches*{74695C59-2CC6-4AD7-B095-F7DAB0A2265D}.2.ver0x0000000000000001.db
  8B4: File  (R--)   C:\ProgramData\Microsoft\Search\Data\Applications\Windows\GatherLogs\SystemIndex\SystemIndex.207.gthr
  938: File  (R--)   C:\ProgramData\Microsoft\Search\Data\Applications\Windows\GatherLogs\SystemIndex\SystemIndex.207.Crwl
  95C: File  (RW-)   C:\ProgramData\Microsoft\Search\Data\Applications\Windows\Projects\SystemIndex\SecStore\CiST0000.000
  964: File  (R-D)   C:\Windows\SystemResources\tquery.dll.mun
  968: Section       \BaseNamedObjects\WSearchIdxPi
  970: Section       \BaseNamedObjects\WseIdxPm
  A24: File  (R-D)   C:\Program Files\WindowsApps\Microsoft.LanguageExperiencePackzh-CN_18362.24.72.0_neutral__8wekyb3d8bbwe\Windows\System32\zh-CN\vsstrace.dll.mui
  BC4: File  (R-D)   C:\Program Files\WindowsApps\Microsoft.LanguageExperiencePackzh-CN_18362.24.72.0_neutral__8wekyb3d8bbwe\Windows\System32\zh-CN\shell32.dll.mui
  D1C: Section       \BaseNamedObjects\windows_shell_global_counters
  E7C: File  (R-D)   C:\Program Files\WindowsApps\Microsoft.LanguageExperiencePackzh-CN_18362.24.72.0_neutral__8wekyb3d8bbwe\Windows\System32\zh-CN\tquery.dll.mui
------------------------------------------------------------------------------
RuntimeBroker.exe pid: 9824 LAPTOP-MHITGFCH\lenovo
   4C: File  (RW-)   C:\Windows\System32
  178: Section       \BaseNamedObjects\__ComCatalogCache__
  230: Section       \BaseNamedObjects\__ComCatalogCache__
  234: File  (R--)   C:\Windows\Registration\R00000000000d.clb
  3CC: Section       \Sessions\1\BaseNamedObjects\windows_shell_global_counters
  404: Section       \BaseNamedObjects\windows_shell_global_counters
  440: Section       \Sessions\1\BaseNamedObjects\C:*ProgramData*Microsoft*Windows*Caches*cversions.2.ro
  444: Section       \Sessions\1\BaseNamedObjects\C:*ProgramData*Microsoft*Windows*Caches*{6AF0698E-D558-4F6E-9B3C-3716689AF493}.2.ver0x0000000000000001.db
  448: Section       \Sessions\1\BaseNamedObjects\C:*ProgramData*Microsoft*Windows*Caches*cversions.2.ro
  44C: Section       \Sessions\1\BaseNamedObjects\C:*ProgramData*Microsoft*Windows*Caches*{DDF571F2-BE98-426D-8288-1A9A39C3FDA2}.2.ver0x0000000000000001.db
  47C: File  (R-D)   C:\Program Files\WindowsApps\Microsoft.LanguageExperiencePackzh-CN_18362.24.72.0_neutral__8wekyb3d8bbwe\Windows\System32\zh-CN\windows.storage.dll.mui
  4C4: File  (RW-)   C:\Windows\WinSxS\amd64_microsoft.windows.common-controls_6595b64144ccf1df_6.0.18362.778_none_e6c6b761130d4fb8
  504: Section       \Sessions\1\BaseNamedObjects\C:*Users*lenovo*AppData*Local*Microsoft*Windows*Caches*cversions.3.ro
  518: File  (R-D)   C:\Program Files\WindowsApps\Microsoft.LanguageExperiencePackzh-CN_18362.24.72.0_neutral__8wekyb3d8bbwe\Windows\System32\zh-CN\propsys.dll.mui
  584: Section       \Sessions\1\BaseNamedObjects\C:*Users*lenovo*AppData*Local*Microsoft*Windows*Caches*{3DA71D5A-20CC-432F-A115-DFE92379E91F}.3.ver0x0000000000000462.db
  610: File  (R-D)   C:\Program Files\WindowsApps\Microsoft.LanguageExperiencePackzh-CN_18362.24.72.0_neutral__8wekyb3d8bbwe\Windows\System32\zh-CN\mpr.dll.mui
  62C: Section       \Sessions\1\BaseNamedObjects\C:*ProgramData*Microsoft*Windows*Caches*cversions.2.ro
  634: File  (R-D)   C:\Program Files\WindowsApps\Microsoft.LanguageExperiencePackzh-CN_18362.24.72.0_neutral__8wekyb3d8bbwe\Windows\System32\zh-CN\AppResolver.dll.mui
  66C: Section       \Sessions\1\BaseNamedObjects\C:*Users*lenovo*AppData*Local*Microsoft*Windows*Caches*cversions.3.ro
  6C8: File  (R-D)   C:\Program Files\WindowsApps\Microsoft.LanguageExperiencePackzh-CN_18362.24.72.0_neutral__8wekyb3d8bbwe\Windows\System32\zh-CN\KernelBase.dll.mui
  6E0: Section       \Windows\Theme2514694826
  884: Section       \Sessions\1\Windows\Theme3897123807
  898: File  (R-D)   C:\Program Files\WindowsApps\Microsoft.LanguageExperiencePackzh-CN_18362.24.72.0_neutral__8wekyb3d8bbwe\Windows\System32\zh-CN\StartTileData.dll.mui
  8D4: File  (R-D)   C:\Program Files\WindowsApps\Microsoft.LanguageExperiencePackzh-CN_18362.24.72.0_neutral__8wekyb3d8bbwe\Windows\System32\zh-CN\shell32.dll.mui
  8D8: File  (RW-)   C:\Windows\WinSxS\amd64_microsoft.windows.common-controls_6595b64144ccf1df_6.0.18362.778_none_e6c6b761130d4fb8
  BE8: File  (R-D)   C:\Windows\SystemResources\imageres.dll.mun
  C24: Section       \Sessions\1\BaseNamedObjects\windows_webcache_counters_{9B6AB5B3-91BC-4097-835C-EA2DEC95E9CC}_S-1-5-21-1347350027-276978489-4274093279-1001
  ECC: Section       \Sessions\1\BaseNamedObjects\C:*Users*lenovo*AppData*Local*Microsoft*Windows*Caches*{3DA71D5A-20CC-432F-A115-DFE92379E91F}.3.ver0x0000000000000462.db
  F00: Section       \Sessions\1\BaseNamedObjects\C:*Users*lenovo*AppData*Local*Microsoft*Windows*Caches*cversions.3.ro
  F8C: Section       \Sessions\1\BaseNamedObjects\C:*Users*lenovo*AppData*Local*Microsoft*Windows*Caches*cversions.3.ro
------------------------------------------------------------------------------
svchost.exe pid: 1372 NT AUTHORITY\SYSTEM
   10: File  (RW-)   C:\Windows\System32
  13C: File  (R-D)   C:\Program Files\WindowsApps\Microsoft.LanguageExperiencePackzh-CN_18362.24.72.0_neutral__8wekyb3d8bbwe\Windows\System32\zh-CN\svchost.exe.mui
  264: Section       \BaseNamedObjects\__ComCatalogCache__
  29C: Section       \BaseNamedObjects\__ComCatalogCache__
  2C8: Section       \BaseNamedObjects\windows_shell_global_counters
  2CC: File  (R--)   C:\Windows\Registration\R00000000000d.clb
  3A0: File  (R-D)   C:\Program Files\WindowsApps\Microsoft.LanguageExperiencePackzh-CN_18362.24.72.0_neutral__8wekyb3d8bbwe\Windows\System32\zh-CN\KernelBase.dll.mui
  514: File  (R-D)   C:\Program Files\WindowsApps\Microsoft.LanguageExperiencePackzh-CN_18362.24.72.0_neutral__8wekyb3d8bbwe\Windows\System32\zh-CN\winnlsres.dll.mui
  59C: File  (R-D)   C:\Program Files\WindowsApps\Microsoft.LanguageExperiencePackzh-CN_18362.24.72.0_neutral__8wekyb3d8bbwe\Windows\System32\zh-CN\mswsock.dll.mui
  688: File  (R-D)   C:\Program Files\WindowsApps\Microsoft.LanguageExperiencePackzh-CN_18362.24.72.0_neutral__8wekyb3d8bbwe\Windows\System32\zh-CN\crypt32.dll.mui
  6B4: File  (R-D)   C:\Program Files\WindowsApps\Microsoft.LanguageExperiencePackzh-CN_18362.24.72.0_neutral__8wekyb3d8bbwe\Windows\System32\zh-CN\Windows.Web.dll.mui
  75C: File  (R-D)   C:\Windows\System32\zh-CN\netmsg.dll.mui
  7A4: File  (R-D)   C:\Windows\System32\en-US\netmsg.dll.mui
------------------------------------------------------------------------------
svchost.exe pid: 8220 NT AUTHORITY\LOCAL SERVICE
   48: File  (RW-)   C:\Windows\System32
  130: File  (R-D)   C:\Program Files\WindowsApps\Microsoft.LanguageExperiencePackzh-CN_18362.24.72.0_neutral__8wekyb3d8bbwe\Windows\System32\zh-CN\svchost.exe.mui
  1C4: Section       \BaseNamedObjects\__ComCatalogCache__
  20C: File  (R-D)   C:\Program Files\WindowsApps\Microsoft.LanguageExperiencePackzh-CN_18362.24.72.0_neutral__8wekyb3d8bbwe\Windows\System32\zh-CN\KernelBase.dll.mui
  264: Section       \BaseNamedObjects\__ComCatalogCache__
  26C: File  (R--)   C:\Windows\Registration\R00000000000d.clb
  34C: File  (R-D)   C:\Program Files\WindowsApps\Microsoft.LanguageExperiencePackzh-CN_18362.24.72.0_neutral__8wekyb3d8bbwe\Windows\System32\zh-CN\crypt32.dll.mui
  424: File  (R-D)   C:\Program Files\WindowsApps\Microsoft.LanguageExperiencePackzh-CN_18362.24.72.0_neutral__8wekyb3d8bbwe\Windows\System32\zh-CN\winnlsres.dll.mui
  4FC: File  (R-D)   C:\Program Files\WindowsApps\Microsoft.LanguageExperiencePackzh-CN_18362.24.72.0_neutral__8wekyb3d8bbwe\Windows\System32\zh-CN\mswsock.dll.mui
------------------------------------------------------------------------------
WindowsInternal.ComposableShell.Experiences.TextInput.InputApp.exe pid: 10328 LAPTOP-MHITGFCH\lenovo
   40: File  (RW-)   C:\Windows\SystemApps\InputApp_cw5n1h2txyewy
  120: Section       \BaseNamedObjects\__ComCatalogCache__
  2AC: Section       \Sessions\1\AppContainerNamedObjects\S-1-15-2-3945102849-3632965805-3846928828-240845225-3300287824-62672950-817265009\ApplicationService:28581d628012546a92d
  3BC: Section       \Sessions\1\AppContainerNamedObjects\S-1-15-2-3945102849-3632965805-3846928828-240845225-3300287824-62672950-817265009\SessionImmersiveColorPreference
  408: File  (R-D)   C:\Windows\apppatch\DirectXApps.sdb
  410: Section       \Sessions\1\AppContainerNamedObjects\S-1-15-2-3945102849-3632965805-3846928828-240845225-3300287824-62672950-817265009\windows_shell_global_counters
  4C0: Section       \Sessions\1\AppContainerNamedObjects\S-1-15-2-3945102849-3632965805-3846928828-240845225-3300287824-62672950-817265009\2858HWNDInterface:80184
  4C8: Section       \Sessions\1\AppContainerNamedObjects\S-1-15-2-3945102849-3632965805-3846928828-240845225-3300287824-62672950-817265009\2858HWNDInterface:80184
  4D0: File  (RWD)   C:\Windows\Fonts\segoeui.ttf
  4DC: Section       \Sessions\1\AppContainerNamedObjects\S-1-15-2-3945102849-3632965805-3846928828-240845225-3300287824-62672950-817265009\2858HWNDInterface:80184
  564: Section       \Sessions\1\AppContainerNamedObjects\S-1-15-2-3945102849-3632965805-3846928828-240845225-3300287824-62672950-817265009\2858HWNDInterface:80184
  620: File  (R-D)   C:\Program Files\WindowsApps\Microsoft.LanguageExperiencePackzh-CN_18362.24.72.0_neutral__8wekyb3d8bbwe\Windows\System32\zh-CN\winnlsres.dll.mui
  680: Section       \Sessions\1\AppContainerNamedObjects\S-1-15-2-3945102849-3632965805-3846928828-240845225-3300287824-62672950-817265009\2858HWNDInterface:30360
  684: Section       \Sessions\1\AppContainerNamedObjects\S-1-15-2-3945102849-3632965805-3846928828-240845225-3300287824-62672950-817265009\2858HWNDInterface:30360
  68C: Section       \Sessions\1\AppContainerNamedObjects\S-1-15-2-3945102849-3632965805-3846928828-240845225-3300287824-62672950-817265009\2858HWNDInterface:30360
  6D8: Section       \Sessions\1\AppContainerNamedObjects\S-1-15-2-3945102849-3632965805-3846928828-240845225-3300287824-62672950-817265009\2858HWNDInterface:30360
  734: Section       \Sessions\1\AppContainerNamedObjects\S-1-15-2-3945102849-3632965805-3846928828-240845225-3300287824-62672950-817265009\2858HWNDInterface:30360
  73C: Section       \Sessions\1\AppContainerNamedObjects\S-1-15-2-3945102849-3632965805-3846928828-240845225-3300287824-62672950-817265009\2858HWNDInterface:30360
  750: Section       \Sessions\1\AppContainerNamedObjects\S-1-15-2-3945102849-3632965805-3846928828-240845225-3300287824-62672950-817265009\2858HWNDInterface:80184
  758: File  (R-D)   C:\Windows\System32\WinMetadata\Windows.UI.winmd
  790: File  (R-D)   C:\Program Files\WindowsApps\Microsoft.LanguageExperiencePackzh-CN_18362.24.72.0_neutral__8wekyb3d8bbwe\Windows\System32\zh-CN\KernelBase.dll.mui
  7A0: Section       \Sessions\1\AppContainerNamedObjects\S-1-15-2-3945102849-3632965805-3846928828-240845225-3300287824-62672950-817265009\2858HWNDInterface:30360
  7D4: Section       \Sessions\1\AppContainerNamedObjects\S-1-15-2-3945102849-3632965805-3846928828-240845225-3300287824-62672950-817265009\2858HWNDInterface:30360
  8DC: Section       \Sessions\1\AppContainerNamedObjects\S-1-15-2-3945102849-3632965805-3846928828-240845225-3300287824-62672950-817265009\2858HWNDInterface:1038e
  8E0: Section       \Sessions\1\AppContainerNamedObjects\S-1-15-2-3945102849-3632965805-3846928828-240845225-3300287824-62672950-817265009\2858HWNDInterface:1038e
  8E4: Section       \Sessions\1\AppContainerNamedObjects\S-1-15-2-3945102849-3632965805-3846928828-240845225-3300287824-62672950-817265009\2858HWNDInterface:1038e
  940: Section       \Sessions\1\AppContainerNamedObjects\S-1-15-2-3945102849-3632965805-3846928828-240845225-3300287824-62672950-817265009\2858HWNDInterface:1038e
  9FC: Section       \Sessions\1\AppContainerNamedObjects\S-1-15-2-3945102849-3632965805-3846928828-240845225-3300287824-62672950-817265009\2858HWNDInterface:1038e
  A08: Section       \Sessions\1\AppContainerNamedObjects\S-1-15-2-3945102849-3632965805-3846928828-240845225-3300287824-62672950-817265009\2858HWNDInterface:1038e
  A14: Section       \Sessions\1\AppContainerNamedObjects\S-1-15-2-3945102849-3632965805-3846928828-240845225-3300287824-62672950-817265009\2858HWNDInterface:1038e
  A30: Section       \Sessions\1\AppContainerNamedObjects\S-1-15-2-3945102849-3632965805-3846928828-240845225-3300287824-62672950-817265009\2858HWNDInterface:1038e
  A48: Section       \Sessions\1\AppContainerNamedObjects\S-1-15-2-3945102849-3632965805-3846928828-240845225-3300287824-62672950-817265009\2858HWNDInterface:103a4
  A4C: Section       \Sessions\1\AppContainerNamedObjects\S-1-15-2-3945102849-3632965805-3846928828-240845225-3300287824-62672950-817265009\2858HWNDInterface:103a4
  A50: Section       \Sessions\1\AppContainerNamedObjects\S-1-15-2-3945102849-3632965805-3846928828-240845225-3300287824-62672950-817265009\2858HWNDInterface:103a4
  AA0: Section       \Sessions\1\AppContainerNamedObjects\S-1-15-2-3945102849-3632965805-3846928828-240845225-3300287824-62672950-817265009\2858HWNDInterface:103a4
  AC0: Section       \Sessions\1\AppContainerNamedObjects\S-1-15-2-3945102849-3632965805-3846928828-240845225-3300287824-62672950-817265009\2858HWNDInterface:103a4
  AC8: Section       \Sessions\1\AppContainerNamedObjects\S-1-15-2-3945102849-3632965805-3846928828-240845225-3300287824-62672950-817265009\2858HWNDInterface:103a4
  AD0: Section       \Sessions\1\AppContainerNamedObjects\S-1-15-2-3945102849-3632965805-3846928828-240845225-3300287824-62672950-817265009\2858HWNDInterface:103a4
  AE4: Section       \Sessions\1\AppContainerNamedObjects\S-1-15-2-3945102849-3632965805-3846928828-240845225-3300287824-62672950-817265009\2858HWNDInterface:103a4
------------------------------------------------------------------------------
svchost.exe pid: 10956 NT AUTHORITY\SYSTEM
   48: File  (RW-)   C:\Windows\System32
  134: File  (R-D)   C:\Program Files\WindowsApps\Microsoft.LanguageExperiencePackzh-CN_18362.24.72.0_neutral__8wekyb3d8bbwe\Windows\System32\zh-CN\svchost.exe.mui
  374: File  (R-D)   C:\Program Files\WindowsApps\Microsoft.LanguageExperiencePackzh-CN_18362.24.72.0_neutral__8wekyb3d8bbwe\Windows\System32\zh-CN\kernel32.dll.mui
------------------------------------------------------------------------------
unsecapp.exe pid: 10820 NT AUTHORITY\SYSTEM
   40: File  (RW-)   C:\Windows\System32
  190: Section       \BaseNamedObjects\__ComCatalogCache__
  1EC: Section       \BaseNamedObjects\__ComCatalogCache__
  1F0: File  (R--)   C:\Windows\Registration\R00000000000d.clb
------------------------------------------------------------------------------
RAVCpl64.exe pid: 11752 LAPTOP-MHITGFCH\lenovo
   40: File  (RW-)   C:\Windows\System32
   78: File  (RW-)   C:\Windows\WinSxS\amd64_microsoft.windows.gdiplus_6595b64144ccf1df_1.1.18362.778_none_17b1aa466d9fc986
   94: File  (RW-)   C:\Windows\WinSxS\amd64_microsoft.windows.common-controls_6595b64144ccf1df_6.0.18362.778_none_e6c6b761130d4fb8
  380: File  (RW-)   C:\Windows\WinSxS\amd64_microsoft.windows.common-controls_6595b64144ccf1df_6.0.18362.778_none_e6c6b761130d4fb8
  4A8: Section       \BaseNamedObjects\__ComCatalogCache__
  4B4: Section       \BaseNamedObjects\__ComCatalogCache__
  4B8: File  (R--)   C:\Windows\Registration\R00000000000d.clb
  56C: Section       \Sessions\1\BaseNamedObjects\windows_shell_global_counters
  570: Section       \Windows\Theme2514694826
  578: Section       \Sessions\1\Windows\Theme3897123807
------------------------------------------------------------------------------
RAVBg64.exe pid: 11896 LAPTOP-MHITGFCH\lenovo
   40: File  (RW-)   C:\Windows\System32
   80: File  (RW-)   C:\Windows\WinSxS\amd64_microsoft.windows.gdiplus_6595b64144ccf1df_1.1.18362.778_none_17b1aa466d9fc986
   88: File  (RW-)   C:\Windows\WinSxS\amd64_microsoft.windows.common-controls_6595b64144ccf1df_6.0.18362.778_none_e6c6b761130d4fb8
  3AC: Section       \BaseNamedObjects\__ComCatalogCache__
  3B8: Section       \BaseNamedObjects\__ComCatalogCache__
  3BC: File  (R--)   C:\Windows\Registration\R00000000000d.clb
  478: Section       \Windows\Theme2514694826
  47C: Section       \Sessions\1\Windows\Theme3897123807
------------------------------------------------------------------------------
RAVBg64.exe pid: 11960 LAPTOP-MHITGFCH\lenovo
   40: File  (RW-)   C:\Windows\System32
   90: File  (RW-)   C:\Windows\WinSxS\amd64_microsoft.windows.gdiplus_6595b64144ccf1df_1.1.18362.778_none_17b1aa466d9fc986
   94: File  (RW-)   C:\Windows\WinSxS\amd64_microsoft.windows.common-controls_6595b64144ccf1df_6.0.18362.778_none_e6c6b761130d4fb8
  3B0: Section       \BaseNamedObjects\__ComCatalogCache__
  3BC: Section       \BaseNamedObjects\__ComCatalogCache__
  3C0: File  (R--)   C:\Windows\Registration\R00000000000d.clb
  480: Section       \Windows\Theme2514694826
  484: Section       \Sessions\1\Windows\Theme3897123807
------------------------------------------------------------------------------
DolbyDAX2TrayIcon.exe pid: 12012 LAPTOP-MHITGFCH\lenovo
   40: File  (RW-)   C:\Windows\System32
  1C8: Section       \Windows\Theme2514694826
  1D0: Section       \Sessions\1\Windows\Theme3897123807
  1E0: File  (R-D)   C:\Windows\Fonts\StaticCache.dat
  1EC: Section       \Sessions\1\BaseNamedObjects\windows_shell_global_counters
  210: Section       \BaseNamedObjects\__ComCatalogCache__
  220: Section       \BaseNamedObjects\__ComCatalogCache__
  224: File  (R--)   C:\Windows\Registration\R00000000000d.clb
------------------------------------------------------------------------------
360tray.exe pid: 12280 LAPTOP-MHITGFCH\lenovo
------------------------------------------------------------------------------
vmware-tray.exe pid: 11020 LAPTOP-MHITGFCH\lenovo
   40: File  (RW-)   C:\Windows
   84: File  (RW-)   C:\Windows\SysWOW64
   B0: File  (RW-)   C:\Windows\WinSxS\x86_microsoft.windows.common-controls_6595b64144ccf1df_6.0.18362.778_none_2e73ee38278978be
   B4: File  (RW-)   C:\Windows\WinSxS\x86_microsoft.windows.gdiplus_6595b64144ccf1df_1.1.18362.778_none_5f5ee11d821bf28c
  2D4: Section       \Windows\Theme2514694826
  2DC: Section       \Sessions\1\Windows\Theme3897123807
  2F4: Section       \Sessions\1\BaseNamedObjects\windows_shell_global_counters
------------------------------------------------------------------------------
svchost.exe pid: 10064 NT AUTHORITY\SYSTEM
   48: File  (RW-)   C:\Windows\System32
  144: File  (R-D)   C:\Program Files\WindowsApps\Microsoft.LanguageExperiencePackzh-CN_18362.24.72.0_neutral__8wekyb3d8bbwe\Windows\System32\zh-CN\svchost.exe.mui
  224: Section       \BaseNamedObjects\__ComCatalogCache__
  230: Section       \BaseNamedObjects\__ComCatalogCache__
  234: File  (R--)   C:\Windows\Registration\R00000000000d.clb
  320: Section       \BaseNamedObjects\windows_shell_global_counters
  370: Section       \BaseNamedObjects\RotHintTable
  3B0: File  (--D)   C:\ProgramData\Microsoft\Windows\LfSvc\Geofence\GeofenceApplicationID.dat
  69C: File  (--D)   C:\ProgramData\Microsoft\Windows\LfSvc\Geofence\S-1-5-18_NonPackagedApp\Geofence.dat
------------------------------------------------------------------------------
chrome.exe pid: 12452 LAPTOP-MHITGFCH\lenovo
   60: File  (RW-)   C:\Users\lenovo\AppData\Local\Google\Chrome\Application\80.0.3987.132
  1AC: Section       \Sessions\1\BaseNamedObjects\windows_shell_global_counters
  264: File  (RW-)   C:\Users\lenovo\AppData\Local\Google\Chrome\Application\80.0.3987.132\icudtl.dat
  26C: File  (RW-)   C:\Users\lenovo\AppData\Local\Google\Chrome\Application\80.0.3987.132\v8_context_snapshot.bin
  318: File  (RW-)   C:\Users\lenovo\AppData\Local\Google\Chrome\Application\80.0.3987.132
  320: File  (RWD)   C:\Users\lenovo\AppData\Local\Google\Chrome\User Data\BrowserMetrics\BrowserMetrics-5EBA0364-30A4.pma
  328: File  (RW-)   C:\Users\lenovo\AppData\Local\Google\Chrome\Application\80.0.3987.132\chrome_200_percent.pak
  330: File  (RW-)   C:\Users\lenovo\AppData\Local\Google\Chrome\Application\80.0.3987.132\Locales\zh-CN.pak
  334: File  (RW-)   C:\Users\lenovo\AppData\Local\Google\Chrome\Application\80.0.3987.132\resources.pak
  340: File  (RW-)   C:\Users\lenovo\AppData\Local\Google\Chrome\Application\80.0.3987.132\chrome_100_percent.pak
  3D4: File  (RWD)   C:\Windows\Fonts\msyhbd.ttc
  420: File  (RW-)   C:\Windows\WinSxS\amd64_microsoft.windows.common-controls_6595b64144ccf1df_6.0.18362.778_none_e6c6b761130d4fb8
  428: Section       \BaseNamedObjects\__ComCatalogCache__
  438: Section       \Windows\Theme2514694826
  43C: Section       \Sessions\1\Windows\Theme3897123807
  484: Section       \BaseNamedObjects\__ComCatalogCache__
  488: File  (R--)   C:\Windows\Registration\R00000000000d.clb
  4D8: Section       \Sessions\1\BaseNamedObjects\30a4HWNDInterface:20332
  4DC: Section       \Sessions\1\BaseNamedObjects\30a4HWNDInterface:20332
  558: File  (R-D)   C:\Program Files\WindowsApps\Microsoft.LanguageExperiencePackzh-CN_18362.24.72.0_neutral__8wekyb3d8bbwe\Windows\System32\zh-CN\kernel32.dll.mui
  564: Section       \Sessions\1\BaseNamedObjects\Filemap_VersionReg904fa97
  590: Section       \Sessions\1\BaseNamedObjects\M533209721679d14084ecb748c667a686dec0807658
  598: File  (R-D)   C:\Program Files\WindowsApps\Microsoft.LanguageExperiencePackzh-CN_18362.24.72.0_neutral__8wekyb3d8bbwe\Windows\System32\zh-CN\KernelBase.dll.mui
  5A0: Section       \Sessions\1\BaseNamedObjects\Filemap_VersionReg904fa97
  5AC: Section       \Sessions\1\BaseNamedObjects\sgime_psglog.filemap3612904fa97
  5BC: Section       \Sessions\1\BaseNamedObjects\SogouIme_DictWriteManager_3__FileMap_u904fa97
  5C4: Section       \Sessions\1\BaseNamedObjects\SogouIme_VersionManagerSharedTable__FileMap_u904fa97
  5CC: Section       \Sessions\1\BaseNamedObjects\SGPY_GlobalConfig_Filemap_v0_u904fa97
  5E0: Section       \Sessions\1\BaseNamedObjects\SGPY_sgim_quick_bin9.6.0.3612_Filemap_v1_u904fa97
  5E8: Section       \Sessions\1\BaseNamedObjects\SGPY_SupportCharDict9.6.0.3612_Filemap_v1_u904fa97
  5F0: Section       \Sessions\1\BaseNamedObjects\SGPY_PunctureDict9.6.0.3612_Filemap_v1_u904fa97
  5F8: Section       \Sessions\1\BaseNamedObjects\SGPY_RpaDict9.6.0.3612_Filemap_v1_u904fa97
  600: Section       \Sessions\1\BaseNamedObjects\SGPY_FixFirstDict_Filemap_v3_u904fa97
  608: Section       \Sessions\1\BaseNamedObjects\SGPY_AbbrUsrDict_Filemap_v1_u904fa97
  614: Section       \Sessions\1\BaseNamedObjects\fimemap_for_sogou_cloud3612904fa97
  658: Section       \Sessions\1\BaseNamedObjects\SGPY__ProcessRrecord_Filemap_v1
  68C: File  (R-D)   C:\Windows\Fonts\StaticCache.dat
  6B4: Section       \Sessions\1\BaseNamedObjects\Filemap_VersionComReg904fa97
  6CC: Section       \Sessions\1\BaseNamedObjects\FileMap_For_Sogou_Picface_Peri_12
  6D0: Section       \Sessions\1\BaseNamedObjects\C:*ProgramData*Microsoft*Windows*Caches*{6AF0698E-D558-4F6E-9B3C-3716689AF493}.2.ver0x0000000000000001.db
  6D4: Section       \Sessions\1\BaseNamedObjects\C:*ProgramData*Microsoft*Windows*Caches*cversions.2.ro
  6D8: Section       \Sessions\1\BaseNamedObjects\C:*ProgramData*Microsoft*Windows*Caches*cversions.2.ro
  6DC: Section       \Sessions\1\BaseNamedObjects\C:*ProgramData*Microsoft*Windows*Caches*{DDF571F2-BE98-426D-8288-1A9A39C3FDA2}.2.ver0x0000000000000001.db
  6E0: File  (R-D)   C:\Program Files\WindowsApps\Microsoft.LanguageExperiencePackzh-CN_18362.24.72.0_neutral__8wekyb3d8bbwe\Windows\System32\zh-CN\propsys.dll.mui
  6EC: Section       \Sessions\1\BaseNamedObjects\mem_picface_sugg.v1.filemap.sogouime_u1904fa97
  6F4: Section       \Sessions\1\BaseNamedObjects\mem_picface_cloud.v1.filemap.sogouime904fa97
  6FC: Section       \Sessions\1\BaseNamedObjects\mem_picface_cloudkey.v1.filemap.sogouime904fa97
  704: Section       \Sessions\1\BaseNamedObjects\picFaceIndexVersion.versionsData.sogouCom904fa97
  708: Section       \Sessions\1\BaseNamedObjects\picFaceMergedCellVersion.versionsData.sogouCom904fa97
  718: File  (R-D)   C:\Program Files\WindowsApps\Microsoft.LanguageExperiencePackzh-CN_18362.24.72.0_neutral__8wekyb3d8bbwe\Windows\System32\zh-CN\msctf.dll.mui
  71C: Section       \BaseNamedObjects\windows_shell_global_counters
  720: Section       \Sessions\1\BaseNamedObjects\picFaceMergedCellVersion.15.1.1.sogouComData904fa97
  730: Section       \Sessions\1\BaseNamedObjects\picFaceIndexVersion.15.1.1.sogouComData904fa97
  7C0: File  (RWD)   C:\Windows\System32\drivers\etc
  7E4: File  (RWD)   C:\Windows\Fonts\seguiemj.ttf
  818: Section       \Sessions\1\BaseNamedObjects\local.sogou.oidmm
  8B0: File  (RWD)   C:\Users\lenovo\AppData\Local\Google\Chrome\User Data\Default\GPUCache\index
  8DC: File  (RWD)   C:\Users\lenovo\AppData\Local\Google\Chrome\User Data\Default\GPUCache\data_1
  9A8: File  (RW-)   C:\Users\lenovo\AppData\Local\Google\Chrome\User Data\Default\History
  9AC: File  (R--)   C:\Users\lenovo\AppData\Local\Google\Chrome\User Data\lockfile
  9D0: File  (RW-)   C:\Users\lenovo\AppData\Local\Google\Chrome\User Data\Default\Visited Links
  A2C: Section       \Sessions\1\BaseNamedObjects\UrlZonesSM_lenovo
  A6C: File  (RW-)   C:\Users\lenovo\AppData\Local\Google\Chrome\User Data\Default\Web Data
  A98: File  (RW-)   C:\Users\lenovo\AppData\Local\Google\Chrome\User Data\Default\Site Characteristics Database\LOCK
  AD0: File  (RW-)   C:\Users\lenovo\AppData\Local\Google\Chrome\User Data\Default\Sync Data\LevelDB\MANIFEST-000001
  AD4: Section       \Sessions\1\BaseNamedObjects\C:*ProgramData*Microsoft*Windows*Caches*{74695C59-2CC6-4AD7-B095-F7DAB0A2265D}.2.ver0x0000000000000001.db
  AD8: Section       \Sessions\1\BaseNamedObjects\30a4HWNDInterface:1048c
  AE8: File  (RW-)   C:\Users\lenovo\AppData\Local\Google\Chrome\User Data\Default\Login Data
  AEC: File  (RW-)   C:\Users\lenovo\AppData\Local\Google\Chrome\User Data\Default\Site Characteristics Database\MANIFEST-000001
  AFC: Section       \Sessions\1\BaseNamedObjects\30a4HWNDInterface:4066a
  B08: File  (RW-)   C:\Users\lenovo\AppData\Local\Google\Chrome\User Data\Default\Sync Data\LevelDB\LOG
  B10: File  (RW-)   C:\Users\lenovo\AppData\Local\Google\Chrome\User Data\Default\Sync Data\LevelDB\LOCK
  B2C: File  (RW-)   C:\Users\lenovo\AppData\Local\Google\Chrome\Application\Dictionaries\en-US-8-0.bdic
  B30: File  (RW-)   C:\Users\lenovo\AppData\Local\Google\Chrome\User Data\Default\Sync Data\LevelDB\000003.log
  B44: File  (RW-)   C:\Users\lenovo\AppData\Local\Google\Chrome\User Data\Default\Site Characteristics Database\LOG
  B48: File  (RW-)   C:\Users\lenovo\AppData\Local\Google\Chrome\User Data\Default\Service Worker\Database\MANIFEST-000001
  B4C: File  (RW-)   C:\Users\lenovo\AppData\Local\Google\Chrome\User Data\Default\Service Worker\Database\LOG
  B5C: File  (RW-)   C:\Users\lenovo\AppData\Local\Google\Chrome\User Data\Default\Site Characteristics Database\000003.log
  B90: File  (RW-)   C:\Users\lenovo\AppData\Local\Google\Chrome\User Data\Default\Service Worker\Database\LOCK
  BC0: File  (RWD)   C:\Users\lenovo\AppData\Roaming\Microsoft\Spelling
  BC4: File  (RW-)   C:\Users\lenovo\AppData\Local\Google\Chrome\User Data\Default\Service Worker\Database\000003.log
  BCC: File  (---)   C:\Users\lenovo\AppData\Local\Google\Chrome\User Data\Default\Current Tabs
  C04: File  (RWD)   C:\Users\lenovo\AppData\Local\Google\Chrome\User Data\Subresource Filter\Indexed Rules\26\9.12.0\Ruleset Data
  C0C: File  (RWD)   C:\Users\lenovo\AppData\Local\Google\Chrome\User Data\Subresource Filter\Indexed Rules\26\9.12.0\Ruleset Data
  C20: File  (RW-)   C:\Users\lenovo\AppData\Local\Google\Chrome\User Data\Default\Favicons
  C38: Section       \Sessions\1\BaseNamedObjects\30a4HWNDInterface:1048c
  C3C: File  (---)   C:\Users\lenovo\AppData\Local\Google\Chrome\User Data\Default\Current Session
  C4C: File  (R-D)   C:\Program Files\WindowsApps\Microsoft.LanguageExperiencePackzh-CN_18362.24.72.0_neutral__8wekyb3d8bbwe\Windows\System32\zh-CN\user32.dll.mui
  C70: File  (RWD)   C:\Windows\Fonts\msyh.ttc
  C90: File  (RW-)   C:\Users\lenovo\AppData\Local\Google\Chrome\User Data\Default\Top Sites
  CEC: File  (RWD)   C:\Users\lenovo\AppData\Local\Google\Chrome\User Data\ShaderCache\GPUCache\index
  CF0: File  (RWD)   C:\Users\lenovo\AppData\Local\Google\Chrome\User Data\ShaderCache\GPUCache\index
  D08: File  (RWD)   C:\Users\lenovo\AppData\Local\Google\Chrome\User Data\ShaderCache\GPUCache\data_3
  D10: File  (RWD)   C:\Users\lenovo\AppData\Local\Google\Chrome\User Data\ShaderCache\GPUCache\data_0
  D14: File  (RWD)   C:\Users\lenovo\AppData\Local\Google\Chrome\User Data\ShaderCache\GPUCache\data_0
  D24: File  (RWD)   C:\Users\lenovo\AppData\Local\Google\Chrome\User Data\ShaderCache\GPUCache\data_1
  D28: File  (RWD)   C:\Users\lenovo\AppData\Local\Google\Chrome\User Data\ShaderCache\GPUCache\data_1
  D2C: File  (RWD)   C:\Users\lenovo\AppData\Local\Google\Chrome\User Data\ShaderCache\GPUCache\data_2
  D34: File  (RWD)   C:\Users\lenovo\AppData\Local\Google\Chrome\User Data\ShaderCache\GPUCache\data_2
  D3C: File  (RWD)   C:\Users\lenovo\AppData\Local\Google\Chrome\User Data\ShaderCache\GPUCache\data_3
  D58: File  (RWD)   C:\Users\lenovo\AppData\Local\Google\Chrome\User Data\Subresource Filter\Indexed Rules\26\9.12.0\Ruleset Data
  DFC: Section       \Sessions\1\BaseNamedObjects\30a4HWNDInterface:10496
  E04: Section       \Sessions\1\BaseNamedObjects\30a4HWNDInterface:10496
  E20: File  (RW-)   C:\Users\lenovo\AppData\Local\Google\Chrome\User Data\Default\Session Storage\LOG
  E28: Section       \Sessions\1\BaseNamedObjects\SogouImeActiveMap904fa97
  E3C: File  (RW-)   C:\Users\lenovo\AppData\Local\Google\Chrome\User Data\Default\Session Storage\LOCK
  E58: File  (RW-)   C:\Users\lenovo\AppData\Local\Google\Chrome\User Data\Default\Session Storage\MANIFEST-000001
  EA0: File  (RW-)   C:\Users\lenovo\AppData\Local\Google\Chrome\User Data\Default\Session Storage\003199.ldb
  EA4: File  (RW-)   C:\Users\lenovo\AppData\Local\Google\Chrome\User Data\Default\Session Storage\003201.ldb
  EA8: File  (RW-)   C:\Users\lenovo\AppData\Local\Google\Chrome\User Data\Default\Session Storage\000005.ldb
  EB0: File  (RW-)   C:\Users\lenovo\AppData\Local\Google\Chrome\User Data\Default\Session Storage\003197.ldb
  EB8: File  (RW-)   C:\Users\lenovo\AppData\Local\Google\Chrome\User Data\Default\Platform Notifications\LOCK
  EBC: File  (RW-)   C:\Users\lenovo\AppData\Local\Google\Chrome\User Data\Default\Local Storage\leveldb\MANIFEST-000001
  EC0: File  (RW-)   C:\Users\lenovo\AppData\Local\Google\Chrome\User Data\Default\Local Storage\leveldb\000005.ldb
  ECC: File  (RW-)   C:\Users\lenovo\AppData\Local\Google\Chrome\User Data\Default\data_reduction_proxy_leveldb\LOG
  EEC: File  (RW-)   C:\Users\lenovo\AppData\Local\Google\Chrome\User Data\Default\Platform Notifications\MANIFEST-000001
  EF4: Section       \Sessions\1\BaseNamedObjects\C:*ProgramData*Microsoft*Windows*Caches*cversions.2.ro
  EFC: Section       \Sessions\1\BaseNamedObjects\C:*ProgramData*Microsoft*Windows*Caches*cversions.2.ro
  F00: Section       \Sessions\1\BaseNamedObjects\C:*ProgramData*Microsoft*Windows*Caches*{E4CBEACD-DE3C-4E31-BD99-83EF3D6850B2}.2.ver0x0000000000000001.db
  F28: File  (RW-)   C:\Users\lenovo\AppData\Local\Google\Chrome\User Data\Default\Platform Notifications\LOG
  F2C: File  (RW-)   C:\Users\lenovo\AppData\Local\Google\Chrome\User Data\Default\Platform Notifications\000003.log
  FB4: File  (RW-)   C:\Users\lenovo\AppData\Local\Google\Chrome\User Data\Default\data_reduction_proxy_leveldb\001685.log
  FC0: File  (RW-)   C:\Users\lenovo\AppData\Local\Google\Chrome\User Data\Default\Network Action Predictor
  FEC: File  (RW-)   C:\Users\lenovo\AppData\Local\Google\Chrome\User Data\Default\Shortcuts
  FF0: File  (RW-)   C:\Users\lenovo\AppData\Local\Google\Chrome\User Data\Default\VideoDecodeStats\LOG
 1010: File  (RW-)   C:\Users\lenovo\AppData\Local\Google\Chrome\User Data\Default\Sync Extension Settings\pkedcjkdefgpdelpbcmbmeomcjbeemfm\LOCK
 1018: File  (RW-)   C:\Users\lenovo\AppData\Local\Google\Chrome\User Data\Default\Local Storage\leveldb\LOCK
 1098: File  (RW-)   C:\Users\lenovo\AppData\Local\Google\Chrome\User Data\Default\Sync Extension Settings\pkedcjkdefgpdelpbcmbmeomcjbeemfm\LOG
 10B4: Section       \Sessions\1\BaseNamedObjects\SGPY_smartinfo9.6.0.3612_Filemap_v1_u904fa97
 10C4: File  (RW-)   C:\Users\lenovo\AppData\Local\Google\Chrome\User Data\Default\Session Storage\003204.ldb
 1120: File  (RW-)   C:\Users\lenovo\AppData\Local\Google\Chrome\User Data\Default\Local Storage\leveldb\003818.log
 1130: Section       \Sessions\1\BaseNamedObjects\SGPY_CloudCachecDict9.6.0.3612_Filemap_v1_u904fa97
 113C: Section       \Sessions\1\BaseNamedObjects\SGPY_sgim_adjcache_bin9.6.0.3612_Filemap_v1_u904fa97
 1144: Section       \Sessions\1\BaseNamedObjects\SGPY_PyTipDict9.6.0.3612_Filemap_v1_u904fa97
 114C: Section       \Sessions\1\BaseNamedObjects\SGPY_sgim_simtra_bin9.6.0.3612_Filemap_v1_u904fa97
 1154: Section       \Sessions\1\BaseNamedObjects\SGPY_sgim_eng_pre_bin9.6.0.3612_Filemap_v1_u904fa97
 115C: Section       \Sessions\1\BaseNamedObjects\SGPY_sgim_url_bin9.6.0.3612_Filemap_v1_u904fa97
 1164: Section       \Sessions\1\BaseNamedObjects\SGPY_UrlGuideDict9.6.0.3612_Filemap_v1_u904fa97
 116C: Section       \Sessions\1\BaseNamedObjects\SGPY_NumFreqAdjustDict_Filemapv1_v1_u904fa97
 1174: Section       \Sessions\1\BaseNamedObjects\SGPY_infokeyict9.6.0.3612_Filemap_v1_u904fa97
 117C: Section       \Sessions\1\BaseNamedObjects\SGPY_infoblackict9.6.0.3612_Filemap_v1_u904fa97
 1184: Section       \Sessions\1\BaseNamedObjects\SGPY_CloudCachecDictLongWord9.6.0.3612_Filemap_v1_u904fa97
 118C: Section       \Sessions\1\BaseNamedObjects\SGPY_CloudCachecDictGrayWord9.6.0.3612_Filemap_v1_u904fa97
 1194: Section       \Sessions\1\BaseNamedObjects\SGPY_ExtDict_Filemap_v1_u904fa97
 119C: Section       \Sessions\1\BaseNamedObjects\SGPY_UsrExtDict_Filemap_v3_u904fa97
 11A4: Section       \Sessions\1\BaseNamedObjects\SGPY_UserSpellModelDict_Filemap_v1_u904fa97
 11AC: Section       \Sessions\1\BaseNamedObjects\SGPY_PrivilegeDict9.6.0.3612_Filemap_v1_u904fa97
 11B4: Section       \Sessions\1\BaseNamedObjects\SGPY_EngUsrDict_Filemap_v1_u904fa97
 11BC: Section       \Sessions\1\BaseNamedObjects\SGPY_UrlUsrDict_Filemap_v3_u904fa97
 11C4: Section       \Sessions\1\BaseNamedObjects\SGPY_ClipBoardDict_Filemap_v1_u904fa97
 11E0: File  (RW-)   C:\Users\lenovo\AppData\Local\Google\Chrome\User Data\Default\VideoDecodeStats\000005.ldb
 121C: File  (RW-)   C:\Users\lenovo\AppData\Local\Google\Chrome\User Data\Default\Local Storage\leveldb\LOG
 1228: Section       \Sessions\1\BaseNamedObjects\C:*ProgramData*Microsoft*Windows*Caches*cversions.2.ro
 1258: Section       \Sessions\1\BaseNamedObjects\SGPY__CandRrecord_Filemap_v1
 1270: File  (RW-)   C:\Users\lenovo\AppData\Local\Google\Chrome\User Data\Default\Local Storage\leveldb\003814.ldb
 1294: File  (RW-)   C:\Users\lenovo\AppData\Local\Google\Chrome\User Data\Default\Local Storage\leveldb\003812.ldb
 129C: File  (RW-)   C:\Users\lenovo\AppData\Local\Google\Chrome\User Data\Default\Sync Extension Settings\pkedcjkdefgpdelpbcmbmeomcjbeemfm\MANIFEST-000001
 12A8: File  (RW-)   C:\Users\lenovo\AppData\Local\Google\Chrome\User Data\Default\Sync Extension Settings\pkedcjkdefgpdelpbcmbmeomcjbeemfm\000003.log
 12B0: File  (RWD)   C:\Users\lenovo\AppData\Local\Google\Chrome\User Data\Default\GPUCache\data_2
 12D0: File  (RWD)   C:\Users\lenovo\AppData\Local\Google\Chrome\User Data\Default\GPUCache\data_2
 12DC: File  (RWD)   C:\Users\lenovo\AppData\Local\Google\Chrome\User Data\Default\GPUCache\index
 1304: File  (RWD)   C:\Users\lenovo\AppData\Local\Google\Chrome\User Data\Default\GPUCache\data_1
 1310: File  (RWD)   C:\Users\lenovo\AppData\Local\Google\Chrome\User Data\Default\GPUCache\data_3
 1318: File  (RW-)   C:\Users\lenovo\AppData\Local\Google\Chrome\User Data\Default\previews_opt_out.db
 1324: File  (RWD)   C:\Users\lenovo\AppData\Local\Google\Chrome\User Data\Default\GPUCache\data_0
 1330: File  (RW-)   C:\Users\lenovo\AppData\Local\Google\Chrome\User Data\Default\Extension State\MANIFEST-000001
 133C: File  (RWD)   C:\Windows\Fonts\seguisb.ttf
 1340: File  (RWD)   C:\Users\lenovo\AppData\Local\Google\Chrome\User Data\Default\GPUCache\data_0
 1344: File  (RWD)   C:\Users\lenovo\AppData\Local\Google\Chrome\User Data\Default\GPUCache\data_3
 1348: File  (RW-)   C:\Users\lenovo\AppData\Local\Google\Chrome\User Data\Default\Extension State\LOCK
 1350: Section       \Sessions\1\BaseNamedObjects\30a4HWNDInterface:1048c
 1354: File  (RW-)   C:\Users\lenovo\AppData\Local\Google\Chrome\User Data\Default\History-journal
 1358: File  (RW-)   C:\Users\lenovo\AppData\Local\Google\Chrome\User Data\Default\Extension State\LOG
 1360: File  (RW-)   C:\Users\lenovo\AppData\Local\Google\Chrome\User Data\Default\Extension State\000003.log
 136C: File  (RW-)   C:\Users\lenovo\AppData\Local\Google\Chrome\User Data\Default\heavy_ad_intervention_opt_out.db
 13E8: File  (RW-)   C:\Users\lenovo\AppData\Local\Google\Chrome\User Data\Default\data_reduction_proxy_leveldb\LOCK
 13F4: File  (RW-)   C:\Users\lenovo\AppData\Local\Google\Chrome\User Data\Default\data_reduction_proxy_leveldb\MANIFEST-001684
 1408: File  (RW-)   C:\Users\lenovo\AppData\Local\Google\Chrome\User Data\Default\GCM Store\Encryption\MANIFEST-000001
 143C: File  (RW-)   C:\Users\lenovo\AppData\Local\Google\Chrome\User Data\Default\GCM Store\Encryption\LOCK
 1440: File  (RW-)   C:\Users\lenovo\AppData\Local\Google\Chrome\User Data\Default\GCM Store\Encryption\LOG
 1448: File  (RW-)   C:\Users\lenovo\AppData\Local\Google\Chrome\User Data\Default\GCM Store\Encryption\000003.log
 144C: File  (RW-)   C:\Users\lenovo\AppData\Local\Google\Chrome\User Data\Default\BudgetDatabase\000003.log
 1450: File  (RW-)   C:\Users\lenovo\AppData\Local\Google\Chrome\User Data\Default\BudgetDatabase\MANIFEST-000001
 1454: File  (RW-)   C:\Windows\WinSxS\amd64_microsoft.windows.gdiplus_6595b64144ccf1df_1.1.18362.778_none_17b1aa466d9fc986
 1460: File  (RW-)   C:\Users\lenovo\AppData\Local\Google\Chrome\User Data\Default\BudgetDatabase\LOG
 1464: File  (RW-)   C:\Users\lenovo\AppData\Local\Google\Chrome\User Data\Default\BudgetDatabase\LOCK
 14C8: File  (RW-)   C:\Users\lenovo\AppData\Local\Google\Chrome\User Data\Default\shared_proto_db\metadata\MANIFEST-000001
 14CC: File  (RW-)   C:\Users\lenovo\AppData\Local\Google\Chrome\User Data\Default\shared_proto_db\metadata\LOCK
 14D0: File  (RW-)   C:\Users\lenovo\AppData\Local\Google\Chrome\User Data\Default\shared_proto_db\metadata\000003.log
 14D4: Section       \Sessions\1\BaseNamedObjects\sogouime_psg.v1.filemap.sogouime3612904fa97
 14D8: Section       \Sessions\1\BaseNamedObjects\mem_usrzone.v5.u1.filemap.sogouime904fa97
 14FC: Section       \Sessions\1\BaseNamedObjects\SGPY_UsrDict_Filemap_v5_u904fa97
 1554: File  (R-D)   C:\Program Files\WindowsApps\Microsoft.LanguageExperiencePackzh-CN_18362.24.72.0_neutral__8wekyb3d8bbwe\Windows\System32\zh-CN\DevDispItemProvider.dll.mui
 1558: File  (RW-)   C:\Users\lenovo\AppData\Local\Google\Chrome\User Data\Default\shared_proto_db\metadata\LOG
 1574: File  (RW-)   C:\Users\lenovo\AppData\Local\Google\Chrome\User Data\Default\Feature Engagement Tracker\EventDB\LOG
 1578: File  (RW-)   C:\Users\lenovo\AppData\Local\Google\Chrome\User Data\Default\AutofillStrikeDatabase\LOCK
 1588: Section       \Sessions\1\BaseNamedObjects\SGPY_sgim_py_bin9.6.0.3612_Filemap_v1_u904fa97
 1590: Section       \Sessions\1\BaseNamedObjects\SGPY_sgim_hz_bin9.6.0.3612_Filemap_v1_u904fa97
 1594: File  (RW-)   C:\Users\lenovo\AppData\Local\Google\Chrome\User Data\Default\Feature Engagement Tracker\EventDB\LOCK
 1598: File  (RW-)   C:\Users\lenovo\AppData\Local\Google\Chrome\User Data\Default\Feature Engagement Tracker\EventDB\MANIFEST-000001
 15A0: Section       \Sessions\1\BaseNamedObjects\SGPY_sgim_core_bin9.6.0.3612_Filemap_v1_u904fa97
 15AC: Section       \Sessions\1\BaseNamedObjects\SGPY_sgim_annex_bin9.6.0.3612_Filemap_v1_u904fa97
 15B4: Section       \Sessions\1\BaseNamedObjects\SGPY_AbbrSysDict9.6.0.3612_Filemap_v1_u904fa97
 15BC: Section       \Sessions\1\BaseNamedObjects\SGPY_sgim_eng_bin9.6.0.3612_Filemap_v1_u904fa97
 15CC: Section       \Sessions\1\BaseNamedObjects\SGPY_DelWordDict_Filemap_v1_u904fa97
 15D8: Section       \Sessions\1\BaseNamedObjects\SGPY_KeyPyMap_Filemap_v1_u904fa97
 15E4: File  (RW-)   C:\Users\lenovo\AppData\Local\Google\Chrome\User Data\Default\AutofillStrikeDatabase\MANIFEST-000001
 15EC: File  (RW-)   C:\Users\lenovo\AppData\Local\Google\Chrome\User Data\Default\Session Storage\003203.log
 15F0: File  (RW-)   C:\Users\lenovo\AppData\Local\Google\Chrome\User Data\Default\AutofillStrikeDatabase\000003.log
 1610: File  (RW-)   C:\Users\lenovo\AppData\Local\Google\Chrome\User Data\Default\AutofillStrikeDatabase\LOG
 1620: File  (RW-)   C:\Users\lenovo\AppData\Local\Google\Chrome\User Data\Default\Feature Engagement Tracker\EventDB\000003.log
 163C: Section       \Sessions\1\BaseNamedObjects\inputStatistics.v1.filemap.sogouime904fa97
 1670: File  (RW-)   C:\Users\lenovo\AppData\Local\Google\Chrome\User Data\Default\Favicons-journal
 16BC: File  (RW-)   C:\Users\lenovo\AppData\Local\Google\Chrome\User Data\Default\Network Action Predictor-journal
 16EC: File  (RW-)   C:\Users\lenovo\AppData\Local\Google\Chrome\User Data\Default\Web Data-journal
 1708: Section       \Sessions\1\BaseNamedObjects\30a4HWNDInterface:4066a
 1710: Section       \Sessions\1\BaseNamedObjects\mem_usrzoneext.v5.u1.filemap.sogouime904fa97
 1794: Section       \Sessions\1\BaseNamedObjects\sgime_env_fm1.v2.filemap.sogouime904fa97
 180C: Section       \Sessions\1\BaseNamedObjects\30a4HWNDInterface:20332
 1824: Section       \Sessions\1\BaseNamedObjects\mem_dictex.filemap.sogouime904fa97
 18E0: File  (RW-)   C:\Users\lenovo\AppData\Local\Google\Chrome\User Data\Default\VideoDecodeStats\LOCK
 191C: File  (RW-)   C:\Users\lenovo\AppData\Local\Google\Chrome\User Data\Default\VideoDecodeStats\MANIFEST-000001
 1928: Section       \Sessions\1\BaseNamedObjects\sgime_skin.Dpi120.v3.filemap.sogouime3612904fa97
 1940: File  (RW-)   C:\Users\lenovo\AppData\Local\Google\Chrome\User Data\Default\VideoDecodeStats\000004.log
 19B4: File  (RW-)   C:\Users\lenovo\AppData\Local\Google\Chrome\User Data\Default\Local Storage\leveldb\003819.ldb
 1BC0: File  (RW-)   C:\Users\lenovo\AppData\Local\Google\Chrome\User Data\Default\Local Storage\leveldb\003817.ldb
------------------------------------------------------------------------------
chrome.exe pid: 12500 LAPTOP-MHITGFCH\lenovo
   48: File  (RW-)   C:\Users\lenovo\AppData\Local\Google\Chrome\Application
   60: File  (RW-)   C:\Users\lenovo\AppData\Local\Google\Chrome\Application\80.0.3987.132
   DC: File  (RWD)   C:\Users\lenovo\AppData\Local\Google\Chrome\User Data\CrashpadMetrics-active.pma
  180: Section       \Windows\Theme2514694826
  184: Section       \Sessions\1\Windows\Theme3897123807
------------------------------------------------------------------------------
chrome.exe pid: 12548 LAPTOP-MHITGFCH\lenovo
   48: File  (RW-)   C:\Users\lenovo\AppData\Local\Google\Chrome\Application\80.0.3987.132
   60: File  (RW-)   C:\Users\lenovo\AppData\Local\Google\Chrome\Application\80.0.3987.132
  19C: Section       \Sessions\1\BaseNamedObjects\windows_shell_global_counters
  1F0: Section       \Windows\Theme2514694826
  1F8: Section       \Sessions\1\Windows\Theme3897123807
------------------------------------------------------------------------------
chrome.exe pid: 12688 LAPTOP-MHITGFCH\lenovo
   A4: File  (RW-)   C:\Users\lenovo\AppData\Local\Google\Chrome\Application\80.0.3987.132
  210: File  (RW-)   C:\Users\lenovo\AppData\Local\Google\Chrome\Application\80.0.3987.132\icudtl.dat
  2C0: File  (R-D)   C:\Windows\apppatch\DirectXApps.sdb
  2C4: Section       \Sessions\1\BaseNamedObjects\windows_shell_global_counters
  36C: File  (RW-)   C:\Users\lenovo\AppData\Local\Google\Chrome\Application\80.0.3987.132
  478: Section       \BaseNamedObjects\__ComCatalogCache__
  5A4: Section       \BaseNamedObjects\__ComCatalogCache__
  5AC: File  (R--)   C:\Windows\Registration\R00000000000d.clb
------------------------------------------------------------------------------
SogouCloud.exe pid: 12772 LAPTOP-MHITGFCH\lenovo
   40: File  (RW-)   C:\Windows
   84: File  (RW-)   C:\Program Files (x86)\SogouInput\9.6.0.3612
   CC: File  (R-D)   C:\Program Files\WindowsApps\Microsoft.LanguageExperiencePackzh-CN_18362.24.72.0_neutral__8wekyb3d8bbwe\Windows\System32\zh-CN\kernel32.dll.mui
  248: Section       \Sessions\1\BaseNamedObjects\M533209721679d14084ecb748c667a686dec0807658
  24C: Section       \Sessions\1\BaseNamedObjects\SE_UID
  288: Section       \Sessions\1\BaseNamedObjects\windows_shell_global_counters
  2A8: Section       \Sessions\1\BaseNamedObjects\Filemap_VersionReg904fa97
  2B0: Section       \Sessions\1\BaseNamedObjects\SogouIme_DictWriteManager_3__FileMap_u904fa97
  2B4: Section       \Sessions\1\BaseNamedObjects\SogouIme_VersionManagerSharedTable__FileMap_u904fa97
  2C0: Section       \Sessions\1\BaseNamedObjects\SGPY_GlobalConfig_Filemap_v0_u904fa97
  2D4: Section       \Sessions\1\BaseNamedObjects\SGPY_sgim_py_bin9.6.0.3612_Filemap_v1_u904fa97
  2DC: Section       \Sessions\1\BaseNamedObjects\SGPY_sgim_hz_bin9.6.0.3612_Filemap_v1_u904fa97
  2E4: Section       \Sessions\1\BaseNamedObjects\SGPY_sgim_core_bin9.6.0.3612_Filemap_v1_u904fa97
  2EC: Section       \Sessions\1\BaseNamedObjects\SGPY_sgim_adjcache_bin9.6.0.3612_Filemap_v1_u904fa97
  2F4: Section       \Sessions\1\BaseNamedObjects\SGPY_sgim_annex_bin9.6.0.3612_Filemap_v1_u904fa97
  2FC: Section       \Sessions\1\BaseNamedObjects\SGPY_PyTipDict9.6.0.3612_Filemap_v1_u904fa97
  304: Section       \Sessions\1\BaseNamedObjects\SGPY_AbbrSysDict9.6.0.3612_Filemap_v1_u904fa97
  30C: Section       \Sessions\1\BaseNamedObjects\SGPY_sgim_simtra_bin9.6.0.3612_Filemap_v1_u904fa97
  314: Section       \Sessions\1\BaseNamedObjects\SGPY_sgim_quick_bin9.6.0.3612_Filemap_v1_u904fa97
  31C: Section       \Sessions\1\BaseNamedObjects\SGPY_sgim_eng_bin9.6.0.3612_Filemap_v1_u904fa97
  324: Section       \Sessions\1\BaseNamedObjects\SGPY_sgim_eng_pre_bin9.6.0.3612_Filemap_v1_u904fa97
  32C: Section       \Sessions\1\BaseNamedObjects\SGPY_sgim_url_bin9.6.0.3612_Filemap_v1_u904fa97
  334: Section       \Sessions\1\BaseNamedObjects\SGPY_UrlGuideDict9.6.0.3612_Filemap_v1_u904fa97
  33C: Section       \Sessions\1\BaseNamedObjects\SGPY_SupportCharDict9.6.0.3612_Filemap_v1_u904fa97
  344: Section       \Sessions\1\BaseNamedObjects\SGPY_NumFreqAdjustDict_Filemapv1_v1_u904fa97
  34C: Section       \Sessions\1\BaseNamedObjects\SGPY_infokeyict9.6.0.3612_Filemap_v1_u904fa97
  354: Section       \Sessions\1\BaseNamedObjects\SGPY_infoblackict9.6.0.3612_Filemap_v1_u904fa97
  35C: Section       \Sessions\1\BaseNamedObjects\SGPY_smartinfo9.6.0.3612_Filemap_v1_u904fa97
  364: Section       \Sessions\1\BaseNamedObjects\SGPY_PunctureDict9.6.0.3612_Filemap_v1_u904fa97
  36C: Section       \Sessions\1\BaseNamedObjects\SGPY_RpaDict9.6.0.3612_Filemap_v1_u904fa97
  374: Section       \Sessions\1\BaseNamedObjects\SGPY_CloudCachecDict9.6.0.3612_Filemap_v1_u904fa97
  37C: Section       \Sessions\1\BaseNamedObjects\SGPY_CloudCachecDictLongWord9.6.0.3612_Filemap_v1_u904fa97
  384: Section       \Sessions\1\BaseNamedObjects\SGPY_CloudCachecDictGrayWord9.6.0.3612_Filemap_v1_u904fa97
  38C: Section       \Sessions\1\BaseNamedObjects\SGPY_UsrDict_Filemap_v1_u904fa97
  394: Section       \Sessions\1\BaseNamedObjects\SGPY_ExtDict_Filemap_v1_u904fa97
  39C: Section       \Sessions\1\BaseNamedObjects\SGPY_UsrExtDict_Filemap_v1_u904fa97
  3A4: Section       \Sessions\1\BaseNamedObjects\SGPY_FixFirstDict_Filemap_v1_u904fa97
  3AC: Section       \Sessions\1\BaseNamedObjects\SGPY_DelWordDict_Filemap_v1_u904fa97
  3B4: Section       \Sessions\1\BaseNamedObjects\SGPY_AbbrUsrDict_Filemap_v1_u904fa97
  3BC: Section       \Sessions\1\BaseNamedObjects\SGPY_UserSpellModelDict_Filemap_v1_u904fa97
  3C4: Section       \Sessions\1\BaseNamedObjects\SGPY_PrivilegeDict9.6.0.3612_Filemap_v1_u904fa97
  3CC: Section       \Sessions\1\BaseNamedObjects\SGPY_EngUsrDict_Filemap_v1_u904fa97
  3D4: Section       \Sessions\1\BaseNamedObjects\SGPY_UrlUsrDict_Filemap_v1_u904fa97
  3DC: Section       \Sessions\1\BaseNamedObjects\SGPY_ClipBoardDict_Filemap_v1_u904fa97
  3E4: File  (R-D)   C:\Program Files\WindowsApps\Microsoft.LanguageExperiencePackzh-CN_18362.24.72.0_neutral__8wekyb3d8bbwe\Windows\System32\zh-CN\KernelBase.dll.mui
  4CC: Section       \Sessions\1\BaseNamedObjects\Filemap_VersionReg904fa97
  514: Section       \Windows\Theme2514694826
  518: Section       \Sessions\1\Windows\Theme3897123807
  674: Section       \Sessions\1\BaseNamedObjects\windows_webcache_counters_{9B6AB5B3-91BC-4097-835C-EA2DEC95E9CC}_S-1-5-21-1347350027-276978489-4274093279-1001
  67C: File  (R-D)   C:\Program Files\WindowsApps\Microsoft.LanguageExperiencePackzh-CN_18362.24.72.0_neutral__8wekyb3d8bbwe\Windows\System32\zh-CN\winnlsres.dll.mui
  69C: Section       \BaseNamedObjects\__ComCatalogCache__
  73C: Section       \BaseNamedObjects\F932B6C7-3A20-46A0-B8A0-8894AA421973
  77C: File  (R-D)   C:\Program Files\WindowsApps\Microsoft.LanguageExperiencePackzh-CN_18362.24.72.0_neutral__8wekyb3d8bbwe\Windows\System32\zh-CN\mswsock.dll.mui
  7B8: Section       \Sessions\1\BaseNamedObjects\UrlZonesSM_lenovo
  7BC: Section       \BaseNamedObjects\__ComCatalogCache__
  7C4: File  (R--)   C:\Windows\Registration\R00000000000d.clb
  864: Section       \Sessions\1\BaseNamedObjects\SE_UID
  86C: Section       \BaseNamedObjects\windows_shell_global_counters
  878: Section       \Sessions\1\BaseNamedObjects\{39BA80C7-79EB-4156-B099-0D7873D4D07D}
  898: Section       \Sessions\1\BaseNamedObjects\C:*ProgramData*Microsoft*Windows*Caches*cversions.2.ro
  8B8: Section       \Sessions\1\BaseNamedObjects\C:*ProgramData*Microsoft*Windows*Caches*{DDF571F2-BE98-426D-8288-1A9A39C3FDA2}.2.ver0x0000000000000001.db
  8C8: Section       \Sessions\1\BaseNamedObjects\C:*ProgramData*Microsoft*Windows*Caches*{74695C59-2CC6-4AD7-B095-F7DAB0A2265D}.2.ver0x0000000000000001.db
  8D0: File  (R-D)   C:\Program Files\WindowsApps\Microsoft.LanguageExperiencePackzh-CN_18362.24.72.0_neutral__8wekyb3d8bbwe\Windows\System32\zh-CN\propsys.dll.mui
  8E4: Section       \Sessions\1\BaseNamedObjects\C:*ProgramData*Microsoft*Windows*Caches*{6AF0698E-D558-4F6E-9B3C-3716689AF493}.2.ver0x0000000000000001.db
  8F0: Section       \Sessions\1\BaseNamedObjects\C:*ProgramData*Microsoft*Windows*Caches*cversions.2.ro
  90C: File  (RWD)   C:\Users\lenovo\Desktop
  910: File  (RWD)   C:\Users\Public\Desktop
  978: Section       \Sessions\1\BaseNamedObjects\C:*ProgramData*Microsoft*Windows*Caches*cversions.2.ro
  97C: Section       \Sessions\1\BaseNamedObjects\SE_UID
  988: Section       \Sessions\1\BaseNamedObjects\C:*ProgramData*Microsoft*Windows*Caches*cversions.2.ro
  990: Section       \Sessions\1\BaseNamedObjects\C:*ProgramData*Microsoft*Windows*Caches*{E4CBEACD-DE3C-4E31-BD99-83EF3D6850B2}.2.ver0x0000000000000001.db
  994: Section       \Sessions\1\BaseNamedObjects\C:*ProgramData*Microsoft*Windows*Caches*cversions.2.ro
  9CC: File  (R-D)   C:\Program Files\WindowsApps\Microsoft.LanguageExperiencePackzh-CN_18362.24.72.0_neutral__8wekyb3d8bbwe\Windows\System32\zh-CN\crypt32.dll.mui
  9F0: File  (RWD)   C:\Users\Public\Desktop
  9F8: File  (RWD)   C:\Users\lenovo\Desktop
  A28: Section       \Sessions\1\BaseNamedObjects\SE_UID
  A3C: File  (RW-)   C:\Windows\WinSxS\x86_microsoft.windows.gdiplus_6595b64144ccf1df_1.1.18362.778_none_5f5ee11d821bf28c
  AE0: Section       \Sessions\1\BaseNamedObjects\SE_UID
  B90: Section       \Sessions\1\BaseNamedObjects\sgime_env_fm1.v2.filemap.sogouime904fa97
------------------------------------------------------------------------------
chrome.exe pid: 12804 LAPTOP-MHITGFCH\lenovo
   4C: File  (RW-)   C:\Users\lenovo\AppData\Local\Google\Chrome\Application\80.0.3987.132
   68: File  (RW-)   C:\Users\lenovo\AppData\Local\Google\Chrome\Application\80.0.3987.132
  1A8: File  (RW-)   C:\Users\lenovo\AppData\Local\Google\Chrome\Application\80.0.3987.132\icudtl.dat
  1B0: File  (RW-)   C:\Users\lenovo\AppData\Local\Google\Chrome\Application\80.0.3987.132\v8_context_snapshot.bin
  1B8: File  (RW-)   C:\Users\lenovo\AppData\Local\Google\Chrome\Application\80.0.3987.132\chrome_100_percent.pak
  1C0: File  (RW-)   C:\Users\lenovo\AppData\Local\Google\Chrome\Application\80.0.3987.132\chrome_200_percent.pak
  1C8: File  (RW-)   C:\Users\lenovo\AppData\Local\Google\Chrome\Application\80.0.3987.132\Locales\zh-CN.pak
  1D0: File  (RW-)   C:\Users\lenovo\AppData\Local\Google\Chrome\Application\80.0.3987.132\resources.pak
  35C: File  (RWD)   C:\Users\lenovo\AppData\Local\Google\Chrome\User Data\Default\Cache\data_1
  3C4: File  (RW-)   C:\Users\lenovo\AppData\Local\Google\Chrome\User Data\Default\Cookies-journal
  3C8: File  (RW-)   C:\Users\lenovo\AppData\Local\Google\Chrome\User Data\Default\Cookies
  3D0: File  (RWD)   C:\Users\lenovo\AppData\Local\Google\Chrome\User Data\Default\Cache\data_1
  404: File  (RWD)   C:\Users\lenovo\AppData\Local\Google\Chrome\User Data\Default\Cache\data_3
  408: File  (RWD)   C:\Users\lenovo\AppData\Local\Google\Chrome\User Data\Default\Cache\index
  424: File  (RWD)   C:\Users\lenovo\AppData\Local\Google\Chrome\User Data\Default\Cache\index
  42C: File  (RWD)   C:\Users\lenovo\AppData\Local\Google\Chrome\User Data\Default\Cache\data_3
  430: File  (RWD)   C:\Users\lenovo\AppData\Local\Google\Chrome\User Data\Default\Cache\data_0
  434: File  (RWD)   C:\Users\lenovo\AppData\Local\Google\Chrome\User Data\Default\Cache\data_0
  43C: File  (RWD)   C:\Users\lenovo\AppData\Local\Google\Chrome\User Data\Default\Cache\data_2
  440: File  (RWD)   C:\Users\lenovo\AppData\Local\Google\Chrome\User Data\Default\Cache\data_2
  458: File  (RW-)   C:\Users\lenovo\AppData\Local\Google\Chrome\User Data\Default\Reporting and NEL
  6BC: File  (R-D)   C:\Program Files\WindowsApps\Microsoft.LanguageExperiencePackzh-CN_18362.24.72.0_neutral__8wekyb3d8bbwe\Windows\System32\zh-CN\crypt32.dll.mui
  6E0: File  (RWD)   C:\Windows\System32\drivers\etc
  ABC: File  (RW-)   C:\Users\lenovo\AppData\Local\Google\Chrome\User Data\Safe Browsing Cookies
  E5C: File  (RW-)   C:\Users\lenovo\AppData\Local\Google\Chrome\User Data\Default\Reporting and NEL-journal
------------------------------------------------------------------------------
chrome.exe pid: 12868 LAPTOP-MHITGFCH\lenovo
   8C: File  (RW-)   C:\Users\lenovo\AppData\Local\Google\Chrome\Application\80.0.3987.132
   A8: File  (RW-)   C:\Users\lenovo\AppData\Local\Google\Chrome\Application\80.0.3987.132
  208: File  (RW-)   C:\Users\lenovo\AppData\Local\Google\Chrome\Application\80.0.3987.132\icudtl.dat
  20C: File  (RW-)   C:\Users\lenovo\AppData\Local\Google\Chrome\Application\80.0.3987.132\v8_context_snapshot.bin
  214: File  (RW-)   C:\Users\lenovo\AppData\Local\Google\Chrome\Application\80.0.3987.132\chrome_100_percent.pak
  21C: File  (RW-)   C:\Users\lenovo\AppData\Local\Google\Chrome\Application\80.0.3987.132\chrome_200_percent.pak
  220: File  (RW-)   C:\Users\lenovo\AppData\Local\Google\Chrome\Application\80.0.3987.132\Locales\zh-CN.pak
  224: File  (RW-)   C:\Users\lenovo\AppData\Local\Google\Chrome\Application\80.0.3987.132\resources.pak
  310: File  (RWD)   C:\Users\lenovo\AppData\Local\Google\Chrome\User Data\Subresource Filter\Indexed Rules\26\9.12.0\Ruleset Data
  320: File  (RW-)   C:\Users\lenovo\AppData\Local\Google\Chrome\Application\Dictionaries\en-US-8-0.bdic
  39C: File  (RWD)   C:\Users\lenovo\AppData\Local\Google\Chrome\User Data\Subresource Filter\Indexed Rules\26\9.12.0\Ruleset Data
  3C8: File  (R--)   C:\Windows\Fonts\arialbd.ttf
  3CC: File  (R--)   C:\Windows\Fonts\ARIALN.TTF
  3D0: File  (R--)   C:\Windows\Fonts\ariali.ttf
  3E0: File  (R--)   C:\Windows\Fonts\ARIALNB.TTF
  3E4: File  (R--)   C:\Windows\Fonts\arialbd.ttf
  3EC: File  (R--)   C:\Windows\Fonts\arial.ttf
  3F8: File  (R--)   C:\Windows\Fonts\arialbi.ttf
  3FC: File  (R--)   C:\Windows\Fonts\ARIALNBI.TTF
  404: File  (R--)   C:\Windows\Fonts\ARIALNI.TTF
  408: File  (R--)   C:\Windows\Fonts\ariblk.ttf
  410: File  (R--)   C:\Windows\Fonts\arial.ttf
  418: File  (R--)   C:\Windows\Fonts\msyhbd.ttc
  420: File  (R--)   C:\Windows\Fonts\msyhl.ttc
  438: File  (R--)   C:\Windows\Fonts\tahoma.ttf
  458: File  (R--)   C:\Windows\Fonts\arialbd.ttf
  45C: File  (R--)   C:\Windows\Fonts\msyh.ttc
  460: File  (R--)   C:\Windows\Fonts\msyhbd.ttc
  464: File  (R--)   C:\Windows\Fonts\msyhl.ttc
  468: File  (R--)   C:\Windows\Fonts\msyh.ttc
  470: File  (R--)   C:\Windows\Fonts\arial.ttf
  478: File  (R--)   C:\Windows\Fonts\msyh.ttc
  48C: File  (R--)   C:\Windows\Fonts\ariali.ttf
  4BC: File  (R--)   C:\Windows\Fonts\msyhl.ttc
  4CC: File  (R--)   C:\Windows\Fonts\msyhbd.ttc
  4D8: File  (R--)   C:\Windows\Fonts\simsun.ttc
  550: File  (R--)   C:\Windows\Fonts\simsun.ttc
  580: File  (R--)   C:\Windows\Fonts\tahomabd.ttf
  58C: File  (R--)   C:\Windows\Fonts\tahoma.ttf
  594: File  (R--)   C:\Windows\Fonts\tahoma.ttf
  5CC: File  (R--)   C:\Windows\Fonts\simsun.ttc
------------------------------------------------------------------------------
chrome.exe pid: 13320 LAPTOP-MHITGFCH\lenovo
   8C: File  (RW-)   C:\Users\lenovo\AppData\Local\Google\Chrome\Application\80.0.3987.132
   A8: File  (RW-)   C:\Users\lenovo\AppData\Local\Google\Chrome\Application\80.0.3987.132
  1E8: File  (RW-)   C:\Users\lenovo\AppData\Local\Google\Chrome\Application\80.0.3987.132\icudtl.dat
  1F0: File  (RW-)   C:\Users\lenovo\AppData\Local\Google\Chrome\Application\80.0.3987.132\v8_context_snapshot.bin
  1F8: File  (RW-)   C:\Users\lenovo\AppData\Local\Google\Chrome\Application\80.0.3987.132\chrome_100_percent.pak
  200: File  (RW-)   C:\Users\lenovo\AppData\Local\Google\Chrome\Application\80.0.3987.132\chrome_200_percent.pak
  20C: File  (RW-)   C:\Users\lenovo\AppData\Local\Google\Chrome\Application\80.0.3987.132\Locales\zh-CN.pak
  210: File  (RW-)   C:\Users\lenovo\AppData\Local\Google\Chrome\Application\80.0.3987.132\resources.pak
  2D8: File  (RWD)   C:\Users\lenovo\AppData\Local\Google\Chrome\User Data\Subresource Filter\Indexed Rules\26\9.12.0\Ruleset Data
  2E4: File  (RW-)   C:\Users\lenovo\AppData\Local\Google\Chrome\Application\Dictionaries\en-US-8-0.bdic
  3A8: File  (R--)   C:\Windows\Fonts\ariali.ttf
  3C0: File  (RWD)   C:\Users\lenovo\AppData\Local\Google\Chrome\User Data\Subresource Filter\Indexed Rules\26\9.12.0\Ruleset Data
  3DC: File  (R--)   C:\Windows\Fonts\arial.ttf
  3E4: File  (R--)   C:\Windows\Fonts\arialbd.ttf
  3E8: File  (R--)   C:\Windows\Fonts\arialbi.ttf
  3EC: File  (R--)   C:\Windows\Fonts\ariali.ttf
  3F0: File  (R--)   C:\Windows\Fonts\ARIALN.TTF
  3F4: File  (R--)   C:\Windows\Fonts\ARIALNB.TTF
  3FC: File  (R--)   C:\Windows\Fonts\ARIALNBI.TTF
  404: File  (R--)   C:\Windows\Fonts\ARIALNI.TTF
  408: File  (R--)   C:\Windows\Fonts\ariblk.ttf
  40C: File  (R--)   C:\Windows\Fonts\arial.ttf
  424: File  (R--)   C:\Windows\Fonts\arialbd.ttf
  42C: File  (R--)   C:\Windows\Fonts\arialbd.ttf
  438: File  (R--)   C:\Windows\Fonts\msyh.ttc
  43C: File  (R--)   C:\Windows\Fonts\msyhbd.ttc
  440: File  (R--)   C:\Windows\Fonts\msyhl.ttc
  444: File  (R--)   C:\Windows\Fonts\msyhbd.ttc
  44C: File  (R--)   C:\Windows\Fonts\msyhbd.ttc
  454: File  (R--)   C:\Windows\Fonts\arial.ttf
  45C: File  (R--)   C:\Windows\Fonts\msyh.ttc
  464: File  (R--)   C:\Windows\Fonts\msyh.ttc
  4B4: File  (R--)   C:\Windows\Fonts\seguiemj.ttf
  4DC: File  (R--)   C:\Windows\Fonts\seguiemj.ttf
  4F4: File  (R--)   C:\Windows\Fonts\seguiemj.ttf
  4F8: File  (R--)   C:\Windows\Fonts\cambria.ttc
  520: File  (R--)   C:\Windows\Fonts\msyh.ttc
  53C: File  (R--)   C:\Windows\Fonts\cambria.ttc
  B6C: File  (R--)   C:\Windows\Fonts\msyh.ttc
------------------------------------------------------------------------------
svchost.exe pid: 4168 NT AUTHORITY\SYSTEM
   48: File  (RW-)   C:\Windows\System32
  13C: File  (R-D)   C:\Program Files\WindowsApps\Microsoft.LanguageExperiencePackzh-CN_18362.24.72.0_neutral__8wekyb3d8bbwe\Windows\System32\zh-CN\svchost.exe.mui
------------------------------------------------------------------------------
ApplicationFrameHost.exe pid: 14296 LAPTOP-MHITGFCH\lenovo
   40: File  (RW-)   C:\Windows\System32
  164: Section       \BaseNamedObjects\__ComCatalogCache__
  170: Section       \BaseNamedObjects\__ComCatalogCache__
  174: File  (R--)   C:\Windows\Registration\R00000000000d.clb
  214: Section       \Windows\Theme2514694826
  218: Section       \Sessions\1\Windows\Theme3897123807
  2C4: File  (R-D)   C:\Windows\apppatch\DirectXApps.sdb
  2C8: Section       \Sessions\1\BaseNamedObjects\windows_shell_global_counters
  3AC: Section       \Sessions\1\BaseNamedObjects\SessionImmersiveColorPreference
  3C4: Section       \Sessions\1\BaseNamedObjects\Filemap_VersionReg904fa97
  3E0: File  (R-D)   C:\Program Files\WindowsApps\Microsoft.LanguageExperiencePackzh-CN_18362.24.72.0_neutral__8wekyb3d8bbwe\Windows\System32\zh-CN\KernelBase.dll.mui
  3EC: File  (R-D)   C:\Program Files\WindowsApps\Microsoft.LanguageExperiencePackzh-CN_18362.24.72.0_neutral__8wekyb3d8bbwe\Windows\System32\zh-CN\ApplicationFrame.dll.mui
  42C: Section       \Sessions\1\BaseNamedObjects\Filemap_VersionReg904fa97
  4A8: File  (RW-)   C:\Windows\WinSxS\amd64_microsoft.windows.gdiplus_6595b64144ccf1df_1.1.18362.778_none_17b1aa466d9fc986
  50C: Section       \Sessions\1\BaseNamedObjects\sgime_env_fm1.v2.filemap.sogouime904fa97
  518: Section       \Sessions\1\BaseNamedObjects\M533209721679d14084ecb748c667a686dec0807658
  574: Section       \Sessions\1\BaseNamedObjects\sgime_psglog.filemap3612904fa97
  5B4: File  (R-D)   C:\Windows\Fonts\StaticCache.dat
  698: Section       \Sessions\1\BaseNamedObjects\37d8HWNDInterface:70904
  69C: Section       \Sessions\1\BaseNamedObjects\37d8HWNDInterface:70904
  6A4: Section       \Sessions\1\BaseNamedObjects\37d8HWNDInterface:70904
  6B0: Section       \Sessions\1\BaseNamedObjects\SogouIme_DictWriteManager_3__FileMap_u904fa97
  6B8: File  (R-D)   C:\Program Files\WindowsApps\Microsoft.LanguageExperiencePackzh-CN_18362.24.72.0_neutral__8wekyb3d8bbwe\Windows\System32\zh-CN\kernel32.dll.mui
  6D0: Section       \Sessions\1\BaseNamedObjects\SogouIme_VersionManagerSharedTable__FileMap_u904fa97
  6D4: Section       \Sessions\1\BaseNamedObjects\SGPY_GlobalConfig_Filemap_v0_u904fa97
  6E8: Section       \Sessions\1\BaseNamedObjects\SGPY_sgim_quick_bin9.6.0.3612_Filemap_v1_u904fa97
  6F0: Section       \Sessions\1\BaseNamedObjects\SGPY_SupportCharDict9.6.0.3612_Filemap_v1_u904fa97
  6F8: Section       \Sessions\1\BaseNamedObjects\SGPY_PunctureDict9.6.0.3612_Filemap_v1_u904fa97
  700: Section       \Sessions\1\BaseNamedObjects\SGPY_RpaDict9.6.0.3612_Filemap_v1_u904fa97
  708: Section       \Sessions\1\BaseNamedObjects\SGPY_FixFirstDict_Filemap_v3_u904fa97
  710: Section       \Sessions\1\BaseNamedObjects\SGPY_AbbrUsrDict_Filemap_v1_u904fa97
  71C: Section       \Sessions\1\BaseNamedObjects\fimemap_for_sogou_cloud3612904fa97
  754: Section       \Sessions\1\BaseNamedObjects\SGPY__ProcessRrecord_Filemap_v1
  774: Section       \Sessions\1\BaseNamedObjects\Filemap_VersionComReg904fa97
  778: File  (RW-)   C:\Windows\WinSxS\amd64_microsoft.windows.common-controls_6595b64144ccf1df_5.82.18362.778_none_2a29d4a64667eb69
  7A4: Section       \Sessions\1\BaseNamedObjects\FileMap_For_Sogou_Picface_Peri_12
  7A8: File  (R-D)   C:\Program Files\WindowsApps\Microsoft.LanguageExperiencePackzh-CN_18362.24.72.0_neutral__8wekyb3d8bbwe\Windows\System32\zh-CN\msctf.dll.mui
  7C0: Section       \Sessions\1\BaseNamedObjects\mem_picface_sugg.v1.filemap.sogouime_u1904fa97
  7C8: Section       \Sessions\1\BaseNamedObjects\mem_picface_cloud.v1.filemap.sogouime904fa97
  7D0: Section       \Sessions\1\BaseNamedObjects\mem_picface_cloudkey.v1.filemap.sogouime904fa97
  7D8: Section       \Sessions\1\BaseNamedObjects\picFaceIndexVersion.versionsData.sogouCom904fa97
  7DC: Section       \Sessions\1\BaseNamedObjects\picFaceMergedCellVersion.versionsData.sogouCom904fa97
  7E0: Section       \Sessions\1\BaseNamedObjects\picFaceMergedCellVersion.15.24.1.sogouComData904fa97
  7E4: Section       \Sessions\1\BaseNamedObjects\picFaceIndexVersion.15.24.1.sogouComData904fa97
  83C: File  (R-D)   C:\Windows\System32\WinMetadata\Windows.Foundation.winmd
  84C: File  (R-D)   C:\Program Files\WindowsApps\Microsoft.LanguageExperiencePackzh-CN_18362.24.72.0_neutral__8wekyb3d8bbwe\Windows\System32\zh-CN\combase.dll.mui
  858: File  (R-D)   C:\Windows\System32\WinMetadata\Windows.UI.winmd
  880: Section       \Sessions\1\BaseNamedObjects\SGPY_sgim_adjcache_bin9.6.0.3612_Filemap_v1_u904fa97
  888: Section       \Sessions\1\BaseNamedObjects\SGPY_PyTipDict9.6.0.3612_Filemap_v1_u904fa97
  890: Section       \Sessions\1\BaseNamedObjects\SGPY_sgim_simtra_bin9.6.0.3612_Filemap_v1_u904fa97
  898: Section       \Sessions\1\BaseNamedObjects\SGPY_sgim_eng_pre_bin9.6.0.3612_Filemap_v1_u904fa97
  8A0: Section       \Sessions\1\BaseNamedObjects\SGPY_sgim_url_bin9.6.0.3612_Filemap_v1_u904fa97
  8A8: Section       \Sessions\1\BaseNamedObjects\SGPY_UrlGuideDict9.6.0.3612_Filemap_v1_u904fa97
  8B0: Section       \Sessions\1\BaseNamedObjects\SGPY_NumFreqAdjustDict_Filemapv1_v1_u904fa97
  8B8: Section       \Sessions\1\BaseNamedObjects\SGPY_infokeyict9.6.0.3612_Filemap_v1_u904fa97
  8C0: Section       \Sessions\1\BaseNamedObjects\SGPY_infoblackict9.6.0.3612_Filemap_v1_u904fa97
  8C8: Section       \Sessions\1\BaseNamedObjects\SGPY_smartinfo9.6.0.3612_Filemap_v1_u904fa97
  8D0: Section       \Sessions\1\BaseNamedObjects\SGPY_CloudCachecDict9.6.0.3612_Filemap_v1_u904fa97
  8D8: Section       \Sessions\1\BaseNamedObjects\SGPY_CloudCachecDictLongWord9.6.0.3612_Filemap_v1_u904fa97
  8E0: Section       \Sessions\1\BaseNamedObjects\SGPY_CloudCachecDictGrayWord9.6.0.3612_Filemap_v1_u904fa97
  8E8: Section       \Sessions\1\BaseNamedObjects\SGPY_ExtDict_Filemap_v1_u904fa97
  8F0: Section       \Sessions\1\BaseNamedObjects\SGPY_UsrExtDict_Filemap_v3_u904fa97
  8F8: Section       \Sessions\1\BaseNamedObjects\SGPY_UserSpellModelDict_Filemap_v1_u904fa97
  900: Section       \Sessions\1\BaseNamedObjects\SGPY_PrivilegeDict9.6.0.3612_Filemap_v1_u904fa97
  908: Section       \Sessions\1\BaseNamedObjects\SGPY_EngUsrDict_Filemap_v1_u904fa97
  910: Section       \Sessions\1\BaseNamedObjects\SGPY_UrlUsrDict_Filemap_v3_u904fa97
  918: Section       \Sessions\1\BaseNamedObjects\SGPY_ClipBoardDict_Filemap_v1_u904fa97
  944: Section       \Sessions\1\BaseNamedObjects\sgime_skin.Dpi120.v3.filemap.sogouime3612904fa97
------------------------------------------------------------------------------
dllhost.exe pid: 5336 LAPTOP-MHITGFCH\lenovo
   48: File  (RW-)   C:\Windows\System32
  11C: Section       \BaseNamedObjects\__ComCatalogCache__
  128: Section       \BaseNamedObjects\__ComCatalogCache__
  12C: File  (R--)   C:\Windows\Registration\R00000000000d.clb
  290: Section       \Sessions\1\BaseNamedObjects\windows_shell_global_counters
  2D8: File  (R-D)   C:\Windows\System32\zh-CN\ESENT.dll.mui
  2DC: File  (---)   C:\Users\lenovo\AppData\Local\Microsoft\Internet Explorer\CacheStorage\edb.log
  2F8: File  (---)   C:\Users\lenovo\AppData\Local\Packages\Microsoft.MicrosoftEdge_8wekyb3d8bbwe\AppData\User\Default\CacheStorage\CacheStorage.jfm
  318: File  (---)   C:\Users\lenovo\AppData\Local\Packages\Microsoft.MicrosoftEdge_8wekyb3d8bbwe\AppData\User\Default\CacheStorage\CacheStorage.edb
  3A0: File  (---)   C:\Users\lenovo\AppData\Local\Packages\Microsoft.Windows.Cortana_cw5n1h2txyewy\AppData\CacheStorage\CacheStorage.jfm
  3C0: File  (---)   C:\Users\lenovo\AppData\Local\Packages\Microsoft.Windows.Cortana_cw5n1h2txyewy\AppData\CacheStorage\CacheStorage.edb
------------------------------------------------------------------------------
RuntimeBroker.exe pid: 14092 LAPTOP-MHITGFCH\lenovo
   48: File  (RW-)   C:\Windows\System32
  17C: Section       \BaseNamedObjects\__ComCatalogCache__
  20C: Section       \BaseNamedObjects\__ComCatalogCache__
  210: File  (R--)   C:\Windows\Registration\R00000000000d.clb
  368: Section       \Sessions\1\BaseNamedObjects\C:*ProgramData*Microsoft*Windows*Caches*cversions.2.ro
  36C: Section       \Sessions\1\BaseNamedObjects\C:*ProgramData*Microsoft*Windows*Caches*{6AF0698E-D558-4F6E-9B3C-3716689AF493}.2.ver0x0000000000000001.db
  370: Section       \Sessions\1\BaseNamedObjects\C:*ProgramData*Microsoft*Windows*Caches*cversions.2.ro
  374: Section       \Sessions\1\BaseNamedObjects\C:*ProgramData*Microsoft*Windows*Caches*{DDF571F2-BE98-426D-8288-1A9A39C3FDA2}.2.ver0x0000000000000001.db
  39C: Section       \Sessions\1\BaseNamedObjects\windows_shell_global_counters
  3F0: Section       \BaseNamedObjects\windows_shell_global_counters
  4A8: File  (R-D)   C:\Program Files\WindowsApps\Microsoft.LanguageExperiencePackzh-CN_18362.24.72.0_neutral__8wekyb3d8bbwe\Windows\System32\zh-CN\windows.storage.dll.mui
  5A0: Section       \BaseNamedObjects\SearchCrawlScopeVersion
  6E8: Section       \Sessions\1\BaseNamedObjects\C:*ProgramData*Microsoft*Windows*Caches*cversions.2.ro
  6F8: File  (R-D)   C:\Program Files\WindowsApps\Microsoft.LanguageExperiencePackzh-CN_18362.24.72.0_neutral__8wekyb3d8bbwe\Windows\System32\zh-CN\propsys.dll.mui
  7E8: File  (RW-)   C:\Windows\WinSxS\amd64_microsoft.windows.common-controls_6595b64144ccf1df_6.0.18362.778_none_e6c6b761130d4fb8
  8BC: File  (R-D)   C:\Program Files\WindowsApps\Microsoft.LanguageExperiencePackzh-CN_18362.24.72.0_neutral__8wekyb3d8bbwe\Windows\System32\zh-CN\mpr.dll.mui
------------------------------------------------------------------------------
svchost.exe pid: 11408 LAPTOP-MHITGFCH\lenovo
   48: File  (RW-)   C:\Windows\System32
  130: File  (R-D)   C:\Program Files\WindowsApps\Microsoft.LanguageExperiencePackzh-CN_18362.24.72.0_neutral__8wekyb3d8bbwe\Windows\System32\zh-CN\svchost.exe.mui
  260: Section       \BaseNamedObjects\__ComCatalogCache__
  26C: Section       \BaseNamedObjects\__ComCatalogCache__
  270: File  (R--)   C:\Windows\Registration\R00000000000d.clb
------------------------------------------------------------------------------
SgrmBroker.exe pid: 7188 \<unable to open process>
   3C: File  (RW-)   C:\Windows
------------------------------------------------------------------------------
svchost.exe pid: 4556 NT AUTHORITY\SYSTEM
   48: File  (RW-)   C:\Windows\System32
  134: File  (R-D)   C:\Program Files\WindowsApps\Microsoft.LanguageExperiencePackzh-CN_18362.24.72.0_neutral__8wekyb3d8bbwe\Windows\System32\zh-CN\svchost.exe.mui
  1E4: Section       \BaseNamedObjects\__ComCatalogCache__
  1F8: Section       \BaseNamedObjects\__ComCatalogCache__
  1FC: File  (R--)   C:\Windows\Registration\R00000000000d.clb
  338: Section       \BaseNamedObjects\windows_shell_global_counters
  528: File  (R-D)   C:\Program Files\WindowsApps\Microsoft.LanguageExperiencePackzh-CN_18362.24.72.0_neutral__8wekyb3d8bbwe\Windows\System32\zh-CN\crypt32.dll.mui
  5BC: File  (R-D)   C:\Program Files\WindowsApps\Microsoft.LanguageExperiencePackzh-CN_18362.24.72.0_neutral__8wekyb3d8bbwe\Windows\System32\zh-CN\KernelBase.dll.mui
  670: File  (R-D)   C:\ProgramData\USOShared\Logs\System\UpdateSessionOrchestration.2a9bba2d-ad85-4443-bb06-957e8c695044.2.etl
------------------------------------------------------------------------------
svchost.exe pid: 10828 \<unable to open process>
   48: File  (RW-)   C:\Windows\System32
  128: File  (R-D)   C:\Program Files\WindowsApps\Microsoft.LanguageExperiencePackzh-CN_18362.24.72.0_neutral__8wekyb3d8bbwe\Windows\System32\zh-CN\svchost.exe.mui
  250: Section       \BaseNamedObjects\__ComCatalogCache__
  28C: Section       \BaseNamedObjects\__ComCatalogCache__
  290: File  (R--)   C:\Windows\Registration\R00000000000d.clb
  314: File  (R-D)   C:\Program Files\WindowsApps\Microsoft.LanguageExperiencePackzh-CN_18362.24.72.0_neutral__8wekyb3d8bbwe\Windows\System32\zh-CN\crypt32.dll.mui
  32C: File  (R-D)   C:\Program Files\WindowsApps\Microsoft.LanguageExperiencePackzh-CN_18362.24.72.0_neutral__8wekyb3d8bbwe\Windows\System32\zh-CN\dnsapi.dll.mui
------------------------------------------------------------------------------
Lenovo.Modern.ImController.PluginHost.Device.exe pid: 11512 LAPTOP-MHITGFCH\lenovo
   40: File  (RW-)   C:\Windows
   84: File  (RW-)   C:\Windows\SysWOW64
  1C8: Section       \...\Cor_SxSPublic_IPCBlock
  1CC: Section       \BaseNamedObjects\Cor_Private_IPCBlock_v4_11512
  2DC: File  (R--)   C:\Windows\assembly\pubpol208.dat
  2E0: File  (R-D)   C:\Windows\Lenovo\ImController\PluginHost86\Lenovo.Modern.Utilities.dll
  378: Section       \Sessions\1\BaseNamedObjects\windows_shell_global_counters
  388: File  (R-D)   C:\Windows\Lenovo\ImController\PluginHost86\Lenovo.Modern.ImController.PluginHost.AppDomain.dll
  3C8: File  (R-D)   C:\Windows\Lenovo\ImController\PluginHost86\Lenovo.Modern.ImController.Shared.dll
  3E8: Section       \BaseNamedObjects\__ComCatalogCache__
  460: File  (R-D)   C:\Windows\Microsoft.NET\assembly\GAC_MSIL\mscorlib.Resources\v4.0_4.0.0.0_zh-HANS_b77a5c561934e089\mscorlib.resources.dll
  490: File  (R-D)   C:\Windows\Lenovo\ImController\PluginHost86\Lenovo.Modern.ImController.ImClient.dll
  4C8: File  (R-D)   C:\Windows\Microsoft.NET\assembly\GAC_32\System.EnterpriseServices\v4.0_4.0.0.0__b03f5f7f11d50a3a\System.EnterpriseServices.Wrapper.dll
  4E8: File  (R-D)   C:\Program Files\WindowsApps\Microsoft.LanguageExperiencePackzh-CN_18362.24.72.0_neutral__8wekyb3d8bbwe\Windows\System32\zh-CN\KernelBase.dll.mui
  4EC: File  (R-D)   C:\Windows\Microsoft.NET\assembly\GAC_MSIL\System.ServiceModel.Internals\v4.0_4.0.0.0__31bf3856ad364e35\System.ServiceModel.Internals.dll
  50C: File  (R-D)   C:\Windows\Microsoft.NET\assembly\GAC_MSIL\System.Net.Http.WebRequest\v4.0_4.0.0.0__b03f5f7f11d50a3a\System.Net.Http.WebRequest.dll
  574: File  (R-D)   C:\Program Files\WindowsApps\Microsoft.LanguageExperiencePackzh-CN_18362.24.72.0_neutral__8wekyb3d8bbwe\Windows\System32\zh-CN\crypt32.dll.mui
  718: Section       \Sessions\1\BaseNamedObjects\windows_webcache_counters_{9B6AB5B3-91BC-4097-835C-EA2DEC95E9CC}_S-1-5-21-1347350027-276978489-4274093279-1001
  75C: File  (R-D)   C:\Windows\Microsoft.NET\assembly\GAC_MSIL\System.Data.Resources\v4.0_4.0.0.0_zh-HANS_b77a5c561934e089\System.Data.resources.dll
  774: File  (R--)   C:\Windows\assembly\pubpol208.dat
  7D8: File  (R-D)   C:\Windows\Lenovo\ImController\PluginHost86\Lenovo.Modern.ImController.PluginHost.UnmanagedPluginShim.dll
  7DC: Section       \Sessions\1\BaseNamedObjects\UrlZonesSM_lenovo
  808: File  (R-D)   C:\ProgramData\Lenovo\ImController\Plugins\GenericMessagingPlugin\x86\GenericMessagingPlugin.dll
  814: File  (R-D)   C:\Windows\Microsoft.NET\assembly\GAC_MSIL\System.Core\v4.0_4.0.0.0__b77a5c561934e089\System.Core.dll
  820: File  (R-D)   C:\Windows\Microsoft.NET\assembly\GAC_MSIL\System.Xml\v4.0_4.0.0.0__b77a5c561934e089\System.XML.dll
  824: File  (R-D)   C:\ProgramData\Lenovo\ImController\Plugins\GenericMessagingPlugin\x86\Lenovo.Modern.ImController.ImClient.dll
  838: File  (R-D)   C:\ProgramData\Lenovo\ImController\Plugins\GenericMessagingPlugin\x86\SLSLib.dll
  83C: File  (R-D)   C:\ProgramData\Lenovo\ImController\Plugins\GenericMessagingPlugin\x86\Lenovo.Modern.CoreTypes.dll
  848: File  (R-D)   C:\ProgramData\Lenovo\ImController\Plugins\GenericMessagingPlugin\x86\Lenovo.Modern.Notifications.dll
  84C: File  (R-D)   C:\ProgramData\Lenovo\ImController\Plugins\GenericMessagingPlugin\x86\Lenovo.Messaging.Desktop.Agent.dll
  854: File  (R-D)   C:\Windows\Microsoft.NET\assembly\GAC_MSIL\System.Xml\v4.0_4.0.0.0__b77a5c561934e089\System.XML.dll
  85C: File  (R-D)   C:\ProgramData\Lenovo\ImController\Plugins\GenericMessagingPlugin\x86\LenovoAppsApi.dll
  860: File  (R-D)   C:\Windows\Microsoft.NET\assembly\GAC_MSIL\System\v4.0_4.0.0.0__b77a5c561934e089\System.dll
  864: File  (R-D)   C:\ProgramData\Lenovo\ImController\Plugins\GenericMessagingPlugin\x86\GenericMessagingPlugin.Shared.dll
  868: File  (R-D)   C:\Windows\Microsoft.NET\assembly\GAC_MSIL\System.Net.Http\v4.0_4.0.0.0__b03f5f7f11d50a3a\System.Net.Http.dll
  870: File  (R-D)   C:\ProgramData\Lenovo\ImController\Plugins\GenericMessagingPlugin\x86\Lenovo.Modern.Utilities.dll
  878: File  (R-D)   C:\ProgramData\Lenovo\ImController\Plugins\GenericMessagingPlugin\x86\System.Data.SQLite.dll
  88C: File  (R-D)   C:\Windows\Microsoft.NET\assembly\GAC_32\System.Data\v4.0_4.0.0.0__b77a5c561934e089\System.Data.dll
  898: File  (R-D)   C:\Windows\Microsoft.NET\assembly\GAC_32\System.Transactions\v4.0_4.0.0.0__b77a5c561934e089\System.Transactions.dll
  8AC: File  (R-D)   C:\Windows\Microsoft.NET\assembly\GAC_MSIL\System.Configuration\v4.0_4.0.0.0__b03f5f7f11d50a3a\System.Configuration.dll
  8B0: File  (R-D)   C:\Windows\Microsoft.NET\assembly\GAC_32\System.EnterpriseServices\v4.0_4.0.0.0__b03f5f7f11d50a3a\System.EnterpriseServices.dll
  8B4: File  (R-D)   C:\ProgramData\Lenovo\ImController\Plugins\GenericMessagingPlugin\x86\Lenovo.ImController.EventLogging.dll
  8D8: File  (R-D)   C:\ProgramData\Lenovo\ImController\Plugins\GenericMessagingPlugin\x86\SLRecs.dll
  9DC: File  (R-D)   C:\Windows\Microsoft.NET\assembly\GAC_MSIL\System.Runtime.Serialization\v4.0_4.0.0.0__b77a5c561934e089\System.Runtime.Serialization.dll
  9E0: File  (R-D)   C:\Program Files\WindowsApps\Microsoft.LanguageExperiencePackzh-CN_18362.24.72.0_neutral__8wekyb3d8bbwe\Windows\System32\zh-CN\kernel32.dll.mui
  9E8: File  (R-D)   C:\ProgramData\Lenovo\ImController\Plugins\GenericMessagingPlugin\x86\Newtonsoft.Json.dll
  9EC: File  (R-D)   C:\Program Files\WindowsApps\Microsoft.LanguageExperiencePackzh-CN_18362.24.72.0_neutral__8wekyb3d8bbwe\Windows\System32\zh-CN\winnlsres.dll.mui
  9F0: File  (R-D)   C:\Windows\Microsoft.NET\assembly\GAC_MSIL\System.Xml.Linq\v4.0_4.0.0.0__b77a5c561934e089\System.Xml.Linq.dll
  A00: File  (R-D)   C:\Windows\Microsoft.NET\assembly\GAC_MSIL\System.Configuration\v4.0_4.0.0.0__b03f5f7f11d50a3a\System.Configuration.dll
  C60: Section       \BaseNamedObjects\NLS_CodePage_936_3_2_0_0
  D54: File  (R-D)   C:\Windows\Microsoft.NET\assembly\GAC_MSIL\System.Resources\v4.0_4.0.0.0_zh-HANS_b77a5c561934e089\System.resources.dll
  D98: File  (R-D)   C:\Windows\Microsoft.NET\assembly\GAC_MSIL\System.Security\v4.0_4.0.0.0__b03f5f7f11d50a3a\System.Security.dll
  DCC: File  (R-D)   C:\Windows\Microsoft.NET\assembly\GAC_MSIL\SMDiagnostics\v4.0_4.0.0.0__b77a5c561934e089\SMDiagnostics.dll
  DF0: File  (R-D)   C:\Windows\Microsoft.NET\assembly\GAC_MSIL\System.Runtime.Serialization.Resources\v4.0_4.0.0.0_zh-HANS_b77a5c561934e089\System.RunTime.Serialization.resources.dll
  ED4: Section       \BaseNamedObjects\F932B6C7-3A20-46A0-B8A0-8894AA421973
------------------------------------------------------------------------------
Microsoft.Photos.exe pid: 5116 LAPTOP-MHITGFCH\lenovo
   40: File  (RW-)   C:\Program Files\WindowsApps\Microsoft.Windows.Photos_2020.19111.24110.0_x64__8wekyb3d8bbwe
  144: Section       \BaseNamedObjects\__ComCatalogCache__
  334: Section       \Sessions\1\AppContainerNamedObjects\S-1-15-2-2226957697-3030467180-2301525-4248967783-2024719031-2325529081-2915787518\ApplicationService:13fc1d628058ee93453
  460: Section       \Sessions\1\AppContainerNamedObjects\S-1-15-2-2226957697-3030467180-2301525-4248967783-2024719031-2325529081-2915787518\SessionImmersiveColorPreference
  4C0: File  (R-D)   C:\Windows\apppatch\DirectXApps.sdb
  4C8: Section       \Sessions\1\AppContainerNamedObjects\S-1-15-2-2226957697-3030467180-2301525-4248967783-2024719031-2325529081-2915787518\windows_shell_global_counters
  550: File  (RWD)   C:\Windows\Fonts\segoeui.ttf
  5A8: File  (R-D)   C:\Program Files\WindowsApps\Microsoft.LanguageExperiencePackzh-CN_18362.24.72.0_neutral__8wekyb3d8bbwe\Windows\System32\zh-CN\windows.storage.dll.mui
  6D8: File  (R-D)   C:\Users\lenovo\AppData\Local\Packages\Microsoft.Windows.Photos_8wekyb3d8bbwe\LocalState\PhotosAppTracing_startedInBGMode.etl
  71C: File  (RW-)   C:\Users\lenovo\AppData\Local\Packages\Microsoft.Windows.Photos_8wekyb3d8bbwe\LocalState\MediaDb.v1.sqlite-wal
  7DC: Section       \Sessions\1\AppContainerNamedObjects\S-1-15-2-2226957697-3030467180-2301525-4248967783-2024719031-2325529081-2915787518\C:*ProgramData*Microsoft*Windows*Caches*cversions.2.ro
  848: File  (R-D)   C:\Program Files\WindowsApps\Microsoft.LanguageExperiencePackzh-CN_18362.24.72.0_neutral__8wekyb3d8bbwe\Windows\System32\zh-CN\wininet.dll.mui
  884: File  (R-D)   C:\Windows\System32\en-US\netmsg.dll.mui
  8EC: Section       \Sessions\1\BaseNamedObjects\windows_webcache_counters_{9B6AB5B3-91BC-4097-835C-EA2DEC95E9CC}_S-1-5-21-1347350027-276978489-4274093279-1001
  8F0: Section       \Sessions\1\AppContainerNamedObjects\S-1-15-2-2226957697-3030467180-2301525-4248967783-2024719031-2325529081-2915787518\windows_webcache_counters_{00000000-5d8e-4eed-b3fa-e30684411323}
  998: Section       \BaseNamedObjects\F932B6C7-3A20-46A0-B8A0-8894AA421973
  A6C: File  (R-D)   C:\Program Files\WindowsApps\Microsoft.LanguageExperiencePackzh-CN_18362.24.72.0_neutral__8wekyb3d8bbwe\Windows\System32\zh-CN\crypt32.dll.mui
  A8C: Section       \Sessions\1\AppContainerNamedObjects\S-1-15-2-2226957697-3030467180-2301525-4248967783-2024719031-2325529081-2915787518\UrlZonesSM_lenovo
  AB0: File  (RW-)   C:\Users\lenovo\AppData\Local\Packages\Microsoft.Windows.Photos_8wekyb3d8bbwe\LocalState\MediaDb.v1.sqlite-wal
  B80: File  (R-D)   C:\Program Files\WindowsApps\Microsoft.LanguageExperiencePackzh-CN_18362.24.72.0_neutral__8wekyb3d8bbwe\Windows\System32\zh-CN\dnsapi.dll.mui
  BBC: File  (R-D)   C:\Windows\System32\WinMetadata\Windows.System.winmd
  BF0: File  (R-D)   C:\Windows\System32\WinMetadata\Windows.Storage.winmd
  C0C: Section       \Sessions\1\AppContainerNamedObjects\S-1-15-2-2226957697-3030467180-2301525-4248967783-2024719031-2325529081-2915787518\C:*ProgramData*Microsoft*Windows*Caches*{6AF0698E-D558-4F6E-9B3C-3716689AF493}.2.ver0x0000000000000001.db
  C14: Section       \Sessions\1\AppContainerNamedObjects\S-1-15-2-2226957697-3030467180-2301525-4248967783-2024719031-2325529081-2915787518\C:*ProgramData*Microsoft*Windows*Caches*{DDF571F2-BE98-426D-8288-1A9A39C3FDA2}.2.ver0x0000000000000001.db
  C18: File  (RW-)   C:\Users\lenovo\AppData\Local\Packages\Microsoft.Windows.Photos_8wekyb3d8bbwe\LocalState\MediaDb.v1.sqlite
  C1C: File  (RW-)   C:\Users\lenovo\AppData\Local\Packages\Microsoft.Windows.Photos_8wekyb3d8bbwe\LocalState\MediaDb.v1.sqlite-wal
  C24: File  (RW-)   C:\Users\lenovo\AppData\Local\Packages\Microsoft.Windows.Photos_8wekyb3d8bbwe\LocalState\MediaDb.v1.sqlite
  C28: File  (RW-)   C:\Users\lenovo\AppData\Local\Packages\Microsoft.Windows.Photos_8wekyb3d8bbwe\LocalState\MediaDb.v1.sqlite-wal
  C2C: File  (RW-)   C:\Users\lenovo\AppData\Local\Packages\Microsoft.Windows.Photos_8wekyb3d8bbwe\LocalState\MediaDb.v1.sqlite-shm
  C30: File  (RW-)   C:\Users\lenovo\AppData\Local\Packages\Microsoft.Windows.Photos_8wekyb3d8bbwe\LocalState\MediaDb.v1.sqlite
  C34: File  (RW-)   C:\Users\lenovo\AppData\Local\Packages\Microsoft.Windows.Photos_8wekyb3d8bbwe\LocalState\MediaDb.v1.sqlite-wal
  C3C: File  (RW-)   C:\Users\lenovo\AppData\Local\Packages\Microsoft.Windows.Photos_8wekyb3d8bbwe\LocalState\MediaDb.v1.sqlite-wal
  C58: File  (RW-)   C:\Users\lenovo\AppData\Local\Packages\Microsoft.Windows.Photos_8wekyb3d8bbwe\LocalState\MediaDb.v1.sqlite-wal
  C5C: File  (RW-)   C:\Users\lenovo\AppData\Local\Packages\Microsoft.Windows.Photos_8wekyb3d8bbwe\LocalState\MediaDb.v1.sqlite
  C64: File  (RW-)   C:\Users\lenovo\AppData\Local\Packages\Microsoft.Windows.Photos_8wekyb3d8bbwe\LocalState\MediaDb.v1.sqlite
  C68: File  (RW-)   C:\Users\lenovo\AppData\Local\Packages\Microsoft.Windows.Photos_8wekyb3d8bbwe\LocalState\MediaDb.v1.sqlite-wal
  CA4: File  (RW-)   C:\Users\lenovo\AppData\Local\Packages\Microsoft.Windows.Photos_8wekyb3d8bbwe\LocalState\MediaDb.v1.sqlite
  CA8: File  (RW-)   C:\Users\lenovo\AppData\Local\Packages\Microsoft.Windows.Photos_8wekyb3d8bbwe\LocalState\MediaDb.v1.sqlite-wal
  CAC: File  (RW-)   C:\Users\lenovo\AppData\Local\Packages\Microsoft.Windows.Photos_8wekyb3d8bbwe\LocalState\MediaDb.v1.sqlite
  CB0: File  (RW-)   C:\Users\lenovo\AppData\Local\Packages\Microsoft.Windows.Photos_8wekyb3d8bbwe\LocalState\MediaDb.v1.sqlite-wal
  CBC: File  (RW-)   C:\Users\lenovo\AppData\Local\Packages\Microsoft.Windows.Photos_8wekyb3d8bbwe\LocalState\MediaDb.v1.sqlite
  CC0: File  (RW-)   C:\Users\lenovo\AppData\Local\Packages\Microsoft.Windows.Photos_8wekyb3d8bbwe\LocalState\MediaDb.v1.sqlite
  CC8: File  (RW-)   C:\Users\lenovo\AppData\Local\Packages\Microsoft.Windows.Photos_8wekyb3d8bbwe\LocalState\MediaDb.v1.sqlite
  CF8: File  (RW-)   C:\Users\lenovo\AppData\Local\Packages\Microsoft.Windows.Photos_8wekyb3d8bbwe\LocalState\MediaDb.v1.sqlite-wal
  D08: File  (RW-)   C:\Users\lenovo\AppData\Local\Packages\Microsoft.Windows.Photos_8wekyb3d8bbwe\LocalState\MediaDb.v1.sqlite
  D0C: File  (RW-)   C:\Users\lenovo\AppData\Local\Packages\Microsoft.Windows.Photos_8wekyb3d8bbwe\LocalState\MediaDb.v1.sqlite-wal
  D10: File  (RW-)   C:\Users\lenovo\AppData\Local\Packages\Microsoft.Windows.Photos_8wekyb3d8bbwe\LocalState\MediaDb.v1.sqlite
  D18: File  (RW-)   C:\Users\lenovo\AppData\Local\Packages\Microsoft.Windows.Photos_8wekyb3d8bbwe\LocalState\MediaDb.v1.sqlite
  D1C: File  (RW-)   C:\Users\lenovo\AppData\Local\Packages\Microsoft.Windows.Photos_8wekyb3d8bbwe\LocalState\MediaDb.v1.sqlite-wal
  D30: File  (RW-)   C:\Users\lenovo\AppData\Local\Packages\Microsoft.Windows.Photos_8wekyb3d8bbwe\LocalState\MediaDb.v1.sqlite
  D34: File  (RW-)   C:\Users\lenovo\AppData\Local\Packages\Microsoft.Windows.Photos_8wekyb3d8bbwe\LocalState\MediaDb.v1.sqlite
  D38: File  (RW-)   C:\Users\lenovo\AppData\Local\Packages\Microsoft.Windows.Photos_8wekyb3d8bbwe\LocalState\MediaDb.v1.sqlite
  D3C: File  (RW-)   C:\Users\lenovo\AppData\Local\Packages\Microsoft.Windows.Photos_8wekyb3d8bbwe\LocalState\MediaDb.v1.sqlite-wal
  D44: File  (RW-)   C:\Users\lenovo\AppData\Local\Packages\Microsoft.Windows.Photos_8wekyb3d8bbwe\LocalState\MediaDb.v1.sqlite
  D48: File  (RW-)   C:\Users\lenovo\AppData\Local\Packages\Microsoft.Windows.Photos_8wekyb3d8bbwe\LocalState\MediaDb.v1.sqlite-wal
  D4C: File  (RW-)   C:\Users\lenovo\AppData\Local\Packages\Microsoft.Windows.Photos_8wekyb3d8bbwe\LocalState\MediaDb.v1.sqlite
  D50: File  (RW-)   C:\Users\lenovo\AppData\Local\Packages\Microsoft.Windows.Photos_8wekyb3d8bbwe\LocalState\MediaDb.v1.sqlite-wal
  D5C: File  (RW-)   C:\Users\lenovo\AppData\Local\Packages\Microsoft.Windows.Photos_8wekyb3d8bbwe\LocalState\MediaDb.v1.sqlite-wal
  D68: File  (RW-)   C:\Users\lenovo\AppData\Local\Packages\Microsoft.Windows.Photos_8wekyb3d8bbwe\LocalState\MediaDb.v1.sqlite
  D6C: File  (RW-)   C:\Users\lenovo\AppData\Local\Packages\Microsoft.Windows.Photos_8wekyb3d8bbwe\LocalState\MediaDb.v1.sqlite-wal
  D90: File  (RW-)   C:\Users\lenovo\AppData\Local\Packages\Microsoft.Windows.Photos_8wekyb3d8bbwe\LocalState\MediaDb.v1.sqlite-wal
  D94: File  (RW-)   C:\Users\lenovo\AppData\Local\Packages\Microsoft.Windows.Photos_8wekyb3d8bbwe\LocalState\MediaDb.v1.sqlite-wal
  D9C: Section       \Sessions\1\AppContainerNamedObjects\S-1-15-2-2226957697-3030467180-2301525-4248967783-2024719031-2325529081-2915787518\C:*ProgramData*Microsoft*Windows*Caches*cversions.2.ro
  DA0: Section       \Sessions\1\AppContainerNamedObjects\S-1-15-2-2226957697-3030467180-2301525-4248967783-2024719031-2325529081-2915787518\C:*ProgramData*Microsoft*Windows*Caches*cversions.2.ro
  DA8: File  (RW-)   C:\Users\lenovo\AppData\Local\Packages\Microsoft.Windows.Photos_8wekyb3d8bbwe\LocalState\MediaDb.v1.sqlite
  DAC: File  (RW-)   C:\Users\lenovo\AppData\Local\Packages\Microsoft.Windows.Photos_8wekyb3d8bbwe\LocalState\MediaDb.v1.sqlite
  DD8: File  (RW-)   C:\Users\lenovo\AppData\Local\Packages\Microsoft.Windows.Photos_8wekyb3d8bbwe\LocalState\MediaDb.v1.sqlite-wal
  DDC: File  (RW-)   C:\Users\lenovo\AppData\Local\Packages\Microsoft.Windows.Photos_8wekyb3d8bbwe\LocalState\MediaDb.v1.sqlite
  DE0: File  (RW-)   C:\Users\lenovo\AppData\Local\Packages\Microsoft.Windows.Photos_8wekyb3d8bbwe\LocalState\MediaDb.v1.sqlite
  DE4: File  (RW-)   C:\Users\lenovo\AppData\Local\Packages\Microsoft.Windows.Photos_8wekyb3d8bbwe\LocalState\MediaDb.v1.sqlite
  DE8: File  (RW-)   C:\Users\lenovo\AppData\Local\Packages\Microsoft.Windows.Photos_8wekyb3d8bbwe\LocalState\MediaDb.v1.sqlite-wal
  DEC: File  (RW-)   C:\Users\lenovo\AppData\Local\Packages\Microsoft.Windows.Photos_8wekyb3d8bbwe\LocalState\MediaDb.v1.sqlite-wal
  DF0: File  (RW-)   C:\Users\lenovo\AppData\Local\Packages\Microsoft.Windows.Photos_8wekyb3d8bbwe\LocalState\MediaDb.v1.sqlite-wal
  E00: File  (RW-)   C:\Users\lenovo\AppData\Local\Packages\Microsoft.Windows.Photos_8wekyb3d8bbwe\LocalState\MediaDb.v1.sqlite-wal
  E14: File  (RW-)   C:\Users\lenovo\AppData\Local\Packages\Microsoft.Windows.Photos_8wekyb3d8bbwe\LocalState\MediaDb.v1.sqlite
  E1C: File  (RW-)   C:\Users\lenovo\AppData\Local\Packages\Microsoft.Windows.Photos_8wekyb3d8bbwe\LocalState\MediaDb.v1.sqlite-wal
  E30: File  (RW-)   C:\Users\lenovo\AppData\Local\Packages\Microsoft.Windows.Photos_8wekyb3d8bbwe\LocalState\MediaDb.v1.sqlite
  E40: File  (R-D)   C:\Windows\System32\zh-CN\netmsg.dll.mui
  E54: File  (RW-)   C:\Users\lenovo\AppData\Local\Packages\Microsoft.Windows.Photos_8wekyb3d8bbwe\LocalState\MediaDb.v1.sqlite-wal
  E58: File  (RW-)   C:\Users\lenovo\AppData\Local\Packages\Microsoft.Windows.Photos_8wekyb3d8bbwe\LocalState\MediaDb.v1.sqlite
  E5C: File  (RW-)   C:\Users\lenovo\AppData\Local\Packages\Microsoft.Windows.Photos_8wekyb3d8bbwe\LocalState\MediaDb.v1.sqlite-wal
  E84: File  (RW-)   C:\Users\lenovo\AppData\Local\Packages\Microsoft.Windows.Photos_8wekyb3d8bbwe\LocalState\MediaDb.v1.sqlite
  E88: File  (RW-)   C:\Users\lenovo\AppData\Local\Packages\Microsoft.Windows.Photos_8wekyb3d8bbwe\LocalState\MediaDb.v1.sqlite-wal
  E8C: File  (RW-)   C:\Users\lenovo\AppData\Local\Packages\Microsoft.Windows.Photos_8wekyb3d8bbwe\LocalState\MediaDb.v1.sqlite
  E94: File  (RW-)   C:\Users\lenovo\AppData\Local\Packages\Microsoft.Windows.Photos_8wekyb3d8bbwe\LocalState\MediaDb.v1.sqlite
  E98: File  (RW-)   C:\Users\lenovo\AppData\Local\Packages\Microsoft.Windows.Photos_8wekyb3d8bbwe\LocalState\MediaDb.v1.sqlite
  EA0: File  (RW-)   C:\Users\lenovo\AppData\Local\Packages\Microsoft.Windows.Photos_8wekyb3d8bbwe\LocalState\MediaDb.v1.sqlite
  EA4: File  (RW-)   C:\Users\lenovo\AppData\Local\Packages\Microsoft.Windows.Photos_8wekyb3d8bbwe\LocalState\MediaDb.v1.sqlite-wal
  EA8: File  (RW-)   C:\Users\lenovo\AppData\Local\Packages\Microsoft.Windows.Photos_8wekyb3d8bbwe\LocalState\MediaDb.v1.sqlite
  EAC: File  (RW-)   C:\Users\lenovo\AppData\Local\Packages\Microsoft.Windows.Photos_8wekyb3d8bbwe\LocalState\MediaDb.v1.sqlite-wal
  EB0: File  (R-D)   C:\Program Files\WindowsApps\Microsoft.LanguageExperiencePackzh-CN_18362.24.72.0_neutral__8wekyb3d8bbwe\Windows\System32\zh-CN\KernelBase.dll.mui
------------------------------------------------------------------------------
RuntimeBroker.exe pid: 15280 LAPTOP-MHITGFCH\lenovo
   4C: File  (RW-)   C:\Windows\System32
  138: File  (R--)   C:\Windows\Registration\R00000000000d.clb
  188: Section       \BaseNamedObjects\__ComCatalogCache__
  1D0: Section       \BaseNamedObjects\__ComCatalogCache__
  1F0: Section       \Sessions\1\BaseNamedObjects\C:*ProgramData*Microsoft*Windows*Caches*cversions.2.ro
  3D0: Section       \Sessions\1\BaseNamedObjects\windows_shell_global_counters
  420: File  (R-D)   C:\Windows\SystemResources\shell32.dll.mun
  42C: Section       \Windows\Theme2514694826
  438: Section       \BaseNamedObjects\windows_shell_global_counters
  45C: Section       \Sessions\1\BaseNamedObjects\C:*ProgramData*Microsoft*Windows*Caches*cversions.2.ro
  464: Section       \Sessions\1\BaseNamedObjects\C:*ProgramData*Microsoft*Windows*Caches*{6AF0698E-D558-4F6E-9B3C-3716689AF493}.2.ver0x0000000000000001.db
  468: Section       \Sessions\1\BaseNamedObjects\C:*ProgramData*Microsoft*Windows*Caches*cversions.2.ro
  46C: Section       \Sessions\1\BaseNamedObjects\C:*ProgramData*Microsoft*Windows*Caches*{DDF571F2-BE98-426D-8288-1A9A39C3FDA2}.2.ver0x0000000000000001.db
  470: File  (R-D)   C:\Program Files\WindowsApps\Microsoft.LanguageExperiencePackzh-CN_18362.24.72.0_neutral__8wekyb3d8bbwe\Windows\System32\zh-CN\propsys.dll.mui
  49C: Section       \Sessions\1\Windows\Theme3897123807
  4EC: File  (R-D)   C:\Program Files\WindowsApps\Microsoft.LanguageExperiencePackzh-CN_18362.24.72.0_neutral__8wekyb3d8bbwe\Windows\System32\zh-CN\shell32.dll.mui
  548: Section       \BaseNamedObjects\SearchCrawlScopeVersion
  5F0: Section       \Sessions\1\BaseNamedObjects\C:*ProgramData*Microsoft*Windows*Caches*cversions.2.ro
  5FC: Section       \Sessions\1\BaseNamedObjects\C:*ProgramData*Microsoft*Windows*Caches*cversions.2.ro
  608: Section       \Sessions\1\BaseNamedObjects\C:*ProgramData*Microsoft*Windows*Caches*{74695C59-2CC6-4AD7-B095-F7DAB0A2265D}.2.ver0x0000000000000001.db
  614: Section       \Sessions\1\BaseNamedObjects\C:*ProgramData*Microsoft*Windows*Caches*{E4CBEACD-DE3C-4E31-BD99-83EF3D6850B2}.2.ver0x0000000000000001.db
  61C: File  (R-D)   C:\Program Files\WindowsApps\Microsoft.LanguageExperiencePackzh-CN_18362.24.72.0_neutral__8wekyb3d8bbwe\Windows\System32\zh-CN\windows.storage.dll.mui
  734: File  (RW-)   C:\Windows\WinSxS\amd64_microsoft.windows.common-controls_6595b64144ccf1df_6.0.18362.778_none_e6c6b761130d4fb8
------------------------------------------------------------------------------
YourPhone.exe pid: 8244 LAPTOP-MHITGFCH\lenovo
   40: File  (RW-)   C:\Program Files\WindowsApps\Microsoft.YourPhone_1.20041.88.0_x64__8wekyb3d8bbwe
  14C: Section       \BaseNamedObjects\__ComCatalogCache__
  260: Section       \Sessions\1\AppContainerNamedObjects\S-1-15-2-1726375552-1729233799-74693324-3851689839-2151781990-3623637752-3611872497\ApplicationService:20341d6281a9733a863
  3C8: Section       \Sessions\1\AppContainerNamedObjects\S-1-15-2-1726375552-1729233799-74693324-3851689839-2151781990-3623637752-3611872497\SessionImmersiveColorPreference
  428: File  (R-D)   C:\Windows\apppatch\DirectXApps.sdb
  434: Section       \Sessions\1\AppContainerNamedObjects\S-1-15-2-1726375552-1729233799-74693324-3851689839-2151781990-3623637752-3611872497\windows_shell_global_counters
  538: File  (RWD)   C:\Windows\Fonts\segoeui.ttf
------------------------------------------------------------------------------
LockApp.exe pid: 1524 LAPTOP-MHITGFCH\lenovo
   40: File  (RW-)   C:\Windows\SystemApps\Microsoft.LockApp_cw5n1h2txyewy
  124: Section       \BaseNamedObjects\__ComCatalogCache__
  248: Section       \Sessions\1\AppContainerNamedObjects\S-1-15-2-2758101530-1321080646-1475665648-4066602542-2880396197-3643791541-2654759312\ApplicationService:5f41d6281a977d3065
  358: Section       \Sessions\1\AppContainerNamedObjects\S-1-15-2-2758101530-1321080646-1475665648-4066602542-2880396197-3643791541-2654759312\SessionImmersiveColorPreference
  3F0: Section       \Sessions\1\AppContainerNamedObjects\S-1-15-2-2758101530-1321080646-1475665648-4066602542-2880396197-3643791541-2654759312\windows_shell_global_counters
  3FC: File  (R-D)   C:\Windows\apppatch\DirectXApps.sdb
  4D0: Section       \Sessions\1\AppContainerNamedObjects\S-1-15-2-2758101530-1321080646-1475665648-4066602542-2880396197-3643791541-2654759312\5f4HWNDInterface:30632
  4D8: File  (RWD)   C:\Windows\Fonts\segoeui.ttf
  524: Section       \Sessions\1\AppContainerNamedObjects\S-1-15-2-2758101530-1321080646-1475665648-4066602542-2880396197-3643791541-2654759312\5f4HWNDInterface:30632
  570: Section       \Sessions\1\AppContainerNamedObjects\S-1-15-2-2758101530-1321080646-1475665648-4066602542-2880396197-3643791541-2654759312\5f4HWNDInterface:30632
  600: Section       \Sessions\1\AppContainerNamedObjects\S-1-15-2-2758101530-1321080646-1475665648-4066602542-2880396197-3643791541-2654759312\5f4HWNDInterface:30632
  604: Section       \Sessions\1\AppContainerNamedObjects\S-1-15-2-2758101530-1321080646-1475665648-4066602542-2880396197-3643791541-2654759312\5f4HWNDInterface:30632
  618: Section       \Sessions\1\AppContainerNamedObjects\S-1-15-2-2758101530-1321080646-1475665648-4066602542-2880396197-3643791541-2654759312\5f4HWNDInterface:30632
  758: Section       \Sessions\1\AppContainerNamedObjects\S-1-15-2-2758101530-1321080646-1475665648-4066602542-2880396197-3643791541-2654759312\5f4HWNDInterface:30632
  75C: Section       \Sessions\1\AppContainerNamedObjects\S-1-15-2-2758101530-1321080646-1475665648-4066602542-2880396197-3643791541-2654759312\5f4HWNDInterface:30632
  768: File  (RWD)   C:\Windows\Fonts\segoeuil.ttf
  770: File  (RWD)   C:\Windows\Fonts\msyh.ttc
  774: File  (RWD)   C:\Windows\Fonts\segoeuisl.ttf
  77C: Section       \Sessions\1\AppContainerNamedObjects\S-1-15-2-2758101530-1321080646-1475665648-4066602542-2880396197-3643791541-2654759312\5f4HWNDInterface:30632
  7C4: File  (R-D)   C:\Program Files\WindowsApps\Microsoft.LanguageExperiencePackzh-CN_18362.24.72.0_neutral__8wekyb3d8bbwe\Windows\System32\zh-CN\KernelBase.dll.mui
  91C: Section       \Sessions\1\AppContainerNamedObjects\S-1-15-2-2758101530-1321080646-1475665648-4066602542-2880396197-3643791541-2654759312\5f4HWNDInterface:30632
------------------------------------------------------------------------------
RuntimeBroker.exe pid: 724 LAPTOP-MHITGFCH\lenovo
   4C: File  (RW-)   C:\Windows\System32
  178: Section       \BaseNamedObjects\__ComCatalogCache__
  2A8: File  (R--)   C:\Windows\Registration\R00000000000d.clb
  2AC: Section       \BaseNamedObjects\__ComCatalogCache__
  2E4: Section       \Sessions\1\BaseNamedObjects\windows_shell_global_counters
  35C: Section       \Windows\Theme2514694826
  364: Section       \Sessions\1\Windows\Theme3897123807
  4F8: File  (R-D)   C:\Program Files\WindowsApps\Microsoft.LanguageExperiencePackzh-CN_18362.24.72.0_neutral__8wekyb3d8bbwe\Windows\System32\zh-CN\combase.dll.mui
  514: File  (R-D)   C:\Program Files\WindowsApps\Microsoft.LanguageExperiencePackzh-CN_18362.24.72.0_neutral__8wekyb3d8bbwe\Windows\System32\zh-CN\KernelBase.dll.mui
  574: File  (R-D)   C:\Windows\SystemResources\batmeter.dll.mun
  578: File  (RW-)   C:\Windows\WinSxS\amd64_microsoft.windows.common-controls_6595b64144ccf1df_6.0.18362.778_none_e6c6b761130d4fb8
  590: File  (R-D)   C:\Program Files\WindowsApps\Microsoft.LanguageExperiencePackzh-CN_18362.24.72.0_neutral__8wekyb3d8bbwe\Windows\System32\zh-CN\AuthExt.dll.mui
  594: File  (R-D)   C:\Program Files\WindowsApps\Microsoft.LanguageExperiencePackzh-CN_18362.24.72.0_neutral__8wekyb3d8bbwe\Windows\System32\zh-CN\batmeter.dll.mui
  5D0: File  (R-D)   C:\Windows\SystemResources\imageres.dll.mun
  5D4: File  (RW-)   C:\Windows\WinSxS\amd64_microsoft.windows.common-controls_6595b64144ccf1df_6.0.18362.778_none_e6c6b761130d4fb8
------------------------------------------------------------------------------
RuntimeBroker.exe pid: 13956 LAPTOP-MHITGFCH\lenovo
   48: File  (RW-)   C:\Windows\System32
  17C: Section       \BaseNamedObjects\__ComCatalogCache__
  220: Section       \Sessions\1\BaseNamedObjects\C:*ProgramData*Microsoft*Windows*Caches*cversions.2.ro
  254: Section       \BaseNamedObjects\__ComCatalogCache__
  258: File  (R--)   C:\Windows\Registration\R00000000000d.clb
  288: Section       \Sessions\1\BaseNamedObjects\C:*ProgramData*Microsoft*Windows*Caches*{DDF571F2-BE98-426D-8288-1A9A39C3FDA2}.2.ver0x0000000000000001.db
  2B0: Section       \Sessions\1\BaseNamedObjects\C:*ProgramData*Microsoft*Windows*Caches*cversions.2.ro
  304: Section       \BaseNamedObjects\windows_shell_global_counters
  37C: Section       \Sessions\1\BaseNamedObjects\windows_shell_global_counters
  3FC: Section       \Sessions\1\BaseNamedObjects\C:*ProgramData*Microsoft*Windows*Caches*{6AF0698E-D558-4F6E-9B3C-3716689AF493}.2.ver0x0000000000000001.db
  42C: Section       \Sessions\1\BaseNamedObjects\C:*ProgramData*Microsoft*Windows*Caches*cversions.2.ro
------------------------------------------------------------------------------
QQ.exe pid: 10180 LAPTOP-MHITGFCH\lenovo
   40: File  (RW-)   C:\Windows
  2CC: Section       \Sessions\1\BaseNamedObjects\windows_shell_global_counters
  300: Section       \Sessions\1\BaseNamedObjects\DeftBws_10180_11680421
  310: File  (RW-)   C:\Windows\WinSxS\x86_microsoft.windows.common-controls_6595b64144ccf1df_6.0.18362.778_none_2e73ee38278978be
  31C: File  (R-D)   C:\Program Files\WindowsApps\Microsoft.LanguageExperiencePackzh-CN_18362.24.72.0_neutral__8wekyb3d8bbwe\Windows\System32\zh-CN\user32.dll.mui
  320: Section       \Sessions\1\BaseNamedObjects\OpenKillMsgMapping
  334: File  (RW-)   C:\Windows\WinSxS\x86_microsoft.windows.gdiplus_6595b64144ccf1df_1.1.18362.778_none_5f5ee11d821bf28c
  364: File  (R-D)   C:\Program Files\WindowsApps\Microsoft.LanguageExperiencePackzh-CN_18362.24.72.0_neutral__8wekyb3d8bbwe\Windows\System32\zh-CN\msvfw32.dll.mui
  368: File  (R-D)   C:\Program Files\WindowsApps\Microsoft.LanguageExperiencePackzh-CN_18362.24.72.0_neutral__8wekyb3d8bbwe\Windows\System32\zh-CN\avicap32.dll.mui
  418: File  (RW-)   C:\Windows\WinSxS\x86_microsoft.windows.common-controls_6595b64144ccf1df_6.0.18362.778_none_2e73ee38278978be
  450: File  (R-D)   C:\Program Files\WindowsApps\Microsoft.LanguageExperiencePackzh-CN_18362.24.72.0_neutral__8wekyb3d8bbwe\Windows\System32\zh-CN\mswsock.dll.mui
  458: File  (RW-)   F:\360MoveData\Users\lenovo\Documents\Tencent Files\345312414\RE.db
  45C: File  (R-D)   C:\Program Files\WindowsApps\Microsoft.LanguageExperiencePackzh-CN_18362.24.72.0_neutral__8wekyb3d8bbwe\Windows\System32\zh-CN\kernel32.dll.mui
  490: Section       \Sessions\1\BaseNamedObjects\TX_SSO_SHARE_INFO_SIZE
  494: File  (RW-)   F:\360MoveData\Users\lenovo\Documents\Tencent Files\All Users\QQ\Registry.db
  504: Section       \Windows\Theme2514694826
  508: Section       \Sessions\1\Windows\Theme3897123807
  558: Section       \Sessions\1\BaseNamedObjects\QQ_IPC_{7A634248-B3CE-4E5F-BAAB-52D1EFA98448}_0
  578: Section       \BaseNamedObjects\__ComCatalogCache__
  590: Section       \Sessions\1\BaseNamedObjects\TX_SSO_SHARE_INFO_0
  5E4: Section       \BaseNamedObjects\windows_shell_global_counters
  5F4: Section       \BaseNamedObjects\__ComCatalogCache__
  5F8: File  (R--)   C:\Windows\Registration\R00000000000d.clb
  664: File  (R-D)   C:\Windows\Fonts\StaticCache.dat
  6FC: Section       \Sessions\1\BaseNamedObjects\27c4HWNDInterface:1a06e2
  700: Section       \Sessions\1\BaseNamedObjects\27c4HWNDInterface:1a06e2
  718: File  (R-D)   C:\Windows\apppatch\DirectXApps.sdb
  78C: Section       \Sessions\1\BaseNamedObjects\SessionImmersiveColorPreference
  7E0: Section       \Sessions\1\BaseNamedObjects\27c4HWNDInterface:480878
  9B4: File  (R-D)   C:\Program Files\WindowsApps\Microsoft.LanguageExperiencePackzh-CN_18362.24.72.0_neutral__8wekyb3d8bbwe\Windows\System32\zh-CN\KernelBase.dll.mui
  9D8: Section       \Sessions\1\BaseNamedObjects\27c4HWNDInterface:2d0704
  9FC: Section       \Sessions\1\BaseNamedObjects\SogouImeActiveMap904fa97
  A6C: Section       \Sessions\1\BaseNamedObjects\SGPY_sgim_hz_bin9.6.0.3612_Filemap_v1_u904fa97
  AD4: File  (RW-)   F:\360MoveData\Users\lenovo\Documents\Tencent Files\345312414\QQ\Registry.db
  AD8: File  (R--)   F:\360MoveData\Users\lenovo\Documents\Tencent Files\345312414\FileInfo.db
  AF0: File  (RW-)   F:\360MoveData\Users\lenovo\Documents\Tencent Files\345312414\QQ\Registry.db
  B24: File  (R--)   F:\360MoveData\Users\lenovo\Documents\Tencent Files\345312414\Info.db
  B80: File  (R--)   F:\360MoveData\Users\lenovo\Documents\Tencent Files\345312414\CustomFace.db
  B88: File  (R--)   F:\360MoveData\Users\lenovo\Documents\Tencent Files\345312414\FaceStore.db
  B90: File  (R--)   C:\Users\lenovo\AppData\Roaming\Tencent\Users\345312414\QQ\Misc.db
  B94: File  (R--)   F:\360MoveData\Users\lenovo\Documents\Tencent Files\345312414\CustomFace.dbc
  BA4: File  (RWD)   F:\360MoveData\Users\lenovo\Documents\Tencent Files\345312414
  BC8: File  (RW-)   F:\360MoveData\Users\lenovo\Documents\Tencent Files\345312414\Msg3.0.db
  BDC: File  (RW-)   F:\360MoveData\Users\lenovo\Documents\Tencent Files\345312414\QQ\Registry2.0.db
  C88: File  (RW-)   F:\360MoveData\Users\lenovo\Documents\Tencent Files\345312414\Registry.db
  C94: File  (RW-)   F:\360MoveData\Users\lenovo\Documents\Tencent Files\345312414\Registry.db
  CD8: File  (R--)   F:\360MoveData\Users\lenovo\Documents\Tencent Files\345312414\Misc.db
  CE0: File  (RW-)   F:\360MoveData\Users\lenovo\Documents\Tencent Files\345312414\RE.db-journal
  CE4: File  (RW-)   C:\Windows\WinSxS\x86_microsoft.windows.common-controls_6595b64144ccf1df_6.0.18362.778_none_2e73ee38278978be
  CF0: Section       \Sessions\1\BaseNamedObjects\_SIZEOF_TXACTSAFETYLIST
  CF8: Section       \Sessions\1\BaseNamedObjects\27c4HWNDInterface:1a06ac
  D04: File  (RW-)   C:\Windows\WinSxS\x86_microsoft.windows.common-controls_6595b64144ccf1df_6.0.18362.778_none_2e73ee38278978be
  D14: File  (RWD)   C:\Windows\Fonts\msjh.ttc
  D18: File  (R-D)   C:\Program Files\WindowsApps\Microsoft.LanguageExperiencePackzh-CN_18362.24.72.0_neutral__8wekyb3d8bbwe\Windows\System32\zh-CN\crypt32.dll.mui
  D64: Section       \Sessions\1\BaseNamedObjects\windows_webcache_counters_{9B6AB5B3-91BC-4097-835C-EA2DEC95E9CC}_S-1-5-21-1347350027-276978489-4274093279-1001
  E54: Section       \BaseNamedObjects\F932B6C7-3A20-46A0-B8A0-8894AA421973
  E6C: Section       \Sessions\1\BaseNamedObjects\SGPY_AbbrSysDict9.6.0.3612_Filemap_v1_u904fa97
  E80: Section       \Sessions\1\BaseNamedObjects\UrlZonesSM_lenovo
  EAC: Section       \Sessions\1\BaseNamedObjects\27c4HWNDInterface:1a06ac
  ECC: Section       \Sessions\1\BaseNamedObjects\27c4HWNDInterface:602f8
  ED4: Section       \Sessions\1\BaseNamedObjects\27c4HWNDInterface:602f8
  EDC: File  (R-D)   F:\QQ\Resource.9.2.3.26683\Res.rdb
  F24: File  (RW-)   F:\360MoveData\Users\lenovo\Documents\Tencent Files\345312414\DocImport.db
  F28: File  (RWD)   C:\Windows\Fonts\tahoma.ttf
  F34: Section       \Sessions\1\BaseNamedObjects\Filemap_VersionReg904fa97
  F38: Section       \Sessions\1\BaseNamedObjects\M533209721679d14084ecb748c667a686dec0807658
  F68: Section       \Sessions\1\BaseNamedObjects\Filemap_VersionReg904fa97
  F74: Section       \Sessions\1\BaseNamedObjects\sgime_psglog.filemap3612904fa97
  F7C: Section       \Sessions\1\BaseNamedObjects\sgime_env_fm1.v2.filemap.sogouime904fa97
  F84: Section       \Sessions\1\BaseNamedObjects\SogouIme_DictWriteManager_3__FileMap_u904fa97
  F8C: Section       \Sessions\1\BaseNamedObjects\SogouIme_VersionManagerSharedTable__FileMap_u904fa97
  F94: Section       \Sessions\1\BaseNamedObjects\SGPY_GlobalConfig_Filemap_v0_u904fa97
  FA8: Section       \Sessions\1\BaseNamedObjects\SGPY_sgim_quick_bin9.6.0.3612_Filemap_v1_u904fa97
  FB0: Section       \Sessions\1\BaseNamedObjects\SGPY_SupportCharDict9.6.0.3612_Filemap_v1_u904fa97
  FB8: Section       \Sessions\1\BaseNamedObjects\SGPY_PunctureDict9.6.0.3612_Filemap_v1_u904fa97
  FC0: Section       \Sessions\1\BaseNamedObjects\SGPY_RpaDict9.6.0.3612_Filemap_v1_u904fa97
  FC8: Section       \Sessions\1\BaseNamedObjects\SGPY_FixFirstDict_Filemap_v3_u904fa97
  FD0: Section       \Sessions\1\BaseNamedObjects\SGPY_AbbrUsrDict_Filemap_v1_u904fa97
  FDC: Section       \Sessions\1\BaseNamedObjects\fimemap_for_sogou_cloud3612904fa97
 1014: Section       \Sessions\1\BaseNamedObjects\SGPY__ProcessRrecord_Filemap_v1
 1024: File  (R-D)   C:\Program Files\WindowsApps\Microsoft.LanguageExperiencePackzh-CN_18362.24.72.0_neutral__8wekyb3d8bbwe\Windows\System32\zh-CN\msctf.dll.mui
 1030: Section       \Sessions\1\BaseNamedObjects\27c4HWNDInterface:130612
 1034: Section       \Sessions\1\BaseNamedObjects\27c4HWNDInterface:130612
 1078: Section       \Sessions\1\BaseNamedObjects\27c4HWNDInterface:60658
 10B0: Section       \Sessions\1\BaseNamedObjects\Filemap_VersionComReg904fa97
 10C0: Section       \Sessions\1\BaseNamedObjects\FileMap_For_Sogou_Picface_Peri_12
 10C4: Section       \Sessions\1\BaseNamedObjects\picFaceMergedCellVersion.versionsData.sogouCom904fa97
 10D8: Section       \Sessions\1\BaseNamedObjects\mem_picface_sugg.v1.filemap.sogouime_u1904fa97
 10E0: Section       \Sessions\1\BaseNamedObjects\mem_picface_cloud.v1.filemap.sogouime904fa97
 10E8: Section       \Sessions\1\BaseNamedObjects\mem_picface_cloudkey.v1.filemap.sogouime904fa97
 10FC: Section       \Sessions\1\BaseNamedObjects\picFaceIndexVersion.versionsData.sogouCom904fa97
 1104: Section       \Sessions\1\BaseNamedObjects\mem_usrzoneext.v5.u1.filemap.sogouime904fa97
 1114: Section       \Sessions\1\BaseNamedObjects\27c4HWNDInterface:1406fa
 112C: Section       \Sessions\1\BaseNamedObjects\27c4HWNDInterface:60658
 1130: Section       \Sessions\1\BaseNamedObjects\27c4HWNDInterface:1406fa
 1140: Section       \Sessions\1\BaseNamedObjects\TXACTSAFETYLIST
 1150: File  (RW-)   F:\360MoveData\Users\lenovo\Documents\Tencent Files\All Users\Registry.db
 1154: File  (RW-)   F:\QQ\Bin\snapshot_blob.bin
 1170: Section       \Sessions\1\BaseNamedObjects\mem_usrzone.v5.u1.filemap.sogouime904fa97
 117C: Section       \Sessions\1\BaseNamedObjects\27c4HWNDInterface:1e046c
 11B8: Section       \Sessions\1\BaseNamedObjects\sogouime_psg.v1.filemap.sogouime3612904fa97
 11D4: Section       \Sessions\1\BaseNamedObjects\SGPY_DelWordDict_Filemap_v1_u904fa97
 11F0: Section       \Sessions\1\BaseNamedObjects\SGPY_sgim_py_bin9.6.0.3612_Filemap_v1_u904fa97
 1208: Section       \Sessions\1\BaseNamedObjects\SGPY__CandRrecord_Filemap_v1
 1210: Section       \Sessions\1\BaseNamedObjects\27c4HWNDInterface:2046e
 122C: Section       \Sessions\1\BaseNamedObjects\SGPY_sgim_eng_bin9.6.0.3612_Filemap_v1_u904fa97
 123C: Section       \Sessions\1\BaseNamedObjects\27c4HWNDInterface:20418
 126C: File  (RWD)   C:\Users\lenovo\AppData\Roaming\Tencent\QQ\webkit_cache\345312414\data_2
 1290: Section       \Sessions\1\BaseNamedObjects\27c4HWNDInterface:80872
 12A4: Section       \Sessions\1\BaseNamedObjects\27c4HWNDInterface:40448
 12A8: File  (R-D)   F:\QQ\Misc\CSC\2052\CSC.rdb
 12B0: Section       \Sessions\1\BaseNamedObjects\27c4HWNDInterface:50472
 12BC: Section       \Sessions\1\BaseNamedObjects\inputStatistics.v1.filemap.sogouime904fa97
 1314: File  (R-D)   F:\QQ\Resource.9.2.3.26683\Themes\Default.rdb
 1318: Section       \Sessions\1\BaseNamedObjects\SGPY_CloudCachecDictGrayWord9.6.0.3612_Filemap_v1_u904fa97
 134C: Section       \Sessions\1\BaseNamedObjects\C:*ProgramData*Microsoft*Windows*Caches*cversions.2.ro
 1384: Section       \Sessions\1\BaseNamedObjects\SGPY_sgim_adjcache_bin9.6.0.3612_Filemap_v1_u904fa97
 13A8: Section       \Sessions\1\BaseNamedObjects\SGPY_PyTipDict9.6.0.3612_Filemap_v1_u904fa97
 13B0: Section       \Sessions\1\BaseNamedObjects\SGPY_sgim_simtra_bin9.6.0.3612_Filemap_v1_u904fa97
 13B8: Section       \Sessions\1\BaseNamedObjects\SGPY_sgim_eng_pre_bin9.6.0.3612_Filemap_v1_u904fa97
 13C0: Section       \Sessions\1\BaseNamedObjects\SGPY_sgim_url_bin9.6.0.3612_Filemap_v1_u904fa97
 13C8: Section       \Sessions\1\BaseNamedObjects\SGPY_UrlGuideDict9.6.0.3612_Filemap_v1_u904fa97
 13D0: Section       \Sessions\1\BaseNamedObjects\SGPY_NumFreqAdjustDict_Filemapv1_v1_u904fa97
 13D8: Section       \Sessions\1\BaseNamedObjects\SGPY_infokeyict9.6.0.3612_Filemap_v1_u904fa97
 13E0: Section       \Sessions\1\BaseNamedObjects\SGPY_infoblackict9.6.0.3612_Filemap_v1_u904fa97
 13E8: Section       \Sessions\1\BaseNamedObjects\SGPY_smartinfo9.6.0.3612_Filemap_v1_u904fa97
 13F0: Section       \Sessions\1\BaseNamedObjects\SGPY_CloudCachecDict9.6.0.3612_Filemap_v1_u904fa97
 13F8: Section       \Sessions\1\BaseNamedObjects\SGPY_CloudCachecDictLongWord9.6.0.3612_Filemap_v1_u904fa97
 1404: Section       \Sessions\1\BaseNamedObjects\SGPY_ExtDict_Filemap_v1_u904fa97
 140C: Section       \Sessions\1\BaseNamedObjects\SGPY_UsrExtDict_Filemap_v3_u904fa97
 1414: Section       \Sessions\1\BaseNamedObjects\SGPY_UserSpellModelDict_Filemap_v1_u904fa97
 141C: Section       \Sessions\1\BaseNamedObjects\SGPY_PrivilegeDict9.6.0.3612_Filemap_v1_u904fa97
 1424: Section       \Sessions\1\BaseNamedObjects\SGPY_EngUsrDict_Filemap_v1_u904fa97
 142C: Section       \Sessions\1\BaseNamedObjects\SGPY_UrlUsrDict_Filemap_v3_u904fa97
 1434: Section       \Sessions\1\BaseNamedObjects\SGPY_ClipBoardDict_Filemap_v1_u904fa97
 1438: Section       \Sessions\1\BaseNamedObjects\27c4HWNDInterface:140732
 143C: Section       \Sessions\1\BaseNamedObjects\27c4HWNDInterface:140732
 1450: Section       \Sessions\1\BaseNamedObjects\27c4HWNDInterface:1002e8
 1454: Section       \Sessions\1\BaseNamedObjects\27c4HWNDInterface:1002e8
 1458: Section       \Sessions\1\BaseNamedObjects\QQ_10180_RECV_DATA_QUEUE_SPQ_SHAREMEMORY
 1480: File  (RW-)   F:\360MoveData\Users\lenovo\Documents\Tencent Files\345312414\FileShare1.0.db
 1488: Section       \Sessions\1\BaseNamedObjects\C:*ProgramData*Microsoft*Windows*Caches*cversions.2.ro
 14E0: Section       \Sessions\1\BaseNamedObjects\QQ_Exit_Info_FileMapping_345312414
 14FC: Section       \Sessions\1\BaseNamedObjects\27c4HWNDInterface:c05ea
 1500: Section       \Sessions\1\BaseNamedObjects\27c4HWNDInterface:c05ea
 1504: File  (R--)   F:\360MoveData\Users\lenovo\Documents\Tencent Files\345312414\ExpressionRecommend.db
 1538: Section       \Sessions\1\BaseNamedObjects\27c4HWNDInterface:130056
 153C: Section       \Sessions\1\BaseNamedObjects\27c4HWNDInterface:130056
 1570: File  (RW-)   F:\360MoveData\Users\lenovo\Documents\Tencent Files\345312414\PubAcc2.0.db
 1578: File  (R-D)   F:\QQ\Resource.9.2.3.26683\Data.rdb
 15BC: File  (R-D)   F:\QQ\Resource.9.2.3.26683\Xtml.rdb
 15CC: File  (R-D)   C:\Program Files\WindowsApps\Microsoft.LanguageExperiencePackzh-CN_18362.24.72.0_neutral__8wekyb3d8bbwe\Windows\System32\zh-CN\wdmaud.drv.mui
 15E0: File  (R--)   C:\Users\lenovo\AppData\Roaming\Tencent\Users\345312414\QQ\Temp.db
 15E8: File  (RW-)   F:\360MoveData\Users\lenovo\Documents\Tencent Files\345312414\Msg3.0index.db
 15EC: File  (RW-)   F:\360MoveData\Users\lenovo\Documents\Tencent Files\345312414\Msg3.0index.db-journal
 15F4: File  (RW-)   F:\360MoveData\Users\lenovo\Documents\Tencent Files\345312414\GroupActiveStatus.db
 160C: File  (RW-)   G:\SEU\19-20-3\?????????
 164C: File  (R-D)   C:\Program Files\WindowsApps\Microsoft.LanguageExperiencePackzh-CN_18362.24.72.0_neutral__8wekyb3d8bbwe\Windows\System32\zh-CN\propsys.dll.mui
 1668: Section       \Sessions\1\BaseNamedObjects\SGPY__CandRrecord_Filemap_v1
 16D0: Section       \Sessions\1\BaseNamedObjects\27c4HWNDInterface:50664
 16F0: File  (R--)   F:\360MoveData\Users\lenovo\Documents\Tencent Files\345312414\MiscHead.db
 16F8: File  (R-D)   F:\QQ\Resource.9.2.3.26683\Res.rdb
 1708: File  (RWD)   C:\Windows\Fonts\YuGothM.ttc
 170C: File  (RW-)   F:\360MoveData\Users\lenovo\Documents\Tencent Files\345312414\Msg3.0.db-journal
 1710: Section       \Sessions\1\BaseNamedObjects\C:*ProgramData*Microsoft*Windows*Caches*cversions.2.ro
 1714: File  (R-D)   F:\QQ\Resource.9.2.3.26683\Themes\Default.rdb
 1720: Section       \Sessions\1\BaseNamedObjects\C:*ProgramData*Microsoft*Windows*Caches*cversions.2.ro
 1738: Section       \Sessions\1\BaseNamedObjects\27c4HWNDInterface:6064e
 1740: Section       \Sessions\1\BaseNamedObjects\27c4HWNDInterface:50664
 1750: File  (R-D)   C:\Users\lenovo\AppData\Roaming\Tencent\QQ\Misc\Emoji\0AE88DA992DC7659123EDEF035204D20.rdb
 175C: File  (RWD)   C:\Windows\Fonts\seguiemj.ttf
 1760: File  (RWD)   C:\Windows\Fonts\msyh.ttc
 1764: Section       \Sessions\1\BaseNamedObjects\27c4HWNDInterface:6064e
 178C: File  (R-D)   F:\QQ\Resource.9.2.3.26683\Data.rdb
 17A8: Section       \Sessions\1\BaseNamedObjects\C:*ProgramData*Microsoft*Windows*Caches*{6AF0698E-D558-4F6E-9B3C-3716689AF493}.2.ver0x0000000000000001.db
 17CC: File  (RW-)   C:\Windows\WinSxS\x86_microsoft.windows.common-controls_6595b64144ccf1df_6.0.18362.778_none_2e73ee38278978be
 17E4: Section       \Sessions\1\BaseNamedObjects\local.sogou.oidmm
 17EC: Section       \Sessions\1\BaseNamedObjects\C:*ProgramData*Microsoft*Windows*Caches*{DDF571F2-BE98-426D-8288-1A9A39C3FDA2}.2.ver0x0000000000000001.db
 1804: Section       \Sessions\1\BaseNamedObjects\SGPY__CandRrecord_Filemap_v1
 1810: Section       \Sessions\1\BaseNamedObjects\27c4HWNDInterface:50472
 1890: File  (RW-)   F:\360MoveData\Users\lenovo\Documents\Tencent Files\345312414\QQ\Registry2.0.db-journal
 1898: Section       \Sessions\1\BaseNamedObjects\com.tencent.sg.oidmm
 189C: Section       \Sessions\1\BaseNamedObjects\com.tencent.sg.openiduin
 18A8: File  (R-D)   F:\QQ\Plugin\Com.Tencent.FileTransfer\Bundle.rdb
 18AC: File  (RWD)   C:\Users\lenovo\AppData\Local\Microsoft\Windows\Explorer\iconcache_32.db
 18D0: File  (RW-)   C:\Windows\WinSxS\x86_microsoft.windows.common-controls_6595b64144ccf1df_6.0.18362.778_none_2e73ee38278978be
 18E0: File  (R-D)   C:\Program Files\WindowsApps\Microsoft.LanguageExperiencePackzh-CN_18362.24.72.0_neutral__8wekyb3d8bbwe\Windows\System32\zh-CN\winnlsres.dll.mui
 18F4: Section       \Sessions\1\BaseNamedObjects\27c4HWNDInterface:2046e
 18F8: File  (R-D)   C:\Program Files\WindowsApps\Microsoft.LanguageExperiencePackzh-CN_18362.24.72.0_neutral__8wekyb3d8bbwe\Windows\System32\zh-CN\combase.dll.mui
 1908: File  (RWD)   C:\Users\lenovo\AppData\Local\Microsoft\Windows\Explorer\iconcache_idx.db
 1950: File  (RWD)   C:\Users\lenovo\AppData\Local\Microsoft\Windows\Explorer\iconcache_32.db
 1964: File  (R--)   F:\360MoveData\Users\lenovo\Documents\Tencent Files\345312414\RecommendFace\RecommendFaceCfg.dbc
 1968: File  (R--)   F:\360MoveData\Users\lenovo\Documents\Tencent Files\345312414\Thumbnails.db
 19CC: File  (R-D)   F:\QQ\Plugin\Com.Tencent.QQMusic\Bundle.rdb
 1A0C: File  (RW-)   C:\Users\lenovo\Desktop
 1A24: Section       \Sessions\1\BaseNamedObjects\27c4HWNDInterface:3e056e
 1A28: Section       \Sessions\1\BaseNamedObjects\27c4HWNDInterface:3e056e
 1A30: File  (R-D)   F:\QQ\Plugin\Com.Tencent.AudioVideo\Bundle.rdb
 1A4C: Section       \Sessions\1\BaseNamedObjects\27c4HWNDInterface:20418
 1A64: File  (R-D)   C:\Program Files\WindowsApps\Microsoft.LanguageExperiencePackzh-CN_18362.24.72.0_neutral__8wekyb3d8bbwe\Windows\System32\zh-CN\MMDevAPI.dll.mui
 1AC4: Section       \Sessions\1\BaseNamedObjects\C:*ProgramData*Microsoft*Windows*Caches*{74695C59-2CC6-4AD7-B095-F7DAB0A2265D}.2.ver0x0000000000000001.db
 1AD0: Section       \Sessions\1\BaseNamedObjects\C:*ProgramData*Microsoft*Windows*Caches*{E4CBEACD-DE3C-4E31-BD99-83EF3D6850B2}.2.ver0x0000000000000001.db
 1AD4: Section       \Sessions\1\BaseNamedObjects\C:*ProgramData*Microsoft*Windows*Caches*cversions.2.ro
 1AF4: Section       \Sessions\1\BaseNamedObjects\27c4HWNDInterface:2d0704
 1B14: Section       \Sessions\1\BaseNamedObjects\27c4HWNDInterface:40448
 1B90: Section       \Sessions\1\BaseNamedObjects\SGPY_sgim_core_bin9.6.0.3612_Filemap_v1_u904fa97
 1B94: Section       \Sessions\1\BaseNamedObjects\SGPY_KeyPyMap_Filemap_v1_u904fa97
 1B98: Section       \Sessions\1\BaseNamedObjects\SGPY_sgim_annex_bin9.6.0.3612_Filemap_v1_u904fa97
 1BB8: File  (RWD)   C:\Users\lenovo\AppData\Roaming\Tencent\QQ\webkit_cache\345312414\index
 1BC4: Section       \Sessions\1\BaseNamedObjects\27c4HWNDInterface:1e046c
 1BF4: File  (RW-)   F:\QQ\Bin\icudtl.dat
 1BF8: Section       \Sessions\1\BaseNamedObjects\com.tencent.sg.oidmm
 1CDC: File  (RWD)   C:\Users\lenovo\AppData\Roaming\Tencent\QQ\webkit_cache\345312414\data_3
 1CE0: Section       \Sessions\1\BaseNamedObjects\picFaceMergedCellVersion.15.27.1.sogouComData904fa97
 1CE8: File  (RW-)   F:\QQ\Bin\natives_blob.bin
 1CF8: File  (RW-)   F:\360MoveData\Users\lenovo\Documents\Tencent Files\345312414\GroupActiveStatus.db-journal
 1D04: File  (RWD)   C:\Users\lenovo\AppData\Roaming\Tencent\QQ\webkit_cache\345312414\data_3
 1D08: File  (RWD)   C:\Users\lenovo\AppData\Roaming\Tencent\QQ\webkit_cache\345312414\data_2
 1D1C: Section       \Sessions\1\BaseNamedObjects\SGPY__CandRrecord_Filemap_v1
 1D20: File  (RWD)   C:\Users\lenovo\AppData\Roaming\Tencent\QQ\webkit_cache\345312414\data_1
 1D24: File  (R-D)   F:\QQ\Plugin\Com.Tencent.NetDisk\Bundle.rdb
 1D2C: Section       \Sessions\1\BaseNamedObjects\27c4HWNDInterface:580782
 1D30: File  (RWD)   C:\Users\lenovo\AppData\Roaming\Tencent\QQ\webkit_cache\345312414\data_0
 1D38: File  (RWD)   C:\Users\lenovo\AppData\Roaming\Tencent\QQ\webkit_cache\345312414\data_0
 1D40: File  (RW-)   F:\360MoveData\Users\lenovo\Documents\Tencent Files\345312414\MyCollection\mc3.db
 1D48: Section       \Sessions\1\BaseNamedObjects\27c4HWNDInterface:80872
 1D50: Section       \Sessions\1\BaseNamedObjects\27c4HWNDInterface:580782
 1D58: Section       \Sessions\1\BaseNamedObjects\27c4HWNDInterface:40868
 1D6C: File  (RW-)   F:\360MoveData\Users\lenovo\Documents\Tencent Files\345312414\MyCollection\mc3.db
 1D70: Section       \Sessions\1\BaseNamedObjects\SGPY__CandRrecord_Filemap_v1
 1D80: File  (RW-)   C:\Users\lenovo\AppData\Roaming\Tencent\QQ\webkit_cache\345312414\Local Storage\https_pan.qun.qq.com_0.localstorage
 1D84: Section       \Sessions\1\BaseNamedObjects\27c4HWNDInterface:480878
 1D90: File  (RWD)   C:\Users\lenovo\AppData\Roaming\Tencent\QQ\webkit_cache\345312414\data_1
 1D98: File  (RW-)   F:\360MoveData\Users\lenovo\Documents\Tencent Files\345312414\MyCollection\mc3fts.db
 1D9C: File  (RW-)   F:\360MoveData\Users\lenovo\Documents\Tencent Files\345312414\GroupCollection\gc3.db
 1DA0: File  (RW-)   F:\360MoveData\Users\lenovo\Documents\Tencent Files\345312414\DocImport.db-journal
 1DA8: Section       \Sessions\1\BaseNamedObjects\27c4HWNDInterface:40868
 1DDC: File  (RW-)   F:\QQ\Bin\qb_100_percent.pak
 1DE0: File  (RW-)   F:\QQ\Bin\qb.pak
 1DE8: File  (RW-)   F:\QQ\Bin\locales\zh-CN.pak
 1E00: File  (RW-)   C:\Windows\WinSxS\x86_microsoft.windows.common-controls_6595b64144ccf1df_6.0.18362.778_none_2e73ee38278978be
 1E10: File  (RWD)   C:\Users\lenovo\AppData\Roaming\Tencent\QQ\webkit_cache\345312414\index
 1E8C: File  (RWD)   C:\Windows\System32\drivers\etc
 1F60: File  (RW-)   C:\Users\lenovo\AppData\Roaming\Tencent\QQ\webkit_cache\345312414\Cookies
 2010: Section       \Sessions\1\BaseNamedObjects\SGPY__CandRrecord_Filemap_v1
 20D0: File  (R-D)   C:\Windows\WinSxS\x86_microsoft.windows.c..-controls.resources_6595b64144ccf1df_6.0.18362.778_zh-cn_a405a18b3b5184bd\comctl32.dll.mui
 20D8: Section       \Sessions\1\BaseNamedObjects\picFaceIndexVersion.15.27.1.sogouComData904fa97
 20F8: File  (R-D)   C:\Program Files\WindowsApps\Microsoft.LanguageExperiencePackzh-CN_18362.24.72.0_neutral__8wekyb3d8bbwe\Windows\System32\zh-CN\comdlg32.dll.mui
 2104: File  (RW-)   C:\Windows\WinSxS\x86_microsoft.windows.c..-controls.resources_6595b64144ccf1df_6.0.18362.778_zh-cn_a405a18b3b5184bd
 2128: File  (RW-)   C:\Users\lenovo\AppData\Roaming\Tencent\QQ\webkit_cache\345312414\Local Storage\https_pan.qun.qq.com_0.localstorage-journal
 212C: File  (RW-)   C:\Windows\WinSxS\x86_microsoft.windows.common-controls_6595b64144ccf1df_6.0.18362.778_none_2e73ee38278978be
 2154: File  (RW-)   C:\Windows\WinSxS\x86_microsoft.windows.common-controls_6595b64144ccf1df_6.0.18362.778_none_2e73ee38278978be
 2158: File  (R-D)   C:\Windows\SystemResources\comdlg32.dll.mun
 215C: File  (R-D)   C:\Program Files\WindowsApps\Microsoft.LanguageExperiencePackzh-CN_18362.24.72.0_neutral__8wekyb3d8bbwe\Windows\System32\zh-CN\shell32.dll.mui
 217C: File  (RW-)   C:\Windows\WinSxS\x86_microsoft.windows.common-controls_6595b64144ccf1df_6.0.18362.778_none_2e73ee38278978be
 2190: File  (R-D)   C:\Windows\SystemResources\shell32.dll.mun
 2194: File  (RWD)   C:\Users\lenovo\AppData\Local\Microsoft\Windows\Explorer\iconcache_16.db
 21B4: File  (R-D)   C:\Program Files\WindowsApps\Microsoft.LanguageExperiencePackzh-CN_18362.24.72.0_neutral__8wekyb3d8bbwe\Windows\System32\zh-CN\oleaccrc.dll.mui
 21B8: File  (RW-)   C:\Windows\WinSxS\x86_microsoft.windows.common-controls_6595b64144ccf1df_6.0.18362.778_none_2e73ee38278978be
 21D4: Section       \Sessions\1\BaseNamedObjects\SGPY__CandRrecord_Filemap_v1
 2200: Section       \Sessions\1\BaseNamedObjects\SGPY__CandRrecord_Filemap_v1
 2234: Section       \Sessions\1\BaseNamedObjects\SGPY__CandRrecord_Filemap_v1
 2244: File  (R-D)   C:\Program Files\WindowsApps\Microsoft.LanguageExperiencePackzh-CN_18362.24.72.0_neutral__8wekyb3d8bbwe\Windows\System32\zh-CN\mpr.dll.mui
 2258: File  (R-D)   C:\Program Files\WindowsApps\Microsoft.LanguageExperiencePackzh-CN_18362.24.72.0_neutral__8wekyb3d8bbwe\Windows\System32\zh-CN\windows.storage.dll.mui
 2280: Section       \Sessions\1\BaseNamedObjects\SGPY__CandRrecord_Filemap_v1
 22A8: Section       \Sessions\1\BaseNamedObjects\QQ_TodayAutoPopupTime
 22AC: File  (RW-)   C:\Users\lenovo\AppData\Roaming\Tencent\QQ\webkit_cache\345312414\Cookies-journal
 22C8: Section       \Sessions\1\BaseNamedObjects\SGPY__CandRrecord_Filemap_v1
 22EC: Section       \Sessions\1\BaseNamedObjects\SGPY_UsrDict_Filemap_v5_u904fa97
 2328: File  (RW-)   C:\Users\lenovo\AppData\Roaming\Tencent\QQ\webkit_cache\345312414\Local Storage\https_mini2015.qq.com_0.localstorage-journal
 232C: Section       \Sessions\1\BaseNamedObjects\SGPY__CandRrecord_Filemap_v1
 235C: Section       \Sessions\1\BaseNamedObjects\SGPY__CandRrecord_Filemap_v1
 2390: Section       \Sessions\1\BaseNamedObjects\27c4HWNDInterface:150864
 23A8: Section       \Sessions\1\BaseNamedObjects\SGPY__CandRrecord_Filemap_v1
 23C8: Section       \Sessions\1\BaseNamedObjects\27c4HWNDInterface:150864
 2450: Section       \Sessions\1\BaseNamedObjects\SGPY__CandRrecord_Filemap_v1
 2488: File  (RW-)   C:\Windows\WinSxS\x86_microsoft.vc90.crt_1fc8b3b9a1e18e3b_9.0.30729.9619_none_508d9c7abcbd32b6
 2494: File  (RW-)   C:\Windows\WinSxS\x86_microsoft.windows.common-controls_6595b64144ccf1df_6.0.18362.778_none_2e73ee38278978be
 249C: Section       \Sessions\1\BaseNamedObjects\SGPY__CandRrecord_Filemap_v1
 24A0: File  (RW-)   C:\Users\lenovo\AppData\Roaming\Tencent\QQ\webkit_cache\345312414\Local Storage\https_mini2015.qq.com_0.localstorage
 24AC: Section       \Sessions\1\BaseNamedObjects\SGPY__CandRrecord_Filemap_v1
 24B0: File  (RW-)   C:\Windows\WinSxS\x86_microsoft.vc90.atl_1fc8b3b9a1e18e3b_9.0.30729.6161_none_51cd0a7abbe4e19b
 24C0: Section       \Sessions\1\BaseNamedObjects\SGPY__CandRrecord_Filemap_v1
 24E8: Section       \Sessions\1\BaseNamedObjects\SGPY__CandRrecord_Filemap_v1
 2514: File  (RWD)   C:\Users\lenovo\AppData\Local\Microsoft\Windows\Explorer\iconcache_idx.db
 2524: Section       \Sessions\1\BaseNamedObjects\SGPY__CandRrecord_Filemap_v1
 2550: Section       \Sessions\1\BaseNamedObjects\SGPY__CandRrecord_Filemap_v1
 257C: Section       \Sessions\1\BaseNamedObjects\sgime_skin.Dpi120.v3.filemap.sogouime3612904fa97
 2588: File  (RWD)   C:\Users\lenovo\AppData\Local\Microsoft\Windows\Explorer\iconcache_16.db
 2614: File  (R-D)   F:\QQ\Plugin\Com.Tencent.Qzone\Bundle.rdb
 264C: Section       \Sessions\1\BaseNamedObjects\SGPY__CandRrecord_Filemap_v1
 26C4: Section       \Sessions\1\BaseNamedObjects\SGPY__CandRrecord_Filemap_v1
 26C8: File  (R-D)   F:\QQ\Plugin\Com.Tencent.Wireless\Bundle.rdb
 27C8: Section       \Sessions\1\BaseNamedObjects\SGPY__CandRrecord_Filemap_v1
------------------------------------------------------------------------------
TXPlatform.exe pid: 12076 LAPTOP-MHITGFCH\lenovo
   40: File  (RW-)   C:\Windows
   84: File  (RW-)   C:\Windows\SysWOW64
  2D0: File  (R-D)   C:\Program Files\WindowsApps\Microsoft.LanguageExperiencePackzh-CN_18362.24.72.0_neutral__8wekyb3d8bbwe\Windows\System32\zh-CN\user32.dll.mui
  300: Section       \BaseNamedObjects\__ComCatalogCache__
  37C: File  (R--)   C:\Windows\Registration\R00000000000d.clb
  384: Section       \BaseNamedObjects\__ComCatalogCache__
------------------------------------------------------------------------------
WeChat.exe pid: 15112 LAPTOP-MHITGFCH\lenovo
   40: File  (RW-)   C:\Windows
   88: File  (RW-)   E:\Program Files\WeChat
  264: Section       \Sessions\1\BaseNamedObjects\windows_shell_global_counters
  268: File  (R-D)   C:\Program Files\WindowsApps\Microsoft.LanguageExperiencePackzh-CN_18362.24.72.0_neutral__8wekyb3d8bbwe\Windows\System32\zh-CN\user32.dll.mui
  2B0: File  (RW-)   C:\Windows\WinSxS\x86_microsoft.windows.gdiplus_6595b64144ccf1df_1.1.18362.778_none_5f5ee11d821bf28c
  2B4: File  (RW-)   C:\Windows\WinSxS\x86_microsoft.windows.common-controls_6595b64144ccf1df_6.0.18362.778_none_2e73ee38278978be
  2BC: Section       \BaseNamedObjects\windows_shell_global_counters
  2D4: Section       \BaseNamedObjects\__ComCatalogCache__
  2D8: File  (R--)   C:\Windows\Registration\R00000000000d.clb
  310: File  (RW-)   F:\360MoveData\Users\lenovo\Documents\WeChat Files\zhangzhen981224\Msg\OpenIMContact.db-shm
  330: Section       \Windows\Theme2514694826
  338: Section       \Sessions\1\Windows\Theme3897123807
  3C4: File  (---)   C:\Users\lenovo\AppData\Roaming\Tencent\WeChat\1\config.ini
  3D4: Section       \Sessions\1\BaseNamedObjects\mem_usrzone.v5.u1.filemap.sogouime904fa97
  3E0: File  (R--)   C:\Users\lenovo\AppData\Roaming\Tencent\WeChat\log\MM.mmap3
  41C: Section       \Sessions\1\BaseNamedObjects\SGPY_DelWordDict_Filemap_v1_u904fa97
  424: Section       \BaseNamedObjects\F932B6C7-3A20-46A0-B8A0-8894AA421973
  464: Section       \Sessions\1\BaseNamedObjects\windows_webcache_counters_{9B6AB5B3-91BC-4097-835C-EA2DEC95E9CC}_S-1-5-21-1347350027-276978489-4274093279-1001
  4AC: File  (RW-)   F:\360MoveData\Users\lenovo\Documents\WeChat Files\zhangzhen981224\Msg\FunctionMsg.db-wal
  590: Section       \Sessions\1\BaseNamedObjects\SGPY_PunctureDict9.6.0.3612_Filemap_v1_u904fa97
  5A4: File  (RW-)   C:\Users\lenovo\AppData\Roaming\Tencent\WeChat\All Users\CefResources\2581\qb_200_percent.pak
  5DC: Section       \Sessions\1\BaseNamedObjects\Filemap_VersionReg904fa97
  5E4: File  (R--)   C:\Users\lenovo\AppData\Local\Temp\~DF22E370A4139955FE.TMP
  5F0: File  (RW-)   F:\360MoveData\Users\lenovo\Documents\WeChat Files\zhangzhen981224\Msg\Multi\MSG0.db-shm
  5F8: File  (RW-)   E:\Program Files\WeChat\icudtl.dat
  5FC: Section       \Sessions\1\BaseNamedObjects\fimemap_for_sogou_cloud3612904fa97
  604: Section       \Sessions\1\BaseNamedObjects\local.sogou.oidmm
  658: File  (RWD)   C:\Users\lenovo\AppData\Local\Temp\~DF33AABDCAFCF55180.TMP
  668: Section       \BaseNamedObjects\__ComCatalogCache__
  67C: Section       \Sessions\1\BaseNamedObjects\picFaceMergedCellVersion.15.19.1.sogouComData904fa97
  694: Section       \Sessions\1\BaseNamedObjects\SGPY_FixFirstDict_Filemap_v3_u904fa97
  6B4: File  (RW-)   E:\Program Files\WeChat\natives_blob.bin
  6BC: Section       \Sessions\1\BaseNamedObjects\SGPY_RpaDict9.6.0.3612_Filemap_v1_u904fa97
  740: Section       \Sessions\1\BaseNamedObjects\Filemap_VersionReg904fa97
  75C: File  (R-D)   C:\Program Files\WindowsApps\Microsoft.LanguageExperiencePackzh-CN_18362.24.72.0_neutral__8wekyb3d8bbwe\Windows\System32\zh-CN\kernel32.dll.mui
  77C: Section       \Sessions\1\BaseNamedObjects\M533209721679d14084ecb748c667a686dec0807658
  784: File  (R-D)   C:\Program Files\WindowsApps\Microsoft.LanguageExperiencePackzh-CN_18362.24.72.0_neutral__8wekyb3d8bbwe\Windows\System32\zh-CN\KernelBase.dll.mui
  7AC: Section       \Sessions\1\BaseNamedObjects\sgime_psglog.filemap3612904fa97
  7B4: Section       \Sessions\1\BaseNamedObjects\sgime_env_fm1.v2.filemap.sogouime904fa97
  7C8: Section       \Sessions\1\BaseNamedObjects\SogouIme_DictWriteManager_3__FileMap_u904fa97
  7D0: Section       \Sessions\1\BaseNamedObjects\SogouIme_VersionManagerSharedTable__FileMap_u904fa97
  7DC: Section       \Sessions\1\BaseNamedObjects\SGPY_GlobalConfig_Filemap_v0_u904fa97
  7F0: Section       \Sessions\1\BaseNamedObjects\SGPY_sgim_quick_bin9.6.0.3612_Filemap_v1_u904fa97
  7F8: Section       \Sessions\1\BaseNamedObjects\SGPY_SupportCharDict9.6.0.3612_Filemap_v1_u904fa97
  808: Section       \Sessions\1\BaseNamedObjects\SGPY_AbbrUsrDict_Filemap_v1_u904fa97
  840: File  (RW-)   F:\360MoveData\Users\lenovo\Documents\WeChat Files\zhangzhen981224\Msg\Multi\MediaMSG2.db
  84C: File  (RW-)   F:\360MoveData\Users\lenovo\Documents\WeChat Files\zhangzhen981224\Msg\FTSFavorite.db-wal
  850: File  (RW-)   F:\360MoveData\Users\lenovo\Documents\WeChat Files\zhangzhen981224\Msg\FTSFavorite.db-shm
  858: Section       \Sessions\1\BaseNamedObjects\SGPY__ProcessRrecord_Filemap_v1
  880: File  (RW-)   C:\Users\lenovo\AppData\Roaming\Tencent\WeChat\All Users\CefResources\2581\qb_100_percent.pak
  88C: File  (RW-)   C:\Users\lenovo\AppData\Roaming\Tencent\WeChat\All Users\CefResources\2581\qb.pak
  90C: File  (RW-)   C:\Windows\WinSxS\x86_microsoft.windows.common-controls_6595b64144ccf1df_6.0.18362.778_none_2e73ee38278978be
  920: Section       \Sessions\1\BaseNamedObjects\Filemap_VersionComReg904fa97
  928: Section       \Sessions\1\BaseNamedObjects\SGPY_UsrDict_Filemap_v3_u904fa97
  93C: Section       \Sessions\1\BaseNamedObjects\FileMap_For_Sogou_Picface_Peri_12
  948: Section       \Sessions\1\BaseNamedObjects\mem_picface_sugg.v1.filemap.sogouime_u1904fa97
  954: Section       \Sessions\1\BaseNamedObjects\mem_picface_cloud.v1.filemap.sogouime904fa97
  95C: Section       \Sessions\1\BaseNamedObjects\mem_picface_cloudkey.v1.filemap.sogouime904fa97
  960: Section       \Sessions\1\BaseNamedObjects\sgime_skin.Dpi120.v2.filemap.sogouime3612904fa97
  964: Section       \Sessions\1\BaseNamedObjects\picFaceIndexVersion.versionsData.sogouCom904fa97
  968: Section       \Sessions\1\BaseNamedObjects\picFaceMergedCellVersion.versionsData.sogouCom904fa97
  96C: Section       \Sessions\1\BaseNamedObjects\picFaceIndexVersion.15.19.1.sogouComData904fa97
  974: File  (RW-)   E:\Program Files\WeChat\snapshot_blob.bin
  978: File  (R-D)   C:\Windows\Fonts\StaticCache.dat
  980: File  (R-D)   C:\Program Files\WindowsApps\Microsoft.LanguageExperiencePackzh-CN_18362.24.72.0_neutral__8wekyb3d8bbwe\Windows\System32\zh-CN\msctf.dll.mui
  984: File  (RW-)   F:\360MoveData\Users\lenovo\Documents\WeChat Files\zhangzhen981224\Msg\Multi\FTSMSG0.db-shm
  9A4: File  (RW-)   F:\360MoveData\Users\lenovo\Documents\WeChat Files\zhangzhen981224\Msg\MicroMsg.db-wal
  9B0: File  (RW-)   C:\Users\lenovo\AppData\Local\Tencent\BrowsingService\wechat\tbs.log
  9B4: File  (RW-)   C:\Users\lenovo\AppData\Roaming\Tencent\WeChat\log\cef.log
  9BC: File  (RW-)   C:\Users\lenovo\AppData\Roaming\Tencent\WeChat\All Users\CefResources\2581\locales\zh-CN.pak
  9C4: File  (RW-)   C:\Users\lenovo\AppData\Roaming\Tencent\WeChat\All Users\CefResources\2581\qb_extensions.pak
  ABC: File  (RWD)   C:\Windows\System32\drivers\etc
  CC4: Section       \Sessions\1\BaseNamedObjects\CrSharedMem_c74f44e0d86a50631e1c30202fcd2d0acdba989d406a973f53adc316c7b0128d
  CD4: Section       \Sessions\1\BaseNamedObjects\SogouImeActiveMap904fa97
  D04: File  (RW-)   F:\360MoveData\Users\lenovo\Documents\WeChat Files\zhangzhen981224\Msg\BizChat.db
  D10: Section       \Sessions\1\BaseNamedObjects\SGPY_sgim_adjcache_bin9.6.0.3612_Filemap_v1_u904fa97
  D18: Section       \Sessions\1\BaseNamedObjects\SGPY_PyTipDict9.6.0.3612_Filemap_v1_u904fa97
  D20: Section       \Sessions\1\BaseNamedObjects\SGPY_sgim_simtra_bin9.6.0.3612_Filemap_v1_u904fa97
  D28: Section       \Sessions\1\BaseNamedObjects\SGPY_sgim_eng_pre_bin9.6.0.3612_Filemap_v1_u904fa97
  D30: Section       \Sessions\1\BaseNamedObjects\SGPY_sgim_url_bin9.6.0.3612_Filemap_v1_u904fa97
  D38: Section       \Sessions\1\BaseNamedObjects\SGPY_UrlGuideDict9.6.0.3612_Filemap_v1_u904fa97
  D40: Section       \Sessions\1\BaseNamedObjects\SGPY_NumFreqAdjustDict_Filemapv1_v1_u904fa97
  D48: Section       \Sessions\1\BaseNamedObjects\SGPY_infokeyict9.6.0.3612_Filemap_v1_u904fa97
  D50: Section       \Sessions\1\BaseNamedObjects\SGPY_infoblackict9.6.0.3612_Filemap_v1_u904fa97
  D58: Section       \Sessions\1\BaseNamedObjects\SGPY_smartinfo9.6.0.3612_Filemap_v1_u904fa97
  D60: Section       \Sessions\1\BaseNamedObjects\SGPY_CloudCachecDict9.6.0.3612_Filemap_v1_u904fa97
  D68: Section       \Sessions\1\BaseNamedObjects\SGPY_CloudCachecDictLongWord9.6.0.3612_Filemap_v1_u904fa97
  D70: Section       \Sessions\1\BaseNamedObjects\SGPY_CloudCachecDictGrayWord9.6.0.3612_Filemap_v1_u904fa97
  D78: Section       \Sessions\1\BaseNamedObjects\SGPY_ExtDict_Filemap_v1_u904fa97
  D80: Section       \Sessions\1\BaseNamedObjects\SGPY_UsrExtDict_Filemap_v3_u904fa97
  D88: Section       \Sessions\1\BaseNamedObjects\SGPY_UserSpellModelDict_Filemap_v1_u904fa97
  D90: Section       \Sessions\1\BaseNamedObjects\SGPY_PrivilegeDict9.6.0.3612_Filemap_v1_u904fa97
  D98: Section       \Sessions\1\BaseNamedObjects\SGPY_EngUsrDict_Filemap_v1_u904fa97
  DA0: Section       \Sessions\1\BaseNamedObjects\SGPY_UrlUsrDict_Filemap_v3_u904fa97
  DA8: Section       \Sessions\1\BaseNamedObjects\SGPY_ClipBoardDict_Filemap_v1_u904fa97
  E10: File  (RW-)   F:\360MoveData\Users\lenovo\Documents\WeChat Files\zhangzhen981224\Msg\CustomerService.db-shm
  E18: File  (RW-)   F:\360MoveData\Users\lenovo\Documents\WeChat Files\zhangzhen981224\Msg\OpenIMContact.db-wal
  E34: File  (RW-)   F:\360MoveData\Users\lenovo\Documents\WeChat Files\zhangzhen981224\Msg\Emotion.db-shm
  E48: File  (RW-)   F:\360MoveData\Users\lenovo\Documents\WeChat Files\zhangzhen981224\Msg\OpenIMContact.db
  E64: File  (RW-)   F:\360MoveData\Users\lenovo\Documents\WeChat Files\zhangzhen981224\Msg\Emotion.db
  E88: File  (RW-)   F:\360MoveData\Users\lenovo\Documents\WeChat Files\zhangzhen981224\Msg\MicroMsg.db-shm
  E90: File  (RW-)   F:\360MoveData\Users\lenovo\Documents\WeChat Files\zhangzhen981224\Msg\OpenIMMsg.db-wal
  E98: File  (RW-)   F:\360MoveData\Users\lenovo\Documents\WeChat Files\zhangzhen981224\Msg\Misc.db-wal
  EA0: File  (RW-)   F:\360MoveData\Users\lenovo\Documents\WeChat Files\zhangzhen981224\Msg\MicroMsg.db
  EB4: File  (RW-)   F:\360MoveData\Users\lenovo\Documents\WeChat Files\zhangzhen981224\Msg\ChatMsg.db-wal
  EB8: File  (RW-)   F:\360MoveData\Users\lenovo\Documents\WeChat Files\zhangzhen981224\Msg\Misc.db
  EC0: File  (RW-)   F:\360MoveData\Users\lenovo\Documents\WeChat Files\zhangzhen981224\Msg\Favorite.db
  EC4: File  (RW-)   F:\360MoveData\Users\lenovo\Documents\WeChat Files\zhangzhen981224\Msg\ChatMsg.db-shm
  EC8: File  (RW-)   F:\360MoveData\Users\lenovo\Documents\WeChat Files\zhangzhen981224\Msg\ChatMsg.db
  ED0: File  (RW-)   F:\360MoveData\Users\lenovo\Documents\WeChat Files\zhangzhen981224\Msg\Multi\MSG0.db-wal
  ED8: File  (RW-)   F:\360MoveData\Users\lenovo\Documents\WeChat Files\zhangzhen981224\Msg\FunctionMsg.db-shm
  EDC: File  (RW-)   F:\360MoveData\Users\lenovo\Documents\WeChat Files\zhangzhen981224\Msg\Misc.db-shm
  EE4: File  (RW-)   F:\360MoveData\Users\lenovo\Documents\WeChat Files\zhangzhen981224\Msg\Media.db
  EE8: File  (RW-)   F:\360MoveData\Users\lenovo\Documents\WeChat Files\zhangzhen981224\Msg\PublicMsgMedia.db
  EEC: File  (RW-)   F:\360MoveData\Users\lenovo\Documents\WeChat Files\zhangzhen981224\Msg\PublicMsg.db-wal
  EF4: File  (RW-)   F:\360MoveData\Users\lenovo\Documents\WeChat Files\zhangzhen981224\Msg\Multi\MediaMSG0.db-wal
  EF8: File  (RW-)   F:\360MoveData\Users\lenovo\Documents\WeChat Files\zhangzhen981224\Msg\Media.db-wal
  EFC: File  (RW-)   F:\360MoveData\Users\lenovo\Documents\WeChat Files\zhangzhen981224\Msg\Media.db-shm
  F00: File  (RW-)   F:\360MoveData\Users\lenovo\Documents\WeChat Files\zhangzhen981224\Msg\Emotion.db-wal
  F04: File  (RW-)   F:\360MoveData\Users\lenovo\Documents\WeChat Files\zhangzhen981224\Msg\FunctionMsg.db
  F14: File  (RW-)   F:\360MoveData\Users\lenovo\Documents\WeChat Files\zhangzhen981224\Msg\OpenIMMsg.db
  F18: File  (RW-)   F:\360MoveData\Users\lenovo\Documents\WeChat Files\zhangzhen981224\Msg\OpenIMMsg.db-shm
  F20: File  (RW-)   F:\360MoveData\Users\lenovo\Documents\WeChat Files\zhangzhen981224\Msg\OpenIMMedia.db
  F24: File  (RW-)   F:\360MoveData\Users\lenovo\Documents\WeChat Files\zhangzhen981224\Msg\OpenIMMedia.db-wal
  F28: File  (RW-)   F:\360MoveData\Users\lenovo\Documents\WeChat Files\zhangzhen981224\Msg\OpenIMMedia.db-shm
  F30: File  (RW-)   F:\360MoveData\Users\lenovo\Documents\WeChat Files\zhangzhen981224\Msg\PublicMsg.db
  F34: File  (RW-)   C:\Windows\WinSxS\x86_microsoft.windows.common-controls_6595b64144ccf1df_6.0.18362.778_none_2e73ee38278978be
  F38: File  (RW-)   F:\360MoveData\Users\lenovo\Documents\WeChat Files\zhangzhen981224\Msg\PublicMsg.db-shm
  F40: File  (RW-)   F:\360MoveData\Users\lenovo\Documents\WeChat Files\zhangzhen981224\Msg\PublicMsgMedia.db-wal
  F44: File  (RW-)   F:\360MoveData\Users\lenovo\Documents\WeChat Files\zhangzhen981224\Msg\PublicMsgMedia.db-shm
  F4C: File  (RW-)   F:\360MoveData\Users\lenovo\Documents\WeChat Files\zhangzhen981224\Msg\Multi\MSG0.db
  F54: File  (RW-)   F:\360MoveData\Users\lenovo\Documents\WeChat Files\zhangzhen981224\Msg\Multi\MediaMSG0.db
  F5C: File  (RW-)   F:\360MoveData\Users\lenovo\Documents\WeChat Files\zhangzhen981224\Msg\Multi\MediaMSG0.db-shm
  F64: File  (RW-)   F:\360MoveData\Users\lenovo\Documents\WeChat Files\zhangzhen981224\Msg\Multi\MSG1.db
  F68: File  (RW-)   F:\360MoveData\Users\lenovo\Documents\WeChat Files\zhangzhen981224\Msg\Multi\MSG1.db-wal
  F6C: File  (RW-)   F:\360MoveData\Users\lenovo\Documents\WeChat Files\zhangzhen981224\Msg\Multi\MSG1.db-shm
  F74: File  (RW-)   F:\360MoveData\Users\lenovo\Documents\WeChat Files\zhangzhen981224\Msg\Multi\MediaMSG1.db
  F78: File  (RW-)   F:\360MoveData\Users\lenovo\Documents\WeChat Files\zhangzhen981224\Msg\Multi\MediaMSG1.db-wal
  F7C: File  (RW-)   F:\360MoveData\Users\lenovo\Documents\WeChat Files\zhangzhen981224\Msg\Multi\MediaMSG1.db-shm
  F84: File  (RW-)   F:\360MoveData\Users\lenovo\Documents\WeChat Files\zhangzhen981224\Msg\Multi\MSG2.db
  F88: File  (RW-)   F:\360MoveData\Users\lenovo\Documents\WeChat Files\zhangzhen981224\Msg\Multi\MSG2.db-wal
  F8C: File  (RW-)   F:\360MoveData\Users\lenovo\Documents\WeChat Files\zhangzhen981224\Msg\Multi\MSG2.db-shm
  F94: File  (RW-)   F:\360MoveData\Users\lenovo\Documents\WeChat Files\zhangzhen981224\Msg\Multi\MediaMSG2.db-wal
  F98: File  (RW-)   F:\360MoveData\Users\lenovo\Documents\WeChat Files\zhangzhen981224\Msg\Multi\MediaMSG2.db-shm
  FA0: File  (RW-)   F:\360MoveData\Users\lenovo\Documents\WeChat Files\zhangzhen981224\Msg\FTSMsg.db-shm
  FB4: File  (RW-)   F:\360MoveData\Users\lenovo\Documents\WeChat Files\zhangzhen981224\Msg\Favorite.db-wal
  FB8: File  (RW-)   F:\360MoveData\Users\lenovo\Documents\WeChat Files\zhangzhen981224\Msg\Favorite.db-shm
  FC8: File  (RW-)   F:\360MoveData\Users\lenovo\Documents\WeChat Files\zhangzhen981224\Msg\FTSFavorite.db
  FCC: File  (RW-)   F:\360MoveData\Users\lenovo\Documents\WeChat Files\zhangzhen981224\FileStorage\Fav\Temp\6f5fcb03
  FD4: File  (RW-)   F:\360MoveData\Users\lenovo\Documents\WeChat Files\zhangzhen981224\FileStorage\CustomEmotion
  FD8: File  (RW-)   F:\360MoveData\Users\lenovo\Documents\WeChat Files\zhangzhen981224\FileStorage\Fav\Data
  FDC: File  (RW-)   F:\360MoveData\Users\lenovo\Documents\WeChat Files\zhangzhen981224\FileStorage\Fav\Thumb
  FE0: File  (RW-)   F:\360MoveData\Users\lenovo\Documents\WeChat Files\zhangzhen981224\FileStorage\File
  FE4: File  (RW-)   F:\360MoveData\Users\lenovo\Documents\WeChat Files\zhangzhen981224\FileStorage\General\HDHeadImage
  FE8: File  (RW-)   F:\360MoveData\Users\lenovo\Documents\WeChat Files\zhangzhen981224\FileStorage\Image
  FEC: File  (RW-)   F:\360MoveData\Users\lenovo\Documents\WeChat Files\zhangzhen981224\FileStorage\Video
  FF0: File  (RW-)   F:\360MoveData\Users\lenovo\Documents\WeChat Files\zhangzhen981224\FileStorage\TempFromPhone
  FF8: File  (RWD)   C:\Users\lenovo\AppData\Local\Temp\~DF475881B8B61A73EA.TMP
 1018: File  (RW-)   F:\360MoveData\Users\lenovo\Documents\WeChat Files\zhangzhen981224\Msg\MultiSearchChatMsg.db-shm
 1020: Section       \Sessions\1\BaseNamedObjects\SGPY_sgim_eng_bin9.6.0.3612_Filemap_v1_u904fa97
 1028: Section       \Sessions\1\BaseNamedObjects\SGPY__CandRrecord_Filemap_v1
 1044: File  (RW-)   F:\360MoveData\Users\lenovo\Documents\WeChat Files\zhangzhen981224\Msg\FTSMsg.db-wal
 105C: Section       \Sessions\1\BaseNamedObjects\mem_usrzoneext.v5.u1.filemap.sogouime904fa97
 1070: File  (RW-)   F:\360MoveData\Users\lenovo\Documents\WeChat Files\zhangzhen981224\Msg\BizChatMsg.db-shm
 107C: File  (RW-)   F:\360MoveData\Users\lenovo\Documents\WeChat Files\zhangzhen981224\Msg\CustomerService.db
 1084: File  (RW-)   F:\360MoveData\Users\lenovo\Documents\WeChat Files\zhangzhen981224\Msg\CustomerService.db-wal
 10D0: Section       \Sessions\1\BaseNamedObjects\3b08HWNDInterface:8063e
 10D4: Section       \Sessions\1\BaseNamedObjects\3b08HWNDInterface:8063e
 10F4: File  (RW-)   F:\360MoveData\Users\lenovo\Documents\WeChat Files\zhangzhen981224\Msg\BizChatMsg.db-wal
 10F8: File  (RW-)   F:\360MoveData\Users\lenovo\Documents\WeChat Files\zhangzhen981224\Msg\BizChatMsg.db
 10FC: File  (RW-)   F:\360MoveData\Users\lenovo\Documents\WeChat Files\zhangzhen981224\Msg\BizChat.db-wal
 1100: File  (RW-)   F:\360MoveData\Users\lenovo\Documents\WeChat Files\zhangzhen981224\Msg\BizChat.db-shm
 1158: Section       \Sessions\1\BaseNamedObjects\inputStatistics.v1.filemap.sogouime904fa97
 1198: File  (RW-)   F:\360MoveData\Users\lenovo\Documents\WeChat Files\zhangzhen981224\Msg\Multi\FTSMSG2.db
 11D0: File  (RW-)   F:\360MoveData\Users\lenovo\Documents\WeChat Files\zhangzhen981224\Msg\FTSContact.db-wal
 11D8: File  (RW-)   F:\360MoveData\Users\lenovo\Documents\WeChat Files\zhangzhen981224\Msg\Multi\FTSMSG2.db-wal
 11DC: File  (RW-)   F:\360MoveData\Users\lenovo\Documents\WeChat Files\zhangzhen981224\Msg\MultiSearchChatMsg.db-wal
 11E4: Section       \Sessions\1\BaseNamedObjects\SGPY_KeyPyMap_Filemap_v1_u904fa97
 11FC: Section       \Sessions\1\BaseNamedObjects\SGPY__CandRrecord_Filemap_v1
 1214: File  (RW-)   F:\360MoveData\Users\lenovo\Documents\WeChat Files\zhangzhen981224\Msg\FTSMsg.db
 121C: Section       \Sessions\1\BaseNamedObjects\SGPY__CandRrecord_Filemap_v1
 1240: File  (RW-)   F:\360MoveData\Users\lenovo\Documents\WeChat Files\zhangzhen981224\Msg\Multi\FTSMSG0.db-wal
 1258: File  (RW-)   F:\360MoveData\Users\lenovo\Documents\WeChat Files\zhangzhen981224\Msg\Multi\FTSMSG1.db-shm
 125C: File  (RW-)   F:\360MoveData\Users\lenovo\Documents\WeChat Files\zhangzhen981224\Msg\Multi\FTSMSG1.db-wal
 1264: File  (R-D)   C:\Program Files\WindowsApps\Microsoft.LanguageExperiencePackzh-CN_18362.24.72.0_neutral__8wekyb3d8bbwe\Windows\System32\zh-CN\wdmaud.drv.mui
 126C: File  (R-D)   C:\Program Files\WindowsApps\Microsoft.LanguageExperiencePackzh-CN_18362.24.72.0_neutral__8wekyb3d8bbwe\Windows\System32\zh-CN\MMDevAPI.dll.mui
 1274: File  (RW-)   F:\360MoveData\Users\lenovo\Documents\WeChat Files\zhangzhen981224\Msg\FTSContact.db
 1280: File  (RW-)   F:\360MoveData\Users\lenovo\Documents\WeChat Files\zhangzhen981224\Msg\Multi\FTSMSG2.db-shm
 1284: File  (RW-)   F:\360MoveData\Users\lenovo\Documents\WeChat Files\zhangzhen981224\Msg\Multi\FTSMSG1.db
 128C: File  (RW-)   F:\360MoveData\Users\lenovo\Documents\WeChat Files\zhangzhen981224\Msg\Multi\FTSMSG0.db
 1294: File  (RW-)   F:\360MoveData\Users\lenovo\Documents\WeChat Files\zhangzhen981224\Msg\MultiSearchChatMsg.db
 12A8: File  (RW-)   F:\360MoveData\Users\lenovo\Documents\WeChat Files\zhangzhen981224\Msg\FTSContact.db-shm
 12F0: Section       \Sessions\1\BaseNamedObjects\sogouime_psg.v1.filemap.sogouime3612904fa97
 1304: Section       \Sessions\1\BaseNamedObjects\SGPY_AbbrSysDict9.6.0.3612_Filemap_v1_u904fa97
 1320: Section       \Sessions\1\BaseNamedObjects\SGPY_sgim_py_bin9.6.0.3612_Filemap_v1_u904fa97
 1324: Section       \Sessions\1\BaseNamedObjects\SGPY_sgim_annex_bin9.6.0.3612_Filemap_v1_u904fa97
 1334: File  (R--)   C:\Users\lenovo\AppData\Local\Temp\~DFE45E07F4BE2071E5.TMP
 134C: Section       \Sessions\1\BaseNamedObjects\SGPY_sgim_core_bin9.6.0.3612_Filemap_v1_u904fa97
 1354: Section       \Sessions\1\BaseNamedObjects\SGPY_sgim_hz_bin9.6.0.3612_Filemap_v1_u904fa97
 136C: File  (R-D)   C:\Windows\SystemResources\msctf.dll.mun
 1380: Section       \Sessions\1\BaseNamedObjects\SGPY__CandRrecord_Filemap_v1
 138C: Section       \Sessions\1\BaseNamedObjects\SGPY__CandRrecord_Filemap_v1
 1394: Section       \Sessions\1\BaseNamedObjects\SGPY__CandRrecord_Filemap_v1
 13B4: Section       \Sessions\1\BaseNamedObjects\SGPY__CandRrecord_Filemap_v1
 1414: File  (R-D)   C:\Program Files\WindowsApps\Microsoft.LanguageExperiencePackzh-CN_18362.24.72.0_neutral__8wekyb3d8bbwe\Windows\System32\zh-CN\crypt32.dll.mui
 160C: File  (R-D)   C:\Program Files\WindowsApps\Microsoft.LanguageExperiencePackzh-CN_18362.24.72.0_neutral__8wekyb3d8bbwe\Windows\System32\zh-CN\winnlsres.dll.mui
 162C: File  (R--)   C:\Users\lenovo\AppData\Roaming\Tencent\WeChat\1\kvcomm\key_972931679_1644757104_1_1589272626_762_3600_input.statistic
 163C: File  (R-D)   C:\Program Files\WindowsApps\Microsoft.LanguageExperiencePackzh-CN_18362.24.72.0_neutral__8wekyb3d8bbwe\Windows\System32\zh-CN\mswsock.dll.mui
 16B0: File  (R--)   C:\Users\lenovo\AppData\Roaming\Tencent\WeChat\1\kvcomm\monitordata_972931679_18394
------------------------------------------------------------------------------
WeChatWeb.exe pid: 3764 LAPTOP-MHITGFCH\lenovo
   40: File  (RW-)   C:\Windows
   BC: File  (RW-)   C:\Windows\WinSxS\x86_microsoft.windows.common-controls_6595b64144ccf1df_6.0.18362.778_none_2e73ee38278978be
   D0: File  (RW-)   C:\Windows\WinSxS\x86_microsoft.windows.common-controls_6595b64144ccf1df_6.0.18362.778_none_2e73ee38278978be
  2A4: Section       \Sessions\1\BaseNamedObjects\windows_shell_global_counters
  2B8: File  (RW-)   E:\Program Files\WeChat\icudtl.dat
  2BC: File  (RW-)   E:\Program Files\WeChat\snapshot_blob.bin
  2C0: File  (RW-)   C:\Users\lenovo\AppData\Local\Tencent\BrowsingService\unkwown\tbs.log
  2C4: File  (RW-)   C:\Users\lenovo\AppData\Roaming\Tencent\WeChat\log\cef.log
  2D8: File  (RW-)   E:\Program Files\WeChat\natives_blob.bin
  2E0: File  (RW-)   C:\Users\lenovo\AppData\Roaming\Tencent\WeChat\All Users\CefResources\2581\locales\zh-CN.pak
  2E8: File  (RW-)   C:\Users\lenovo\AppData\Roaming\Tencent\WeChat\All Users\CefResources\2581\qb.pak
  2F0: File  (RW-)   C:\Users\lenovo\AppData\Roaming\Tencent\WeChat\All Users\CefResources\2581\qb_100_percent.pak
  2F8: File  (RW-)   C:\Users\lenovo\AppData\Roaming\Tencent\WeChat\All Users\CefResources\2581\qb_200_percent.pak
  300: File  (RW-)   C:\Users\lenovo\AppData\Roaming\Tencent\WeChat\All Users\CefResources\2581\qb_extensions.pak
  430: File  (RW-)   E:\Program Files\WeChat
  498: File  (R-D)   C:\Windows\apppatch\DirectXApps.sdb
  4DC: File  (R--)   C:\ProgramData\Intel\ShaderCache\WeChatWeb_1
------------------------------------------------------------------------------
WeChatApp.exe pid: 3864 LAPTOP-MHITGFCH\lenovo
   40: File  (RW-)   C:\Windows
   B4: File  (RW-)   C:\Windows\WinSxS\x86_microsoft.windows.common-controls_6595b64144ccf1df_5.82.18362.778_none_71d70b7d5ae4146f
  354: File  (R-D)   C:\Windows\apppatch\DirectXApps.sdb
  358: Section       \Sessions\1\BaseNamedObjects\windows_shell_global_counters
  390: File  (R--)   C:\ProgramData\Intel\ShaderCache\WeChatApp_1
  4BC: Section       \BaseNamedObjects\__ComCatalogCache__
  4D0: File  (R--)   C:\Windows\Registration\R00000000000d.clb
  4D4: Section       \BaseNamedObjects\__ComCatalogCache__
  4E4: File  (RW-)   C:\Users\lenovo\AppData\Roaming\Tencent\WeChatApp\applet_locales\zh-CN.pak
  4F8: Section       \BaseNamedObjects\windows_shell_global_counters
  500: File  (RW-)   E:\Program Files\WeChat\applet_100_percent.pak
  520: File  (RW-)   E:\Program Files\WeChat\applet_200_percent.pak
  524: File  (RW-)   E:\Program Files\WeChat\icudtl_applet.dat
  580: File  (R-D)   C:\Program Files\WindowsApps\Microsoft.LanguageExperiencePackzh-CN_18362.24.72.0_neutral__8wekyb3d8bbwe\Windows\System32\zh-CN\user32.dll.mui
  58C: Section       \Windows\Theme2514694826
  590: Section       \Sessions\1\Windows\Theme3897123807
  634: Section       \Sessions\1\BaseNamedObjects\f18HWNDInterface:1302ee
  638: Section       \Sessions\1\BaseNamedObjects\f18HWNDInterface:1302ee
  648: File  (RW-)   E:\Program Files\WeChat\xwalk_icudtl.dat
  650: File  (RW-)   E:\Program Files\WeChat\en-US.pak
  654: Section       \Sessions\1\BaseNamedObjects\CrSharedMem_2777efee33568c3686879959156ffc67618869bee74ad48278efc70d1c66666d
  664: File  (RW-)   E:\Program Files\WeChat\xwalk.pak
  66C: File  (RW-)   E:\Program Files\WeChat\xwalk_100_percent.pak
  674: File  (RW-)   E:\Program Files\WeChat\xwalk_200_percent.pak
  67C: File  (RW-)   E:\Program Files\WeChat\xwalk_300_percent.pak
  720: File  (RWD)   C:\Windows\System32\drivers\etc
  764: File  (R-D)   C:\Windows\Fonts\StaticCache.dat
  86C: File  (RW-)   E:\Program Files\WeChat
  8D8: File  (RW-)   C:\Users\lenovo\AppData\Roaming\Web Data
  AC0: Section       \Sessions\1\BaseNamedObjects\f18HWNDInterface:1006e8
  AC4: Section       \Sessions\1\BaseNamedObjects\f18HWNDInterface:1006e8
  AD0: Section       \Sessions\1\BaseNamedObjects\CrSharedMem_5b7d79e1a46bfee13b74406ad1730d6c245b1614ac7e022cc01650689ea176b6
  AD4: Section       \Sessions\1\BaseNamedObjects\CrSharedMem_5b7d79e1a46bfee13b74406ad1730d6c245b1614ac7e022cc01650689ea176b6
  AEC: Section       \Sessions\1\BaseNamedObjects\CrSharedMem_a653fc08afc4a15e7c1d995c398810db20358c6a03b4c417ba39996b7d7b3637
  AF0: Section       \Sessions\1\BaseNamedObjects\CrSharedMem_a653fc08afc4a15e7c1d995c398810db20358c6a03b4c417ba39996b7d7b3637
  AFC: Section       \Sessions\1\BaseNamedObjects\CrSharedMem_f90ab12918315b9dee168784d2c6b4e6f15d0d937a752fe6d3f751a9af448a11
  B00: Section       \Sessions\1\BaseNamedObjects\CrSharedMem_f90ab12918315b9dee168784d2c6b4e6f15d0d937a752fe6d3f751a9af448a11
  B04: Section       \Sessions\1\BaseNamedObjects\CrSharedMem_d795d860b44bbfea29800dad65f845311fc5ad6761d16020f590be4698f6365c
  B08: Section       \Sessions\1\BaseNamedObjects\CrSharedMem_d795d860b44bbfea29800dad65f845311fc5ad6761d16020f590be4698f6365c
  B0C: Section       \Sessions\1\BaseNamedObjects\CrSharedMem_d98076d09c0572743c93b4fbdf43b20d3b862e37f54bcfc1a666ac3e8b1deff1
  B10: Section       \Sessions\1\BaseNamedObjects\CrSharedMem_d98076d09c0572743c93b4fbdf43b20d3b862e37f54bcfc1a666ac3e8b1deff1
  B18: Section       \Sessions\1\BaseNamedObjects\CrSharedMem_dcebe24b3c46ac067f082502c10427d87fa25545247649428f106f9ee7b517bb
  B1C: Section       \Sessions\1\BaseNamedObjects\CrSharedMem_dcebe24b3c46ac067f082502c10427d87fa25545247649428f106f9ee7b517bb
  B20: Section       \Sessions\1\BaseNamedObjects\CrSharedMem_5bd289e5ca5d1d15e16cd8e9e8b7676a72c0b2089355ac2e5fdafe5f8edda75b
  B24: Section       \Sessions\1\BaseNamedObjects\CrSharedMem_5bd289e5ca5d1d15e16cd8e9e8b7676a72c0b2089355ac2e5fdafe5f8edda75b
  BD0: Section       \Sessions\1\BaseNamedObjects\CrSharedMem_d54f6c27f94e33017167f89047b33a657fdc19e7bf08b1e79f0b88130d103401
  BD8: Section       \Sessions\1\BaseNamedObjects\CrSharedMem_598d40c52467e6c5020e9009bc57703ffdfb25b566d679fcf659f717f89f658a
  BDC: File  (RWD)   C:\Users\lenovo\AppData\Local\xwalk\GPUCache\index
  BE0: File  (RWD)   C:\Users\lenovo\AppData\Local\xwalk\GPUCache\index
  BE8: File  (RWD)   C:\Users\lenovo\AppData\Local\xwalk\GPUCache\data_0
  BEC: File  (RWD)   C:\Users\lenovo\AppData\Local\xwalk\GPUCache\data_0
  BF4: File  (RWD)   C:\Users\lenovo\AppData\Local\xwalk\GPUCache\data_1
  BF8: File  (RWD)   C:\Users\lenovo\AppData\Local\xwalk\GPUCache\data_1
  C04: File  (RWD)   C:\Users\lenovo\AppData\Local\xwalk\GPUCache\data_2
  C08: File  (RWD)   C:\Users\lenovo\AppData\Local\xwalk\GPUCache\data_2
  C10: File  (RWD)   C:\Users\lenovo\AppData\Local\xwalk\GPUCache\data_3
  C14: File  (RWD)   C:\Users\lenovo\AppData\Local\xwalk\GPUCache\data_3
  C20: Section       \Sessions\1\BaseNamedObjects\CrSharedMem_598d40c52467e6c5020e9009bc57703ffdfb25b566d679fcf659f717f89f658a
  C24: File  (R-D)   C:\Program Files\WindowsApps\Microsoft.LanguageExperiencePackzh-CN_18362.24.72.0_neutral__8wekyb3d8bbwe\Windows\System32\zh-CN\kernel32.dll.mui
  C28: Section       \Sessions\1\BaseNamedObjects\CrSharedMem_3a6240dd25d02945ac56a0b9dc99b5e24c2a467f13e321bf2ed3f46b6b3be08b
  C2C: Section       \Sessions\1\BaseNamedObjects\CrSharedMem_bdfee1d6c1b25647ab9573ce1ee564630bad012fd3eabcfc9bd07cb3cf948386
  C30: Section       \Sessions\1\BaseNamedObjects\CrSharedMem_3a6240dd25d02945ac56a0b9dc99b5e24c2a467f13e321bf2ed3f46b6b3be08b
  C34: Section       \Sessions\1\BaseNamedObjects\CrSharedMem_9eb469fc0fb4c2993ccef3ea1d5506e8f289a267bd48b6dc829ded503d409411
  C38: Section       \Sessions\1\BaseNamedObjects\CrSharedMem_bdfee1d6c1b25647ab9573ce1ee564630bad012fd3eabcfc9bd07cb3cf948386
  C40: Section       \Sessions\1\BaseNamedObjects\CrSharedMem_d54f6c27f94e33017167f89047b33a657fdc19e7bf08b1e79f0b88130d103401
  C48: Section       \Sessions\1\BaseNamedObjects\CrSharedMem_9eb469fc0fb4c2993ccef3ea1d5506e8f289a267bd48b6dc829ded503d409411
  C58: Section       \Sessions\1\BaseNamedObjects\CrSharedMem_ec10e50821bb54172e3957259bcc724531098a44d5090004881392d1cc3e8868
  C64: Section       \Sessions\1\BaseNamedObjects\CrSharedMem_ec10e50821bb54172e3957259bcc724531098a44d5090004881392d1cc3e8868
  C7C: Section       \Sessions\1\BaseNamedObjects\f18HWNDInterface:1606c2
  C80: Section       \Sessions\1\BaseNamedObjects\f18HWNDInterface:1606c2
  D0C: Section       \Sessions\1\BaseNamedObjects\M533209721679d14084ecb748c667a686dec0807658
  D10: Section       \Sessions\1\BaseNamedObjects\Filemap_VersionReg904fa97
  D18: File  (R-D)   C:\Program Files\WindowsApps\Microsoft.LanguageExperiencePackzh-CN_18362.24.72.0_neutral__8wekyb3d8bbwe\Windows\System32\zh-CN\KernelBase.dll.mui
  D20: Section       \Sessions\1\BaseNamedObjects\Filemap_VersionReg904fa97
  D2C: Section       \Sessions\1\BaseNamedObjects\sgime_psglog.filemap3612904fa97
  D34: Section       \Sessions\1\BaseNamedObjects\sgime_env_fm1.v2.filemap.sogouime904fa97
  D3C: Section       \Sessions\1\BaseNamedObjects\SogouIme_DictWriteManager_3__FileMap_u904fa97
  D44: Section       \Sessions\1\BaseNamedObjects\SogouIme_VersionManagerSharedTable__FileMap_u904fa97
  D4C: Section       \Sessions\1\BaseNamedObjects\SGPY_GlobalConfig_Filemap_v0_u904fa97
  D60: Section       \Sessions\1\BaseNamedObjects\SGPY_sgim_quick_bin9.6.0.3612_Filemap_v1_u904fa97
  D68: Section       \Sessions\1\BaseNamedObjects\SGPY_SupportCharDict9.6.0.3612_Filemap_v1_u904fa97
  D70: Section       \Sessions\1\BaseNamedObjects\SGPY_PunctureDict9.6.0.3612_Filemap_v1_u904fa97
  D78: Section       \Sessions\1\BaseNamedObjects\SGPY_RpaDict9.6.0.3612_Filemap_v1_u904fa97
  D80: Section       \Sessions\1\BaseNamedObjects\SGPY_FixFirstDict_Filemap_v2_u904fa97
  D88: Section       \Sessions\1\BaseNamedObjects\SGPY_AbbrUsrDict_Filemap_v1_u904fa97
  D94: Section       \Sessions\1\BaseNamedObjects\fimemap_for_sogou_cloud3612904fa97
  DD4: Section       \Sessions\1\BaseNamedObjects\SGPY__ProcessRrecord_Filemap_v1
  DE8: Section       \Sessions\1\BaseNamedObjects\CrSharedMem_59a5e4dd2fe453ccd335d89f2f7fa18c994566575026b665239a60abf960cb4a
  DEC: Section       \Sessions\1\BaseNamedObjects\CrSharedMem_59a5e4dd2fe453ccd335d89f2f7fa18c994566575026b665239a60abf960cb4a
  E00: Section       \Sessions\1\BaseNamedObjects\sgime_skin.Dpi120.v2.filemap.sogouime3612904fa97
  E08: Section       \Sessions\1\BaseNamedObjects\CrSharedMem_bb750911ee45e7061cd0c90e826d0798dd07512f5074ea4e4a2a9fd7d710111f
  E18: Section       \Sessions\1\BaseNamedObjects\SogouImeActiveMap904fa97
  E24: Section       \Sessions\1\BaseNamedObjects\Filemap_VersionComReg904fa97
  E34: Section       \Sessions\1\BaseNamedObjects\FileMap_For_Sogou_Picface_Peri_12
  E54: Section       \Sessions\1\BaseNamedObjects\mem_picface_sugg.v1.filemap.sogouime_u1904fa97
  E5C: Section       \Sessions\1\BaseNamedObjects\mem_picface_cloud.v1.filemap.sogouime904fa97
  E64: Section       \Sessions\1\BaseNamedObjects\mem_picface_cloudkey.v1.filemap.sogouime904fa97
  E6C: Section       \Sessions\1\BaseNamedObjects\picFaceIndexVersion.versionsData.sogouCom904fa97
  E70: Section       \Sessions\1\BaseNamedObjects\picFaceMergedCellVersion.versionsData.sogouCom904fa97
  E74: Section       \Sessions\1\BaseNamedObjects\picFaceMergedCellVersion.15.15.1.sogouComData904fa97
  E78: Section       \Sessions\1\BaseNamedObjects\picFaceIndexVersion.15.15.1.sogouComData904fa97
  E80: File  (R-D)   C:\Program Files\WindowsApps\Microsoft.LanguageExperiencePackzh-CN_18362.24.72.0_neutral__8wekyb3d8bbwe\Windows\System32\zh-CN\msctf.dll.mui
  EB8: Section       \Sessions\1\BaseNamedObjects\CrSharedMem_bb750911ee45e7061cd0c90e826d0798dd07512f5074ea4e4a2a9fd7d710111f
  EBC: Section       \Sessions\1\BaseNamedObjects\CrSharedMem_3f58d0ac6cf74f4b63ddc5de8c4dbfa5f1a0d96e714ffa42c31ba77b2e2388bb
  EC0: Section       \Sessions\1\BaseNamedObjects\SogouImeActiveMap904fa97
  EC4: Section       \Sessions\1\BaseNamedObjects\CrSharedMem_2b8845cab6667da36d94047a6e6bb665aa5a31ecd6c521f32c4b92b53f7ca713
  EC8: Section       \Sessions\1\BaseNamedObjects\CrSharedMem_2b8845cab6667da36d94047a6e6bb665aa5a31ecd6c521f32c4b92b53f7ca713
  ECC: Section       \Sessions\1\BaseNamedObjects\CrSharedMem_4ef3658ba5a0cbd735670fe65ea0fc9408067e0fb93445b50f2718d9cb2c9cc8
  ED8: Section       \Sessions\1\BaseNamedObjects\CrSharedMem_4ef3658ba5a0cbd735670fe65ea0fc9408067e0fb93445b50f2718d9cb2c9cc8
  EDC: Section       \Sessions\1\BaseNamedObjects\CrSharedMem_3f58d0ac6cf74f4b63ddc5de8c4dbfa5f1a0d96e714ffa42c31ba77b2e2388bb
  EE4: Section       \Sessions\1\BaseNamedObjects\CrSharedMem_fbd3bc08c9184b53b7699181e69b8a8488fe16c6ed66b2ef31243377e8b35498
  EE8: Section       \Sessions\1\BaseNamedObjects\CrSharedMem_fbd3bc08c9184b53b7699181e69b8a8488fe16c6ed66b2ef31243377e8b35498
  EF0: Section       \Sessions\1\BaseNamedObjects\SGPY_sgim_adjcache_bin9.6.0.3612_Filemap_v1_u904fa97
  EF8: Section       \Sessions\1\BaseNamedObjects\SGPY_PyTipDict9.6.0.3612_Filemap_v1_u904fa97
  F00: Section       \Sessions\1\BaseNamedObjects\SGPY_sgim_simtra_bin9.6.0.3612_Filemap_v1_u904fa97
  F08: Section       \Sessions\1\BaseNamedObjects\SGPY_sgim_eng_pre_bin9.6.0.3612_Filemap_v1_u904fa97
  F10: Section       \Sessions\1\BaseNamedObjects\SGPY_sgim_url_bin9.6.0.3612_Filemap_v1_u904fa97
  F18: Section       \Sessions\1\BaseNamedObjects\SGPY_UrlGuideDict9.6.0.3612_Filemap_v1_u904fa97
  F20: Section       \Sessions\1\BaseNamedObjects\SGPY_NumFreqAdjustDict_Filemapv1_v1_u904fa97
  F28: Section       \Sessions\1\BaseNamedObjects\SGPY_infokeyict9.6.0.3612_Filemap_v1_u904fa97
  F30: Section       \Sessions\1\BaseNamedObjects\SGPY_infoblackict9.6.0.3612_Filemap_v1_u904fa97
  F38: Section       \Sessions\1\BaseNamedObjects\SGPY_smartinfo9.6.0.3612_Filemap_v1_u904fa97
  F40: Section       \Sessions\1\BaseNamedObjects\SGPY_CloudCachecDict9.6.0.3612_Filemap_v1_u904fa97
  F48: Section       \Sessions\1\BaseNamedObjects\SGPY_CloudCachecDictLongWord9.6.0.3612_Filemap_v1_u904fa97
  F50: Section       \Sessions\1\BaseNamedObjects\SGPY_CloudCachecDictGrayWord9.6.0.3612_Filemap_v1_u904fa97
  F58: Section       \Sessions\1\BaseNamedObjects\SGPY_ExtDict_Filemap_v1_u904fa97
  F60: Section       \Sessions\1\BaseNamedObjects\SGPY_UsrExtDict_Filemap_v2_u904fa97
  F68: Section       \Sessions\1\BaseNamedObjects\SGPY_UserSpellModelDict_Filemap_v1_u904fa97
  F70: Section       \Sessions\1\BaseNamedObjects\SGPY_PrivilegeDict9.6.0.3612_Filemap_v1_u904fa97
  F78: Section       \Sessions\1\BaseNamedObjects\SGPY_EngUsrDict_Filemap_v1_u904fa97
  F80: Section       \Sessions\1\BaseNamedObjects\SGPY_UrlUsrDict_Filemap_v2_u904fa97
  F88: Section       \Sessions\1\BaseNamedObjects\SGPY_ClipBoardDict_Filemap_v1_u904fa97
  FA8: Section       \Sessions\1\BaseNamedObjects\local.sogou.oidmm
  FAC: Section       \Sessions\1\BaseNamedObjects\C:*ProgramData*Microsoft*Windows*Caches*cversions.2.ro
  FB0: Section       \Sessions\1\BaseNamedObjects\C:*ProgramData*Microsoft*Windows*Caches*{6AF0698E-D558-4F6E-9B3C-3716689AF493}.2.ver0x0000000000000001.db
  FB4: Section       \Sessions\1\BaseNamedObjects\C:*ProgramData*Microsoft*Windows*Caches*cversions.2.ro
  FB8: Section       \Sessions\1\BaseNamedObjects\C:*ProgramData*Microsoft*Windows*Caches*{DDF571F2-BE98-426D-8288-1A9A39C3FDA2}.2.ver0x0000000000000001.db
  FBC: File  (R-D)   C:\Program Files\WindowsApps\Microsoft.LanguageExperiencePackzh-CN_18362.24.72.0_neutral__8wekyb3d8bbwe\Windows\System32\zh-CN\propsys.dll.mui
 1070: Section       \Sessions\1\BaseNamedObjects\UrlZonesSM_lenovo
------------------------------------------------------------------------------
chrome.exe pid: 10004 LAPTOP-MHITGFCH\lenovo
   8C: File  (RW-)   C:\Users\lenovo\AppData\Local\Google\Chrome\Application\80.0.3987.132
   A4: File  (RW-)   C:\Users\lenovo\AppData\Local\Google\Chrome\Application\80.0.3987.132
  1E8: File  (RW-)   C:\Users\lenovo\AppData\Local\Google\Chrome\Application\80.0.3987.132\icudtl.dat
  1F0: File  (RW-)   C:\Users\lenovo\AppData\Local\Google\Chrome\Application\80.0.3987.132\v8_context_snapshot.bin
  1F8: File  (RW-)   C:\Users\lenovo\AppData\Local\Google\Chrome\Application\80.0.3987.132\chrome_100_percent.pak
  200: File  (RW-)   C:\Users\lenovo\AppData\Local\Google\Chrome\Application\80.0.3987.132\chrome_200_percent.pak
  20C: File  (RW-)   C:\Users\lenovo\AppData\Local\Google\Chrome\Application\80.0.3987.132\Locales\zh-CN.pak
  210: File  (RW-)   C:\Users\lenovo\AppData\Local\Google\Chrome\Application\80.0.3987.132\resources.pak
  2E0: File  (RWD)   C:\Users\lenovo\AppData\Local\Google\Chrome\User Data\Subresource Filter\Indexed Rules\26\9.12.0\Ruleset Data
  2EC: File  (RW-)   C:\Users\lenovo\AppData\Local\Google\Chrome\Application\Dictionaries\en-US-8-0.bdic
  3FC: File  (RWD)   C:\Users\lenovo\AppData\Local\Google\Chrome\User Data\Subresource Filter\Indexed Rules\26\9.12.0\Ruleset Data
  444: File  (R--)   C:\Windows\Fonts\arial.ttf
  450: File  (R--)   C:\Windows\Fonts\arialbd.ttf
  454: File  (R--)   C:\Windows\Fonts\arialbi.ttf
  458: File  (R--)   C:\Windows\Fonts\ariali.ttf
  45C: File  (R--)   C:\Windows\Fonts\ARIALN.TTF
  460: File  (R--)   C:\Windows\Fonts\ARIALNB.TTF
  468: File  (R--)   C:\Windows\Fonts\ARIALNBI.TTF
  46C: File  (R--)   C:\Windows\Fonts\ARIALNI.TTF
  470: File  (R--)   C:\Windows\Fonts\ariblk.ttf
  474: File  (R--)   C:\Windows\Fonts\arial.ttf
  4A0: File  (R--)   C:\Windows\Fonts\arialbd.ttf
  4AC: File  (R--)   C:\Windows\Fonts\arialbd.ttf
  4B8: File  (R--)   C:\Windows\Fonts\msyh.ttc
  4C4: File  (R--)   C:\Windows\Fonts\msyhbd.ttc
  4C8: File  (R--)   C:\Windows\Fonts\msyhl.ttc
  4F8: File  (R--)   C:\Windows\Fonts\msyhbd.ttc
  518: File  (R--)   C:\Windows\Fonts\msyhbd.ttc
  534: File  (R--)   C:\Windows\Fonts\arial.ttf
  548: File  (R--)   C:\Windows\Fonts\msyh.ttc
  56C: File  (R--)   C:\Windows\Fonts\msyh.ttc
  578: File  (R--)   C:\Windows\Fonts\verdana.ttf
  580: File  (R--)   C:\Windows\Fonts\verdanab.ttf
  584: File  (R--)   C:\Windows\Fonts\verdanai.ttf
  588: File  (R--)   C:\Windows\Fonts\verdanaz.ttf
  58C: File  (R--)   C:\Windows\Fonts\verdanab.ttf
  598: File  (R--)   C:\Windows\Fonts\verdana.ttf
  5A4: File  (R--)   C:\Windows\Fonts\verdanab.ttf
  5AC: File  (R--)   C:\Windows\Fonts\verdana.ttf
  5BC: File  (R--)   C:\Windows\Fonts\simsun.ttc
  5C0: File  (R--)   C:\Windows\Fonts\simsun.ttc
  5CC: File  (R--)   C:\Windows\Fonts\simsun.ttc
  62C: File  (R--)   C:\Windows\Fonts\seguiemj.ttf
  630: File  (R--)   C:\Windows\Fonts\seguiemj.ttf
  638: File  (R--)   C:\Windows\Fonts\cambria.ttc
  63C: File  (R--)   C:\Windows\Fonts\cambria.ttc
  644: File  (R--)   C:\Windows\Fonts\seguiemj.ttf
  64C: File  (R--)   C:\Windows\Fonts\ariali.ttf
------------------------------------------------------------------------------
chrome.exe pid: 7768 LAPTOP-MHITGFCH\lenovo
   90: File  (RW-)   C:\Users\lenovo\AppData\Local\Google\Chrome\Application\80.0.3987.132
   A8: File  (RW-)   C:\Users\lenovo\AppData\Local\Google\Chrome\Application\80.0.3987.132
   F4: File  (RW-)   C:\Users\lenovo\AppData\Local\Google\Chrome\Application\80.0.3987.132\chrome_100_percent.pak
  100: File  (RW-)   C:\Users\lenovo\AppData\Local\Google\Chrome\Application\80.0.3987.132\chrome_200_percent.pak
  104: File  (RW-)   C:\Users\lenovo\AppData\Local\Google\Chrome\Application\80.0.3987.132\v8_context_snapshot.bin
  110: File  (RW-)   C:\Users\lenovo\AppData\Local\Google\Chrome\Application\80.0.3987.132\Locales\zh-CN.pak
  118: File  (RW-)   C:\Users\lenovo\AppData\Local\Google\Chrome\Application\80.0.3987.132\icudtl.dat
  224: File  (RW-)   C:\Users\lenovo\AppData\Local\Google\Chrome\Application\80.0.3987.132\resources.pak
  2C4: File  (RWD)   C:\Users\lenovo\AppData\Local\Google\Chrome\User Data\Subresource Filter\Indexed Rules\26\9.12.0\Ruleset Data
  2F0: File  (RW-)   C:\Users\lenovo\AppData\Local\Google\Chrome\Application\Dictionaries\en-US-8-0.bdic
  3A0: File  (RWD)   C:\Users\lenovo\AppData\Local\Google\Chrome\User Data\Subresource Filter\Indexed Rules\26\9.12.0\Ruleset Data
  3C0: File  (R--)   C:\Windows\Fonts\ARIALNB.TTF
  3C8: File  (R--)   C:\Windows\Fonts\arial.ttf
  3D8: File  (R--)   C:\Windows\Fonts\arial.ttf
  3F8: File  (R--)   C:\Windows\Fonts\ARIALNI.TTF
  3FC: File  (R--)   C:\Windows\Fonts\msyhl.ttc
  408: File  (R--)   C:\Windows\Fonts\arialbd.ttf
  40C: File  (R--)   C:\Windows\Fonts\ariali.ttf
  410: File  (R--)   C:\Windows\Fonts\ariblk.ttf
  414: File  (R--)   C:\Windows\Fonts\ARIALN.TTF
  418: File  (R--)   C:\Windows\Fonts\msyh.ttc
  424: File  (R--)   C:\Windows\Fonts\msyhbd.ttc
  434: File  (R--)   C:\Windows\Fonts\seguiemj.ttf
  440: File  (R--)   C:\Windows\Fonts\msyh.ttc
  448: File  (R--)   C:\Windows\Fonts\msyh.ttc
  45C: File  (R--)   C:\Windows\Fonts\arialbi.ttf
  470: File  (R--)   C:\Windows\Fonts\ARIALNBI.TTF
  478: File  (R--)   C:\Windows\Fonts\arial.ttf
  4F4: File  (R--)   C:\Windows\Fonts\msyhbd.ttc
  508: File  (R--)   C:\Windows\Fonts\msyhbd.ttc
  540: File  (RWD)   C:\Users\lenovo\AppData\Local\Google\Chrome\User Data\Subresource Filter\Indexed Rules\26\9.12.0\Ruleset Data
  62C: File  (R--)   C:\Windows\Fonts\simhei.ttf
  69C: File  (R--)   C:\Windows\Fonts\ariblk.ttf
  704: File  (R--)   C:\Windows\Fonts\tahoma.ttf
  7A0: File  (R--)   C:\Windows\Fonts\cambria.ttc
  810: File  (R--)   C:\Windows\Fonts\simhei.ttf
  838: File  (R--)   C:\Windows\Fonts\cambria.ttc
  890: File  (R--)   C:\Windows\Fonts\ariblk.ttf
  8A0: File  (R--)   C:\Windows\Fonts\seguiemj.ttf
  928: File  (R--)   C:\Windows\Fonts\seguiemj.ttf
  9D0: File  (R--)   C:\Windows\Fonts\simhei.ttf
  A6C: File  (RWD)   C:\Users\lenovo\AppData\Local\Google\Chrome\User Data\Subresource Filter\Indexed Rules\26\9.12.0\Ruleset Data
  AC8: File  (RWD)   C:\Users\lenovo\AppData\Local\Google\Chrome\User Data\Subresource Filter\Indexed Rules\26\9.12.0\Ruleset Data
  ADC: File  (RWD)   C:\Users\lenovo\AppData\Local\Google\Chrome\User Data\Subresource Filter\Indexed Rules\26\9.12.0\Ruleset Data
  DA4: File  (R--)   C:\Windows\Fonts\tahoma.ttf
  DBC: File  (R--)   C:\Windows\Fonts\tahomabd.ttf
  DFC: File  (R--)   C:\Windows\Fonts\tahoma.ttf
------------------------------------------------------------------------------
svchost.exe pid: 15664 NT AUTHORITY\LOCAL SERVICE
   48: File  (RW-)   C:\Windows\System32
  128: File  (R-D)   C:\Program Files\WindowsApps\Microsoft.LanguageExperiencePackzh-CN_18362.24.72.0_neutral__8wekyb3d8bbwe\Windows\System32\zh-CN\svchost.exe.mui
------------------------------------------------------------------------------
svchost.exe pid: 15724 NT AUTHORITY\SYSTEM
   48: File  (RW-)   C:\Windows\System32
  134: File  (R-D)   C:\Program Files\WindowsApps\Microsoft.LanguageExperiencePackzh-CN_18362.24.72.0_neutral__8wekyb3d8bbwe\Windows\System32\zh-CN\svchost.exe.mui
  1E0: Section       \BaseNamedObjects\__ComCatalogCache__
  214: Section       \BaseNamedObjects\__ComCatalogCache__
  218: File  (R--)   C:\Windows\Registration\R00000000000d.clb
------------------------------------------------------------------------------
SearchUI.exe pid: 15916 LAPTOP-MHITGFCH\lenovo
   40: File  (RW-)   C:\Windows\SystemApps\Microsoft.Windows.Cortana_cw5n1h2txyewy
  1DC: Section       \BaseNamedObjects\__ComCatalogCache__
  304: File  (RWD)   C:\Users\lenovo\AppData\Local\Packages\Microsoft.Windows.Cortana_cw5n1h2txyewy\LocalState\AppIconCache\125\{1AC14E77-02E7-4E5D-B744-2EB1AE5198B7}_cmd_exe
  42C: Section       \Sessions\1\BaseNamedObjects\SGPY_sgim_url_bin9.6.0.3612_Filemap_v1_u904fa97
  4D0: File  (R-D)   C:\Windows\apppatch\DirectXApps.sdb
  530: Section       \Sessions\1\AppContainerNamedObjects\S-1-15-2-1861897761-1695161497-2927542615-642690995-327840285-2659745135-2630312742\windows_shell_global_counters
  554: Section       \Sessions\1\AppContainerNamedObjects\S-1-15-2-1861897761-1695161497-2927542615-642690995-327840285-2659745135-2630312742\SessionImmersiveColorPreference
  68C: Section       \Sessions\1\AppContainerNamedObjects\S-1-15-2-1861897761-1695161497-2927542615-642690995-327840285-2659745135-2630312742\ApplicationService:3e2c1d628388b563a43
  6C0: File  (RWD)   C:\Windows\Fonts\segoeui.ttf
  778: Section       \Sessions\1\BaseNamedObjects\windows_webcache_counters_{9B6AB5B3-91BC-4097-835C-EA2DEC95E9CC}_S-1-5-21-1347350027-276978489-4274093279-1001
  77C: Section       \Sessions\1\AppContainerNamedObjects\S-1-15-2-1861897761-1695161497-2927542615-642690995-327840285-2659745135-2630312742\windows_webcache_counters_{00000000-5d8e-4eed-b3fa-e30684411323}
  7D0: Section       \Sessions\1\AppContainerNamedObjects\S-1-15-2-1861897761-1695161497-2927542615-642690995-327840285-2659745135-2630312742\3e2cHWNDInterface:503bc
  7D8: Section       \Sessions\1\AppContainerNamedObjects\S-1-15-2-1861897761-1695161497-2927542615-642690995-327840285-2659745135-2630312742\3e2cHWNDInterface:503bc
  814: Section       \Sessions\1\AppContainerNamedObjects\S-1-15-2-1861897761-1695161497-2927542615-642690995-327840285-2659745135-2630312742\3e2cHWNDInterface:503bc
  8A0: Section       \Sessions\1\AppContainerNamedObjects\S-1-15-2-1861897761-1695161497-2927542615-642690995-327840285-2659745135-2630312742\3e2cHWNDInterface:503bc
  8A8: Section       \Sessions\1\AppContainerNamedObjects\S-1-15-2-1861897761-1695161497-2927542615-642690995-327840285-2659745135-2630312742\UrlZonesSM_lenovo
  8B0: Section       \Sessions\1\AppContainerNamedObjects\S-1-15-2-1861897761-1695161497-2927542615-642690995-327840285-2659745135-2630312742\3e2cHWNDInterface:503bc
  964: File  (R-D)   C:\Program Files\WindowsApps\Microsoft.LanguageExperiencePackzh-CN_18362.24.72.0_neutral__8wekyb3d8bbwe\Windows\System32\zh-CN\windows.storage.dll.mui
  984: File  (R-D)   C:\Users\lenovo\AppData\Local\Packages\Microsoft.Windows.Cortana_cw5n1h2txyewy\TempState\Traces\CortanaTrace1.etl
  9D0: Section       \Sessions\1\AppContainerNamedObjects\S-1-15-2-1861897761-1695161497-2927542615-642690995-327840285-2659745135-2630312742\C:*ProgramData*Microsoft*Windows*Caches*cversions.2.ro
  9D4: Section       \Sessions\1\AppContainerNamedObjects\S-1-15-2-1861897761-1695161497-2927542615-642690995-327840285-2659745135-2630312742\C:*ProgramData*Microsoft*Windows*Caches*cversions.2.ro
  9D8: Section       \Sessions\1\AppContainerNamedObjects\S-1-15-2-1861897761-1695161497-2927542615-642690995-327840285-2659745135-2630312742\C:*ProgramData*Microsoft*Windows*Caches*{6AF0698E-D558-4F6E-9B3C-3716689AF493}.2.ver0x0000000000000001.db
  9E0: Section       \Sessions\1\AppContainerNamedObjects\S-1-15-2-1861897761-1695161497-2927542615-642690995-327840285-2659745135-2630312742\C:*ProgramData*Microsoft*Windows*Caches*{DDF571F2-BE98-426D-8288-1A9A39C3FDA2}.2.ver0x0000000000000001.db
  A14: Section       \Sessions\1\AppContainerNamedObjects\S-1-15-2-1861897761-1695161497-2927542615-642690995-327840285-2659745135-2630312742\3e2cHWNDInterface:503bc
  A38: File  (RWD)   C:\Windows\Fonts\msyh.ttc
  A7C: Section       \Sessions\1\AppContainerNamedObjects\S-1-15-2-1861897761-1695161497-2927542615-642690995-327840285-2659745135-2630312742\3e2cHWNDInterface:503bc
  A88: Section       \Sessions\1\AppContainerNamedObjects\S-1-15-2-1861897761-1695161497-2927542615-642690995-327840285-2659745135-2630312742\3e2cHWNDInterface:503bc
  A9C: Section       \Sessions\1\AppContainerNamedObjects\S-1-15-2-1861897761-1695161497-2927542615-642690995-327840285-2659745135-2630312742\3e2cHWNDInterface:503bc
  AC4: Section       \BaseNamedObjects\F932B6C7-3A20-46A0-B8A0-8894AA421973
  AD4: Section       \Sessions\1\BaseNamedObjects\SGPY_sgim_adjcache_bin9.6.0.3612_Filemap_v1_u904fa97
  B64: Section       \Sessions\1\AppContainerNamedObjects\S-1-15-2-1861897761-1695161497-2927542615-642690995-327840285-2659745135-2630312742\3e2cHWNDInterface:503bc
  CE0: File  (R-D)   C:\Program Files\WindowsApps\Microsoft.LanguageExperiencePackzh-CN_18362.24.72.0_neutral__8wekyb3d8bbwe\Windows\System32\zh-CN\KernelBase.dll.mui
  D00: File  (R-D)   C:\Program Files\WindowsApps\Microsoft.LanguageExperiencePackzh-CN_18362.24.72.0_neutral__8wekyb3d8bbwe\Windows\System32\zh-CN\edgehtml.dll.mui
  D04: Section       \Sessions\1\AppContainerNamedObjects\S-1-15-2-1861897761-1695161497-2927542615-642690995-327840285-2659745135-2630312742\3e2cHWNDInterface:40424
  DA0: File  (RWD)   C:\Windows\Fonts
  DA4: File  (RWD)   C:\Users\lenovo\AppData\LocalLow\SogouPY\EUDC
  DFC: File  (RWD)   C:\Users\lenovo\AppData\Local\Packages\Microsoft.Windows.Cortana_cw5n1h2txyewy\LocalState\AppIconCache\125\Microsoft_MicrosoftEdge_8wekyb3d8bbwe!MicrosoftEdge
  E04: File  (RWD)   C:\Windows\SystemApps\Microsoft.Windows.Cortana_cw5n1h2txyewy\Grammar\0804
  E10: File  (RWD)   C:\Windows\Fonts\seguisb.ttf
  E40: File  (R-D)   C:\Program Files\WindowsApps\Microsoft.LanguageExperiencePackzh-CN_18362.24.72.0_neutral__8wekyb3d8bbwe\Windows\System32\zh-CN\d2d1.dll.mui
  E98: File  (RWD)   C:\Users\lenovo\AppData\Local\Packages\Microsoft.Windows.Cortana_cw5n1h2txyewy\LocalState\AppIconCache\125\Microsoft_WindowsCalculator_8wekyb3d8bbwe!App
  EAC: File  (R-D)   C:\Windows\SystemApps\Microsoft.Windows.Cortana_cw5n1h2txyewy\Cortana.Search.winmd
  EBC: File  (R--)   C:\Users\lenovo\AppData\Local\Packages\Microsoft.Windows.Cortana_cw5n1h2txyewy\LocalState\Grammars\ReactiveAgentsCommonRes.0804.bin
  EC8: File  (R-D)   C:\Windows\SystemApps\Microsoft.Windows.Cortana_cw5n1h2txyewy\Cortana.Tips.winmd
  F04: File  (R-D)   C:\Windows\SystemApps\Microsoft.Windows.Cortana_cw5n1h2txyewy\Cortana.Internal.Search.winmd
  F08: File  (RWD)   C:\Users\lenovo\AppData\Local\Packages\Microsoft.Windows.Cortana_cw5n1h2txyewy\LocalState\AppIconCache\125\Microsoft_Windows_RemoteDesktop
  F24: File  (R-D)   C:\Windows\System32\WinMetadata\Windows.Storage.winmd
  F78: File  (R-D)   C:\Program Files\WindowsApps\Microsoft.LanguageExperiencePackzh-CN_18362.24.72.0_neutral__8wekyb3d8bbwe\Windows\System32\zh-CN\kernel32.dll.mui
  FA0: File  (R-D)   C:\Windows\System32\WinMetadata\Windows.Foundation.winmd
  FD4: File  (R-D)   C:\Windows\System32\WinMetadata\Windows.Security.winmd
 1038: File  (R-D)   C:\Windows\SystemApps\Microsoft.Windows.Cortana_cw5n1h2txyewy\Cortana.SPA.winmd
 1044: File  (R-D)   C:\Windows\System32\WinMetadata\Windows.System.winmd
 1084: File  (RWD)   C:\Users\lenovo\AppData\Local\Packages\Microsoft.Windows.Cortana_cw5n1h2txyewy\AC\Microsoft\Internet Explorer\DOMStore\R3O8K550
 10C4: File  (R-D)   C:\Program Files\WindowsApps\Microsoft.LanguageExperiencePackzh-CN_18362.24.72.0_neutral__8wekyb3d8bbwe\Windows\System32\zh-CN\crypt32.dll.mui
 10F8: File  (RWD)   C:\Users\lenovo\AppData\Local\Packages\Microsoft.Windows.Cortana_cw5n1h2txyewy\LocalState\AppIconCache\125\Microsoft_MicrosoftEdge_8wekyb3d8bbwe!MicrosoftEdge
 1154: File  (R-D)   C:\Program Files\WindowsApps\Microsoft.LanguageExperiencePackzh-CN_18362.24.72.0_neutral__8wekyb3d8bbwe\Windows\System32\zh-CN\dnsapi.dll.mui
 12A4: File  (R-D)   C:\Windows\System32\WinMetadata\Windows.UI.winmd
 12DC: Section       \Sessions\1\AppContainerNamedObjects\S-1-15-2-1861897761-1695161497-2927542615-642690995-327840285-2659745135-2630312742\3e2cHWNDInterface:503bc
 132C: File  (RWD)   C:\Users\lenovo\AppData\Local\Packages\Microsoft.Windows.Cortana_cw5n1h2txyewy\LocalState\AppIconCache\125\Microsoft_ScreenSketch_8wekyb3d8bbwe!App
 1338: File  (R-D)   C:\Windows\SystemResources\Chakra.dll.mun
 1348: File  (R-D)   C:\Windows\System32\WinMetadata\Windows.ApplicationModel.winmd
 1388: Section       \Sessions\1\AppContainerNamedObjects\S-1-15-2-1861897761-1695161497-2927542615-642690995-327840285-2659745135-2630312742\C:*ProgramData*Microsoft*Windows*Caches*cversions.2.ro
 13A8: File  (RWD)   C:\Users\lenovo\AppData\Local\Packages\Microsoft.Windows.Cortana_cw5n1h2txyewy\LocalState\AppIconCache\125\Microsoft_Windows_RemoteDesktop
 13AC: File  (RWD)   C:\Users\lenovo\AppData\Local\Packages\Microsoft.Windows.Cortana_cw5n1h2txyewy\LocalState\AppIconCache\125\Microsoft_Windows_RemoteDesktop
 13D8: File  (R-D)   C:\Program Files\WindowsApps\Microsoft.LanguageExperiencePackzh-CN_18362.24.72.0_neutral__8wekyb3d8bbwe\Windows\System32\zh-CN\dui70.dll.mui
 13DC: Section       \Sessions\1\AppContainerNamedObjects\S-1-15-2-1861897761-1695161497-2927542615-642690995-327840285-2659745135-2630312742\C:*ProgramData*Microsoft*Windows*Caches*{74695C59-2CC6-4AD7-B095-F7DAB0A2265D}.2.ver0x0000000000000001.db
 13F4: Section       \Sessions\1\AppContainerNamedObjects\S-1-15-2-1861897761-1695161497-2927542615-642690995-327840285-2659745135-2630312742\C:*ProgramData*Microsoft*Windows*Caches*{E4CBEACD-DE3C-4E31-BD99-83EF3D6850B2}.2.ver0x0000000000000001.db
 13FC: Section       \Sessions\1\AppContainerNamedObjects\S-1-15-2-1861897761-1695161497-2927542615-642690995-327840285-2659745135-2630312742\C:*ProgramData*Microsoft*Windows*Caches*cversions.2.ro
 1410: File  (R-D)   C:\Program Files\WindowsApps\Microsoft.LanguageExperiencePackzh-CN_18362.24.72.0_neutral__8wekyb3d8bbwe\Windows\System32\zh-CN\shell32.dll.mui
 1428: File  (R-D)   C:\Windows\System32\WinMetadata\Windows.Web.winmd
 1588: File  (R-D)   C:\Program Files\WindowsApps\Microsoft.LanguageExperiencePackzh-CN_18362.24.72.0_neutral__8wekyb3d8bbwe\Windows\System32\zh-CN\mswsock.dll.mui
 15F4: File  (R-D)   C:\Program Files\WindowsApps\Microsoft.LanguageExperiencePackzh-CN_18362.24.72.0_neutral__8wekyb3d8bbwe\Windows\System32\zh-CN\MMDevAPI.dll.mui
 160C: File  (RWD)   C:\Users\lenovo\AppData\Local\Packages\Microsoft.Windows.Cortana_cw5n1h2txyewy\LocalState\AppIconCache\125\Microsoft_MicrosoftEdge_8wekyb3d8bbwe!MicrosoftEdge
 1660: File  (R--)   C:\Users\lenovo\AppData\Local\Packages\Microsoft.Windows.Cortana_cw5n1h2txyewy\LocalState\Grammars\ReactiveAgentBaseRes.0804.bin
 1664: File  (R--)   C:\Users\lenovo\AppData\Local\Packages\Microsoft.Windows.Cortana_cw5n1h2txyewy\LocalState\Grammars\VoiceAgentBaseRes.0804.bin
 1678: File  (R--)   C:\Users\lenovo\AppData\Local\Packages\Microsoft.Windows.Cortana_cw5n1h2txyewy\LocalState\Grammars\VoiceAgentsCommonRes.0804.bin
 167C: File  (RWD)   C:\Users\lenovo\AppData\Local\Packages\Microsoft.Windows.Cortana_cw5n1h2txyewy\LocalState\AppIconCache\125\windows_immersivecontrolpanel_cw5n1h2txyewy!microsoft_windows_immersivecontrolpanel
 1694: File  (R--)   C:\Users\lenovo\AppData\Local\Packages\Microsoft.Windows.Cortana_cw5n1h2txyewy\LocalState\Grammars\PPIVoiceAgentsRes.0804.bin
 1698: File  (R--)   C:\Users\lenovo\AppData\Local\Packages\Microsoft.Windows.Cortana_cw5n1h2txyewy\LocalState\Grammars\PhonePCVoiceAgentsRes.0804.bin
 16DC: File  (RWD)   C:\Users\lenovo\AppData\Local\Packages\Microsoft.Windows.Cortana_cw5n1h2txyewy\LocalState\AppIconCache\125\{1AC14E77-02E7-4E5D-B744-2EB1AE5198B7}_mspaint_exe
 16E0: File  (RWD)   C:\Users\lenovo\AppData\Local\Packages\Microsoft.Windows.Cortana_cw5n1h2txyewy\LocalState\AppIconCache\125\{1AC14E77-02E7-4E5D-B744-2EB1AE5198B7}_cmd_exe
 16E4: File  (R--)   C:\Users\lenovo\AppData\Local\Packages\Microsoft.Windows.Cortana_cw5n1h2txyewy\LocalState\Grammars\VadSharedVoiceAgentsRes.0804.bin
 16F8: File  (RWD)   C:\Users\lenovo\AppData\Local\Packages\Microsoft.Windows.Cortana_cw5n1h2txyewy\LocalState\AppIconCache\125\Microsoft_WindowsCalculator_8wekyb3d8bbwe!App
 1718: File  (R--)   C:\Users\lenovo\AppData\Local\Packages\Microsoft.Windows.Cortana_cw5n1h2txyewy\LocalState\Grammars\SharedVoiceAgentsRes.0804.bin
 1730: Section       \Sessions\1\BaseNamedObjects\SGPY_infokeyict9.6.0.3612_Filemap_v1_u904fa97
 1734: File  (RWD)   C:\Windows\Fonts\malgun.ttf
 173C: Section       \Sessions\1\BaseNamedObjects\SGPY_infoblackict9.6.0.3612_Filemap_v1_u904fa97
 1780: Section       \Sessions\1\BaseNamedObjects\SGPY_sgim_simtra_bin9.6.0.3612_Filemap_v1_u904fa97
 17CC: Section       \Windows\Theme2514694826
 17D8: Section       \Sessions\1\Windows\Theme3897123807
 1820: Section       \Sessions\1\BaseNamedObjects\SGPY_UrlGuideDict9.6.0.3612_Filemap_v1_u904fa97
 184C: Section       \Sessions\1\BaseNamedObjects\SGPY_PyTipDict9.6.0.3612_Filemap_v1_u904fa97
 1858: File  (RWD)   C:\Users\lenovo\AppData\Local\Packages\Microsoft.Windows.Cortana_cw5n1h2txyewy\LocalState\AppIconCache\125\Microsoft_ScreenSketch_8wekyb3d8bbwe!App
 1860: File  (RWD)   C:\Users\lenovo\AppData\Local\Packages\Microsoft.Windows.Cortana_cw5n1h2txyewy\LocalState\AppIconCache\125\Microsoft_ScreenSketch_8wekyb3d8bbwe!App
 186C: File  (RWD)   C:\Users\lenovo\AppData\Local\Packages\Microsoft.Windows.Cortana_cw5n1h2txyewy\LocalState\AppIconCache\125\{1AC14E77-02E7-4E5D-B744-2EB1AE5198B7}_mspaint_exe
 1884: File  (RWD)   C:\Users\lenovo\AppData\Local\Packages\Microsoft.Windows.Cortana_cw5n1h2txyewy\LocalState\AppIconCache\125\windows_immersivecontrolpanel_cw5n1h2txyewy!microsoft_windows_immersivecontrolpanel
 18D8: Section       \Sessions\1\BaseNamedObjects\C:*Users*lenovo*AppData*Local*Microsoft*Windows*Caches*cversions.3.ro
 190C: File  (R-D)   C:\Program Files\WindowsApps\Microsoft.LanguageExperiencePackzh-CN_18362.24.72.0_neutral__8wekyb3d8bbwe\Windows\System32\zh-CN\winnlsres.dll.mui
 193C: File  (RWD)   C:\Users\lenovo\AppData\Local\Packages\Microsoft.Windows.Cortana_cw5n1h2txyewy\LocalState\AppIconCache\125\windows_immersivecontrolpanel_cw5n1h2txyewy!microsoft_windows_immersivecontrolpanel
 1954: File  (R--)   C:\Windows\Speech_OneCore\Engines\TTS\zh-CN\NUSData\M2052Hongyu.tbtdirection.WVE
 1970: File  (RWD)   C:\Users\lenovo\AppData\Local\Packages\Microsoft.Windows.Cortana_cw5n1h2txyewy\LocalState\AppIconCache\125\Microsoft_WindowsCalculator_8wekyb3d8bbwe!App
 1974: File  (RWD)   C:\Users\lenovo\AppData\Local\Packages\Microsoft.Windows.Cortana_cw5n1h2txyewy\LocalState\AppIconCache\125\Microsoft_WindowsCalculator_8wekyb3d8bbwe!App
 19A4: Section       \Sessions\1\AppContainerNamedObjects\S-1-15-2-1861897761-1695161497-2927542615-642690995-327840285-2659745135-2630312742\MSIMGSIZECacheMapACLow
 19C4: Section       \Sessions\1\AppContainerNamedObjects\S-1-15-2-1861897761-1695161497-2927542615-642690995-327840285-2659745135-2630312742\{F389A906-FA73-4483-86C6-6056FF65DC97}-Map-GLOBAL
 1A10: Section       \Sessions\1\AppContainerNamedObjects\S-1-15-2-1861897761-1695161497-2927542615-642690995-327840285-2659745135-2630312742\M533209721679d14084ecb748c667a686dec0807658
 1A18: Section       \Sessions\1\BaseNamedObjects\Filemap_VersionReg904fa97
 1A4C: File  (RWD)   C:\Windows\Fonts\simsun.ttc
 1A64: Section       \Sessions\1\BaseNamedObjects\Filemap_VersionReg904fa97
 1A6C: Section       \Sessions\1\BaseNamedObjects\sgime_psglog.filemap3612904fa97
 1A88: Section       \Sessions\1\BaseNamedObjects\sgime_env_fm1.v2.filemap.sogouime904fa97
 1A94: Section       \Sessions\1\BaseNamedObjects\SogouIme_DictWriteManager_3__FileMap_u904fa97
 1A9C: Section       \Sessions\1\BaseNamedObjects\SogouIme_VersionManagerSharedTable__FileMap_u904fa97
 1AA4: Section       \Sessions\1\BaseNamedObjects\SGPY_GlobalConfig_Filemap_v0_u904fa97
 1AB8: Section       \Sessions\1\BaseNamedObjects\SGPY_sgim_quick_bin9.6.0.3612_Filemap_v1_u904fa97
 1AC0: Section       \Sessions\1\BaseNamedObjects\SGPY_SupportCharDict9.6.0.3612_Filemap_v1_u904fa97
 1AC8: Section       \Sessions\1\BaseNamedObjects\SGPY_PunctureDict9.6.0.3612_Filemap_v1_u904fa97
 1AD0: Section       \Sessions\1\BaseNamedObjects\SGPY_RpaDict9.6.0.3612_Filemap_v1_u904fa97
 1ADC: Section       \Sessions\1\BaseNamedObjects\SGPY_FixFirstDict_Filemap_v3_u904fa97
 1AE4: Section       \Sessions\1\BaseNamedObjects\SGPY_AbbrUsrDict_Filemap_v1_u904fa97
 1AE8: Section       \Sessions\1\BaseNamedObjects\fimemap_for_sogou_cloud3612904fa97
 1AF4: Section       \Sessions\1\AppContainerNamedObjects\S-1-15-2-1861897761-1695161497-2927542615-642690995-327840285-2659745135-2630312742\{F389A906-FA73-4483-86C6-6056FF65DC97}-Map-GLOBAL
 1B14: File  (RWD)   C:\Users\lenovo\AppData\Local\Packages\Microsoft.Windows.Cortana_cw5n1h2txyewy\LocalState\AppIconCache\125\Microsoft_ScreenSketch_8wekyb3d8bbwe!App
 1B4C: File  (RWD)   C:\Windows\Fonts\msyhbd.ttc
 1B94: File  (R-D)   C:\Windows\Fonts\StaticCache.dat
 1BA4: Section       \Sessions\1\AppContainerNamedObjects\S-1-15-2-1861897761-1695161497-2927542615-642690995-327840285-2659745135-2630312742\{F389A906-FA73-4483-86C6-6056FF65DC97}-Map-GLOBAL
 1BAC: File  (R-D)   C:\Program Files\WindowsApps\Microsoft.LanguageExperiencePackzh-CN_18362.24.72.0_neutral__8wekyb3d8bbwe\Windows\System32\zh-CN\msctf.dll.mui
 1BB8: File  (R--)   C:\Windows\Speech_OneCore\Engines\TTS\zh-CN\NUSData\M2052Hongyu.voiceAssistant.WVE
 1BBC: File  (RWD)   C:\Users\lenovo\AppData\Local\Packages\Microsoft.Windows.Cortana_cw5n1h2txyewy\LocalState\AppIconCache\125\{1AC14E77-02E7-4E5D-B744-2EB1AE5198B7}_cmd_exe
 1BC0: Section       \Sessions\1\AppContainerNamedObjects\S-1-15-2-1861897761-1695161497-2927542615-642690995-327840285-2659745135-2630312742\{F389A906-FA73-4483-86C6-6056FF65DC97}-Map-GLOBAL
 1BE4: Section       \Sessions\1\BaseNamedObjects\SogouImeActiveMap904fa97
 1C2C: File  (RWD)   C:\Users\lenovo\AppData\Local\Packages\Microsoft.Windows.Cortana_cw5n1h2txyewy\LocalState\AppIconCache\125\Microsoft_AutoGenerated_{2AA50A18-6D82-6E04-DE61-641A7330418F}
 1C30: File  (RWD)   C:\Users\lenovo\AppData\Local\Packages\Microsoft.Windows.Cortana_cw5n1h2txyewy\LocalState\AppIconCache\125\{1AC14E77-02E7-4E5D-B744-2EB1AE5198B7}_cmd_exe
 1C40: File  (RWD)   C:\Users\lenovo\AppData\Local\Packages\Microsoft.Windows.Cortana_cw5n1h2txyewy\LocalState\AppIconCache\125\{1AC14E77-02E7-4E5D-B744-2EB1AE5198B7}_cmd_exe
 1C78: File  (RWD)   C:\Users\lenovo\AppData\Local\Packages\Microsoft.Windows.Cortana_cw5n1h2txyewy\LocalState\AppIconCache\125\{1AC14E77-02E7-4E5D-B744-2EB1AE5198B7}_cmd_exe
 1CA0: File  (RWD)   C:\Users\lenovo\AppData\Local\Packages\Microsoft.Windows.Cortana_cw5n1h2txyewy\LocalState\AppIconCache\125\windows_immersivecontrolpanel_cw5n1h2txyewy!microsoft_windows_immersivecontrolpanel
 1CCC: Section       \Sessions\1\BaseNamedObjects\SGPY_NumFreqAdjustDict_Filemapv1_v1_u904fa97
 1CD0: File  (RWD)   C:\Users\lenovo\AppData\Local\Packages\Microsoft.Windows.Cortana_cw5n1h2txyewy\LocalState\AppIconCache\125\Microsoft_MicrosoftEdge_8wekyb3d8bbwe!MicrosoftEdge
 1CD4: File  (RWD)   C:\Users\lenovo\AppData\Local\Packages\Microsoft.Windows.Cortana_cw5n1h2txyewy\LocalState\AppIconCache\125\Microsoft_MicrosoftEdge_8wekyb3d8bbwe!MicrosoftEdge
 1D64: File  (RWD)   C:\Users\lenovo\AppData\Local\Packages\Microsoft.Windows.Cortana_cw5n1h2txyewy\LocalState\AppIconCache\125\Microsoft_MinecraftUWP_8wekyb3d8bbwe!App
 1D7C: File  (RW-)   C:\Windows\WinSxS\amd64_microsoft.windows.common-controls_6595b64144ccf1df_5.82.18362.778_none_2a29d4a64667eb69
 1DB8: Section       \Sessions\1\BaseNamedObjects\SGPY_sgim_eng_pre_bin9.6.0.3612_Filemap_v1_u904fa97
 1DC4: Section       \Sessions\1\BaseNamedObjects\SGPY_smartinfo9.6.0.3612_Filemap_v1_u904fa97
 1DCC: Section       \Sessions\1\BaseNamedObjects\SGPY_CloudCachecDict9.6.0.3612_Filemap_v1_u904fa97
 1DD4: Section       \Sessions\1\BaseNamedObjects\SGPY_CloudCachecDictLongWord9.6.0.3612_Filemap_v1_u904fa97
 1DDC: Section       \Sessions\1\BaseNamedObjects\SGPY_CloudCachecDictGrayWord9.6.0.3612_Filemap_v1_u904fa97
 1DE4: Section       \Sessions\1\BaseNamedObjects\SGPY_ExtDict_Filemap_v1_u904fa97
 1DEC: Section       \Sessions\1\BaseNamedObjects\SGPY_UsrExtDict_Filemap_v3_u904fa97
 1DF4: Section       \Sessions\1\BaseNamedObjects\SGPY_UserSpellModelDict_Filemap_v1_u904fa97
 1DFC: Section       \Sessions\1\BaseNamedObjects\SGPY_PrivilegeDict9.6.0.3612_Filemap_v1_u904fa97
 1E04: Section       \Sessions\1\BaseNamedObjects\SGPY_EngUsrDict_Filemap_v1_u904fa97
 1E0C: Section       \Sessions\1\BaseNamedObjects\SGPY_UrlUsrDict_Filemap_v3_u904fa97
 1E14: Section       \Sessions\1\BaseNamedObjects\SGPY_ClipBoardDict_Filemap_v1_u904fa97
 1E20: Section       \Sessions\1\BaseNamedObjects\SGPY_sgim_py_bin9.6.0.3612_Filemap_v1_u904fa97
 1E2C: Section       \Sessions\1\BaseNamedObjects\SGPY_sgim_hz_bin9.6.0.3612_Filemap_v1_u904fa97
 1E34: Section       \Sessions\1\BaseNamedObjects\SGPY_sgim_core_bin9.6.0.3612_Filemap_v1_u904fa97
 1E3C: Section       \Sessions\1\BaseNamedObjects\SGPY_sgim_annex_bin9.6.0.3612_Filemap_v1_u904fa97
 1E44: Section       \Sessions\1\BaseNamedObjects\SGPY_AbbrSysDict9.6.0.3612_Filemap_v1_u904fa97
 1E4C: Section       \Sessions\1\BaseNamedObjects\SGPY_sgim_eng_bin9.6.0.3612_Filemap_v1_u904fa97
 1E54: Section       \Sessions\1\BaseNamedObjects\SGPY_UsrDict_Filemap_v5_u904fa97
 1E5C: Section       \Sessions\1\BaseNamedObjects\SGPY_DelWordDict_Filemap_v1_u904fa97
 1E64: Section       \Sessions\1\BaseNamedObjects\SGPY_KeyPyMap_Filemap_v1_u904fa97
 1E78: Section       \Sessions\1\AppContainerNamedObjects\S-1-15-2-1861897761-1695161497-2927542615-642690995-327840285-2659745135-2630312742\C:*ProgramData*Microsoft*Windows*Caches*cversions.2.ro
 1E88: File  (RW-)   C:\Windows\WinSxS\amd64_microsoft.windows.gdiplus_6595b64144ccf1df_1.1.18362.778_none_17b1aa466d9fc986
 1EA0: File  (RWD)   C:\Windows\Fonts\YuGothR.ttc
 1EA4: File  (RWD)   C:\Users\lenovo\AppData\Local\Packages\Microsoft.Windows.Cortana_cw5n1h2txyewy\LocalState\AppIconCache\125\Microsoft_ScreenSketch_8wekyb3d8bbwe!App
 1EC4: File  (RWD)   C:\Users\lenovo\AppData\Local\Packages\Microsoft.Windows.Cortana_cw5n1h2txyewy\LocalState\AppIconCache\125\Microsoft_AutoGenerated_{2AA50A18-6D82-6E04-DE61-641A7330418F}
 1F04: File  (RWD)   C:\Users\lenovo\AppData\Local\Packages\Microsoft.Windows.Cortana_cw5n1h2txyewy\LocalState\AppIconCache\125\Microsoft_MinecraftUWP_8wekyb3d8bbwe!App
 1F0C: File  (RWD)   C:\Users\lenovo\AppData\Local\Packages\Microsoft.Windows.Cortana_cw5n1h2txyewy\LocalState\AppIconCache\125\{1AC14E77-02E7-4E5D-B744-2EB1AE5198B7}_cmd_exe
 1F10: File  (RWD)   C:\Users\lenovo\AppData\Local\Packages\Microsoft.Windows.Cortana_cw5n1h2txyewy\LocalState\AppIconCache\125\Microsoft_MinecraftUWP_8wekyb3d8bbwe!App
 1F50: File  (RWD)   C:\Users\lenovo\AppData\Local\Packages\Microsoft.Windows.Cortana_cw5n1h2txyewy\LocalState\AppIconCache\125\{1AC14E77-02E7-4E5D-B744-2EB1AE5198B7}_cmd_exe
 1F54: File  (RWD)   C:\Users\lenovo\AppData\Local\Packages\Microsoft.Windows.Cortana_cw5n1h2txyewy\LocalState\AppIconCache\125\{1AC14E77-02E7-4E5D-B744-2EB1AE5198B7}_cmd_exe
 1F58: File  (RWD)   C:\Users\lenovo\AppData\Local\Packages\Microsoft.Windows.Cortana_cw5n1h2txyewy\LocalState\AppIconCache\125\Microsoft_MinecraftUWP_8wekyb3d8bbwe!App
 1F74: File  (RWD)   C:\Users\lenovo\AppData\Local\Packages\Microsoft.Windows.Cortana_cw5n1h2txyewy\LocalState\AppIconCache\125\Microsoft_AutoGenerated_{2AA50A18-6D82-6E04-DE61-641A7330418F}
 1F78: File  (RWD)   C:\Users\lenovo\AppData\Local\Packages\Microsoft.Windows.Cortana_cw5n1h2txyewy\LocalState\AppIconCache\125\Microsoft_AutoGenerated_{2AA50A18-6D82-6E04-DE61-641A7330418F}
 1FB4: File  (RWD)   C:\Users\lenovo\AppData\Local\Packages\Microsoft.Windows.Cortana_cw5n1h2txyewy\LocalState\AppIconCache\125\{1AC14E77-02E7-4E5D-B744-2EB1AE5198B7}_mspaint_exe
 1FBC: File  (RWD)   C:\Users\lenovo\AppData\Local\Packages\Microsoft.Windows.Cortana_cw5n1h2txyewy\LocalState\AppIconCache\125\Microsoft_WindowsCalculator_8wekyb3d8bbwe!App
 1FC0: Section       \Sessions\1\BaseNamedObjects\C:*Users*lenovo*AppData*Local*Microsoft*Windows*Caches*{3DA71D5A-20CC-432F-A115-DFE92379E91F}.3.ver0x0000000000000462.db
 1FC8: File  (RWD)   C:\Users\lenovo\AppData\Local\Packages\Microsoft.Windows.Cortana_cw5n1h2txyewy\LocalState\AppIconCache\125\Microsoft_Windows_RemoteDesktop
 1FF8: File  (RWD)   C:\Users\lenovo\AppData\Local\Packages\Microsoft.Windows.Cortana_cw5n1h2txyewy\LocalState\AppIconCache\125\{7C5A40EF-A0FB-4BFC-874A-C0F2E0B9FA8E}_Microsoft Office_Office14_WINWORD_EXE
 2004: Section       \Sessions\1\BaseNamedObjects\C:*Users*lenovo*AppData*Local*Microsoft*Windows*Caches*cversions.3.ro
 2044: File  (RWD)   C:\Users\lenovo\AppData\Local\Packages\Microsoft.Windows.Cortana_cw5n1h2txyewy\LocalState\AppIconCache\125\{1AC14E77-02E7-4E5D-B744-2EB1AE5198B7}_mspaint_exe
 2048: File  (R-D)   C:\Program Files\WindowsApps\Microsoft.LanguageExperiencePackzh-CN_18362.24.72.0_neutral__8wekyb3d8bbwe\Windows\System32\zh-CN\StartTileData.dll.mui
 2068: File  (RWD)   C:\Users\lenovo\AppData\Local\Packages\Microsoft.Windows.Cortana_cw5n1h2txyewy\LocalState\AppIconCache\125\Microsoft_WindowsStore_8wekyb3d8bbwe!App
 207C: File  (RWD)   C:\Windows\Fonts\arial.ttf
 2098: File  (RWD)   C:\Users\lenovo\AppData\Local\Packages\Microsoft.Windows.Cortana_cw5n1h2txyewy\LocalState\AppIconCache\125\Microsoft_WindowsStore_8wekyb3d8bbwe!App
 20A4: File  (RWD)   C:\Users\lenovo\AppData\Local\Packages\Microsoft.Windows.Cortana_cw5n1h2txyewy\LocalState\AppIconCache\125\Microsoft_Windows_RemoteDesktop
 20A8: File  (RWD)   C:\Users\lenovo\AppData\Local\Packages\Microsoft.Windows.Cortana_cw5n1h2txyewy\LocalState\AppIconCache\125\Microsoft_MicrosoftEdge_8wekyb3d8bbwe!MicrosoftEdge
 20C4: File  (RWD)   C:\Users\lenovo\AppData\Local\Packages\Microsoft.Windows.Cortana_cw5n1h2txyewy\LocalState\AppIconCache\125\Microsoft_AutoGenerated_{2AA50A18-6D82-6E04-DE61-641A7330418F}
 20EC: Section       \Sessions\1\BaseNamedObjects\sogouime_psg.v1.filemap.sogouime3612904fa97
 20F8: File  (RWD)   C:\Users\lenovo\AppData\Local\Packages\Microsoft.Windows.Cortana_cw5n1h2txyewy\LocalState\AppIconCache\125\Microsoft_MicrosoftEdge_8wekyb3d8bbwe!MicrosoftEdge
 211C: File  (RWD)   C:\Users\lenovo\AppData\Local\Packages\Microsoft.Windows.Cortana_cw5n1h2txyewy\LocalState\AppIconCache\125\{1AC14E77-02E7-4E5D-B744-2EB1AE5198B7}_cmd_exe
 214C: File  (RWD)   C:\Users\lenovo\AppData\Local\Packages\Microsoft.Windows.Cortana_cw5n1h2txyewy\LocalState\AppIconCache\125\{1AC14E77-02E7-4E5D-B744-2EB1AE5198B7}_cmd_exe
 216C: File  (RWD)   C:\Users\lenovo\AppData\Local\Packages\Microsoft.Windows.Cortana_cw5n1h2txyewy\LocalState\AppIconCache\125\{7C5A40EF-A0FB-4BFC-874A-C0F2E0B9FA8E}_Microsoft Office_Office14_WINWORD_EXE
 2180: File  (RWD)   C:\Users\lenovo\AppData\Local\Packages\Microsoft.Windows.Cortana_cw5n1h2txyewy\LocalState\AppIconCache\125\{7C5A40EF-A0FB-4BFC-874A-C0F2E0B9FA8E}_Microsoft Office_Office14_WINWORD_EXE
 21B0: File  (RWD)   C:\Users\lenovo\AppData\Local\Packages\Microsoft.Windows.Cortana_cw5n1h2txyewy\LocalState\AppIconCache\125\Microsoft_WindowsCalculator_8wekyb3d8bbwe!App
 21BC: File  (RWD)   C:\Users\lenovo\AppData\Local\Packages\Microsoft.Windows.Cortana_cw5n1h2txyewy\LocalState\AppIconCache\125\Microsoft_Windows_RemoteDesktop
 21C0: Section       \Sessions\1\BaseNamedObjects\sgime_skin.Dpi120.v3.filemap.sogouime3612904fa97
 21D4: File  (RWD)   C:\Users\lenovo\AppData\Local\Packages\Microsoft.Windows.Cortana_cw5n1h2txyewy\LocalState\AppIconCache\125\Microsoft_MicrosoftEdge_8wekyb3d8bbwe!MicrosoftEdge
 2204: File  (RWD)   C:\Users\lenovo\AppData\Local\Packages\Microsoft.Windows.Cortana_cw5n1h2txyewy\LocalState\AppIconCache\125\Microsoft_AutoGenerated_{2AA50A18-6D82-6E04-DE61-641A7330418F}
 2210: File  (RWD)   C:\Users\lenovo\AppData\Local\Packages\Microsoft.Windows.Cortana_cw5n1h2txyewy\LocalState\AppIconCache\125\Microsoft_WindowsStore_8wekyb3d8bbwe!App
 2218: File  (RWD)   C:\Users\lenovo\AppData\Local\Packages\Microsoft.Windows.Cortana_cw5n1h2txyewy\LocalState\AppIconCache\125\Microsoft_WindowsStore_8wekyb3d8bbwe!App
 2224: File  (RWD)   C:\Users\lenovo\AppData\Local\Packages\Microsoft.Windows.Cortana_cw5n1h2txyewy\LocalState\AppIconCache\125\{1AC14E77-02E7-4E5D-B744-2EB1AE5198B7}_cmd_exe
 2234: Section       \Sessions\1\BaseNamedObjects\mem_usrzoneext.v5.u1.filemap.sogouime904fa97
 2248: File  (RWD)   C:\Users\lenovo\AppData\Local\Packages\Microsoft.Windows.Cortana_cw5n1h2txyewy\LocalState\AppIconCache\125\{1AC14E77-02E7-4E5D-B744-2EB1AE5198B7}_cmd_exe
 2298: File  (RWD)   C:\Users\lenovo\AppData\Local\Packages\Microsoft.Windows.Cortana_cw5n1h2txyewy\LocalState\AppIconCache\125\{1AC14E77-02E7-4E5D-B744-2EB1AE5198B7}_mspaint_exe
 22AC: Section       \Sessions\1\BaseNamedObjects\mem_usrzone.v5.u1.filemap.sogouime904fa97
 22B0: File  (RWD)   C:\Windows\Fonts\msjh.ttc
 22BC: Section       \Sessions\1\BaseNamedObjects\inputStatistics.v1.filemap.sogouime904fa97
 22D8: File  (R-D)   C:\Windows\SystemResources\edgehtml.dll.mun
 22E8: File  (RWD)   C:\Users\lenovo\AppData\Local\Packages\Microsoft.Windows.Cortana_cw5n1h2txyewy\LocalState\AppIconCache\125\Microsoft_MicrosoftEdge_8wekyb3d8bbwe!MicrosoftEdge
 2330: File  (RWD)   C:\Users\lenovo\AppData\Local\Packages\Microsoft.Windows.Cortana_cw5n1h2txyewy\LocalState\AppIconCache\125\windows_immersivecontrolpanel_cw5n1h2txyewy!microsoft_windows_immersivecontrolpanel
 236C: File  (RWD)   C:\Users\lenovo\AppData\Local\Packages\Microsoft.Windows.Cortana_cw5n1h2txyewy\LocalState\AppIconCache\125\{1AC14E77-02E7-4E5D-B744-2EB1AE5198B7}_cmd_exe
 2370: File  (RWD)   C:\Users\lenovo\AppData\Local\Packages\Microsoft.Windows.Cortana_cw5n1h2txyewy\LocalState\AppIconCache\125\Microsoft_ScreenSketch_8wekyb3d8bbwe!App
 2394: File  (RWD)   C:\Users\lenovo\AppData\Local\Packages\Microsoft.Windows.Cortana_cw5n1h2txyewy\LocalState\AppIconCache\125\windows_immersivecontrolpanel_cw5n1h2txyewy!microsoft_windows_immersivecontrolpanel
 23BC: File  (RWD)   C:\Users\lenovo\AppData\Local\Packages\Microsoft.Windows.Cortana_cw5n1h2txyewy\LocalState\AppIconCache\125\{1AC14E77-02E7-4E5D-B744-2EB1AE5198B7}_mspaint_exe
 23D8: File  (RWD)   C:\Users\lenovo\AppData\Local\Packages\Microsoft.Windows.Cortana_cw5n1h2txyewy\LocalState\AppIconCache\125\Microsoft_MicrosoftEdge_8wekyb3d8bbwe!MicrosoftEdge
 23E8: File  (RWD)   C:\Users\lenovo\AppData\Local\Packages\Microsoft.Windows.Cortana_cw5n1h2txyewy\LocalState\AppIconCache\125\{7C5A40EF-A0FB-4BFC-874A-C0F2E0B9FA8E}_Microsoft Office_Office14_WINWORD_EXE
------------------------------------------------------------------------------
lsmain.exe pid: 7644 LAPTOP-MHITGFCH\lenovo
   40: File  (RW-)   C:\Windows
   84: File  (RW-)   C:\Windows\SysWOW64
   B0: File  (RW-)   C:\Windows\WinSxS\x86_microsoft.windows.gdiplus_6595b64144ccf1df_1.1.18362.778_none_5f5ee11d821bf28c
  21C: Section       \Sessions\1\BaseNamedObjects\windows_shell_global_counters
------------------------------------------------------------------------------
audiodg.exe pid: 1336 NT AUTHORITY\LOCAL SERVICE
   40: File  (RW-)   C:\Windows\System32
  17C: File  (R-D)   C:\Program Files\WindowsApps\Microsoft.LanguageExperiencePackzh-CN_18362.24.72.0_neutral__8wekyb3d8bbwe\Windows\System32\zh-CN\audiodg.exe.mui
  19C: Section       \BaseNamedObjects\__ComCatalogCache__
  1B8: File  (R--)   C:\Windows\Registration\R00000000000d.clb
  1D8: Section       \BaseNamedObjects\__ComCatalogCache__
  CF4: File  (RW-)   C:\Windows\WinSxS\amd64_microsoft.windows.common-controls_6595b64144ccf1df_5.82.18362.778_none_2a29d4a64667eb69
  CFC: File  (RW-)   C:\Windows\WinSxS\amd64_microsoft.windows.gdiplus_6595b64144ccf1df_1.1.18362.778_none_17b1aa466d9fc986
  D28: File  (R-D)   C:\Program Files\WindowsApps\Microsoft.LanguageExperiencePackzh-CN_18362.24.72.0_neutral__8wekyb3d8bbwe\Windows\System32\zh-CN\MMDevAPI.dll.mui
------------------------------------------------------------------------------
WmiPrvSE.exe pid: 9840 NT AUTHORITY\SYSTEM
   40: File  (RW-)   C:\Windows
   84: File  (RW-)   C:\Windows\SysWOW64
  1C0: File  (R-D)   C:\Program Files\WindowsApps\Microsoft.LanguageExperiencePackzh-CN_18362.24.72.0_neutral__8wekyb3d8bbwe\Windows\System32\zh-CN\user32.dll.mui
  1FC: Section       \BaseNamedObjects\Wmi Provider Sub System Counters
  22C: Section       \BaseNamedObjects\__ComCatalogCache__
  238: Section       \BaseNamedObjects\__ComCatalogCache__
  23C: File  (R--)   C:\Windows\Registration\R00000000000d.clb
  284: Section       \...\Cor_SxSPublic_IPCBlock
  538: Section       \...\Cor_SxSPublic_IPCBlock
  698: File  (RW-)   C:\Windows\WinSxS\x86_microsoft.vc90.crt_1fc8b3b9a1e18e3b_9.0.30729.9619_none_508d9c7abcbd32b6
  6A8: File  (RW-)   C:\Windows\WinSxS\x86_microsoft.vc90.crt_1fc8b3b9a1e18e3b_9.0.30729.9619_none_508d9c7abcbd32b6
  6BC: File  (RW-)   C:\Windows\WinSxS\x86_microsoft.windows.common-controls_6595b64144ccf1df_6.0.18362.778_none_2e73ee38278978be
  6FC: Section       \...\Cor_SxSPublic_IPCBlock
  744: Section       \...\Cor_SxSPublic_IPCBlock
------------------------------------------------------------------------------
FlashHelperService.exe pid: 9996 LAPTOP-MHITGFCH\lenovo
   40: File  (RW-)   C:\Windows
   84: File  (RW-)   C:\Windows\SysWOW64
   C0: File  (RW-)   C:\Windows\WinSxS\x86_microsoft.windows.common-controls_6595b64144ccf1df_5.82.18362.778_none_71d70b7d5ae4146f
   D4: File  (RW-)   C:\Windows\WinSxS\x86_microsoft.windows.gdiplus_6595b64144ccf1df_1.1.18362.778_none_5f5ee11d821bf28c
  2B4: File  (R-D)   C:\Program Files\WindowsApps\Microsoft.LanguageExperiencePackzh-CN_18362.24.72.0_neutral__8wekyb3d8bbwe\Windows\System32\zh-CN\user32.dll.mui
------------------------------------------------------------------------------
Lenovo.Modern.ImController.PluginHost.SettingsApp.exe pid: 10864 LAPTOP-MHITGFCH\lenovo
   40: File  (RW-)   C:\Windows\System32
  178: Section       \...\Cor_SxSPublic_IPCBlock
  17C: Section       \BaseNamedObjects\Cor_Private_IPCBlock_v4_10864
  28C: File  (R--)   C:\Windows\assembly\pubpol208.dat
  290: File  (R-D)   C:\Windows\Lenovo\ImController\PluginHost\Lenovo.Modern.Utilities.dll
  32C: Section       \Sessions\1\BaseNamedObjects\windows_shell_global_counters
  33C: File  (R-D)   C:\Windows\Lenovo\ImController\PluginHost\Lenovo.Modern.ImController.PluginHost.AppDomain.dll
  378: File  (R-D)   C:\Windows\Lenovo\ImController\PluginHost\Lenovo.Modern.ImController.Shared.dll
  398: Section       \BaseNamedObjects\__ComCatalogCache__
  418: File  (R-D)   C:\Windows\Microsoft.NET\assembly\GAC_MSIL\mscorlib.Resources\v4.0_4.0.0.0_zh-HANS_b77a5c561934e089\mscorlib.resources.dll
  448: File  (R-D)   C:\Windows\Lenovo\ImController\PluginHost\Lenovo.Modern.ImController.ImClient.dll
  498: File  (R--)   C:\Windows\assembly\pubpol208.dat
  4A8: File  (R-D)   C:\Program Files\WindowsApps\Microsoft.LanguageExperiencePackzh-CN_18362.24.72.0_neutral__8wekyb3d8bbwe\Windows\System32\zh-CN\KernelBase.dll.mui
  520: File  (R-D)   C:\Program Files\WindowsApps\Microsoft.LanguageExperiencePackzh-CN_18362.24.72.0_neutral__8wekyb3d8bbwe\Windows\System32\zh-CN\crypt32.dll.mui
  730: File  (R-D)   C:\ProgramData\Lenovo\ImController\Plugins\DolbyAudioPlugin\x64\Lenovo.Modern.Utilities.dll
  75C: File  (R-D)   C:\Windows\Microsoft.NET\assembly\GAC_MSIL\System\v4.0_4.0.0.0__b77a5c561934e089\System.dll
  764: File  (R-D)   C:\Windows\Microsoft.NET\assembly\GAC_MSIL\System.Configuration\v4.0_4.0.0.0__b03f5f7f11d50a3a\System.Configuration.dll
  768: File  (R-D)   C:\Windows\Microsoft.NET\assembly\GAC_MSIL\System.Xml\v4.0_4.0.0.0__b77a5c561934e089\System.XML.dll
  7AC: Section       \Sessions\1\BaseNamedObjects\UrlZonesSM_lenovo
  7C0: File  (R-D)   C:\Windows\Microsoft.NET\assembly\GAC_MSIL\System.Xml\v4.0_4.0.0.0__b77a5c561934e089\System.XML.dll
  7D0: File  (R-D)   C:\Windows\Lenovo\ImController\PluginHost\Lenovo.Modern.ImController.PluginHost.UnmanagedPluginShim.dll
  7E0: File  (R-D)   C:\ProgramData\Lenovo\ImController\Plugins\DolbyAudioPlugin\x64\DolbyAudioPlugin.dll
  7E8: File  (R-D)   C:\Windows\Microsoft.NET\assembly\GAC_MSIL\System.Core\v4.0_4.0.0.0__b77a5c561934e089\System.Core.dll
  7EC: File  (R-D)   C:\ProgramData\Lenovo\ImController\Plugins\DolbyAudioPlugin\x64\Lenovo.Modern.ImController.ImClient.dll
  7F8: File  (R-D)   C:\ProgramData\Lenovo\ImController\Plugins\DolbyAudioPlugin\x64\Lenovo.Modern.CoreTypes.dll
  84C: File  (R-D)   C:\ProgramData\Lenovo\ImController\Plugins\DolbyAudioPlugin\x64\DolbyHSASupport.dll
  854: File  (R-D)   C:\ProgramData\Lenovo\ImController\Plugins\DolbyAudioPlugin\x64\Lenovo.Multimedia.Contracts.AudioProfile.dll
  85C: File  (R-D)   C:\Windows\Microsoft.NET\assembly\GAC_MSIL\System.Collections\v4.0_4.0.0.0__b03f5f7f11d50a3a\System.Collections.dll
  898: File  (R-D)   C:\ProgramData\Lenovo\ImController\Plugins\DolbyAudioPlugin\x64\Lenovo.Multimedia.ConsoleDispatch.Dolby.dll
  89C: File  (R-D)   C:\ProgramData\Lenovo\ImController\Plugins\DolbyAudioPlugin\x64\Lenovo.Multimedia.Core.CoreDolby.dll
  8AC: Section       \BaseNamedObjects\__ComCatalogCache__
  8B0: File  (R--)   C:\Windows\Registration\R00000000000d.clb
  8DC: Section       \Sessions\1\BaseNamedObjects\C:*ProgramData*Microsoft*Windows*Caches*cversions.2.ro
  8F4: File  (R--)   C:\ProgramData\DP45977C.lfl
  93C: Section       \Sessions\1\BaseNamedObjects\C:*ProgramData*Microsoft*Windows*Caches*{6AF0698E-D558-4F6E-9B3C-3716689AF493}.2.ver0x0000000000000001.db
  940: Section       \Sessions\1\BaseNamedObjects\C:*ProgramData*Microsoft*Windows*Caches*cversions.2.ro
  944: Section       \Sessions\1\BaseNamedObjects\C:*ProgramData*Microsoft*Windows*Caches*{DDF571F2-BE98-426D-8288-1A9A39C3FDA2}.2.ver0x0000000000000001.db
  948: File  (R-D)   C:\Program Files\WindowsApps\Microsoft.LanguageExperiencePackzh-CN_18362.24.72.0_neutral__8wekyb3d8bbwe\Windows\System32\zh-CN\propsys.dll.mui
  958: Section       \BaseNamedObjects\windows_shell_global_counters
  9F0: File  (R-D)   C:\Windows\Microsoft.NET\assembly\GAC_MSIL\System.Configuration\v4.0_4.0.0.0__b03f5f7f11d50a3a\System.Configuration.dll
  A00: File  (R-D)   C:\Windows\Microsoft.NET\assembly\GAC_MSIL\System.Security\v4.0_4.0.0.0__b03f5f7f11d50a3a\System.Security.dll
------------------------------------------------------------------------------
Lenovo.Modern.ImController.PluginHost.Device.exe pid: 17244 LAPTOP-MHITGFCH\lenovo
   40: File  (RW-)   C:\Windows
   84: File  (RW-)   C:\Windows\SysWOW64
  1BC: Section       \...\Cor_SxSPublic_IPCBlock
  1C0: Section       \BaseNamedObjects\Cor_Private_IPCBlock_v4_17244
  2DC: File  (R--)   C:\Windows\assembly\pubpol208.dat
  2E0: File  (R-D)   C:\Windows\Lenovo\ImController\PluginHost86\Lenovo.Modern.Utilities.dll
  378: Section       \Sessions\1\BaseNamedObjects\windows_shell_global_counters
  388: File  (R-D)   C:\Windows\Lenovo\ImController\PluginHost86\Lenovo.Modern.ImController.PluginHost.AppDomain.dll
  3C4: File  (R-D)   C:\Windows\Lenovo\ImController\PluginHost86\Lenovo.Modern.ImController.Shared.dll
  3E0: Section       \BaseNamedObjects\__ComCatalogCache__
  460: File  (R-D)   C:\Windows\Microsoft.NET\assembly\GAC_MSIL\mscorlib.Resources\v4.0_4.0.0.0_zh-HANS_b77a5c561934e089\mscorlib.resources.dll
  49C: File  (R-D)   C:\Windows\Lenovo\ImController\PluginHost86\Lenovo.Modern.ImController.ImClient.dll
  4EC: File  (R-D)   C:\Program Files\WindowsApps\Microsoft.LanguageExperiencePackzh-CN_18362.24.72.0_neutral__8wekyb3d8bbwe\Windows\System32\zh-CN\KernelBase.dll.mui
  550: File  (R-D)   C:\ProgramData\Lenovo\ImController\Plugins\LenovoDeviceMetricsPlugin\x86\LenovoDeviceMetricsPlugin.dll
  56C: File  (R-D)   C:\Program Files\WindowsApps\Microsoft.LanguageExperiencePackzh-CN_18362.24.72.0_neutral__8wekyb3d8bbwe\Windows\System32\zh-CN\crypt32.dll.mui
  758: File  (R-D)   C:\ProgramData\Lenovo\ImController\Plugins\LenovoDeviceMetricsPlugin\x86\Lenovo.Modern.ImController.ImClient.dll
  760: File  (R-D)   C:\Windows\Lenovo\ImController\PluginHost86\Lenovo.Modern.ImController.PluginHost.UnmanagedPluginShim.dll
  778: File  (R-D)   C:\ProgramData\Lenovo\ImController\Plugins\LenovoDeviceMetricsPlugin\x86\LenovoDeviceMetricsPlugin.DMCore.dll
  77C: File  (R-D)   C:\Windows\Microsoft.NET\assembly\GAC_MSIL\System.Core\v4.0_4.0.0.0__b77a5c561934e089\System.Core.dll
  784: File  (R--)   C:\Windows\assembly\pubpol208.dat
  798: Section       \Sessions\1\BaseNamedObjects\UrlZonesSM_lenovo
  804: File  (R-D)   C:\ProgramData\Lenovo\ImController\Plugins\LenovoDeviceMetricsPlugin\x86\Lenovo.Modern.Utilities.dll
  80C: File  (R-D)   C:\Windows\Microsoft.NET\assembly\GAC_MSIL\System\v4.0_4.0.0.0__b77a5c561934e089\System.dll
  81C: File  (R-D)   C:\Windows\Microsoft.NET\assembly\GAC_MSIL\System.Configuration\v4.0_4.0.0.0__b03f5f7f11d50a3a\System.Configuration.dll
  820: File  (R-D)   C:\ProgramData\Lenovo\ImController\Plugins\LenovoDeviceMetricsPlugin\x86\Lenovo.Modern.CoreTypes.dll
  830: File  (R-D)   C:\Windows\Microsoft.NET\assembly\GAC_MSIL\System.Configuration\v4.0_4.0.0.0__b03f5f7f11d50a3a\System.Configuration.dll
  834: File  (R-D)   C:\Windows\Microsoft.NET\assembly\GAC_MSIL\System.Xml\v4.0_4.0.0.0__b77a5c561934e089\System.XML.dll
  840: File  (R-D)   C:\Windows\Microsoft.NET\assembly\GAC_MSIL\System.Xml\v4.0_4.0.0.0__b77a5c561934e089\System.XML.dll
  844: File  (R-D)   C:\Windows\Microsoft.NET\assembly\GAC_MSIL\System.Windows.Forms\v4.0_4.0.0.0__b77a5c561934e089\System.Windows.Forms.dll
  850: File  (R-D)   C:\ProgramData\Lenovo\ImController\Plugins\LenovoDeviceMetricsPlugin\x86\LenovoDeviceMetricsPlugin.WindowsSessionModule.dll
  854: File  (R-D)   C:\ProgramData\Lenovo\ImController\Plugins\LenovoDeviceMetricsPlugin\x86\LenovoDeviceMetricsPlugin.BatteryModule.dll
  858: File  (R-D)   C:\Windows\Microsoft.NET\assembly\GAC_MSIL\System.Drawing\v4.0_4.0.0.0__b03f5f7f11d50a3a\System.Drawing.dll
  860: File  (R-D)   C:\Windows\Microsoft.NET\assembly\GAC_MSIL\System.Core\v4.0_4.0.0.0__b77a5c561934e089\System.Core.dll
  864: File  (R-D)   C:\ProgramData\Lenovo\ImController\Plugins\LenovoDeviceMetricsPlugin\x86\LenovoDeviceMetricsPlugin.SysInfoModule.dll
  86C: File  (R-D)   C:\ProgramData\Lenovo\ImController\Plugins\LenovoDeviceMetricsPlugin\x86\LenovoDeviceMetricsPlugin.InstalledDriverModule.dll
  874: File  (R-D)   C:\ProgramData\Lenovo\ImController\Plugins\LenovoDeviceMetricsPlugin\x86\LenovoDeviceMetricsPlugin.SWUsageModule.dll
  87C: File  (R-D)   C:\ProgramData\Lenovo\ImController\Plugins\LenovoDeviceMetricsPlugin\x86\LenovoDeviceMetricsPlugin.IOPortModule.dll
  884: File  (R-D)   C:\ProgramData\Lenovo\ImController\Plugins\LenovoDeviceMetricsPlugin\x86\LenovoDeviceMetricsPlugin.USBModule.dll
  888: File  (R-D)   C:\ProgramData\Lenovo\ImController\Plugins\LenovoDeviceMetricsPlugin\x86\LenovoDeviceMetricsPlugin.PowerEventModule.dll
  894: File  (R-D)   C:\ProgramData\Lenovo\ImController\Plugins\LenovoDeviceMetricsPlugin\x86\LenovoDeviceMetricsPlugin.DisplayModule.dll
  89C: File  (R-D)   C:\ProgramData\Lenovo\ImController\Plugins\LenovoDeviceMetricsPlugin\x86\Lenovo.DeviceMetricsPlugin.SystemUpdateModule.dll
  8A4: File  (R-D)   C:\ProgramData\Lenovo\ImController\Plugins\LenovoDeviceMetricsPlugin\x86\LenovoDeviceMetricsPlugin.NeverCrashModule.dll
  8AC: File  (R-D)   C:\ProgramData\Lenovo\ImController\Plugins\LenovoDeviceMetricsPlugin\x86\LenovoDeviceMetricsPlugin.CardReaderModule.dll
  8B4: File  (R-D)   C:\ProgramData\Lenovo\ImController\Plugins\LenovoDeviceMetricsPlugin\x86\LenovoDeviceMetricsPlugin.ForegroundAppUsageModule.dll
  8BC: File  (R-D)   C:\ProgramData\Lenovo\ImController\Plugins\LenovoDeviceMetricsPlugin\x86\LenovoDeviceMetricsPlugin.DriveStorageModule.dll
  8C4: File  (R-D)   C:\ProgramData\Lenovo\ImController\Plugins\LenovoDeviceMetricsPlugin\x86\LenovoDeviceMetricsPlugin.OpticalDriveModule.dll
  8CC: File  (R-D)   C:\ProgramData\Lenovo\ImController\Plugins\LenovoDeviceMetricsPlugin\x86\LenovoDeviceMetricsPlugin.WifiModule.dll
  8D4: File  (R-D)   C:\ProgramData\Lenovo\ImController\Plugins\LenovoDeviceMetricsPlugin\x86\LenovoDeviceMetricsPlugin.MouseActivityModule.dll
  8DC: File  (R-D)   C:\ProgramData\Lenovo\ImController\Plugins\LenovoDeviceMetricsPlugin\x86\LenovoDeviceMetricsPlugin.CameraModule.dll
  8E4: File  (R-D)   C:\ProgramData\Lenovo\ImController\Plugins\LenovoDeviceMetricsPlugin\x86\LenovoDeviceMetricsPlugin.ModeModule.dll
  8E8: File  (R-D)   C:\ProgramData\Lenovo\ImController\Plugins\LenovoDeviceMetricsPlugin\x86\LenovoDeviceMetricsPlugin.UserInfoModule.dll
  91C: File  (R-D)   C:\Windows\Microsoft.NET\assembly\GAC_32\System.Data\v4.0_4.0.0.0__b77a5c561934e089\System.Data.dll
  9C4: File  (R-D)   C:\ProgramData\Lenovo\ImController\Plugins\LenovoDeviceMetricsPlugin\x86\Lenovo.QualityStats.dll
  9C8: File  (R-D)   C:\ProgramData\Lenovo\ImController\Plugins\LenovoDeviceMetricsPlugin\x86\Lenovo.RuntimeFullPathDllImport.dll
  9E4: File  (R-D)   C:\ProgramData\Lenovo\ImController\Plugins\LenovoDeviceMetricsPlugin\x86\SecureBlackbox.XMLSecurity.dll
  9E8: File  (R-D)   C:\Windows\Microsoft.NET\assembly\GAC_MSIL\System.Security\v4.0_4.0.0.0__b03f5f7f11d50a3a\System.Security.dll
  9FC: File  (RW-)   C:\Users\lenovo\AppData\Local\lenovo\ImController\PluginData\LenovoDeviceMetricsPlugin\ChinaCacheData\P928MZF9IN03_DB74A0B085DD6E0DDA6DEF254379DAE6.db-shm
  A20: File  (RW-)   C:\Users\lenovo\AppData\Local\lenovo\ImController\PluginData\LenovoDeviceMetricsPlugin\ChinaCacheData\P928MZF9IN03_DB74A0B085DD6E0DDA6DEF254379DAE6.db-wal
  A24: File  (RW-)   C:\Users\lenovo\AppData\Local\lenovo\ImController\PluginData\LenovoDeviceMetricsPlugin\ChinaCacheData\P928MZF9IN03_DB74A0B085DD6E0DDA6DEF254379DAE6.db
  A60: File  (R-D)   C:\Windows\Microsoft.NET\assembly\GAC_MSIL\System.Management\v4.0_4.0.0.0__b03f5f7f11d50a3a\System.Management.dll
  A80: Section       \BaseNamedObjects\__ComCatalogCache__
  A84: File  (R--)   C:\Windows\Registration\R00000000000d.clb
  AE4: File  (R-D)   C:\Program Files\WindowsApps\Microsoft.LanguageExperiencePackzh-CN_18362.24.72.0_neutral__8wekyb3d8bbwe\Windows\System32\zh-CN\winnlsres.dll.mui
  AF4: File  (R-D)   C:\Program Files\WindowsApps\Microsoft.LanguageExperiencePackzh-CN_18362.24.72.0_neutral__8wekyb3d8bbwe\Windows\System32\zh-CN\mswsock.dll.mui
  B80: File  (R-D)   C:\ProgramData\Lenovo\ImController\Plugins\LenovoDeviceMetricsPlugin\x86\SecureBlackbox.HTTP.dll
  CA4: File  (R-D)   C:\ProgramData\Lenovo\ImController\Plugins\LenovoDeviceMetricsPlugin\x86\Lenovo.CertificateValidation.dll
  CB0: File  (R-D)   C:\ProgramData\Lenovo\ImController\Plugins\LenovoDeviceMetricsPlugin\x86\SecureBlackbox.dll
  CB4: File  (R-D)   C:\ProgramData\Lenovo\ImController\Plugins\LenovoDeviceMetricsPlugin\x86\SecureBlackbox.LDAP.dll
  CBC: Section       \BaseNamedObjects\NLS_CodePage_936_3_2_0_0
  CC4: File  (R-D)   C:\ProgramData\Lenovo\ImController\Plugins\LenovoDeviceMetricsPlugin\x86\SecureBlackbox.XML.dll
  CE8: File  (RW-)   C:\Windows\WinSxS\x86_microsoft.windows.common-controls_6595b64144ccf1df_5.82.18362.778_none_71d70b7d5ae4146f
  D4C: Section       \Windows\Theme2514694826
  D54: Section       \Sessions\1\Windows\Theme3897123807
  DA0: File  (R-D)   C:\Windows\Microsoft.NET\assembly\GAC_MSIL\System.Xml.Linq\v4.0_4.0.0.0__b77a5c561934e089\System.Xml.Linq.dll
  DA4: File  (R-D)   C:\Windows\Microsoft.NET\assembly\GAC_MSIL\System.Runtime.Serialization\v4.0_4.0.0.0__b77a5c561934e089\System.Runtime.Serialization.dll
  DC4: File  (R-D)   C:\Windows\Microsoft.NET\assembly\GAC_MSIL\System.Runtime.Serialization\v4.0_4.0.0.0__b77a5c561934e089\System.Runtime.Serialization.dll
  DC8: File  (R-D)   C:\Program Files\WindowsApps\Microsoft.LanguageExperiencePackzh-CN_18362.24.72.0_neutral__8wekyb3d8bbwe\Windows\System32\zh-CN\user32.dll.mui
 106C: File  (R-D)   C:\Program Files\WindowsApps\Microsoft.LanguageExperiencePackzh-CN_18362.24.72.0_neutral__8wekyb3d8bbwe\Windows\System32\zh-CN\fwpuclnt.dll.mui
 10BC: File  (RW-)   C:\Windows\WinSxS\x86_microsoft.vc90.crt_1fc8b3b9a1e18e3b_9.0.30729.9619_none_508d9c7abcbd32b6
 1154: File  (RW-)   C:\Windows\WinSxS\x86_microsoft.vc90.crt_1fc8b3b9a1e18e3b_9.0.30729.9619_none_508d9c7abcbd32b6
 1168: File  (RW-)   C:\Windows\WinSxS\x86_microsoft.windows.common-controls_6595b64144ccf1df_6.0.18362.778_none_2e73ee38278978be
------------------------------------------------------------------------------
chrome.exe pid: 15748 LAPTOP-MHITGFCH\lenovo
   8C: File  (RW-)   C:\Users\lenovo\AppData\Local\Google\Chrome\Application\80.0.3987.132
   A4: File  (RW-)   C:\Users\lenovo\AppData\Local\Google\Chrome\Application\80.0.3987.132
   B8: File  (RWD)   C:\Users\lenovo\AppData\Local\Google\Chrome\User Data\Subresource Filter\Indexed Rules\26\9.12.0\Ruleset Data
   FC: File  (R--)   C:\Windows\Fonts\arialbd.ttf
  1F4: File  (RW-)   C:\Users\lenovo\AppData\Local\Google\Chrome\Application\80.0.3987.132\icudtl.dat
  1FC: File  (RW-)   C:\Users\lenovo\AppData\Local\Google\Chrome\Application\80.0.3987.132\v8_context_snapshot.bin
  204: File  (RW-)   C:\Users\lenovo\AppData\Local\Google\Chrome\Application\80.0.3987.132\chrome_100_percent.pak
  20C: File  (RW-)   C:\Users\lenovo\AppData\Local\Google\Chrome\Application\80.0.3987.132\chrome_200_percent.pak
  218: File  (RW-)   C:\Users\lenovo\AppData\Local\Google\Chrome\Application\80.0.3987.132\Locales\zh-CN.pak
  21C: File  (RW-)   C:\Users\lenovo\AppData\Local\Google\Chrome\Application\80.0.3987.132\resources.pak
  2EC: File  (RW-)   C:\Users\lenovo\AppData\Local\Google\Chrome\Application\Dictionaries\en-US-8-0.bdic
  3A4: File  (RWD)   C:\Users\lenovo\AppData\Local\Google\Chrome\User Data\Subresource Filter\Indexed Rules\26\9.12.0\Ruleset Data
  3B4: File  (R--)   C:\Windows\Fonts\tahoma.ttf
  3C0: File  (R--)   C:\Windows\Fonts\simsun.ttc
  3C8: File  (R--)   C:\Windows\Fonts\tahoma.ttf
  3D4: File  (R--)   C:\Windows\Fonts\arial.ttf
  3E0: File  (R--)   C:\Windows\Fonts\arialbi.ttf
  3F0: File  (R--)   C:\Windows\Fonts\ariali.ttf
  3F4: File  (R--)   C:\Windows\Fonts\ARIALN.TTF
  3F8: File  (R--)   C:\Windows\Fonts\ARIALNB.TTF
  3FC: File  (R--)   C:\Windows\Fonts\ARIALNBI.TTF
  404: File  (R--)   C:\Windows\Fonts\ARIALNI.TTF
  40C: File  (R--)   C:\Windows\Fonts\ariblk.ttf
  414: File  (R--)   C:\Windows\Fonts\msyhl.ttc
  438: File  (R--)   C:\Windows\Fonts\msyhl.ttc
  43C: File  (R--)   C:\Windows\Fonts\arialbd.ttf
  454: File  (R--)   C:\Windows\Fonts\tahomabd.ttf
  458: File  (R--)   C:\Windows\Fonts\arial.ttf
  468: File  (R--)   C:\Windows\Fonts\msyh.ttc
  46C: File  (R--)   C:\Windows\Fonts\msyhbd.ttc
  470: File  (R--)   C:\Windows\Fonts\msyhl.ttc
  474: File  (R--)   C:\Windows\Fonts\msyh.ttc
  480: File  (R--)   C:\Windows\Fonts\arial.ttf
  488: File  (R--)   C:\Windows\Fonts\msyh.ttc
  490: File  (R--)   C:\Windows\Fonts\msyhbd.ttc
  4C8: File  (R--)   C:\Windows\Fonts\arialbd.ttf
  4D0: File  (R--)   C:\Windows\Fonts\msyhbd.ttc
  4DC: File  (R--)   C:\Windows\Fonts\ariali.ttf
  548: File  (R--)   C:\Windows\Fonts\ariali.ttf
  574: File  (R--)   C:\Windows\Fonts\simsun.ttc
  5B4: File  (R--)   C:\Windows\Fonts\simsun.ttc
  5C0: File  (R--)   C:\Windows\Fonts\tahomabd.ttf
  5C8: File  (R--)   C:\Windows\Fonts\tahoma.ttf
  5D4: File  (R--)   C:\Windows\Fonts\tahomabd.ttf
  634: File  (R--)   C:\Windows\Fonts\msyh.ttc
------------------------------------------------------------------------------
chrome.exe pid: 16992 LAPTOP-MHITGFCH\lenovo
   8C: File  (RW-)   C:\Users\lenovo\AppData\Local\Google\Chrome\Application\80.0.3987.132
   A4: File  (RW-)   C:\Users\lenovo\AppData\Local\Google\Chrome\Application\80.0.3987.132
  1E8: File  (RW-)   C:\Users\lenovo\AppData\Local\Google\Chrome\Application\80.0.3987.132\icudtl.dat
  1F0: File  (RW-)   C:\Users\lenovo\AppData\Local\Google\Chrome\Application\80.0.3987.132\v8_context_snapshot.bin
  1F8: File  (RW-)   C:\Users\lenovo\AppData\Local\Google\Chrome\Application\80.0.3987.132\chrome_100_percent.pak
  200: File  (RW-)   C:\Users\lenovo\AppData\Local\Google\Chrome\Application\80.0.3987.132\chrome_200_percent.pak
  20C: File  (RW-)   C:\Users\lenovo\AppData\Local\Google\Chrome\Application\80.0.3987.132\Locales\zh-CN.pak
  210: File  (RW-)   C:\Users\lenovo\AppData\Local\Google\Chrome\Application\80.0.3987.132\resources.pak
  318: Section       \BaseNamedObjects\__ComCatalogCache__
  324: Section       \BaseNamedObjects\__ComCatalogCache__
  328: File  (R--)   C:\Windows\Registration\R00000000000d.clb
  39C: File  (R-D)   C:\Program Files\WindowsApps\Microsoft.LanguageExperiencePackzh-CN_18362.24.72.0_neutral__8wekyb3d8bbwe\Windows\System32\zh-CN\wdmaud.drv.mui
  3A8: File  (R-D)   C:\Program Files\WindowsApps\Microsoft.LanguageExperiencePackzh-CN_18362.24.72.0_neutral__8wekyb3d8bbwe\Windows\System32\zh-CN\MMDevAPI.dll.mui
------------------------------------------------------------------------------
QQExternal.exe pid: 7336 LAPTOP-MHITGFCH\lenovo
   44: File  (RW-)   C:\Windows
  28C: File  (RW-)   C:\Windows\WinSxS\x86_microsoft.windows.common-controls_6595b64144ccf1df_6.0.18362.778_none_2e73ee38278978be
  2A4: File  (R-D)   C:\Program Files\WindowsApps\Microsoft.LanguageExperiencePackzh-CN_18362.24.72.0_neutral__8wekyb3d8bbwe\Windows\System32\zh-CN\msvfw32.dll.mui
  2BC: File  (R-D)   C:\Program Files\WindowsApps\Microsoft.LanguageExperiencePackzh-CN_18362.24.72.0_neutral__8wekyb3d8bbwe\Windows\System32\zh-CN\avicap32.dll.mui
  31C: Section       \Sessions\1\BaseNamedObjects\windows_shell_global_counters
  430: File  (R-D)   C:\Program Files\WindowsApps\Microsoft.LanguageExperiencePackzh-CN_18362.24.72.0_neutral__8wekyb3d8bbwe\Windows\System32\zh-CN\crypt32.dll.mui
  610: File  (RW-)   F:\QQ\Bin\qb_100_percent.pak
  614: File  (RW-)   F:\QQ\Bin\locales\zh-CN.pak
  620: File  (RW-)   F:\QQ\Bin\natives_blob.bin
  624: File  (RW-)   F:\QQ\Bin
  628: File  (RW-)   F:\QQ\Bin\qb.pak
  660: File  (RW-)   F:\QQ\Bin\icudtl.dat
  668: File  (RW-)   F:\QQ\Bin\snapshot_blob.bin
  678: File  (RW-)   C:\Windows\WinSxS\x86_microsoft.windows.common-controls_6595b64144ccf1df_6.0.18362.778_none_2e73ee38278978be
  7A0: File  (R-D)   C:\Windows\Fonts\StaticCache.dat
------------------------------------------------------------------------------
WmiApSrv.exe pid: 15260 NT AUTHORITY\SYSTEM
   40: File  (RW-)   C:\Windows\System32
  1C8: File  (R-D)   C:\Program Files\WindowsApps\Microsoft.LanguageExperiencePackzh-CN_18362.24.72.0_neutral__8wekyb3d8bbwe\Windows\System32\wbem\zh-CN\WmiApSrv.exe.mui
  1E8: Section       \BaseNamedObjects\__ComCatalogCache__
  1F4: Section       \BaseNamedObjects\__ComCatalogCache__
  1F8: File  (R--)   C:\Windows\Registration\R00000000000d.clb
------------------------------------------------------------------------------
SpeechRuntime.exe pid: 14556 LAPTOP-MHITGFCH\lenovo
   40: File  (RW-)   C:\Windows\System32
  1BC: Section       \BaseNamedObjects\__ComCatalogCache__
  1C8: Section       \BaseNamedObjects\__ComCatalogCache__
  1CC: File  (R--)   C:\Windows\Registration\R00000000000d.clb
  374: File  (R-D)   C:\Program Files\WindowsApps\Microsoft.LanguageExperiencePackzh-CN_18362.24.72.0_neutral__8wekyb3d8bbwe\Windows\System32\zh-CN\kernel32.dll.mui
  3F0: File  (R-D)   C:\Program Files\WindowsApps\Microsoft.LanguageExperiencePackzh-CN_18362.24.72.0_neutral__8wekyb3d8bbwe\Windows\System32\zh-CN\MMDevAPI.dll.mui
  430: File  (R-D)   C:\Program Files\WindowsApps\Microsoft.LanguageExperiencePackzh-CN_18362.24.72.0_neutral__8wekyb3d8bbwe\Windows\System32\zh-CN\winnlsres.dll.mui
  4C0: Section       \Windows\Theme2514694826
  4C4: Section       \Sessions\1\Windows\Theme3897123807
  598: File  (R-D)   C:\Program Files\WindowsApps\Microsoft.LanguageExperiencePackzh-CN_18362.24.72.0_neutral__8wekyb3d8bbwe\Windows\System32\zh-CN\mswsock.dll.mui
  5FC: File  (RW-)   C:\Windows\System32
  8C4: File  (R-D)   C:\Program Files\WindowsApps\Microsoft.LanguageExperiencePackzh-CN_18362.24.72.0_neutral__8wekyb3d8bbwe\Windows\System32\zh-CN\KernelBase.dll.mui
  8D8: File  (R--)   C:\Windows\Speech_OneCore\Engines\SR\zh-CN-N\l2052.smp
  954: File  (R-D)   C:\Program Files\WindowsApps\Microsoft.LanguageExperiencePackzh-CN_18362.24.72.0_neutral__8wekyb3d8bbwe\Windows\System32\zh-CN\crypt32.dll.mui
------------------------------------------------------------------------------
svchost.exe pid: 6956 NT AUTHORITY\SYSTEM
   48: File  (RW-)   C:\Windows\System32
  1CC: File  (R-D)   C:\Program Files\WindowsApps\Microsoft.LanguageExperiencePackzh-CN_18362.24.72.0_neutral__8wekyb3d8bbwe\Windows\System32\zh-CN\KernelBase.dll.mui
  1D0: File  (R-D)   C:\Program Files\WindowsApps\Microsoft.LanguageExperiencePackzh-CN_18362.24.72.0_neutral__8wekyb3d8bbwe\Windows\System32\zh-CN\wbiosrvc.dll.mui
  264: File  (R-D)   C:\Program Files\WindowsApps\Microsoft.LanguageExperiencePackzh-CN_18362.24.72.0_neutral__8wekyb3d8bbwe\Windows\System32\zh-CN\svchost.exe.mui
  29C: File  (R-D)   C:\Program Files\WindowsApps\Microsoft.LanguageExperiencePackzh-CN_18362.24.72.0_neutral__8wekyb3d8bbwe\Windows\System32\zh-CN\newdev.dll.mui
  310: Section       \BaseNamedObjects\__ComCatalogCache__
  314: File  (R--)   C:\Windows\Registration\R00000000000d.clb
  348: Section       \BaseNamedObjects\C:*ProgramData*Microsoft*Windows*Caches*cversions.2.ro
  34C: Section       \BaseNamedObjects\C:*ProgramData*Microsoft*Windows*Caches*{6AF0698E-D558-4F6E-9B3C-3716689AF493}.2.ver0x0000000000000001.db
  350: Section       \BaseNamedObjects\C:*ProgramData*Microsoft*Windows*Caches*cversions.2.ro
  354: Section       \BaseNamedObjects\C:*ProgramData*Microsoft*Windows*Caches*{DDF571F2-BE98-426D-8288-1A9A39C3FDA2}.2.ver0x0000000000000001.db
  394: File  (R-D)   C:\Program Files\WindowsApps\Microsoft.LanguageExperiencePackzh-CN_18362.24.72.0_neutral__8wekyb3d8bbwe\Windows\System32\zh-CN\propsys.dll.mui
  4A4: File  (RW-)   C:\Windows\System32\WinBioDatabase\51F39552-1075-4199-B513-0C10EA185DB0.DAT
------------------------------------------------------------------------------
SogouImeBroker.exe pid: 5076 LAPTOP-MHITGFCH\lenovo
   40: File  (RW-)   C:\Windows
   84: File  (RW-)   C:\Windows\SysWOW64
  208: File  (R-D)   C:\Program Files\WindowsApps\Microsoft.LanguageExperiencePackzh-CN_18362.24.72.0_neutral__8wekyb3d8bbwe\Windows\System32\zh-CN\kernel32.dll.mui
  210: Section       \Sessions\1\BaseNamedObjects\windows_shell_global_counters
  240: Section       \BaseNamedObjects\__ComCatalogCache__
  2C4: Section       \BaseNamedObjects\__ComCatalogCache__
  2C8: File  (R--)   C:\Windows\Registration\R00000000000d.clb
  2E4: Section       \Sessions\1\BaseNamedObjects\SGPY_sgim_simtra_bin9.6.0.3612_Filemap_v1_u904fa97
  2FC: Section       \Sessions\1\BaseNamedObjects\SogouIme_DictWriteManager_3__FileMap_u904fa97
  320: Section       \Sessions\1\BaseNamedObjects\M533209721679d14084ecb748c667a686dec0807658
  328: File  (R-D)   C:\Program Files\WindowsApps\Microsoft.LanguageExperiencePackzh-CN_18362.24.72.0_neutral__8wekyb3d8bbwe\Windows\System32\zh-CN\KernelBase.dll.mui
  32C: Section       \Sessions\1\BaseNamedObjects\Filemap_VersionReg904fa97
  33C: Section       \Sessions\1\BaseNamedObjects\sgime_psglog.filemap3612904fa97
  344: Section       \Sessions\1\BaseNamedObjects\sgime_env_fm1.v2.filemap.sogouime904fa97
  34C: Section       \Sessions\1\BaseNamedObjects\SogouIme_VersionManagerSharedTable__FileMap_u904fa97
  354: Section       \Sessions\1\BaseNamedObjects\SGPY_GlobalConfig_Filemap_v0_u904fa97
  368: Section       \Sessions\1\BaseNamedObjects\SGPY_sgim_quick_bin9.6.0.3612_Filemap_v1_u904fa97
  370: Section       \Sessions\1\BaseNamedObjects\SGPY_SupportCharDict9.6.0.3612_Filemap_v1_u904fa97
  378: Section       \Sessions\1\BaseNamedObjects\SGPY_PunctureDict9.6.0.3612_Filemap_v1_u904fa97
  380: Section       \Sessions\1\BaseNamedObjects\SGPY_RpaDict9.6.0.3612_Filemap_v1_u904fa97
  388: Section       \Sessions\1\BaseNamedObjects\SGPY_FixFirstDict_Filemap_v3_u904fa97
  390: Section       \Sessions\1\BaseNamedObjects\SGPY_AbbrUsrDict_Filemap_v1_u904fa97
  39C: Section       \Sessions\1\BaseNamedObjects\fimemap_for_sogou_cloud3612904fa97
  3DC: Section       \Sessions\1\BaseNamedObjects\SGPY_PyTipDict9.6.0.3612_Filemap_v1_u904fa97
  3E0: Section       \Sessions\1\BaseNamedObjects\SGPY__ProcessRrecord_Filemap_v1
  3F0: Section       \Windows\Theme2514694826
  3F4: File  (RW-)   C:\Windows\WinSxS\x86_microsoft.windows.common-controls_6595b64144ccf1df_5.82.18362.778_none_71d70b7d5ae4146f
  3F8: Section       \Sessions\1\Windows\Theme3897123807
  408: Section       \Sessions\1\BaseNamedObjects\Filemap_VersionComReg904fa97
  41C: Section       \Sessions\1\BaseNamedObjects\FileMap_For_Sogou_Picface_Peri_12
  424: Section       \Sessions\1\BaseNamedObjects\picFaceMergedCellVersion.15.24.1.sogouComData904fa97
  42C: Section       \Sessions\1\BaseNamedObjects\picFaceIndexVersion.15.24.1.sogouComData904fa97
  434: Section       \Sessions\1\BaseNamedObjects\SGPY_sgim_adjcache_bin9.6.0.3612_Filemap_v1_u904fa97
  43C: Section       \Sessions\1\BaseNamedObjects\mem_picface_sugg.v1.filemap.sogouime_u1904fa97
  444: Section       \Sessions\1\BaseNamedObjects\mem_picface_cloud.v1.filemap.sogouime904fa97
  44C: Section       \Sessions\1\BaseNamedObjects\mem_picface_cloudkey.v1.filemap.sogouime904fa97
  454: Section       \Sessions\1\BaseNamedObjects\picFaceIndexVersion.versionsData.sogouCom904fa97
  458: Section       \Sessions\1\BaseNamedObjects\picFaceMergedCellVersion.versionsData.sogouCom904fa97
  45C: Section       \Sessions\1\BaseNamedObjects\SGPY_sgim_eng_pre_bin9.6.0.3612_Filemap_v1_u904fa97
  464: Section       \Sessions\1\BaseNamedObjects\SGPY_sgim_url_bin9.6.0.3612_Filemap_v1_u904fa97
  46C: Section       \Sessions\1\BaseNamedObjects\SGPY_UrlGuideDict9.6.0.3612_Filemap_v1_u904fa97
  474: Section       \Sessions\1\BaseNamedObjects\SGPY_NumFreqAdjustDict_Filemapv1_v1_u904fa97
  47C: Section       \Sessions\1\BaseNamedObjects\SGPY_infokeyict9.6.0.3612_Filemap_v1_u904fa97
  484: Section       \Sessions\1\BaseNamedObjects\SGPY_infoblackict9.6.0.3612_Filemap_v1_u904fa97
  48C: Section       \Sessions\1\BaseNamedObjects\SGPY_smartinfo9.6.0.3612_Filemap_v1_u904fa97
  494: Section       \Sessions\1\BaseNamedObjects\SGPY_CloudCachecDict9.6.0.3612_Filemap_v1_u904fa97
  49C: Section       \Sessions\1\BaseNamedObjects\SGPY_CloudCachecDictLongWord9.6.0.3612_Filemap_v1_u904fa97
  4A4: Section       \Sessions\1\BaseNamedObjects\SGPY_CloudCachecDictGrayWord9.6.0.3612_Filemap_v1_u904fa97
  4AC: Section       \Sessions\1\BaseNamedObjects\SGPY_ExtDict_Filemap_v1_u904fa97
  4B4: Section       \Sessions\1\BaseNamedObjects\SGPY_UsrExtDict_Filemap_v3_u904fa97
  4BC: Section       \Sessions\1\BaseNamedObjects\SGPY_UserSpellModelDict_Filemap_v1_u904fa97
  4C4: Section       \Sessions\1\BaseNamedObjects\SGPY_PrivilegeDict9.6.0.3612_Filemap_v1_u904fa97
  4CC: Section       \Sessions\1\BaseNamedObjects\SGPY_EngUsrDict_Filemap_v1_u904fa97
  4D4: Section       \Sessions\1\BaseNamedObjects\SGPY_UrlUsrDict_Filemap_v3_u904fa97
  4DC: Section       \Sessions\1\BaseNamedObjects\SGPY_ClipBoardDict_Filemap_v1_u904fa97
  50C: Section       \Sessions\1\BaseNamedObjects\C:*ProgramData*Microsoft*Windows*Caches*cversions.2.ro
  510: Section       \Sessions\1\BaseNamedObjects\C:*ProgramData*Microsoft*Windows*Caches*{6AF0698E-D558-4F6E-9B3C-3716689AF493}.2.ver0x0000000000000001.db
  514: Section       \Sessions\1\BaseNamedObjects\C:*ProgramData*Microsoft*Windows*Caches*cversions.2.ro
  518: Section       \Sessions\1\BaseNamedObjects\C:*ProgramData*Microsoft*Windows*Caches*{DDF571F2-BE98-426D-8288-1A9A39C3FDA2}.2.ver0x0000000000000001.db
  51C: File  (R-D)   C:\Program Files\WindowsApps\Microsoft.LanguageExperiencePackzh-CN_18362.24.72.0_neutral__8wekyb3d8bbwe\Windows\System32\zh-CN\propsys.dll.mui
  52C: Section       \BaseNamedObjects\windows_shell_global_counters
  5F4: Section       \Sessions\1\BaseNamedObjects\UrlZonesSM_lenovo
------------------------------------------------------------------------------
RuntimeBroker.exe pid: 17968 LAPTOP-MHITGFCH\lenovo
   48: File  (RW-)   C:\Windows\System32
  178: Section       \BaseNamedObjects\__ComCatalogCache__
  1BC: Section       \Sessions\1\BaseNamedObjects\SessionImmersiveColorPreference
  248: Section       \BaseNamedObjects\__ComCatalogCache__
  24C: File  (R--)   C:\Windows\Registration\R00000000000d.clb
  2BC: Section       \Sessions\1\BaseNamedObjects\windows_shell_global_counters
  398: Section       \Sessions\1\BaseNamedObjects\C:*ProgramData*Microsoft*Windows*Caches*{DDF571F2-BE98-426D-8288-1A9A39C3FDA2}.2.ver0x0000000000000001.db
  3B4: Section       \Sessions\1\BaseNamedObjects\C:*ProgramData*Microsoft*Windows*Caches*cversions.2.ro
  3C0: File  (R-D)   C:\Program Files\WindowsApps\Microsoft.LanguageExperiencePackzh-CN_18362.24.72.0_neutral__8wekyb3d8bbwe\Windows\System32\zh-CN\propsys.dll.mui
  3F4: Section       \Sessions\1\BaseNamedObjects\C:*ProgramData*Microsoft*Windows*Caches*cversions.2.ro
  3F8: Section       \Sessions\1\BaseNamedObjects\C:*ProgramData*Microsoft*Windows*Caches*{6AF0698E-D558-4F6E-9B3C-3716689AF493}.2.ver0x0000000000000001.db
  3FC: Section       \Sessions\1\BaseNamedObjects\C:*ProgramData*Microsoft*Windows*Caches*cversions.2.ro
  414: Section       \BaseNamedObjects\windows_shell_global_counters
  434: Section       \Sessions\1\BaseNamedObjects\C:*ProgramData*Microsoft*Windows*Caches*{E4CBEACD-DE3C-4E31-BD99-83EF3D6850B2}.2.ver0x0000000000000001.db
  454: File  (RW-)   C:\Windows\WinSxS\amd64_microsoft.windows.common-controls_6595b64144ccf1df_6.0.18362.778_none_e6c6b761130d4fb8
  468: File  (R-D)   C:\Program Files\WindowsApps\Microsoft.LanguageExperiencePackzh-CN_18362.24.72.0_neutral__8wekyb3d8bbwe\Windows\System32\zh-CN\windows.storage.dll.mui
  488: Section       \Sessions\1\BaseNamedObjects\C:*ProgramData*Microsoft*Windows*Caches*cversions.2.ro
  498: Section       \Sessions\1\BaseNamedObjects\C:*ProgramData*Microsoft*Windows*Caches*{74695C59-2CC6-4AD7-B095-F7DAB0A2265D}.2.ver0x0000000000000001.db
  5A0: Section       \Sessions\1\BaseNamedObjects\windows_webcache_counters_{9B6AB5B3-91BC-4097-835C-EA2DEC95E9CC}_S-1-5-21-1347350027-276978489-4274093279-1001
  614: File  (R-D)   C:\Program Files\WindowsApps\Microsoft.LanguageExperiencePackzh-CN_18362.24.72.0_neutral__8wekyb3d8bbwe\Windows\System32\zh-CN\shell32.dll.mui
  72C: Section       \Sessions\1\BaseNamedObjects\C:*ProgramData*Microsoft*Windows*Caches*cversions.2.ro
  748: File  (R-D)   C:\Program Files\WindowsApps\Microsoft.LanguageExperiencePackzh-CN_18362.24.72.0_neutral__8wekyb3d8bbwe\Windows\System32\zh-CN\mpr.dll.mui
------------------------------------------------------------------------------
smartscreen.exe pid: 17476 LAPTOP-MHITGFCH\lenovo
   40: File  (RW-)   C:\Windows\System32
  154: File  (R-D)   C:\Program Files\WindowsApps\Microsoft.LanguageExperiencePackzh-CN_18362.24.72.0_neutral__8wekyb3d8bbwe\Windows\System32\zh-CN\smartscreen.exe.mui
  1CC: Section       \BaseNamedObjects\__ComCatalogCache__
  224: Section       \BaseNamedObjects\__ComCatalogCache__
  228: File  (R--)   C:\Windows\Registration\R00000000000d.clb
  28C: Section       \Sessions\1\BaseNamedObjects\windows_shell_global_counters
  330: File  (R-D)   C:\Windows\System32\WinMetadata\Windows.Foundation.winmd
  348: File  (RW-)   C:\Users\lenovo\AppData\Local\Microsoft\Windows\Safety\edge\local\local\cache
  34C: Section       \Sessions\1\BaseNamedObjects\C:|Users|lenovo|AppData|Local|Microsoft|Windows|Safety|edge|local|local|cache
  3C4: File  (R-D)   C:\Program Files\WindowsApps\Microsoft.LanguageExperiencePackzh-CN_18362.24.72.0_neutral__8wekyb3d8bbwe\Windows\System32\zh-CN\Windows.Web.Http.dll.mui
  3E0: File  (R-D)   C:\Program Files\WindowsApps\Microsoft.LanguageExperiencePackzh-CN_18362.24.72.0_neutral__8wekyb3d8bbwe\Windows\System32\zh-CN\KernelBase.dll.mui
  420: Section       \Sessions\1\BaseNamedObjects\windows_webcache_counters_{9B6AB5B3-91BC-4097-835C-EA2DEC95E9CC}_S-1-5-21-1347350027-276978489-4274093279-1001
  4D0: Section       \BaseNamedObjects\F932B6C7-3A20-46A0-B8A0-8894AA421973
  560: Section       \Sessions\1\BaseNamedObjects\UrlZonesSM_lenovo
  590: File  (R-D)   C:\Program Files\WindowsApps\Microsoft.LanguageExperiencePackzh-CN_18362.24.72.0_neutral__8wekyb3d8bbwe\Windows\System32\zh-CN\mswsock.dll.mui
  634: File  (R-D)   C:\Program Files\WindowsApps\Microsoft.LanguageExperiencePackzh-CN_18362.24.72.0_neutral__8wekyb3d8bbwe\Windows\System32\zh-CN\crypt32.dll.mui
------------------------------------------------------------------------------
MicrosoftEdge.exe pid: 18696 LAPTOP-MHITGFCH\lenovo
   44: File  (RW-)   C:\Windows\SystemApps\Microsoft.MicrosoftEdge_8wekyb3d8bbwe
  2AC: Section       \BaseNamedObjects\__ComCatalogCache__
  43C: Section       \...\ie_ias_00004908-0000-0000-0000-000000000000
  440: Section       \Sessions\1\AppContainerNamedObjects\S-1-15-2-3624051433-2125758914-1423191267-1740899205-1073925389-3782572162-737981194\IAS_ID_Microsoft.MicrosoftEdge_44.18362.449.0_neutral__8wekyb3d8bbwe_18696
  4DC: Section       \Sessions\1\BaseNamedObjects\UrlZonesSM_lenovo
  54C: Section       \Sessions\1\BaseNamedObjects\windows_webcache_counters_{9B6AB5B3-91BC-4097-835C-EA2DEC95E9CC}_S-1-5-21-1347350027-276978489-4274093279-1001
  550: Section       \Sessions\1\AppContainerNamedObjects\S-1-15-2-3624051433-2125758914-1423191267-1740899205-1073925389-3782572162-737981194\windows_webcache_counters_{00000000-5d8e-4eed-b3fa-e30684411323}
  574: File  (R-D)   C:\Windows\System32\zh-CN\ESENT.dll.mui
  5B4: Section       \...\IsoSpaceV2_ScopeTrusted
  5BC: Section       \...\IsoSpaceV2_ScopeLILNAC
  5C0: Section       \...\IsoSpaceV2_ScopeUntrusted
  660: Section       \Sessions\1\AppContainerNamedObjects\S-1-15-2-3624051433-2125758914-1423191267-1740899205-1073925389-3782572162-737981194\4908HWNDInterface:20b0e
  67C: File  (---)   C:\Users\lenovo\AppData\Local\Packages\Microsoft.MicrosoftEdge_8wekyb3d8bbwe\AC\MicrosoftEdge\User\Default\DataStore\Data\nouser1\120712-0049\DBStore\LogFiles\edb.log
  6A0: File  (---)   C:\Users\lenovo\AppData\Local\Packages\Microsoft.MicrosoftEdge_8wekyb3d8bbwe\AC\MicrosoftEdge\User\Default\DataStore\Data\nouser1\120712-0049\DBStore\spartan.jfm
  6F8: File  (---)   C:\Users\lenovo\AppData\Local\Packages\Microsoft.MicrosoftEdge_8wekyb3d8bbwe\AC\MicrosoftEdge\User\Default\DataStore\Data\nouser1\120712-0049\DBStore\spartan.edb
  760: Section       \Sessions\1\AppContainerNamedObjects\S-1-15-2-3624051433-2125758914-1423191267-1740899205-1073925389-3782572162-737981194\ApplicationService:49081d6283ab96ba499
  7FC: Section       \Sessions\1\AppContainerNamedObjects\S-1-15-2-3624051433-2125758914-1423191267-1740899205-1073925389-3782572162-737981194\SessionImmersiveColorPreference
  848: Section       \Sessions\1\AppContainerNamedObjects\S-1-15-2-3624051433-2125758914-1423191267-1740899205-1073925389-3782572162-737981194\4908HWNDInterface:20b0e
  864: File  (R-D)   C:\Windows\apppatch\DirectXApps.sdb
  86C: Section       \Sessions\1\AppContainerNamedObjects\S-1-15-2-3624051433-2125758914-1423191267-1740899205-1073925389-3782572162-737981194\windows_shell_global_counters
  898: Section       \Sessions\1\AppContainerNamedObjects\S-1-15-2-3624051433-2125758914-1423191267-1740899205-1073925389-3782572162-737981194\ApplicationService:49081d6283ab96ba499
  918: File  (RWD)   C:\Windows\Fonts\segoeui.ttf
  970: Section       \Sessions\1\AppContainerNamedObjects\S-1-15-2-3624051433-2125758914-1423191267-1740899205-1073925389-3782572162-737981194\4908HWNDInterface:20b0e
  9B4: Section       \Sessions\1\AppContainerNamedObjects\S-1-15-2-3624051433-2125758914-1423191267-1740899205-1073925389-3782572162-737981194\4908HWNDInterface:20b0e
  9F4: File  (RWD)   C:\Users\lenovo\AppData\Local\Packages\Microsoft.MicrosoftEdge_8wekyb3d8bbwe\AC\Temp\~DFD2BDB7908C166611.TMP
  A6C: Section       \Sessions\1\AppContainerNamedObjects\S-1-15-2-3624051433-2125758914-1423191267-1740899205-1073925389-3782572162-737981194\4908HWNDInterface:20b0e
  A70: Section       \Sessions\1\AppContainerNamedObjects\S-1-15-2-3624051433-2125758914-1423191267-1740899205-1073925389-3782572162-737981194\4908HWNDInterface:20b0e
  A78: Section       \Windows\Theme2514694826
  A7C: Section       \Sessions\1\Windows\Theme3897123807
  A84: File  (R--)   C:\Users\lenovo\AppData\Local\Packages\Microsoft.MicrosoftEdge_8wekyb3d8bbwe\AC\MicrosoftEdge\CortanaAssist\AllowList.dat
  AF4: Section       \Sessions\1\AppContainerNamedObjects\S-1-15-2-3624051433-2125758914-1423191267-1740899205-1073925389-3782572162-737981194\4908HWNDInterface:20b0e
  B04: File  (---)   C:\Users\lenovo\AppData\Local\Packages\Microsoft.MicrosoftEdge_8wekyb3d8bbwe\AC\MicrosoftEdge\User\Default\Recovery\Active\RecoveryStore.{24D7DE79-DD0B-42DD-810D-EC9BD7F01549}.dat
  B18: Section       \BaseNamedObjects\F932B6C7-3A20-46A0-B8A0-8894AA421973
  B28: File  (R-D)   C:\Program Files\WindowsApps\Microsoft.LanguageExperiencePackzh-CN_18362.24.72.0_neutral__8wekyb3d8bbwe\Windows\System32\zh-CN\KernelBase.dll.mui
  B78: Section       \Sessions\1\AppContainerNamedObjects\S-1-15-2-3624051433-2125758914-1423191267-1740899205-1073925389-3782572162-737981194\{00021402-0001-0000-95EA-790100000000}
  B80: Section       \Sessions\1\AppContainerNamedObjects\S-1-15-2-3624051433-2125758914-1423191267-1740899205-1073925389-3782572162-737981194\4908HWNDInterface:20b0e
  B94: Section       \Sessions\1\AppContainerNamedObjects\S-1-15-2-3624051433-2125758914-1423191267-1740899205-1073925389-3782572162-737981194\4908HWNDInterface:20b0e
  BE0: Section       \Sessions\1\AppContainerNamedObjects\S-1-15-2-3624051433-2125758914-1423191267-1740899205-1073925389-3782572162-737981194\4908HWNDInterface:20b0e
  CDC: Section       \Sessions\1\AppContainerNamedObjects\S-1-15-2-3624051433-2125758914-1423191267-1740899205-1073925389-3782572162-737981194\4908HWNDInterface:20b0e
  DCC: File  (RW-)   C:\Windows\WinSxS\amd64_microsoft.windows.common-controls_6595b64144ccf1df_5.82.18362.778_none_2a29d4a64667eb69
  E28: File  (RWD)   C:\Windows\Fonts\msyh.ttc
------------------------------------------------------------------------------
browser_broker.exe pid: 18644 LAPTOP-MHITGFCH\lenovo
   40: File  (RW-)   C:\Windows\System32
  1A8: Section       \BaseNamedObjects\__ComCatalogCache__
  1E8: Section       \BaseNamedObjects\__ComCatalogCache__
  1EC: File  (R--)   C:\Windows\Registration\R00000000000d.clb
------------------------------------------------------------------------------
MicrosoftEdgeSH.exe pid: 19020 LAPTOP-MHITGFCH\lenovo
   44: File  (RW-)   C:\Windows\SystemApps\Microsoft.MicrosoftEdge_8wekyb3d8bbwe
  1D8: Section       \...\ie_ias_00004908-0000-0000-0000-000000000000
  2E8: Section       \BaseNamedObjects\__ComCatalogCache__
  3A8: Section       \...\IsoSpaceV2_ScopeLILNAC
  3AC: Section       \...\IsoSpaceV2_ScopeUntrusted
  3C4: Section       \...\IsoSpaceV2_ScopeTrusted
------------------------------------------------------------------------------
MicrosoftEdgeCP.exe pid: 19060 LAPTOP-MHITGFCH\lenovo
   44: File  (RW-)   C:\Windows\SystemApps\Microsoft.MicrosoftEdge_8wekyb3d8bbwe
  2D0: Section       \Sessions\1\AppContainerNamedObjects\S-1-15-2-3624051433-2125758914-1423191267-1740899205-1073925389-3782572162-737981194\{00021402-0001-0000-95EA-790100000000}
  328: Section       \...\ie_ias_00004908-0000-0000-0000-000000000000
  35C: Section       \Sessions\1\AppContainerNamedObjects\S-1-15-2-3624051433-2125758914-1423191267-1740899205-1073925389-3782572162-737981194\{00021402-0001-0000-95EA-790100000000}
  368: Section       \BaseNamedObjects\__ComCatalogCache__
  4C0: Section       \Sessions\1\BaseNamedObjects\windows_webcache_counters_{9B6AB5B3-91BC-4097-835C-EA2DEC95E9CC}_S-1-5-21-1347350027-276978489-4274093279-1001
  4C4: Section       \Sessions\1\AppContainerNamedObjects\S-1-15-2-3624051433-2125758914-1423191267-1740899205-1073925389-3782572162-737981194\4256926629-1688279915-2739229046-3928706915\windows_webcache_counters_{00000000-5d8e-4eed-b3fa-e30684411323}
  4F4: Section       \...\IsoSpaceV2_ScopeTrusted
  504: Section       \...\IsoSpaceV2_ScopeLILNAC
  508: Section       \...\IsoSpaceV2_ScopeUntrusted
  6B4: Section       \Sessions\1\AppContainerNamedObjects\S-1-15-2-3624051433-2125758914-1423191267-1740899205-1073925389-3782572162-737981194\4256926629-1688279915-2739229046-3928706915\ApplicationService:4a741d6283aba0d8e5f
------------------------------------------------------------------------------
XMP.exe pid: 12268 LAPTOP-MHITGFCH\lenovo
   40: File  (RW-)   C:\Windows
   C4: File  (RW-)   C:\Windows\WinSxS\x86_microsoft.windows.common-controls_6595b64144ccf1df_6.0.18362.778_none_2e73ee38278978be
   CC: File  (RW-)   C:\Windows\WinSxS\x86_microsoft.vc90.crt_1fc8b3b9a1e18e3b_9.0.30729.9619_none_508d9c7abcbd32b6
   E8: File  (RW-)   C:\Windows\WinSxS\x86_microsoft.vc90.crt_1fc8b3b9a1e18e3b_9.0.30729.9619_none_508d9c7abcbd32b6
  25C: File  (R-D)   C:\Program Files\WindowsApps\Microsoft.LanguageExperiencePackzh-CN_18362.24.72.0_neutral__8wekyb3d8bbwe\Windows\System32\zh-CN\user32.dll.mui
  26C: File  (RW-)   G:\SEU\19-20-3\?????????\Chapter9-part5-live data demo windows.mp4
  278: Section       \Sessions\1\BaseNamedObjects\windows_shell_global_counters
  294: File  (RW-)   C:\Windows\WinSxS\x86_microsoft.vc90.crt_1fc8b3b9a1e18e3b_9.0.30729.9619_none_508d9c7abcbd32b6
  298: File  (RW-)   C:\Windows\WinSxS\x86_microsoft.vc90.crt_1fc8b3b9a1e18e3b_9.0.30729.9619_none_508d9c7abcbd32b6
  29C: File  (RW-)   C:\Windows\WinSxS\x86_microsoft.vc90.crt_1fc8b3b9a1e18e3b_9.0.30729.9619_none_508d9c7abcbd32b6
  2A0: File  (RW-)   C:\Windows\WinSxS\x86_microsoft.vc90.crt_1fc8b3b9a1e18e3b_9.0.30729.9619_none_508d9c7abcbd32b6
  2A4: File  (RW-)   C:\Windows\WinSxS\x86_microsoft.vc90.crt_1fc8b3b9a1e18e3b_9.0.30729.9619_none_508d9c7abcbd32b6
  2A8: File  (RW-)   C:\Windows\WinSxS\x86_microsoft.vc90.crt_1fc8b3b9a1e18e3b_9.0.30729.9619_none_508d9c7abcbd32b6
  2AC: File  (RW-)   C:\Windows\WinSxS\x86_microsoft.vc90.atl_1fc8b3b9a1e18e3b_9.0.30729.6161_none_51cd0a7abbe4e19b
  2B0: File  (RW-)   C:\Windows\WinSxS\x86_microsoft.vc90.crt_1fc8b3b9a1e18e3b_9.0.30729.9619_none_508d9c7abcbd32b6
  2B8: File  (RW-)   C:\Windows\WinSxS\x86_microsoft.windows.gdiplus_6595b64144ccf1df_1.1.18362.778_none_5f5ee11d821bf28c
  2BC: File  (RW-)   C:\Windows\WinSxS\x86_microsoft.vc90.crt_1fc8b3b9a1e18e3b_9.0.30729.9619_none_508d9c7abcbd32b6
  2C4: File  (RW-)   C:\Windows\WinSxS\x86_microsoft.vc90.atl_1fc8b3b9a1e18e3b_9.0.30729.6161_none_51cd0a7abbe4e19b
  2C8: File  (RW-)   C:\Windows\WinSxS\x86_microsoft.vc90.crt_1fc8b3b9a1e18e3b_9.0.30729.9619_none_508d9c7abcbd32b6
  2D0: File  (RW-)   C:\Windows\WinSxS\x86_microsoft.vc90.atl_1fc8b3b9a1e18e3b_9.0.30729.6161_none_51cd0a7abbe4e19b
  2D8: File  (RW-)   C:\Windows\WinSxS\x86_microsoft.vc90.crt_1fc8b3b9a1e18e3b_9.0.30729.9619_none_508d9c7abcbd32b6
  2DC: Section       \Windows\Theme2514694826
  2E0: Section       \Sessions\1\Windows\Theme3897123807
  360: Section       \Sessions\1\BaseNamedObjects\Xunlei:LuaDebug:StubXMP{00D765BD-E15C-49fc-85F3-8D9175531AEF}
  370: File  (R-D)   F:\Thunder Network\Thunder\Program\XMP\XmpPlayer.dll
  3A4: File  (R-D)   C:\Windows\SysWOW64\stdole2.tlb
  3CC: File  (R-D)   C:\Program Files\WindowsApps\Microsoft.LanguageExperiencePackzh-CN_18362.24.72.0_neutral__8wekyb3d8bbwe\Windows\System32\zh-CN\msvfw32.dll.mui
  404: Section       \BaseNamedObjects\__ComCatalogCache__
  408: File  (R--)   C:\Windows\Registration\R00000000000d.clb
  480: File  (R-D)   C:\Program Files\WindowsApps\Microsoft.LanguageExperiencePackzh-CN_18362.24.72.0_neutral__8wekyb3d8bbwe\Windows\System32\zh-CN\wdmaud.drv.mui
  490: File  (R-D)   C:\Program Files\WindowsApps\Microsoft.LanguageExperiencePackzh-CN_18362.24.72.0_neutral__8wekyb3d8bbwe\Windows\System32\zh-CN\MMDevAPI.dll.mui
  4D8: Section       \BaseNamedObjects\__ComCatalogCache__
  54C: File  (R-D)   F:\Thunder Network\Thunder\Program\XMP\APlayer.dll
  560: File  (R-D)   C:\Program Files\WindowsApps\Microsoft.LanguageExperiencePackzh-CN_18362.24.72.0_neutral__8wekyb3d8bbwe\Windows\System32\zh-CN\mswsock.dll.mui
  590: Section       \Sessions\1\BaseNamedObjects\Filemap_VersionReg904fa97
  594: File  (RW-)   C:\Windows\WinSxS\x86_microsoft.vc90.crt_1fc8b3b9a1e18e3b_9.0.30729.9619_none_508d9c7abcbd32b6
  5A0: File  (R-D)   C:\Program Files\WindowsApps\Microsoft.LanguageExperiencePackzh-CN_18362.24.72.0_neutral__8wekyb3d8bbwe\Windows\System32\zh-CN\kernel32.dll.mui
  5F8: Section       \Sessions\1\BaseNamedObjects\M533209721679d14084ecb748c667a686dec0807658
  600: Section       \Sessions\1\BaseNamedObjects\C:*ProgramData*Microsoft*Windows*Caches*{DDF571F2-BE98-426D-8288-1A9A39C3FDA2}.2.ver0x0000000000000001.db
  604: File  (R-D)   C:\Program Files\WindowsApps\Microsoft.LanguageExperiencePackzh-CN_18362.24.72.0_neutral__8wekyb3d8bbwe\Windows\System32\zh-CN\KernelBase.dll.mui
  614: Section       \Sessions\1\BaseNamedObjects\Filemap_VersionReg904fa97
  620: Section       \Sessions\1\BaseNamedObjects\sgime_psglog.filemap3612904fa97
  628: Section       \Sessions\1\BaseNamedObjects\sgime_env_fm1.v2.filemap.sogouime904fa97
  630: Section       \Sessions\1\BaseNamedObjects\SogouIme_DictWriteManager_3__FileMap_u904fa97
  638: Section       \Sessions\1\BaseNamedObjects\SogouIme_VersionManagerSharedTable__FileMap_u904fa97
  640: Section       \Sessions\1\BaseNamedObjects\SGPY_GlobalConfig_Filemap_v0_u904fa97
  654: Section       \Sessions\1\BaseNamedObjects\SGPY_sgim_quick_bin9.6.0.3612_Filemap_v1_u904fa97
  65C: Section       \Sessions\1\BaseNamedObjects\SGPY_SupportCharDict9.6.0.3612_Filemap_v1_u904fa97
  664: Section       \Sessions\1\BaseNamedObjects\SGPY_PunctureDict9.6.0.3612_Filemap_v1_u904fa97
  66C: Section       \Sessions\1\BaseNamedObjects\SGPY_RpaDict9.6.0.3612_Filemap_v1_u904fa97
  674: Section       \Sessions\1\BaseNamedObjects\SGPY_FixFirstDict_Filemap_v3_u904fa97
  67C: Section       \Sessions\1\BaseNamedObjects\SGPY_AbbrUsrDict_Filemap_v1_u904fa97
  688: Section       \Sessions\1\BaseNamedObjects\fimemap_for_sogou_cloud3612904fa97
  6C4: Section       \Sessions\1\BaseNamedObjects\SGPY__ProcessRrecord_Filemap_v1
  6D8: File  (R-D)   C:\Windows\Fonts\StaticCache.dat
  6DC: Section       \Sessions\1\BaseNamedObjects\FileMap_For_Sogou_Picface_Peri_12
  6F4: Section       \Sessions\1\BaseNamedObjects\Filemap_VersionComReg904fa97
  710: Section       \Sessions\1\BaseNamedObjects\mem_picface_sugg.v1.filemap.sogouime_u1904fa97
  718: Section       \Sessions\1\BaseNamedObjects\mem_picface_cloud.v1.filemap.sogouime904fa97
  720: Section       \Sessions\1\BaseNamedObjects\mem_picface_cloudkey.v1.filemap.sogouime904fa97
  734: Section       \Sessions\1\BaseNamedObjects\picFaceIndexVersion.versionsData.sogouCom904fa97
  738: Section       \Sessions\1\BaseNamedObjects\picFaceMergedCellVersion.versionsData.sogouCom904fa97
  73C: Section       \Sessions\1\BaseNamedObjects\picFaceMergedCellVersion.15.26.1.sogouComData904fa97
  740: Section       \Sessions\1\BaseNamedObjects\picFaceIndexVersion.15.26.1.sogouComData904fa97
  754: Section       \Sessions\1\BaseNamedObjects\sgime_skin.v3.filemap.sogouime3612904fa97
  758: File  (R-D)   C:\Program Files\WindowsApps\Microsoft.LanguageExperiencePackzh-CN_18362.24.72.0_neutral__8wekyb3d8bbwe\Windows\System32\zh-CN\msctf.dll.mui
  770: File  (R--)   C:\Windows\SysWOW64\mlang.dat
  7C4: Section       \Sessions\1\BaseNamedObjects\windows_webcache_counters_{9B6AB5B3-91BC-4097-835C-EA2DEC95E9CC}_S-1-5-21-1347350027-276978489-4274093279-1001
  7D8: Section       \Sessions\1\BaseNamedObjects\AMResourceMapping3-0000-0x00077b
  7F8: File  (RW-)   C:\Windows\WinSxS\x86_microsoft.windows.common-controls_6595b64144ccf1df_6.0.18362.778_none_2e73ee38278978be
  84C: Section       \Sessions\1\BaseNamedObjects\UrlZonesSM_lenovo
  918: File  (RW-)   C:\Windows\WinSxS\x86_microsoft.windows.common-controls_6595b64144ccf1df_6.0.18362.778_none_2e73ee38278978be
  91C: File  (RW-)   C:\Users\Public\Thunder Network\APlayer\codecs\lavfilters-2
  938: Section       \BaseNamedObjects\F932B6C7-3A20-46A0-B8A0-8894AA421973
  978: Section       \Sessions\1\BaseNamedObjects\DirectSound Administrator shared thread array
  980: File  (RW-)   C:\Users\Public\Thunder Network\APlayer\codecs\lavfilters-2
  A28: File  (RW-)   C:\Windows\WinSxS\x86_microsoft.windows.common-controls_6595b64144ccf1df_6.0.18362.778_none_2e73ee38278978be
  A4C: Section       \Sessions\1\BaseNamedObjects\SogouImeActiveMap904fa97
  B18: File  (R-D)   C:\Windows\apppatch\DirectXApps.sdb
  B78: File  (RW-)   F:\Thunder Network\Thunder\Program\XMP
  C04: Section       \Sessions\1\BaseNamedObjects\C:*ProgramData*Microsoft*Windows*Caches*{6AF0698E-D558-4F6E-9B3C-3716689AF493}.2.ver0x0000000000000001.db
  C20: File  (R-D)   C:\Program Files\WindowsApps\Microsoft.LanguageExperiencePackzh-CN_18362.24.72.0_neutral__8wekyb3d8bbwe\Windows\System32\zh-CN\winnlsres.dll.mui
  C8C: Section       \Sessions\1\BaseNamedObjects\SGPY_sgim_adjcache_bin9.6.0.3612_Filemap_v1_u904fa97
  C94: Section       \Sessions\1\BaseNamedObjects\SGPY_PyTipDict9.6.0.3612_Filemap_v1_u904fa97
  C9C: Section       \Sessions\1\BaseNamedObjects\SGPY_sgim_simtra_bin9.6.0.3612_Filemap_v1_u904fa97
  CA4: Section       \Sessions\1\BaseNamedObjects\SGPY_sgim_eng_pre_bin9.6.0.3612_Filemap_v1_u904fa97
  CAC: Section       \Sessions\1\BaseNamedObjects\SGPY_sgim_url_bin9.6.0.3612_Filemap_v1_u904fa97
  CB4: Section       \Sessions\1\BaseNamedObjects\SGPY_UrlGuideDict9.6.0.3612_Filemap_v1_u904fa97
  CBC: Section       \Sessions\1\BaseNamedObjects\SGPY_NumFreqAdjustDict_Filemapv1_v1_u904fa97
  CC4: Section       \Sessions\1\BaseNamedObjects\SGPY_infokeyict9.6.0.3612_Filemap_v1_u904fa97
  CCC: Section       \Sessions\1\BaseNamedObjects\SGPY_infoblackict9.6.0.3612_Filemap_v1_u904fa97
  CD4: Section       \Sessions\1\BaseNamedObjects\SGPY_smartinfo9.6.0.3612_Filemap_v1_u904fa97
  CDC: Section       \Sessions\1\BaseNamedObjects\SGPY_CloudCachecDict9.6.0.3612_Filemap_v1_u904fa97
  CE4: Section       \Sessions\1\BaseNamedObjects\SGPY_CloudCachecDictLongWord9.6.0.3612_Filemap_v1_u904fa97
  CEC: Section       \Sessions\1\BaseNamedObjects\SGPY_CloudCachecDictGrayWord9.6.0.3612_Filemap_v1_u904fa97
  CF4: Section       \Sessions\1\BaseNamedObjects\SGPY_ExtDict_Filemap_v1_u904fa97
  CFC: Section       \Sessions\1\BaseNamedObjects\SGPY_UsrExtDict_Filemap_v3_u904fa97
  D04: Section       \Sessions\1\BaseNamedObjects\SGPY_UserSpellModelDict_Filemap_v1_u904fa97
  D0C: Section       \Sessions\1\BaseNamedObjects\SGPY_PrivilegeDict9.6.0.3612_Filemap_v1_u904fa97
  D14: Section       \Sessions\1\BaseNamedObjects\SGPY_EngUsrDict_Filemap_v1_u904fa97
  D1C: Section       \Sessions\1\BaseNamedObjects\SGPY_UrlUsrDict_Filemap_v3_u904fa97
  D24: Section       \Sessions\1\BaseNamedObjects\SGPY_ClipBoardDict_Filemap_v1_u904fa97
  D8C: Section       \Sessions\1\BaseNamedObjects\C:*ProgramData*Microsoft*Windows*Caches*cversions.2.ro
  E30: Section       \Sessions\1\BaseNamedObjects\C:*ProgramData*Microsoft*Windows*Caches*cversions.2.ro
  E4C: Section       \Sessions\1\BaseNamedObjects\local.sogou.oidmm
  E50: File  (R-D)   C:\Program Files\WindowsApps\Microsoft.LanguageExperiencePackzh-CN_18362.24.72.0_neutral__8wekyb3d8bbwe\Windows\System32\zh-CN\propsys.dll.mui
  E60: Section       \BaseNamedObjects\windows_shell_global_counters
  E7C: File  (RWD)   C:\Windows\Fonts\simsun.ttc
------------------------------------------------------------------------------
chrome.exe pid: 10548 LAPTOP-MHITGFCH\lenovo
   8C: File  (RW-)   C:\Users\lenovo\AppData\Local\Google\Chrome\Application\80.0.3987.132
   A4: File  (RW-)   C:\Users\lenovo\AppData\Local\Google\Chrome\Application\80.0.3987.132
   F4: File  (RW-)   C:\Users\lenovo\AppData\Local\Google\Chrome\Application\80.0.3987.132\v8_context_snapshot.bin
   FC: File  (RW-)   C:\Users\lenovo\AppData\Local\Google\Chrome\Application\80.0.3987.132\chrome_100_percent.pak
  104: File  (RW-)   C:\Users\lenovo\AppData\Local\Google\Chrome\Application\80.0.3987.132\chrome_200_percent.pak
  110: File  (RW-)   C:\Users\lenovo\AppData\Local\Google\Chrome\Application\80.0.3987.132\icudtl.dat
  220: File  (RW-)   C:\Users\lenovo\AppData\Local\Google\Chrome\Application\80.0.3987.132\Locales\zh-CN.pak
  228: File  (RW-)   C:\Users\lenovo\AppData\Local\Google\Chrome\Application\80.0.3987.132\resources.pak
  2A4: File  (RWD)   C:\Users\lenovo\AppData\Local\Google\Chrome\User Data\Subresource Filter\Indexed Rules\26\9.12.0\Ruleset Data
  2EC: File  (RW-)   C:\Users\lenovo\AppData\Local\Google\Chrome\Application\Dictionaries\en-US-8-0.bdic
------------------------------------------------------------------------------
svchost.exe pid: 7576 NT AUTHORITY\SYSTEM
   48: File  (RW-)   C:\Windows\System32
  144: File  (R-D)   C:\Program Files\WindowsApps\Microsoft.LanguageExperiencePackzh-CN_18362.24.72.0_neutral__8wekyb3d8bbwe\Windows\System32\zh-CN\svchost.exe.mui
------------------------------------------------------------------------------
cmd.exe pid: 18800 LAPTOP-MHITGFCH\lenovo
  11C: File  (RW-)   G:\SEU\19-20-3\?????????\SysinternalsSuite
  12C: File  (R-D)   C:\Program Files\WindowsApps\Microsoft.LanguageExperiencePackzh-CN_18362.24.72.0_neutral__8wekyb3d8bbwe\Windows\System32\zh-CN\cmd.exe.mui
------------------------------------------------------------------------------
conhost.exe pid: 14432 LAPTOP-MHITGFCH\lenovo
   44: File  (RW-)   C:\Windows
  124: File  (R-D)   C:\Program Files\WindowsApps\Microsoft.LanguageExperiencePackzh-CN_18362.24.72.0_neutral__8wekyb3d8bbwe\Windows\System32\zh-CN\Conhost.exe.mui
  19C: File  (R-D)   C:\Program Files\WindowsApps\Microsoft.LanguageExperiencePackzh-CN_18362.24.72.0_neutral__8wekyb3d8bbwe\Windows\System32\zh-CN\propsys.dll.mui
  1B0: Section       \Sessions\1\BaseNamedObjects\windows_shell_global_counters
  1D8: File  (R-D)   C:\Program Files\WindowsApps\Microsoft.LanguageExperiencePackzh-CN_18362.24.72.0_neutral__8wekyb3d8bbwe\Windows\System32\zh-CN\user32.dll.mui
  1F0: Section       \BaseNamedObjects\__ComCatalogCache__
  1F4: File  (R--)   C:\Windows\Registration\R00000000000d.clb
  204: Section       \BaseNamedObjects\C:*ProgramData*Microsoft*Windows*Caches*cversions.2.ro
  208: Section       \BaseNamedObjects\C:*ProgramData*Microsoft*Windows*Caches*{6AF0698E-D558-4F6E-9B3C-3716689AF493}.2.ver0x0000000000000001.db
  20C: Section       \BaseNamedObjects\C:*ProgramData*Microsoft*Windows*Caches*cversions.2.ro
  210: Section       \BaseNamedObjects\C:*ProgramData*Microsoft*Windows*Caches*{DDF571F2-BE98-426D-8288-1A9A39C3FDA2}.2.ver0x0000000000000001.db
  254: Section       \BaseNamedObjects\windows_shell_global_counters
  2F8: Section       \Windows\Theme2514694826
  300: File  (R-D)   C:\Program Files\WindowsApps\Microsoft.LanguageExperiencePackzh-CN_18362.24.72.0_neutral__8wekyb3d8bbwe\Windows\System32\zh-CN\shell32.dll.mui
  314: File  (R-D)   C:\Windows\Fonts\StaticCache.dat
  318: Section       \Sessions\1\Windows\Theme3897123807
  324: Section       \Sessions\1\BaseNamedObjects\SessionImmersiveColorPreference
  330: File  (RW-)   C:\Windows\WinSxS\amd64_microsoft.windows.common-controls_6595b64144ccf1df_6.0.18362.778_none_e6c6b761130d4fb8
  368: Section       \BaseNamedObjects\__ComCatalogCache__
  3FC: File  (R-D)   C:\Program Files\WindowsApps\Microsoft.LanguageExperiencePackzh-CN_18362.24.72.0_neutral__8wekyb3d8bbwe\Windows\System32\zh-CN\kernel32.dll.mui
  408: Section       \Sessions\1\BaseNamedObjects\Filemap_VersionReg904fa97
  414: Section       \Sessions\1\BaseNamedObjects\M533209721679d14084ecb748c667a686dec0807658
  41C: File  (R-D)   C:\Program Files\WindowsApps\Microsoft.LanguageExperiencePackzh-CN_18362.24.72.0_neutral__8wekyb3d8bbwe\Windows\System32\zh-CN\KernelBase.dll.mui
  424: Section       \Sessions\1\BaseNamedObjects\Filemap_VersionReg904fa97
  430: Section       \Sessions\1\BaseNamedObjects\sgime_psglog.filemap3612904fa97
  438: Section       \Sessions\1\BaseNamedObjects\sgime_env_fm1.v2.filemap.sogouime904fa97
  440: Section       \Sessions\1\BaseNamedObjects\SogouIme_DictWriteManager_3__FileMap_u904fa97
  448: Section       \Sessions\1\BaseNamedObjects\SogouIme_VersionManagerSharedTable__FileMap_u904fa97
  450: Section       \Sessions\1\BaseNamedObjects\SGPY_GlobalConfig_Filemap_v0_u904fa97
  464: Section       \Sessions\1\BaseNamedObjects\SGPY_sgim_quick_bin9.6.0.3612_Filemap_v1_u904fa97
  46C: Section       \Sessions\1\BaseNamedObjects\SGPY_SupportCharDict9.6.0.3612_Filemap_v1_u904fa97
  474: Section       \Sessions\1\BaseNamedObjects\SGPY_PunctureDict9.6.0.3612_Filemap_v1_u904fa97
  47C: Section       \Sessions\1\BaseNamedObjects\SGPY_RpaDict9.6.0.3612_Filemap_v1_u904fa97
  484: Section       \Sessions\1\BaseNamedObjects\SGPY_FixFirstDict_Filemap_v3_u904fa97
  48C: Section       \Sessions\1\BaseNamedObjects\SGPY_AbbrUsrDict_Filemap_v1_u904fa97
  498: Section       \Sessions\1\BaseNamedObjects\fimemap_for_sogou_cloud3612904fa97
  4C0: Section       \Sessions\1\BaseNamedObjects\SGPY_sgim_py_bin9.6.0.3612_Filemap_v1_u904fa97
  4D8: Section       \Sessions\1\BaseNamedObjects\SGPY_PyTipDict9.6.0.3612_Filemap_v1_u904fa97
  4DC: Section       \Sessions\1\BaseNamedObjects\SGPY__ProcessRrecord_Filemap_v1
  4F8: Section       \Sessions\1\BaseNamedObjects\sgime_skin.Dpi120.v3.filemap.sogouime3612904fa97
  510: File  (RW-)   C:\Windows\WinSxS\amd64_microsoft.windows.common-controls_6595b64144ccf1df_5.82.18362.778_none_2a29d4a64667eb69
  51C: Section       \Sessions\1\BaseNamedObjects\SogouImeActiveMap904fa97
  528: Section       \Sessions\1\BaseNamedObjects\Filemap_VersionComReg904fa97
  538: Section       \Sessions\1\BaseNamedObjects\FileMap_For_Sogou_Picface_Peri_12
  544: Section       \Sessions\1\BaseNamedObjects\mem_picface_sugg.v1.filemap.sogouime_u1904fa97
  54C: Section       \Sessions\1\BaseNamedObjects\mem_picface_cloudkey.v1.filemap.sogouime904fa97
  550: Section       \Sessions\1\BaseNamedObjects\mem_picface_cloud.v1.filemap.sogouime904fa97
  558: Section       \Sessions\1\BaseNamedObjects\picFaceMergedCellVersion.15.27.1.sogouComData904fa97
  560: File  (R-D)   C:\Program Files\WindowsApps\Microsoft.LanguageExperiencePackzh-CN_18362.24.72.0_neutral__8wekyb3d8bbwe\Windows\System32\zh-CN\msctf.dll.mui
  564: Section       \Sessions\1\BaseNamedObjects\picFaceIndexVersion.versionsData.sogouCom904fa97
  568: Section       \Sessions\1\BaseNamedObjects\SGPY_sgim_adjcache_bin9.6.0.3612_Filemap_v1_u904fa97
  56C: Section       \Sessions\1\BaseNamedObjects\picFaceMergedCellVersion.versionsData.sogouCom904fa97
  57C: Section       \Sessions\1\BaseNamedObjects\picFaceIndexVersion.15.27.1.sogouComData904fa97
  588: Section       \Sessions\1\BaseNamedObjects\SGPY_sgim_simtra_bin9.6.0.3612_Filemap_v1_u904fa97
  590: Section       \Sessions\1\BaseNamedObjects\SGPY_sgim_eng_pre_bin9.6.0.3612_Filemap_v1_u904fa97
  598: Section       \Sessions\1\BaseNamedObjects\SGPY_sgim_url_bin9.6.0.3612_Filemap_v1_u904fa97
  59C: Section       \Sessions\1\BaseNamedObjects\SGPY_UrlGuideDict9.6.0.3612_Filemap_v1_u904fa97
  5A4: Section       \Sessions\1\BaseNamedObjects\SGPY_NumFreqAdjustDict_Filemapv1_v1_u904fa97
  5AC: Section       \Sessions\1\BaseNamedObjects\SGPY_infokeyict9.6.0.3612_Filemap_v1_u904fa97
  5B4: Section       \Sessions\1\BaseNamedObjects\SGPY_infoblackict9.6.0.3612_Filemap_v1_u904fa97
  5BC: Section       \Sessions\1\BaseNamedObjects\SGPY_smartinfo9.6.0.3612_Filemap_v1_u904fa97
  5C4: Section       \Sessions\1\BaseNamedObjects\SGPY_CloudCachecDict9.6.0.3612_Filemap_v1_u904fa97
  5CC: Section       \Sessions\1\BaseNamedObjects\SGPY_CloudCachecDictLongWord9.6.0.3612_Filemap_v1_u904fa97
  5D4: Section       \Sessions\1\BaseNamedObjects\SGPY_CloudCachecDictGrayWord9.6.0.3612_Filemap_v1_u904fa97
  5DC: Section       \Sessions\1\BaseNamedObjects\SGPY_ExtDict_Filemap_v1_u904fa97
  5E4: Section       \Sessions\1\BaseNamedObjects\SGPY_UsrExtDict_Filemap_v3_u904fa97
  5EC: Section       \Sessions\1\BaseNamedObjects\SGPY_UserSpellModelDict_Filemap_v1_u904fa97
  5F4: Section       \Sessions\1\BaseNamedObjects\SGPY_PrivilegeDict9.6.0.3612_Filemap_v1_u904fa97
  5FC: Section       \Sessions\1\BaseNamedObjects\SGPY_EngUsrDict_Filemap_v1_u904fa97
  604: Section       \Sessions\1\BaseNamedObjects\SGPY_UrlUsrDict_Filemap_v3_u904fa97
  60C: Section       \Sessions\1\BaseNamedObjects\SGPY_ClipBoardDict_Filemap_v1_u904fa97
  614: Section       \Sessions\1\BaseNamedObjects\SGPY_sgim_hz_bin9.6.0.3612_Filemap_v1_u904fa97
  618: Section       \Sessions\1\BaseNamedObjects\SGPY_sgim_core_bin9.6.0.3612_Filemap_v1_u904fa97
  620: Section       \Sessions\1\BaseNamedObjects\SGPY_sgim_annex_bin9.6.0.3612_Filemap_v1_u904fa97
  628: Section       \Sessions\1\BaseNamedObjects\SGPY_AbbrSysDict9.6.0.3612_Filemap_v1_u904fa97
  630: Section       \Sessions\1\BaseNamedObjects\SGPY_sgim_eng_bin9.6.0.3612_Filemap_v1_u904fa97
  638: Section       \Sessions\1\BaseNamedObjects\SGPY_UsrDict_Filemap_v5_u904fa97
  640: Section       \Sessions\1\BaseNamedObjects\SGPY_DelWordDict_Filemap_v1_u904fa97
  648: Section       \Sessions\1\BaseNamedObjects\SGPY_KeyPyMap_Filemap_v1_u904fa97
  65C: Section       \Sessions\1\BaseNamedObjects\local.sogou.oidmm
  664: Section       \Sessions\1\BaseNamedObjects\SGPY__CandRrecord_Filemap_v1
  668: Section       \Sessions\1\BaseNamedObjects\mem_usrzoneext.v5.u1.filemap.sogouime904fa97
  66C: Section       \Sessions\1\BaseNamedObjects\mem_usrzone.v5.u1.filemap.sogouime904fa97
  680: Section       \BaseNamedObjects\C:*ProgramData*Microsoft*Windows*Caches*cversions.2.ro
  70C: Section       \Sessions\1\BaseNamedObjects\sogouime_psg.v1.filemap.sogouime3612904fa97
  780: Section       \Sessions\1\BaseNamedObjects\UrlZonesSM_lenovo
  7F8: Section       \Sessions\1\BaseNamedObjects\SGPY__CandRrecord_Filemap_v1
------------------------------------------------------------------------------
svchost.exe pid: 16984 \<unable to open process>
   48: File  (RW-)   C:\Windows\System32
  144: File  (R-D)   C:\Program Files\WindowsApps\Microsoft.LanguageExperiencePackzh-CN_18362.24.72.0_neutral__8wekyb3d8bbwe\Windows\System32\zh-CN\svchost.exe.mui
  204: File  (R--)   C:\ProgramData\Microsoft\Windows\ClipSVC\tokens.dat
------------------------------------------------------------------------------
svchost.exe pid: 13296 NT AUTHORITY\SYSTEM
   48: File  (RW-)   C:\Windows\System32
  144: File  (R-D)   C:\Program Files\WindowsApps\Microsoft.LanguageExperiencePackzh-CN_18362.24.72.0_neutral__8wekyb3d8bbwe\Windows\System32\zh-CN\svchost.exe.mui
  20C: Section       \BaseNamedObjects\GDA:  ESENT Performance Data Schema Version 293
  248: Section       \BaseNamedObjects\IDA1:  ESENT Performance Data Schema Version 293
  260: File  (R-D)   C:\Windows\System32\zh-CN\ESENT.dll.mui
  268: File  (---)   C:\Windows\SoftwareDistribution\DataStore\Logs\edb.log
  274: File  (---)   C:\Windows\SoftwareDistribution\DataStore\DataStore.jfm
  288: File  (---)   C:\Windows\SoftwareDistribution\DataStore\DataStore.edb
  2F4: Section       \BaseNamedObjects\__ComCatalogCache__
  300: Section       \BaseNamedObjects\__ComCatalogCache__
  304: File  (R--)   C:\Windows\Registration\R00000000000d.clb
  458: File  (R-D)   C:\Program Files\WindowsApps\Microsoft.LanguageExperiencePackzh-CN_18362.24.72.0_neutral__8wekyb3d8bbwe\Windows\System32\zh-CN\KernelBase.dll.mui
  45C: File  (R--)   C:\Windows\SoftwareDistribution\ReportingEvents.log
------------------------------------------------------------------------------
handle64.exe pid: 18328 LAPTOP-MHITGFCH\lenovo
   44: File  (RW-)   G:\SEU\19-20-3\?????????\SysinternalsSuite
   A4: File  (RW-)   C:\Windows\WinSxS\amd64_microsoft.windows.common-controls_6595b64144ccf1df_5.82.18362.778_none_2a29d4a64667eb69
   A8: File  (RW-)   C:\Windows\WinSxS\amd64_microsoft.windows.common-controls_6595b64144ccf1df_6.0.18362.778_none_e6c6b761130d4fb8
   BC: Section       \Windows\Theme2514694826
  1F8: Section       \Sessions\1\Windows\Theme3897123807
  208: File  (R-D)   C:\Windows\Fonts\StaticCache.dat
  2A0: Section       \Sessions\1\BaseNamedObjects\windows_shell_global_counters
  314: Section       \BaseNamedObjects\__ComCatalogCache__
  318: File  (R--)   C:\Windows\Registration\R00000000000d.clb
  328: File  (R-D)   C:\Program Files\WindowsApps\Microsoft.LanguageExperiencePackzh-CN_18362.24.72.0_neutral__8wekyb3d8bbwe\Windows\System32\zh-CN\kernel32.dll.mui
  344: Section       \Sessions\1\BaseNamedObjects\M533209721679d14084ecb748c667a686dec0807658
  34C: File  (R-D)   C:\Program Files\WindowsApps\Microsoft.LanguageExperiencePackzh-CN_18362.24.72.0_neutral__8wekyb3d8bbwe\Windows\System32\zh-CN\KernelBase.dll.mui
  354: Section       \Sessions\1\BaseNamedObjects\Filemap_VersionReg904fa97
  360: Section       \Sessions\1\BaseNamedObjects\sgime_psglog.filemap3612904fa97
  368: Section       \Sessions\1\BaseNamedObjects\sgime_env_fm1.v2.filemap.sogouime904fa97
  370: Section       \Sessions\1\BaseNamedObjects\SGPY__ProcessRrecord_Filemap_v1
  374: Section       \Sessions\1\BaseNamedObjects\SogouIme_DictWriteManager_3__FileMap_u904fa97
  37C: Section       \Sessions\1\BaseNamedObjects\SogouIme_VersionManagerSharedTable__FileMap_u904fa97
  384: Section       \Sessions\1\BaseNamedObjects\SGPY_GlobalConfig_Filemap_v0_u904fa97
  398: Section       \Sessions\1\BaseNamedObjects\SGPY_sgim_quick_bin9.6.0.3612_Filemap_v1_u904fa97
  3A0: Section       \Sessions\1\BaseNamedObjects\SGPY_SupportCharDict9.6.0.3612_Filemap_v1_u904fa97
  3A8: Section       \Sessions\1\BaseNamedObjects\SGPY_PunctureDict9.6.0.3612_Filemap_v1_u904fa97
  3B0: Section       \Sessions\1\BaseNamedObjects\SGPY_RpaDict9.6.0.3612_Filemap_v1_u904fa97
  3B8: Section       \Sessions\1\BaseNamedObjects\SGPY_FixFirstDict_Filemap_v3_u904fa97
  3C0: Section       \Sessions\1\BaseNamedObjects\SGPY_AbbrUsrDict_Filemap_v1_u904fa97
  3CC: Section       \Sessions\1\BaseNamedObjects\fimemap_for_sogou_cloud3612904fa97
  440: Section       \Sessions\1\BaseNamedObjects\sgime_skin.v3.filemap.sogouime3612904fa97
  458: Section       \Sessions\1\BaseNamedObjects\Filemap_VersionComReg904fa97
  460: Section       \Sessions\1\BaseNamedObjects\FileMap_For_Sogou_Picface_Peri_12
  478: Section       \Sessions\1\BaseNamedObjects\mem_picface_sugg.v1.filemap.sogouime_u1904fa97
  47C: File  (R-D)   C:\Program Files\WindowsApps\Microsoft.LanguageExperiencePackzh-CN_18362.24.72.0_neutral__8wekyb3d8bbwe\Windows\System32\zh-CN\msctf.dll.mui
  484: Section       \Sessions\1\BaseNamedObjects\mem_picface_cloud.v1.filemap.sogouime904fa97
  48C: Section       \Sessions\1\BaseNamedObjects\mem_picface_cloudkey.v1.filemap.sogouime904fa97
  494: Section       \Sessions\1\BaseNamedObjects\picFaceIndexVersion.versionsData.sogouCom904fa97
  498: Section       \Sessions\1\BaseNamedObjects\picFaceMergedCellVersion.versionsData.sogouCom904fa97
  49C: Section       \Sessions\1\BaseNamedObjects\picFaceMergedCellVersion.15.27.1.sogouComData904fa97
  4A0: Section       \Sessions\1\BaseNamedObjects\picFaceIndexVersion.15.27.1.sogouComData904fa97

G:\SEU\19-20-3\入侵检测与数字取证\SysinternalsSuite>pslist

PsList v1.4 - Process information lister
Copyright (C) 2000-2016 Mark Russinovich
Sysinternals - www.sysinternals.com

Process information for LAPTOP-MHITGFCH:

Name                Pid Pri Thd  Hnd   Priv        CPU Time    Elapsed Time
Idle                  0   0   8    0     60    42:44:32.640     7:23:42.072
System                4   8 200 6155    192     0:16:57.875     7:23:42.072
Registry            120   8   4    0   5496     0:00:01.125     7:23:49.057
smss                616  11   2   53   1188     0:00:00.296     7:23:42.068
csrss               728  13  11  794   1800     0:00:06.140     7:23:36.302
wininit             832  13   1  156   1456     0:00:00.093     7:23:34.232
csrss               844  13  15  780   2764     0:01:03.515     7:23:34.223
services            904   9  10  750   5836     0:00:35.109     7:23:34.131
lsass               912   9   9 1361   7852     0:00:14.015     7:23:34.085
winlogon            980  13   3  275   2684     0:00:00.562     7:23:33.948
svchost             672   8   2   86    964     0:00:00.000     7:23:33.822
fontdrvhost         680   8   5   32   6004     0:00:19.093     7:23:33.821
fontdrvhost         676   8   5   32   2260     0:00:00.062     7:23:33.821
svchost             924   8  23 1227  13708     0:01:01.656     7:23:33.804
WUDFHost           1032   8   5  213   1628     0:00:00.062     7:23:33.793
svchost            1124   8  20 1322   8920     0:00:42.843     7:23:33.548
svchost            1172   8   6  296   2848     0:00:06.812     7:23:33.486
dwm                1236  13  13  997 117288     0:07:31.484     7:23:33.375
svchost            1364   8   3  177   1608     0:00:00.531     7:23:33.127
svchost            1424   8   3  174   1952     0:00:00.187     7:23:33.117
svchost            1440   8   5  170   2000     0:00:00.187     7:23:33.114
svchost            1464   8   8  262   2676     0:00:00.296     7:23:33.111
svchost            1556   8   3  158   2216     0:00:00.328     7:23:33.086
svchost            1564   8   5  263   2680     0:00:00.781     7:23:33.086
svchost            1704   8   8  382   6380     0:00:18.859     7:23:33.030
svchost            1748   8   4  228   3528     0:00:01.859     7:23:33.014
svchost            1832   8   3  254   2264     0:00:00.234     7:23:32.961
svchost            1892   8   6  134   1560     0:00:00.031     7:23:32.911
svchost            1904   8   2  124   1552     0:00:00.031     7:23:32.906
svchost            1936   8   5  174   2024     0:00:00.359     7:23:32.893
svchost            1972   8  13  494  19084     0:00:09.093     7:23:32.875
svchost            1984   8   6  374   2756     0:00:02.796     7:23:32.871
svchost            2148   8  44  230   9604     0:00:20.687     7:23:32.726
svchost            2172   8   5  231   2432     0:00:00.734     7:23:32.714
svchost            2192   8   2  122   1304     0:00:00.093     7:23:32.679
svchost            2312   8   4  199   7156     0:00:20.843     7:23:32.604
svchost            2380   8  11  252   2900     0:00:27.796     7:23:32.554
igfxCUIService     2396   8   2  171   2032     0:00:00.125     7:23:32.549
NVDisplay.Container  2452   8  11  295   5468     0:00:39.046     7:23:32.526
svchost            2480   8   2  158   1856     0:00:00.281     7:23:32.506
svchost            2560   8   3  253   1320     0:00:00.359     7:23:32.447
svchost            2568   8   6  231   2664     0:00:29.234     7:23:32.447
svchost            2652   8  13  399   5180     0:00:47.125     7:23:32.384
svchost            2660   8   6  153   1824     0:00:00.875     7:23:32.384
svchost            2676   8   3  184   1816     0:00:01.125     7:23:32.377
Memory Compression  2688   8  86    0     56     0:00:00.109     7:23:32.363
svchost            2728   8  22  315   4472     0:10:30.750     7:23:32.358
svchost            2872   8   3  221   2492     0:00:00.265     7:23:32.181
svchost            2980   8   8  441   2976     0:00:09.296     7:23:32.060
svchost            1216   8   7  200   2508     0:00:10.218     7:23:31.773
NVDisplay.Container  3076   8  22  512  25356     0:00:05.296     7:23:31.703
svchost            3124   8  15  448   4096     0:00:19.515     7:23:31.576
RtkAudioService64  3200   8   2  167   1672     0:00:00.062     7:23:31.402
svchost            3400   8   5  138   1836     0:00:00.343     7:23:30.858
svchost            3408   8  11  376   3164     0:00:01.875     7:23:30.856
ZhuDongFangYu      3528   8  20  409  14436     0:00:11.515     7:23:30.712
svchost            3576   8  16  513   6544     0:00:08.796     7:23:30.645
svchost            3676   8   4  240   2992     0:00:00.281     7:23:30.424
spoolsv            3828   8   7  433   5552     0:00:01.093     7:23:30.312
RAVBg64            3896   8   4  316   6036     0:00:00.453     7:23:30.228
svchost            3904   8  14  427  15108     0:00:27.828     7:23:30.223
svchost            3960   8   6  188   2112     0:00:01.656     7:23:30.162
sihost             4036   8  10  619   7640     0:00:31.140     7:23:30.046
svchost            3152   8  13  340   7880     0:00:14.921     7:23:29.974
PresentationFontCache  3536   8   4  236  24784     0:00:00.390     7:23:29.923
svchost            3720   8   5  527   8388     0:00:03.687     7:23:29.900
taskhostw          4216   8   8  304   7724     0:00:06.500     7:23:29.646
svchost            4224   8   6  265   3404     0:00:02.218     7:23:29.638
LenovoNerveCenterUpdateAgent  4260   6   9  432  21028     0:00:04.031     7:23:29.612
svchost            4404   8   4  170   1856     0:00:00.078     7:23:29.488
ctfmon             4484  13  13  703  12592     0:01:13.859     7:23:29.401
svchost            4636   8  12  383   5160     0:00:03.078     7:23:29.181
igfxEM             4836   8  12  565   7232     0:00:12.687     7:23:28.968
IntelCpHDCPSvc     4844   8   3  149   1512     0:00:00.046     7:23:28.962
DolbyDAX2API       4868   8   4  207   9616     0:00:00.156     7:23:28.948
svchost            4884   8   7  277   3304     0:00:05.328     7:23:28.940
FlashHelperService  4896   8  42 1051  10216     0:00:02.921     7:23:28.937
svchost            4904   8   8  283   4440     0:00:03.828     7:23:28.935
ETDService         4920   8   2  113   1160     0:00:00.078     7:23:28.935
Lenovo.Modern.ImController  4912   8  49 1096  50112     0:00:35.843     7:23:28.935
svchost            4936   8  17  388  20992     0:01:09.625     7:23:28.930
LegacyCsLoaderService  4968   8   6  200   3976     0:00:00.359     7:23:28.912
IntelTechnologyAccessService  5036   8  69 1590  12728     0:00:36.078     7:23:28.873
IpOverUsbSvc       5048   8   5  281   8256     0:00:00.328     7:23:28.871
svchost            5060   8  19  493   9900     0:00:43.578     7:23:28.869
lsmain             4672   8  18  578  12252     0:00:16.515     7:23:28.788
nvcontainer           8   8  42  716  13276     0:00:18.437     7:23:28.788
RstMwService       5220   8   6  148   1896     0:00:00.281     7:23:28.702
QQProtect          5228   8  22  464  18140     0:00:05.234     7:23:28.701
RtkBtManServ       5236   8   2 1522   2268     0:00:00.796     7:23:28.699
svchost            5256   8   6  211   2488     0:00:00.406     7:23:28.687
svchost            5272   8   2  132   1652     0:00:00.078     7:23:28.684
SangforPromoteService  5304   8  12  440   4976     0:00:24.234     7:23:28.654
svchost            5320   8   2  107   1432     0:00:00.046     7:23:28.634
svchost            5368   8   3  160   1308     0:00:00.031     7:23:28.598
vmnetdhcp          5424   8   2   89  10720     0:00:00.062     7:23:28.570
vmware-usbarbitrator64  5480   8   3  220   2820     0:00:00.328     7:23:28.551
svchost            5496   8   9  412   4964     0:00:02.187     7:23:28.545
svchost            5508   8  18  528   4376     0:00:20.750     7:23:28.541
ETDCtrl            5560  10  13  535  11048     0:00:02.984     7:23:28.509
IntelCpHeciSvc     5604   8   3  136   1392     0:00:00.062     7:23:28.502
vmnat              5696   8   4  174   1988     0:00:00.546     7:23:28.439
vmware-authd       5784   8   6  315   8228     0:02:55.015     7:23:28.329
svchost            5956   8  15  397   3712     0:00:02.250     7:23:28.119
ChsIME             6044   8   2  155   1696     0:00:00.078     7:23:27.998
svchost            6236   8   5  135   1632     0:00:00.078     7:23:27.748
rundll32           6284   8   1  171   2008     0:00:00.234     7:23:27.689
rundll32           6564   8   2  142   1704     0:00:00.359     7:23:27.337
ECAgent            6600   8   4  215   3864     0:00:05.156     7:23:27.253
WmiPrvSE           7596   8   6  331  12600     0:00:07.437     7:23:24.835
vmware-hostd       7860   8  19  413  29368     0:00:05.312     7:23:24.324
svchost            7988   8   3  195   1924     0:00:08.703     7:23:23.980
explorer           8080   8  93 2810 126960     0:09:08.984     7:23:23.837
ioc                8156   8  11  411  22928     0:00:02.359     7:23:23.640
PluginLoaderSvc    8288   8  27  494   6976     0:00:06.312     7:23:22.974
ETDCtrlHelper      8428  10   1  146   2968     0:00:00.281     7:23:22.456
ETDIntelligent     8484   8   2  176   2356     0:00:00.109     7:23:22.285
svchost            8620   8   4  164   1848     0:00:01.421     7:23:21.800
nvcontainer        8816   8  28  424   7496     0:00:11.578     7:23:20.713
svchost            9188   8   6  321   3748     0:00:01.062     7:23:19.130
NVIDIA Web Helper  7024   6  91  608  28032     0:00:05.500     7:23:18.995
conhost            7060   6   2  121   6516     0:00:00.390     7:23:18.822
StartMenuExperienceHost  9228   8  13  691  30384     0:00:04.734     7:23:17.431
dllhost            9304   8   6  584   5688     0:00:15.000     7:23:17.284
RuntimeBroker      9420   8   3  295   5852     0:00:02.859     7:23:16.871
Locator            9576   8   2   44    644     0:00:00.015     7:23:16.418
SearchIndexer      9696   8  56  869  35700     0:01:17.390     7:23:16.077
RuntimeBroker      9824   8  19  742  13832     0:00:23.109     7:23:15.812
svchost            1372   8   4  356   6596     0:00:01.656     7:23:14.182
svchost            8220   8   8  298   4336     0:00:02.203     7:23:13.633
WindowsInternal.ComposableShell.Experiences.TextInput.InputApp 10328   8  15  665  13020     0:00:08.750     7:23:12.691
svchost           10956   8   8  232   4156     0:00:00.843     7:23:11.354
unsecapp          10820   8   4  142   2340     0:00:04.203     7:23:09.756
RAVCpl64          11752   8   6  358   4108     0:00:00.828     7:23:03.565
RAVBg64           11896   8   4  316   6060     0:00:00.625     7:23:02.626
RAVBg64           11960   8   4  315   6012     0:00:00.312     7:23:01.930
DolbyDAX2TrayIcon 12012   8   1  158   3776     0:00:00.156     7:23:01.325
360tray           12280   8 156 1963 233900     0:05:37.578     7:22:59.428
vmware-tray       11020   8   3  198   2656     0:00:00.078     7:22:58.685
svchost           10064   8   4  333   3312     0:00:01.328     7:22:52.331
chrome            12452   8  31 1528  96196     0:06:57.406     7:22:48.738
chrome            12500   8   7  168   1664     0:00:00.140     7:22:48.154
chrome            12548   8   2  136   1960     0:00:00.046     7:22:47.806
chrome            12688  10  16 1075 426724     0:21:10.062     7:22:47.483
SogouCloud        12772   8  24  629  16828     0:06:14.468     7:22:47.354
chrome            12804   8  15  862  43468     0:07:48.437     7:22:46.865
chrome            12868   4  18  328  64156     0:00:08.562     7:22:46.782
chrome            13320   4  18  346  74440     0:01:57.843     7:22:44.108
svchost            4168   8   2  106   1308     0:00:00.265     7:22:01.895
ApplicationFrameHost 14296   8   4  457  18724     0:00:01.781     7:21:49.721
dllhost            5336   8   8  241   4520     0:00:00.406     7:21:49.154
RuntimeBroker     14092   8   4  425   8252     0:00:03.265     7:21:48.802
svchost           11408   8   2  258   3024     0:00:00.140     7:21:29.725
SgrmBroker         7188   8   5   88   3452     0:00:00.718     7:21:16.329
svchost            4556   8   8  276   4924     0:00:07.031     7:21:15.513
svchost           10828   8   8  225   2832     0:00:00.171     7:21:15.341
Lenovo.Modern.ImController.PluginHost.Device 11512   8  18  827  41304     0:00:32.375     7:18:19.057
Microsoft.Photos   5116   8  20  969  48164     0:00:07.781     6:51:37.478
RuntimeBroker     15280   8   5  359   9792     0:00:04.843     6:51:35.364
YourPhone          8244   8  16  437  14628     0:00:00.953     4:21:04.137
LockApp            1524   8  12  514  12324     0:00:02.656     4:21:03.655
RuntimeBroker       724   8   5  333   5712     0:00:02.156     4:21:03.181
RuntimeBroker     13956   8   2  214   2676     0:00:00.656     4:21:03.088
QQ                10180   8 112 2199 267020     0:04:10.671     4:09:09.596
TXPlatform        12076   8   2  222   4468     0:00:00.171     4:09:05.947
WeChat            15112   8  50 1314  96320     0:02:15.625     3:19:50.656
WeChatWeb          3764   8   6  332  52980     0:00:00.468     3:19:47.697
WeChatApp          3864   8  54 1042 106512     0:00:04.875     3:19:24.696
chrome            10004   4  19  369  72872     0:01:02.046     3:16:22.796
chrome             7768   8  93 1184 346016     0:14:34.968     2:52:06.960
svchost           15664   8   4  115   1356     0:00:00.062     0:46:51.577
svchost           15724   8   3  147   1980     0:00:01.656     0:46:49.546
SearchUI          15916   8  63 2218 160148     0:00:28.609     0:46:39.141
lsmain             7644   8   1  138   6740     0:00:06.062     0:46:36.619
audiodg            1336   8  14  728  21120     0:03:18.015     0:46:28.336
WmiPrvSE           9840   8   4  364  13760     0:00:04.937     0:44:19.951
FlashHelperService  9996   8   2  221   3156     0:00:00.515     0:44:06.545
Lenovo.Modern.ImController.PluginHost.SettingsApp 10864   8  19  564  33516     0:00:03.859     0:41:44.096
Lenovo.Modern.ImController.PluginHost.Device 17244   8  22  879  43012     0:00:15.828     0:41:42.670
chrome            15748   4  18  354  67996     0:01:03.609     0:40:56.952
chrome            16992   8   8  288   7128     0:00:18.453     0:40:51.065
QQExternal         7336   8  14  438  55476     0:00:20.406     0:40:19.584
WmiApSrv          15260   8   2  146   1480     0:00:00.062     0:39:36.888
SpeechRuntime     14556   8  13  562  18568     0:00:01.328     0:31:31.953
svchost            6956   8   4  222   2840     0:00:00.453     0:31:31.724
SogouImeBroker     5076   8   3  382   7464     0:00:00.593     0:31:30.264
RuntimeBroker     17968   8   2  328   4424     0:00:06.578     0:31:26.725
smartscreen       17476   8  16  447  13420     0:00:01.156     0:31:24.339
MicrosoftEdge     18696   8  34  888  24228     0:00:01.859     0:31:02.832
browser_broker    18644   8   2  137   1628     0:00:00.062     0:31:02.389
MicrosoftEdgeSH   19020   8   9  266   3872     0:00:00.156     0:31:01.834
MicrosoftEdgeCP   19060   8  16  497   6772     0:00:00.500     0:31:01.771
XMP               12268   8  37  936 237772     0:02:58.750     0:24:25.681
chrome            10548   4  14  218  12864     0:00:00.125     0:14:33.511
svchost            7576   8   7  117   1836     0:00:04.843     0:12:49.202
cmd               18800   8   2   76   3272     0:00:00.187     0:11:10.665
conhost           14432   8   8  484  17480     0:00:16.296     0:11:10.621
svchost           16984   8   3  142   3336     0:00:00.109     0:03:40.314
svchost           13296   8  14  302   8308     0:00:00.328     0:02:38.967
pslist            17484  13   9  435   9800     0:00:01.312     0:00:03.291










